--------- beginning of main
03-12 09:13:33.941   582   618 I libprocessgroup: Removed cgroup /sys/fs/cgroup/uid_99002/pid_4062
03-12 09:13:33.941   582   618 I libprocessgroup: Removed cgroup /sys/fs/cgroup/uid_10139/pid_2587
03-12 09:13:33.943  1012  1025 I s.nexuslauncher: Background concurrent mark compact GC freed 5725KB AllocSpace bytes, 7(384KB) LOS objects, 49% free, 8675KB/16MB, paused 1.848ms,752us total 101.676ms
03-12 09:13:33.968  1388  1388 I BgTaskExecutorImpl: (REDACTED) Starting %s background task %s.
03-12 09:13:33.982  1388  4447 I NetworkRecognitionRnr: Using pair HTTP connection
03-12 09:13:33.986  1388  4449 I A       : [Upload] Connected
03-12 09:13:33.988  1388  1887 E TelephonyManager: Error calling #isDataEnabled, returning default (false).
03-12 09:13:33.988  1388  1887 E TelephonyManager: java.lang.IllegalStateException: telephony service is null.
03-12 09:13:33.988  1388  1887 E TelephonyManager: 	at android.telephony.TelephonyManager.isDataEnabledForReason(TelephonyManager.java:14365)
03-12 09:13:33.988  1388  1887 E TelephonyManager: 	at android.telephony.TelephonyManager.isDataEnabledForReason(TelephonyManager.java:14356)
03-12 09:13:33.988  1388  1887 E TelephonyManager: 	at android.telephony.TelephonyManager.isDataEnabled(TelephonyManager.java:11659)
03-12 09:13:33.988  1388  1887 E TelephonyManager: 	at com.google.android.gms.common.d.b$$ExternalSyntheticApiModelOutline0.m(D8$$SyntheticClass:81)
03-12 09:13:33.988  1388  1887 E TelephonyManager: 	at com.google.android.libraries.gsa.c.a.a.aa.a(PG:151)
03-12 09:13:33.988  1388  1887 E TelephonyManager: 	at com.google.android.libraries.gsa.h.a.k.call(PG:9)
03-12 09:13:33.988  1388  1887 E TelephonyManager: 	at java.util.concurrent.FutureTask.run(FutureTask.java:264)
03-12 09:13:33.988  1388  1887 E TelephonyManager: 	at com.google.android.libraries.k.x.run(PG:3)
03-12 09:13:33.988  1388  1887 E TelephonyManager: 	at com.google.common.n.c.c.run(PG:50)
03-12 09:13:33.988  1388  1887 E TelephonyManager: 	at com.google.android.libraries.k.e.run(PG:8)
03-12 09:13:33.988  1388  1887 E TelephonyManager: 	at java.lang.Thread.run(Thread.java:1012)
03-12 09:13:33.988  1388  1887 E TelephonyManager: 	at com.google.android.libraries.k.d.b.run(PG:74)
03-12 09:13:33.989  1388  1388 E A       : onError
03-12 09:13:33.989  1388  1388 E A       : com.google.android.apps.gsa.shared.speech.b.l: errorCode: 65561, engine: 2
03-12 09:13:33.989  1388  1388 E A       : 	at com.google.android.apps.gsa.staticplugins.bp.a.f.a(PG:23)
03-12 09:13:33.989  1388  1388 E A       : 	at com.google.android.apps.gsa.s3.o.hi(PG:13)
03-12 09:13:33.989  1388  1388 E A       : 	at com.google.ci.g.a.f.e(PG:9)
03-12 09:13:33.989  1388  1388 E A       : 	at com.google.android.apps.gsa.speech.k.a.g.d(PG:162)
03-12 09:13:33.989  1388  1388 E A       : 	at com.google.android.apps.gsa.speech.k.a.g.iO(PG:26)
03-12 09:13:33.989  1388  1388 E A       : 	at com.google.android.apps.gsa.s3.p.c(PG:102)
03-12 09:13:33.989  1388  1388 E A       : 	at com.google.android.apps.gsa.s3.q.run(PG:1)
03-12 09:13:33.989  1388  1388 E A       : 	at java.util.concurrent.Executors$RunnableAdapter.call(Executors.java:487)
03-12 09:13:33.989  1388  1388 E A       : 	at java.util.concurrent.FutureTask.run(FutureTask.java:264)
03-12 09:13:33.989  1388  1388 E A       : 	at com.google.android.apps.gsa.shared.util.c.a.e.run(PG:12)
03-12 09:13:33.989  1388  1388 E A       : 	at com.google.android.apps.gsa.shared.util.c.a.bg.run(PG:3)
03-12 09:13:33.989  1388  1388 E A       : 	at com.google.android.apps.gsa.shared.util.c.a.bg.run(PG:3)
03-12 09:13:33.989  1388  1388 E A       : 	at java.util.concurrent.ThreadPoolExecutor.runWorker(ThreadPoolExecutor.java:1145)
03-12 09:13:33.989  1388  1388 E A       : 	at java.util.concurrent.ThreadPoolExecutor$Worker.run(ThreadPoolExecutor.java:644)
03-12 09:13:33.989  1388  1388 E A       : 	at java.lang.Thread.run(Thread.java:1012)
03-12 09:13:33.989  1388  1388 E A       : 	at com.google.android.apps.gsa.shared.util.c.a.l.run(PG:42)
03-12 09:13:33.989  1388  1388 E A       : Caused by: com.google.android.apps.gsa.shared.speech.b.n: errorCode: 65586, engine: 2
03-12 09:13:33.989  1388  1388 E A       : 	at com.google.android.apps.gsa.s3.o.hi(PG:6)
03-12 09:13:33.989  1388  1388 E A       : 	... 14 more
03-12 09:13:33.989  1388  1388 E A       : Caused by: com.google.android.apps.gsa.shared.speech.b.j: errorCode: 401, engine: 2
03-12 09:13:33.989  1388  1388 E A       : 	at com.google.android.apps.gsa.assistant.shared.n.i.b(PG:30)
03-12 09:13:33.989  1388  1388 E A       : 	at com.google.android.apps.gsa.s3.producers.j.hs(PG:11)
03-12 09:13:33.989  1388  1388 E A       : 	at com.google.android.apps.gsa.speech.k.a.g.d(PG:135)
03-12 09:13:33.989  1388  1388 E A       : 	... 12 more
03-12 09:13:33.990  1388  1887 W CronetNetworkRqstWrppr: Upload request without a content type.
03-12 09:13:33.990  1388  4449 I NetworkRecognitionRnr: Using pair HTTP connection
03-12 09:13:33.995  1388  4451 I A       : [Upload] Connected
03-12 09:13:33.996  1388  1887 E TelephonyManager: Error calling #isDataEnabled, returning default (false).
03-12 09:13:33.996  1388  1887 E TelephonyManager: java.lang.IllegalStateException: telephony service is null.
03-12 09:13:33.996  1388  1887 E TelephonyManager: 	at android.telephony.TelephonyManager.isDataEnabledForReason(TelephonyManager.java:14365)
03-12 09:13:33.996  1388  1887 E TelephonyManager: 	at android.telephony.TelephonyManager.isDataEnabledForReason(TelephonyManager.java:14356)
03-12 09:13:33.996  1388  1887 E TelephonyManager: 	at android.telephony.TelephonyManager.isDataEnabled(TelephonyManager.java:11659)
03-12 09:13:33.996  1388  1887 E TelephonyManager: 	at com.google.android.gms.common.d.b$$ExternalSyntheticApiModelOutline0.m(D8$$SyntheticClass:81)
03-12 09:13:33.996  1388  1887 E TelephonyManager: 	at com.google.android.libraries.gsa.c.a.a.aa.a(PG:151)
03-12 09:13:33.996  1388  1887 E TelephonyManager: 	at com.google.android.libraries.gsa.h.a.k.call(PG:9)
03-12 09:13:33.996  1388  1887 E TelephonyManager: 	at java.util.concurrent.FutureTask.run(FutureTask.java:264)
03-12 09:13:33.996  1388  1887 E TelephonyManager: 	at com.google.android.libraries.k.x.run(PG:3)
03-12 09:13:33.996  1388  1887 E TelephonyManager: 	at com.google.common.n.c.c.run(PG:50)
03-12 09:13:33.996  1388  1887 E TelephonyManager: 	at com.google.android.libraries.k.e.run(PG:8)
03-12 09:13:33.996  1388  1887 E TelephonyManager: 	at java.lang.Thread.run(Thread.java:1012)
03-12 09:13:33.996  1388  1887 E TelephonyManager: 	at com.google.android.libraries.k.d.b.run(PG:74)
03-12 09:13:33.996  1388  1388 W A       : Failed to sync device settings.
03-12 09:13:33.996  1388  1388 I A       : Retrying to sync device settings.
03-12 09:13:33.997  1388  1887 W CronetNetworkRqstWrppr: Upload request without a content type.
03-12 09:13:34.000  1388  1388 W JobInfo : Job 'com.google.android.googlequicksearchbox/com.google.android.apps.gsa.tasks.BackgroundTasksJobService#-353' has a deadline with functional constraints and an extremely short time window of 0 ms (delay=480000, deadline=480000). The functional constraints are not likely to be satisfied when the job runs.
03-12 09:13:34.001   582  3761 W JobInfo : Job 'com.google.android.googlequicksearchbox/com.google.android.apps.gsa.tasks.BackgroundTasksJobService#-353' has a deadline with functional constraints and an extremely short time window of 0 ms (delay=480000, deadline=480000). The functional constraints are not likely to be satisfied when the job runs.
03-12 09:13:34.001   582  3761 W JobInfo : Job 'com.google.android.googlequicksearchbox/com.google.android.apps.gsa.tasks.BackgroundTasksJobService#-353' has a deadline with functional constraints and an extremely short time window of 0 ms (delay=480000, deadline=480000). The functional constraints are not likely to be satisfied when the job runs.
--------- beginning of system
03-12 09:13:34.007   582   603 W JobScheduler: Job didn't exist in JobStore: 6ef388c #u0a144/-353 com.google.android.googlequicksearchbox/com.google.android.apps.gsa.tasks.BackgroundTasksJobService
03-12 09:13:34.008  1012  1027 W s.nexuslauncher: ApkAssets: Deleting an ApkAssets object '<empty> and /product/priv-app/GoogleHomePrebuilt/GoogleHomePrebuilt.apk' with 1 weak references
03-12 09:13:34.009  1012  1027 W System  : A resource failed to call release. 
03-12 09:13:34.009  1012  1027 W System  : A resource failed to call release. 
03-12 09:13:34.009  1012  1027 W System  : A resource failed to call release. 
03-12 09:13:34.009  1012  1027 W s.nexuslauncher: ApkAssets: Deleting an ApkAssets object '<empty> and /data/app/~~ov01juCzioxofzykiLGDXg==/com.partesdetrabajo.app-uYnBmv9jbvRDlw-36MTMzw==/base.apk' with 1 weak references
03-12 09:13:34.010  1012  1027 W s.nexuslauncher: ApkAssets: Deleting an ApkAssets object '<empty> and /product/priv-app/Velvet/Velvet.apk' with 1 weak references
03-12 09:13:34.012  1012  1012 D StatsLog: LAUNCHER_ALLAPPS_COUNT
03-12 09:13:34.013  1012  1012 D SsBaseTemplateCard: No text view can be set up
03-12 09:13:34.013   830  1877 V WindowManagerShell: onTransitionReady(transaction=2499670966922)
03-12 09:13:34.015   830   849 V WindowManagerShell: onTransitionReady (#13) android.os.BinderProxy@95309ef: {id=13 t=CLOSE f=0x0 trk=0 r=[0@Point(0, 0)] c=[{WCT{android.window.IWindowContainerToken$Stub$Proxy@2a7ff01} m=TO_FRONT f=SHOW_WALLPAPER|MOVE_TO_TOP leash=Surface(name=Task=1)/@0x222ef85 sb=Rect(0, 0 - 1600, 2560) eb=Rect(0, 0 - 1600, 2560) d=0 taskParent=-1},{WCT{android.window.IWindowContainerToken$Stub$Proxy@d0011a6} m=CLOSE f=NONE leash=Surface(name=Task=21)/@0x3b8b1da sb=Rect(0, 0 - 1600, 2560) eb=Rect(0, 0 - 1600, 2560) d=0 taskParent=-1},{null m=TO_FRONT f=IS_WALLPAPER leash=Surface(name=WallpaperWindowToken{6a688ea token=android.os.Binder@8f478d5})/@0x470560b sb=Rect(0, 0 - 1600, 2560) eb=Rect(0, 0 - 1600, 2560) d=0}]}
03-12 09:13:34.016  1012  1012 I SsBaseTemplateCard: setFormattedContentDescription: text=55°F, iconDescription=Partly sunny, contentDescription=Partly sunny, 55°F
03-12 09:13:34.016  1012  1012 D SsBaseTemplateCard: Passed-in item info is null
03-12 09:13:34.016  1012  1012 D SsBaseTemplateCard: Passed-in item info is null
03-12 09:13:34.017  1012  1012 I SsBaseTemplateCard: Secondary card pane is null
03-12 09:13:34.020  1012  1012 E SsBaseTemplateCard: No tap action can be set up
03-12 09:13:34.020  1012  1012 D SsBaseTemplateCard: Passed-in item info is null
03-12 09:13:34.020  1012  1012 D SsBaseTemplateCard: Passed-in item info is null
03-12 09:13:34.020   830   849 V WindowManagerShell: Playing animation for (#13) android.os.BinderProxy@95309ef@0
03-12 09:13:34.020   830   849 V WindowManagerShell:  try handler com.android.wm.shell.transition.DefaultMixedHandler@f3290
03-12 09:13:34.020   830   849 V WindowManagerShell:  try handler com.android.wm.shell.keyguard.KeyguardTransitionHandler@3409789
03-12 09:13:34.020   830   849 V WindowManagerShell:  try handler com.android.wm.shell.pip.PipTransition@da2738e
03-12 09:13:34.020   830   849 V WindowManagerShell:  try handler com.android.wm.shell.activityembedding.ActivityEmbeddingController@b34a7af
03-12 09:13:34.020   830   849 V WindowManagerShell:  try handler com.android.wm.shell.splitscreen.StageCoordinator@dce7bc
03-12 09:13:34.020   830   849 V WindowManagerShell:  try handler com.android.wm.shell.desktopmode.DesktopTasksController@4122345
03-12 09:13:34.020   830   849 V WindowManagerShell:  try handler com.android.wm.shell.recents.RecentsTransitionHandler@ed63a9a
03-12 09:13:34.021   830   849 V ShellRecents: RecentsTransitionHandler.startAnimation: no controller found
03-12 09:13:34.021   830   849 V WindowManagerShell:  try handler com.android.wm.shell.transition.RemoteTransitionHandler@42e0fcb
03-12 09:13:34.021   830   849 V WindowManagerShell: Transition doesn't have explicit remote, search filters for match for {id=13 t=CLOSE f=0x0 trk=0 r=[0@Point(0, 0)] c=[{WCT{android.window.IWindowContainerToken$Stub$Proxy@2a7ff01} m=TO_FRONT f=SHOW_WALLPAPER|MOVE_TO_TOP leash=Surface(name=Task=1)/@0x222ef85 sb=Rect(0, 0 - 1600, 2560) eb=Rect(0, 0 - 1600, 2560) d=0 taskParent=-1},{WCT{android.window.IWindowContainerToken$Stub$Proxy@d0011a6} m=CLOSE f=NONE leash=Surface(name=Task=21)/@0x3b8b1da sb=Rect(0, 0 - 1600, 2560) eb=Rect(0, 0 - 1600, 2560) d=0 taskParent=-1},{null m=TO_FRONT f=IS_WALLPAPER leash=Surface(name=WallpaperWindowToken{6a688ea token=android.os.Binder@8f478d5})/@0x470560b sb=Rect(0, 0 - 1600, 2560) eb=Rect(0, 0 - 1600, 2560) d=0}]}
03-12 09:13:34.021   830   849 V WindowManagerShell:  Checking filter Pair{{types=[] flags=0x0] notFlags=0x0 checks=[{atype=undefined independent=true modes=[OPEN,TO_FRONT] flags=IN_TASK_WITH_EMBEDDED_ACTIVITY mustBeTask=false order=ANY topActivity=ComponentInfo{com.google.android.apps.nexuslauncher/com.google.android.apps.nexuslauncher.NexusLauncherActivity} launchCookie=null},{atype=undefined independent=true modes=[CLOSE,TO_BACK] flags=IN_TASK_WITH_EMBEDDED_ACTIVITY mustBeTask=false order=ANY topActivity=null launchCookie=null}]} RemoteTransition { remoteTransition = android.window.IRemoteTransition$Stub$Proxy@acc47e7, appThread = android.app.IApplicationThread$Stub$Proxy@a8d2f94, debugName = OverlaySwipeBack }}
03-12 09:13:34.021   830   849 V WindowManagerShell:  Checking filter Pair{{types=[] flags=0x0] notFlags=0x0 checks=[{atype=dream independent=true modes=[OPEN,TO_FRONT] flags=NONE mustBeTask=false order=ANY topActivity=null launchCookie=null},{atype=home independent=true modes=[CLOSE,TO_BACK] flags=NONE mustBeTask=false order=ANY topActivity=null launchCookie=null}]} RemoteTransition { remoteTransition = android.window.IRemoteTransition$Stub$Proxy@3148a3d, appThread = android.app.IApplicationThread$Stub$Proxy@a0ba232, debugName = LauncherToDream }}
03-12 09:13:34.021   830   849 V WindowManagerShell:  Checking filter Pair{{types=[] flags=0x0] notFlags=0x100 checks=[{atype=home independent=true modes=[OPEN,TO_FRONT] flags=NONE mustBeTask=false order=TOP topActivity=ComponentInfo{com.google.android.apps.nexuslauncher/com.google.android.apps.nexuslauncher.NexusLauncherActivity} launchCookie=null},{atype=standard independent=true modes=[CLOSE,TO_BACK] flags=NONE mustBeTask=false order=ANY topActivity=null launchCookie=null}]} RemoteTransition { remoteTransition = android.window.IRemoteTransition$Stub$Proxy@70b7b83, appThread = android.app.IApplicationThread$Stub$Proxy@9d7b100, debugName = QuickstepLaunchHome }}
03-12 09:13:34.021   830   849 D RemoteTransitionHandler: Found filterPair{{types=[] flags=0x0] notFlags=0x100 checks=[{atype=home independent=true modes=[OPEN,TO_FRONT] flags=NONE mustBeTask=false order=TOP topActivity=ComponentInfo{com.google.android.apps.nexuslauncher/com.google.android.apps.nexuslauncher.NexusLauncherActivity} launchCookie=null},{atype=standard independent=true modes=[CLOSE,TO_BACK] flags=NONE mustBeTask=false order=ANY topActivity=null launchCookie=null}]} RemoteTransition { remoteTransition = android.window.IRemoteTransition$Stub$Proxy@70b7b83, appThread = android.app.IApplicationThread$Stub$Proxy@9d7b100, debugName = QuickstepLaunchHome }}
03-12 09:13:34.021   830   849 V WindowManagerShell:  Delegate animation for (#13) to RemoteTransition { remoteTransition = android.window.IRemoteTransition$Stub$Proxy@70b7b83, appThread = android.app.IApplicationThread$Stub$Proxy@9d7b100, debugName = QuickstepLaunchHome }
03-12 09:13:34.029  1012  1012 D StateManager: createAtomicAnimation - fromState: Background, toState: Normal, partial trace:
03-12 09:13:34.029  1012  1012 D StateManager: 	at com.android.quickstep.util.StaggeredWorkspaceAnim.prepareToAnimate(go/retraceme 6880898d8cae178d08f8c6e9adec44ea003840882148de9d3f2387cda32e2ac9:22)
03-12 09:13:34.029  1012  1012 D StateManager: 	at com.android.quickstep.util.StaggeredWorkspaceAnim.<init>(go/retraceme 6880898d8cae178d08f8c6e9adec44ea003840882148de9d3f2387cda32e2ac9:4)
03-12 09:13:34.029  1012  1012 D StateManager: 	at com.android.quickstep.util.StaggeredWorkspaceAnim.<init>(go/retraceme 6880898d8cae178d08f8c6e9adec44ea003840882148de9d3f2387cda32e2ac9:1)
03-12 09:13:34.055   456   549 I BpBinder: onLastStrongRef automatically unlinking death recipients: 
03-12 09:13:34.135   582   606 V WindowManager: Sent Transition (#13) createdAt=03-12 09:13:33.802 via request=TransitionRequestInfo { type = CLOSE, triggerTask = TaskInfo{userId=0 taskId=21 displayId=0 isRunning=false baseIntent=Intent { act=android.intent.action.MAIN cat=[android.intent.category.LAUNCHER] flg=0x10200000 cmp=com.partesdetrabajo.app/.MainActivity } baseActivity=null topActivity=null origActivity=null realActivity=ComponentInfo{com.partesdetrabajo.app/com.partesdetrabajo.app.MainActivity} numActivities=0 lastActiveTime=325809 supportsMultiWindow=true resizeMode=1 isResizeable=true minWidth=-1 minHeight=-1 defaultMinSize=220 token=WCT{RemoteToken{edc2814 Task{9e7051 #21 type=standard A=10216:com.partesdetrabajo.app}}} topActivityType=1 pictureInPictureParams=null shouldDockBigOverlays=false launchIntoPipHostTaskId=-1 lastParentTaskIdBeforePip=-1 displayCutoutSafeInsets=null topActivityInfo=null launchCookies=[] positionInParent=Point(0, 0) parentTaskId=-1 isFocused=true isVisible=true isVisibleRequested=true isSleeping=false locusId=null displayAreaFeatureId=1 isTopActivityTransparent=false appCompatTaskInfo=AppCompatTaskInfo { topActivityInSizeCompat=false topActivityEligibleForLetterboxEducation= falseisLetterboxEducationEnabled= false isLetterboxDoubleTapEnabled= false topActivityEligibleForUserAspectRatioButton= false topActivityBoundsLetterboxed= false isFromLetterboxDoubleTap= false topActivityLetterboxVerticalPosition= -1 topActivityLetterboxHorizontalPosition= -1 topActivityLetterboxWidth=-1 topActivityLetterboxHeight=-1 isUserFullscreenOverrideEnabled=false isSystemFullscreenOverrideEnabled=false cameraCompatTaskInfo=CameraCompatTaskInfo { cameraCompatControlState=hidden freeformCameraCompatMode=inactive}}}, pipTask = null, remoteTransition = null, displayChange = null, flags = 0, debugId = 13 }
03-12 09:13:34.135   582   606 V WindowManager:     startWCT=WindowContainerTransaction { changes = {} hops = [] errorCallbackToken=null taskFragmentOrganizer=null }
03-12 09:13:34.135   582   606 V WindowManager:     info={id=13 t=CLOSE f=0x0 trk=0 r=[0@Point(0, 0)] c=[
03-12 09:13:34.135   582   606 V WindowManager:         {WCT{RemoteToken{f762280 Task{8360235 #1 type=home}}} m=TO_FRONT f=SHOW_WALLPAPER|MOVE_TO_TOP leash=Surface(name=Task=1)/@0x830c5db sb=Rect(0, 0 - 1600, 2560) eb=Rect(0, 0 - 1600, 2560) d=0 taskParent=-1},
03-12 09:13:34.135   582   606 V WindowManager:         {WCT{RemoteToken{edc2814 Task{9e7051 #21 type=standard A=10216:com.partesdetrabajo.app}}} m=CLOSE f=NONE leash=Surface(name=Task=21)/@0x933626 sb=Rect(0, 0 - 1600, 2560) eb=Rect(0, 0 - 1600, 2560) d=0 taskParent=-1},
03-12 09:13:34.135   582   606 V WindowManager:         {null m=TO_FRONT f=IS_WALLPAPER leash=Surface(name=WallpaperWindowToken{6a688ea token=android.os.Binder@8f478d5})/@0xd15c6d5 sb=Rect(0, 0 - 1600, 2560) eb=Rect(0, 0 - 1600, 2560) d=0}
03-12 09:13:34.135   582   606 V WindowManager:     ]}
03-12 09:13:34.149   830   849 V WindowManagerShell:  animated by com.android.wm.shell.transition.RemoteTransitionHandler@42e0fcb
03-12 09:13:34.151   582  3334 W UserManagerService: Requested status bar icon for non-badged user 0
03-12 09:13:34.166  1012  1376 D EGL_emulation: app_time_stats: avg=192646.86ms min=192646.86ms max=192646.86ms count=1
03-12 09:13:34.181  1012  1012 D SearchTargetUtil: queryLength=0 size=0
03-12 09:13:34.207  4460  4460 I perfetto:    perfetto_cmd.cc:1100 Connected to the Perfetto traced service, TTL: 20s
03-12 09:13:34.207   494   494 I perfetto: ng_service_impl.cc:1125 Configured tracing session 2, #sources:3, duration:20000 ms, #buffers:2, total buffer size:49152 KB, total sessions:1, uid:2000 session name: ""
03-12 09:13:34.208   491   491 I perfetto:  probes_producer.cc:132 Ftrace setup (target_buf=2)
03-12 09:13:34.208   491   491 I perfetto:    ftrace_procfs.cc:441 disabled ftrace in /sys/kernel/tracing/
03-12 09:13:34.206   491   491 W traced_probes: type=1400 audit(0.0:253): avc:  denied  { read } for  name="current_tracer" dev="tracefs" ino=23 scontext=u:r:traced_probes:s0 tcontext=u:object_r:debugfs_tracing_debug:s0 tclass=file permissive=0
03-12 09:13:34.280  4456  4456 D AndroidRuntime: >>>>>> START com.android.internal.os.RuntimeInit uid 2000 <<<<<<
03-12 09:13:34.283  4456  4456 I AndroidRuntime: Using default boot image
03-12 09:13:34.283  4456  4456 I AndroidRuntime: Leaving lock profiling enabled
03-12 09:13:34.285  4456  4456 I app_process: Using CollectorTypeCMC GC.
03-12 09:13:34.311   411   492 I RanchuHwc: logCompositionFallbackIfChanged: layer 23 CompositionType fallback from 2 to 1
03-12 09:13:34.311   411   492 I RanchuHwc: logCompositionFallbackIfChanged: layer 24 CompositionType fallback from 2 to 1
03-12 09:13:34.364  4456  4456 D nativeloader: InitDefaultPublicLibraries for_preload=1: libandroid.so:libaaudio.so:libamidi.so:libbinder_ndk.so:libc.so:libcamera2ndk.so:libdl.so:libEGL.so:libGLESv1_CM.so:libGLESv2.so:libGLESv3.so:libicu.so:libicui18n.so:libicuuc.so:libjnigraphics.so:liblog.so:libmediandk.so:libm.so:libnativehelper.so:libnativewindow.so:libOpenMAXAL.so:libOpenSLES.so:libRS.so:libstdc++.so:libsync.so:libvulkan.so:libwebviewchromium_plat_support.so:libz.so
03-12 09:13:34.371  4456  4456 D nativeloader: Load libicu_jni.so using APEX ns com_android_art for caller /apex/com.android.art/javalib/core-oj.jar: ok
03-12 09:13:34.371  4456  4456 D app_process: u_setTimeZoneFilesDirectory("/apex/com.android.tzdata/etc/tz/versioned/8/icu") succeeded. 
03-12 09:13:34.371  4456  4456 D app_process: I18n APEX ICU file found: /apex/com.android.i18n/etc/icu/icudt75l.dat
03-12 09:13:34.373  4456  4456 D nativeloader: Load libjavacore.so using APEX ns com_android_art for caller /apex/com.android.art/javalib/core-oj.jar: ok
03-12 09:13:34.374  4456  4456 D nativeloader: Load libopenjdk.so using APEX ns com_android_art for caller /apex/com.android.art/javalib/core-oj.jar: ok
03-12 09:13:34.375  4456  4456 W app_process: Unexpected CPU variant for x86: x86_64.
03-12 09:13:34.375  4456  4456 W app_process: Known variants: atom, sandybridge, silvermont, goldmont, goldmont-plus, goldmont-without-sha-xsaves, tremont, kabylake, default
03-12 09:13:34.392  4456  4456 D nativeloader: Load libframework-connectivity-tiramisu-jni.so using APEX ns com_android_tethering for caller /apex/com.android.tethering/javalib/framework-connectivity-t.jar: ok
03-12 09:13:34.392  4456  4456 D AndroidRuntime: Calling main entry com.android.commands.monkey.Monkey
03-12 09:13:34.393  4456  4456 W Monkey  : args: [-p, com.partesdetrabajo.app, -c, android.intent.category.LAUNCHER, 1]
03-12 09:13:34.393  4456  4456 W Monkey  :  arg: "-p"
03-12 09:13:34.393  4456  4456 W Monkey  :  arg: "com.partesdetrabajo.app"
03-12 09:13:34.393  4456  4456 W Monkey  :  arg: "-c"
03-12 09:13:34.393  4456  4456 W Monkey  :  arg: "android.intent.category.LAUNCHER"
03-12 09:13:34.393  4456  4456 W Monkey  :  arg: "1"
03-12 09:13:34.393  4456  4456 W Monkey  : data="com.partesdetrabajo.app"
03-12 09:13:34.394  4456  4456 W Monkey  : data="android.intent.category.LAUNCHER"
03-12 09:13:34.403   582  1381 W ActivityManager: registerReceiverWithFeature: no app for null
03-12 09:13:34.410   582  1381 W ActivityTaskManager: callingPackage for (uid=2000, pid=4456) has no WPC
03-12 09:13:34.412   582  1381 W OptProp : Cannot read opt property android.window.PROPERTY_COMPAT_ALLOW_USER_ASPECT_RATIO_OVERRIDE
03-12 09:13:34.412   582  1381 W OptProp : Cannot read opt property android.window.PROPERTY_COMPAT_ALLOW_USER_ASPECT_RATIO_FULLSCREEN_OVERRIDE
03-12 09:13:34.412   582  1381 W OptProp : Cannot read opt property android.window.PROPERTY_COMPAT_ALLOW_ORIENTATION_OVERRIDE
03-12 09:13:34.413   582  1381 V GrammaticalInflectionUtils: AttributionSource: android.content.AttributionSource@b43ad94f does not have READ_SYSTEM_GRAMMATICAL_GENDER permission.
03-12 09:13:34.413   582  1381 W OptProp : Cannot read opt property android.window.PROPERTY_COMPAT_ALLOW_RESIZEABLE_ACTIVITY_OVERRIDES
03-12 09:13:34.413   582  1381 W OptProp : Cannot read opt property android.window.PROPERTY_COMPAT_ALLOW_MIN_ASPECT_RATIO_OVERRIDE
03-12 09:13:34.421   582   602 D CompatChangeReporter: Compat change id reported: 309578419; UID 10216; state: ENABLED
03-12 09:13:34.423   582  1381 I ActivityTaskManager: Add Task{9e7051 #21 type=standard A=10216:com.partesdetrabajo.app} to hidden list because adding Task{cb3c73f #22 type=standard A=10216:com.partesdetrabajo.app}
03-12 09:13:34.439   582  1381 I ActivityTaskManager: START u0 {act=android.intent.action.MAIN cat=[android.intent.category.LAUNCHER] flg=0x10200000 cmp=com.partesdetrabajo.app/.MainActivity} with LAUNCH_SINGLE_TASK from uid 2000 (BAL_ALLOW_PERMISSION) result code=0
03-12 09:13:34.439   830   849 V WindowManagerShell: Transition requested (#14): android.os.BinderProxy@5273469 TransitionRequestInfo { type = OPEN, triggerTask = TaskInfo{userId=0 taskId=22 displayId=0 isRunning=true baseIntent=Intent { act=android.intent.action.MAIN cat=[android.intent.category.LAUNCHER] flg=0x10200000 cmp=com.partesdetrabajo.app/.MainActivity } baseActivity=ComponentInfo{com.partesdetrabajo.app/com.partesdetrabajo.app.MainActivity} topActivity=ComponentInfo{com.partesdetrabajo.app/com.partesdetrabajo.app.MainActivity} origActivity=null realActivity=ComponentInfo{com.partesdetrabajo.app/com.partesdetrabajo.app.MainActivity} numActivities=1 lastActiveTime=724077 supportsMultiWindow=true resizeMode=1 isResizeable=true minWidth=-1 minHeight=-1 defaultMinSize=220 token=WCT{android.window.IWindowContainerToken$Stub$Proxy@5df7eee} topActivityType=1 pictureInPictureParams=null shouldDockBigOverlays=false launchIntoPipHostTaskId=-1 lastParentTaskIdBeforePip=-1 displayCutoutSafeInsets=null topActivityInfo=ActivityInfo{2e9bf8f com.partesdetrabajo.app.MainActivity} launchCookies=[] positionInParent=Point(0, 0) parentTaskId=-1 isFocused=false isVisible=false isVisibleRequested=false isSleeping=false locusId=null displayAreaFeatureId=1 isTopActivityTransparent=false appCompatTaskInfo=AppCompatTaskInfo { topActivityInSizeCompat=false topActivityEligibleForLetterboxEducation= falseisLetterboxEducationEnabled= true isLetterboxDoubleTapEnabled= false topActivityEligibleForUserAspectRatioButton= true topActivityBoundsLetterboxed= false isFromLetterboxDoubleTap= false topActivityLetterboxVerticalPosition= -1 topActivityLetterboxHorizontalPosition= -1 topActivityLetterboxWidth=1600 topActivityLetterboxHeight=2560 isUserFullscreenOverrideEnabled=false isSystemFullscreenOverrideEnabled=false cameraCompatTaskInfo=CameraCompatTaskInfo { cameraCompatControlState=hidden freeformCameraCompatMode=inactive}}}, pipTask = null, remoteTransition = null, displayChange = null, flags = 0, debugId = 14 }
03-12 09:13:34.439   830   849 D ShellDesktopMode: DesktopTaskRepo: visibleTaskCount= 0
03-12 09:13:34.451   582   703 I ImeTracker: com.google.android.apps.nexuslauncher:f2f2ff4f: onRequestHide at ORIGIN_SERVER reason HIDE_UNSPECIFIED_WINDOW fromUser false
03-12 09:13:34.451   582   703 I ImeTracker: com.google.android.apps.nexuslauncher:f2f2ff4f: onCancelled at PHASE_SERVER_SHOULD_HIDE
03-12 09:13:34.452  4456  4456 I Monkey  : Events injected: 1
03-12 09:13:34.453  1218  1218 I GoogleInputMethodService: GoogleInputMethodService.onFinishInput():3157 
03-12 09:13:34.458   582   609 V GrammaticalInflectionUtils: AttributionSource: android.content.AttributionSource@b43ad94f does not have READ_SYSTEM_GRAMMATICAL_GENDER permission.
03-12 09:13:34.460  1218  1218 I GoogleInputMethodService: GoogleInputMethodService.updateDeviceLockedStatus():2248 repeatCheckTimes = 0, locked = false
03-12 09:13:34.460  1218  1218 I GoogleInputMethodService: GoogleInputMethodService.onStartInput():1986 onStartInput(EditorInfo{EditorInfo{packageName=com.google.android.apps.nexuslauncher, inputType=0, inputTypeString=NULL, enableLearning=false, autoCorrection=false, autoComplete=false, imeOptions=0, privateImeOptions=null, actionName=UNSPECIFIED, actionLabel=null, initialSelStart=-1, initialSelEnd=-1, initialCapsMode=0, label=null, fieldId=0, fieldName=null, extras=null, hintText=null, hintLocales=[]}}, false)
03-12 09:13:34.476  1218  1218 I GoogleInputMethodService: GoogleInputMethodService.updateDeviceLockedStatus():2248 repeatCheckTimes = 1, locked = false
03-12 09:13:34.477  1218  1218 I AndroidIME: InputBundleManager.loadActiveInputBundleId():450 loadActiveInputBundleId: und-Latn-x-password, password
03-12 09:13:34.483   582  3761 D CoreBackPreview: Window{cd4b436 u0 Splash Screen com.partesdetrabajo.app}: Setting back callback OnBackInvokedCallbackInfo{mCallback=android.window.IOnBackInvokedCallback$Stub$Proxy@1ae7ca4, mPriority=0, mIsAnimationCallback=false}
03-12 09:13:34.483   582   602 W PackageConfigPersister: App-specific configuration not found for packageName: com.google.android.apps.nexuslauncher and userId: 0
03-12 09:13:34.485   582  3334 W OptProp : Cannot read opt property android.window.PROPERTY_COMPAT_ALLOW_DISPLAY_ORIENTATION_OVERRIDE
03-12 09:13:34.498   582   636 D BrightnessThermalClamper: Thermal status observer already started
03-12 09:13:34.499   582   609 I ActivityTaskManager: Config changes=20000480 {1.0 ?mcc0mnc [en_US] ldltr sw800dp w1280dp h800dp 320dpi xlrg land finger qwerty/v/v dpad/v winConfig={ mBounds=Rect(0, 0 - 2560, 1600) mAppBounds=Rect(0, 0 - 2560, 1600) mMaxBounds=Rect(0, 0 - 2560, 1600) mDisplayRotation=ROTATION_0 mWindowingMode=fullscreen mActivityType=undefined mAlwaysOnTop=undefined mRotation=ROTATION_0} s.193 fontWeightAdjustment=0}
03-12 09:13:34.507   582   609 I WindowManager: Override config changes=20000480 {1.0 ?mcc0mnc [en_US] ldltr sw800dp w1280dp h800dp 320dpi xlrg land finger qwerty/v/v dpad/v winConfig={ mBounds=Rect(0, 0 - 2560, 1600) mAppBounds=Rect(0, 0 - 2560, 1600) mMaxBounds=Rect(0, 0 - 2560, 1600) mDisplayRotation=ROTATION_0 mWindowingMode=fullscreen mActivityType=undefined mAlwaysOnTop=undefined mRotation=ROTATION_0} s.193 fontWeightAdjustment=0} for displayId=0
03-12 09:13:34.538   384   384 I Zygote  : Entering forkRepeatedly native zygote loop
03-12 09:13:34.543   491   491 I perfetto:    ftrace_procfs.cc:438 enabled ftrace in /sys/kernel/tracing/
03-12 09:13:34.547   384   384 D Zygote  : Forked child process 4478
03-12 09:13:34.548   582   617 W ActivityManager: Slow operation: 67ms so far, now at startProcess: returned from zygote!
03-12 09:13:34.548   582   617 W ActivityManager: Slow operation: 67ms so far, now at startProcess: done updating battery stats
03-12 09:13:34.548   582   617 W ActivityManager: Slow operation: 67ms so far, now at startProcess: building log message
03-12 09:13:34.548   582   617 I ActivityManager: Start proc 4478:com.partesdetrabajo.app/u0a216 for next-top-activity {com.partesdetrabajo.app/com.partesdetrabajo.app.MainActivity}
03-12 09:13:34.548   582   617 W ActivityManager: Slow operation: 67ms so far, now at startProcess: starting to update pids map
03-12 09:13:34.577  4478  4478 I esdetrabajo.app: Late-enabling -Xcheck:jni
03-12 09:13:34.596  4478  4478 I esdetrabajo.app: Using CollectorTypeCMC GC.
03-12 09:13:34.596  4478  4478 W esdetrabajo.app: Unexpected CPU variant for x86: x86_64.
03-12 09:13:34.596  4478  4478 W esdetrabajo.app: Known variants: atom, sandybridge, silvermont, goldmont, goldmont-plus, goldmont-without-sha-xsaves, tremont, kabylake, default
03-12 09:13:34.604   465   480 I adbd    : jdwp connection from 4478
03-12 09:13:34.626  4478  4478 D nativeloader: Load libframework-connectivity-tiramisu-jni.so using APEX ns com_android_tethering for caller /apex/com.android.tethering/javalib/framework-connectivity-t.jar: ok
03-12 09:13:34.661   582   609 W ImageReader_JNI: Unable to acquire a buffer item, very likely client tried to acquire more than maxImages buffers
03-12 09:13:34.690   582   582 W WindowTokenClientController: Can't find attached WindowTokenClient for android.window.WindowTokenClient@59e4756
03-12 09:13:34.700  1218  1218 I AppBase : AppBase.onConfigurationChanged():419 onConfigurationChanged() : NewConfig = {1.0 ?mcc0mnc [en_US] ldltr sw800dp w1280dp h768dp 320dpi xlrg land finger qwerty/v/v dpad/v winConfig={ mBounds=Rect(0, 0 - 2560, 1600) mAppBounds=Rect(0, 0 - 2560, 1536) mMaxBounds=Rect(0, 0 - 2560, 1600) mDisplayRotation=ROTATION_0 mWindowingMode=fullscreen mActivityType=undefined mAlwaysOnTop=undefined mRotation=ROTATION_0} s.214 fontWeightAdjustment=0}
03-12 09:13:34.700   582   609 I InputManager-JNI: Viewport [0] to add: local:4619827259835644672, isActive: true
03-12 09:13:34.701   830   960 I WallpaperService: Retry updateSurface because bounds changed from relayout: Rect(0, 0 - 1600, 2560) -> Rect(0, 0 - 2560, 1600)
03-12 09:13:34.702   582   697 I InputReader: Reconfiguring input devices, changes=DISPLAY_INFO
03-12 09:13:34.702   582   697 I InputReader: Touch device 'virtio_input_multi_touch_2' could not query the properties of its associated display.  The device will be inoperable until the display size becomes available.
03-12 09:13:34.702   582   697 I InputReader: Touch device 'virtio_input_multi_touch_3' could not query the properties of its associated display.  The device will be inoperable until the display size becomes available.
03-12 09:13:34.702   582   697 I InputReader: Touch device 'virtio_input_multi_touch_4' could not query the properties of its associated display.  The device will be inoperable until the display size becomes available.
03-12 09:13:34.702   582   697 I InputReader: Touch device 'virtio_input_multi_touch_5' could not query the properties of its associated display.  The device will be inoperable until the display size becomes available.
03-12 09:13:34.702   582   697 I InputReader: Touch device 'virtio_input_multi_touch_6' could not query the properties of its associated display.  The device will be inoperable until the display size becomes available.
03-12 09:13:34.702   582   697 I InputReader: Touch device 'virtio_input_multi_touch_7' could not query the properties of its associated display.  The device will be inoperable until the display size becomes available.
03-12 09:13:34.702   582   697 I InputReader: Touch device 'virtio_input_multi_touch_8' could not query the properties of its associated display.  The device will be inoperable until the display size becomes available.
03-12 09:13:34.702   582   697 I InputReader: Touch device 'virtio_input_multi_touch_9' could not query the properties of its associated display.  The device will be inoperable until the display size becomes available.
03-12 09:13:34.702   582   697 I InputReader: Touch device 'virtio_input_multi_touch_10' could not query the properties of its associated display.  The device will be inoperable until the display size becomes available.
03-12 09:13:34.702   582   697 I InputReader: Touch device 'virtio_input_multi_touch_11' could not query the properties of its associated display.  The device will be inoperable until the display size becomes available.
03-12 09:13:34.707   582   609 D DisplayManagerService: Ignore redundant display event 0/2 to 10141/1781
03-12 09:13:34.707   582   609 D DisplayManagerService: Ignore redundant display event 0/2 to 10137/1889
03-12 09:13:34.717   582   617 W ActivityManager: Slow operation: 236ms so far, now at startProcess: done updating pids map
03-12 09:13:34.718  1012  1012 W SplitSelectStateCtor: Missing session instanceIds
03-12 09:13:34.718  1012  1012 D StatsLog: LAUNCHER_SPLIT_SELECTION_EXIT_INTERRUPTED
03-12 09:13:34.737   582   603 I WindowManager: finishDrawing of orientation change: Window{3561588 u0 com.android.systemui.wallpapers.ImageWallpaper} 40ms
03-12 09:13:34.756  4456  4456 I Monkey  : ## Network stats: elapsed time=339ms (0ms mobile, 0ms wifi, 339ms not connected)
03-12 09:13:34.756  4456  4456 I app_process: System.exit called, status: 0
03-12 09:13:34.757  4456  4456 I AndroidRuntime: VM exiting with result code 0.
03-12 09:13:34.764   830   830 I NoBackGesture: Config changed: newConfig={1.0 ?mcc0mnc [en_US] ldltr sw800dp w1280dp h800dp 320dpi xlrg land finger qwerty/v/v dpad/v winConfig={ mBounds=Rect(0, 0 - 2560, 1600) mAppBounds=Rect(0, 0 - 2560, 1600) mMaxBounds=Rect(0, 0 - 2560, 1600) mDisplayRotation=ROTATION_0 mWindowingMode=fullscreen mActivityType=undefined mAlwaysOnTop=undefined mRotation=ROTATION_0} s.222 fontWeightAdjustment=0} lastReportedConfig={1.0 ?mcc0mnc [en_US] ldltr sw800dp w800dp h1280dp 320dpi xlrg port finger qwerty/v/v dpad/v winConfig={ mBounds=Rect(0, 0 - 1600, 2560) mAppBounds=Rect(0, 0 - 1600, 2560) mMaxBounds=Rect(0, 0 - 1600, 2560) mDisplayRotation=ROTATION_270 mWindowingMode=fullscreen mActivityType=undefined mAlwaysOnTop=undefined mRotation=ROTATION_270} s.189 fontWeightAdjustment=0}
03-12 09:13:34.764   830   830 I NoBackGesture: NavbarController: newConfig={1.0 ?mcc0mnc [en_US] ldltr sw800dp w1280dp h800dp 320dpi xlrg land finger qwerty/v/v dpad/v winConfig={ mBounds=Rect(0, 0 - 2560, 1600) mAppBounds=Rect(0, 0 - 2560, 1600) mMaxBounds=Rect(0, 0 - 2560, 1600) mDisplayRotation=ROTATION_0 mWindowingMode=fullscreen mActivityType=undefined mAlwaysOnTop=undefined mRotation=ROTATION_0} s.222 fontWeightAdjustment=0} mTaskbarDelegate initialized=true willApplyConfigToNavbars=false navBarCount=0
03-12 09:13:34.772   915   957 E SystemServiceRegistry: No service published for: ethernet
03-12 09:13:34.772   915   957 E SystemServiceRegistry: android.os.ServiceManager$ServiceNotFoundException: No service published for: ethernet
03-12 09:13:34.772   915   957 E SystemServiceRegistry: 	at android.os.ServiceManager.getServiceOrThrow(ServiceManager.java:203)
03-12 09:13:34.772   915   957 E SystemServiceRegistry: 	at android.app.SystemServiceRegistry$145.createService(SystemServiceRegistry.java:2120)
03-12 09:13:34.772   915   957 E SystemServiceRegistry: 	at android.app.SystemServiceRegistry$CachedServiceFetcher.getService(SystemServiceRegistry.java:2231)
03-12 09:13:34.772   915   957 E SystemServiceRegistry: 	at android.app.SystemServiceRegistry.getSystemService(SystemServiceRegistry.java:1812)
03-12 09:13:34.772   915   957 E SystemServiceRegistry: 	at android.app.ContextImpl.getSystemService(ContextImpl.java:2241)
03-12 09:13:34.772   915   957 E SystemServiceRegistry: 	at android.content.ContextWrapper.getSystemService(ContextWrapper.java:936)
03-12 09:13:34.772   915   957 E SystemServiceRegistry: 	at com.android.networkstack.tethering.Tethering.isEthernetSupported(Tethering.java:1579)
03-12 09:13:34.772   915   957 E SystemServiceRegistry: 	at com.android.networkstack.tethering.Tethering.makeSupportedDownstreams(Tethering.java:2562)
03-12 09:13:34.772   915   957 E SystemServiceRegistry: 	at com.android.networkstack.tethering.Tethering.updateSupportedDownstreams(Tethering.java:2536)
03-12 09:13:34.772   915   957 E SystemServiceRegistry: 	at com.android.networkstack.tethering.Tethering.updateConfiguration(Tethering.java:549)
03-12 09:13:34.772   915   957 E SystemServiceRegistry: 	at com.android.networkstack.tethering.Tethering.-$$Nest$mupdateConfiguration(Tethering.java:0)
03-12 09:13:34.772   915   957 E SystemServiceRegistry: 	at com.android.networkstack.tethering.Tethering$StateReceiver.onReceive(Tethering.java:1186)
03-12 09:13:34.772   915   957 E SystemServiceRegistry: 	at android.app.LoadedApk$ReceiverDispatcher$Args.lambda$getRunnable$0(LoadedApk.java:1814)
03-12 09:13:34.772   915   957 E SystemServiceRegistry: 	at android.app.LoadedApk$ReceiverDispatcher$Args.$r8$lambda$mcNAAl1SQ4MyJPyDg8TJ2x2h0Rk(Unknown Source:0)
03-12 09:13:34.772   915   957 E SystemServiceRegistry: 	at android.app.LoadedApk$ReceiverDispatcher$Args$$ExternalSyntheticLambda0.run(D8$$SyntheticClass:0)
03-12 09:13:34.772   915   957 E SystemServiceRegistry: 	at android.os.Handler.handleCallback(Handler.java:959)
03-12 09:13:34.772   915   957 E SystemServiceRegistry: 	at android.os.Handler.dispatchMessage(Handler.java:100)
03-12 09:13:34.772   915   957 E SystemServiceRegistry: 	at android.os.Looper.loopOnce(Looper.java:232)
03-12 09:13:34.772   915   957 E SystemServiceRegistry: 	at android.os.Looper.loop(Looper.java:317)
03-12 09:13:34.772   915   957 E SystemServiceRegistry: 	at android.os.HandlerThread.run(HandlerThread.java:85)
03-12 09:13:34.790   830   849 D ShellSplitScreen: onTaskInfoChanged: taskId=3 taskAct=null
03-12 09:13:34.794   830   849 D WindowManagerShell: setLauncherKeepClearAreaHeight: visible=false, height=360
03-12 09:13:34.796  1218  1218 W GoogleInputMethodService: GoogleInputMethodService.onConfigurationChanged():1644 onConfigurationChanged() : NewConfig = {1.0 ?mcc0mnc [en_US] ldltr sw800dp w1280dp h800dp 320dpi xlrg land finger qwerty/v/v dpad/v winConfig={ mBounds=Rect(0, 0 - 2560, 1600) mAppBounds=Rect(0, 0 - 2560, 1600) mMaxBounds=Rect(0, 0 - 2560, 1600) mDisplayRotation=ROTATION_0 mWindowingMode=fullscreen mActivityType=undefined mAlwaysOnTop=undefined mRotation=ROTATION_0} s.193 fontWeightAdjustment=0}
03-12 09:13:34.797  1218  1218 I GoogleInputMethodService: GoogleInputMethodService.onConfigurationChanged():1645 device real metrics: DisplayMetrics{density=2.0, width=2560, height=1600, scaledDensity=2.0, xdpi=320.0, ydpi=320.0}
03-12 09:13:34.797  1218  1218 I InputMethodEntryManager: InputMethodEntryManager.notifyCurrentInputMethodEntryOnContextChanged():521 notifyCurrentInputMethodEntryOnContextChanged()
03-12 09:13:34.797  1218  1218 I InputMethodEntryManager: InputMethodEntryManager.notifyCurrentInputMethodEntryOnContextChanged():542 Notify current input method entry changed on context change
03-12 09:13:34.798  1218  1218 I SystemSubtypesReportModule: SystemSubtypesReportModule$3.onCurrentInputMethodEntryChanged():136 entry: en-US, source: UNSPECIFIED
03-12 09:13:34.800   830   849 V ShellDragAndDrop: Display changed: 0
03-12 09:13:34.805  1218  1218 I KeyboardContextProvider: KeyboardContextProvider$KeyboardContextCache.createKeyboardContext():173 createKeyboardContext(): en-US, jgg@9df2e0d(com.android.inputmethod.latin.LatinIME@67ee0b3), {1.0 ?mcc0mnc [en_US] ldltr sw800dp w1280dp h800dp 320dpi xlrg land finger qwerty/v/v dpad/v winConfig={ mBounds=Rect(0, 0 - 2560, 1600) mAppBounds=Rect(0, 0 - 2560, 1600) mMaxBounds=Rect(0, 0 - 2560, 1600) mDisplayRotation=ROTATION_0 mWindowingMode=fullscreen mActivityType=undefined mAlwaysOnTop=undefined mRotation=ROTATION_0} s.6 fontWeightAdjustment=0}
03-12 09:13:34.805  1218  1218 I GoogleInputMethodService: GoogleInputMethodService.onCurrentInputMethodEntryChanged():3655 onCurrentInputMethodEntryChanged(): imeDefsChanged=false, initializedEntryChanged=false, keyboardContextChanged=true
03-12 09:13:34.813   456   549 W VsyncModulator: setTransactionSchedule: Unexpected EarlyEnd
03-12 09:13:34.827  1218  1218 I GoogleInputMethodService: GoogleInputMethodService.clearInputMethodServiceData():1613 clearInputMethodServiceData for entryChange
03-12 09:13:34.829  1218  1218 I AbstractOpenableExtension: AbstractOpenableExtension.maybeDestroyExistingKeyboardGroupManager():538 Destroy existing keyboard group manager in fvq
03-12 09:13:34.831  1218  1218 I AbstractOpenableExtension: AbstractOpenableExtension.createKeyboardGroupManagerListenableFuture():120 Create keyboard group manager listenable future in fvq
03-12 09:13:34.832  1218  1218 I AbstractOpenableExtension: AbstractOpenableExtension.maybeDestroyExistingKeyboardGroupManager():538 Destroy existing keyboard group manager in gas
03-12 09:13:34.832  1218  1218 I AbstractOpenableExtension: AbstractOpenableExtension.createKeyboardGroupManagerListenableFuture():120 Create keyboard group manager listenable future in gas
03-12 09:13:34.832  1218  1218 I AbstractOpenableExtension: AbstractOpenableExtension.maybeDestroyExistingKeyboardGroupManager():538 Destroy existing keyboard group manager in fxu
03-12 09:13:34.834  1218  1218 I AbstractOpenableExtension: AbstractOpenableExtension.createKeyboardGroupManagerListenableFuture():120 Create keyboard group manager listenable future in fxu
03-12 09:13:34.834  4478  4478 W ziparchive: Unable to open '/data/app/~~ov01juCzioxofzykiLGDXg==/com.partesdetrabajo.app-uYnBmv9jbvRDlw-36MTMzw==/base.dm': No such file or directory
03-12 09:13:34.837  4478  4478 W ziparchive: Unable to open '/data/app/~~ov01juCzioxofzykiLGDXg==/com.partesdetrabajo.app-uYnBmv9jbvRDlw-36MTMzw==/base.dm': No such file or directory
03-12 09:13:34.840  1218  1218 I KeyboardHeightUtil: KeyboardHeightUtil.calculateMaxKeyboardBodyHeight():45 leave 214 height for app when ime window height:2448, header height:96 and isFullscreenMode:false, so the max keyboard body height is:2138
03-12 09:13:34.841  1218  1218 I KeyboardHeightUtil: KeyboardHeightUtil.calculateMaxKeyboardBodyHeight():45 leave 214 height for app when ime window height:2448, header height:96 and isFullscreenMode:false, so the max keyboard body height is:2138
03-12 09:13:34.843  1218  1218 I KeyboardModeManager: KeyboardModeManager.onCurrentInputMethodEntryChanged():1133 Reload data for context change
03-12 09:13:34.845  1218  1218 I GoogleInputMethodService: GoogleInputMethodService.initializeInputMethodServiceData():1382 initializeInputMethodServiceData for kct{languageTag=en-US, variant=qwerty, hasLocalizedResources=true, conditionCacheKey=_cache_additional_ime_defs_for_condition_change=false_cache_ime_defs_for_condition_change=false_device=tablet_device_size=large_enable_flick_symbols=false_enable_more_candidates_view_for_multilingual=false_enable_number_row=false_enable_preemptive_decode=true_enable_secondary_digits=true_enable_secondary_symbols=false_enable_show_foldable_layout_on_small_tablet=true_expressions=normal_four_or_more_letter_rows=false_keyboard_mode=normal_language=en-US_orientation=portrait_physical_keyboard=qwerty_rtl_layout=false_show_secondary_digits=true_show_suggestions=true_split_with_duplicate_keys=true_variant=qwerty, imeDef.stringId=ime_english_united_states, imeDef.className=com.google.android.apps.inputmethod.libs.latin5.LatinIme, imeDef.languageTag=en-US}
03-12 09:13:34.846  1218  4499 I KeyboardGroupDefParser: KeyboardGroupDefParser.parseKeyboardGroupDef():83 parseKeyboardGroupDef() 2132216957 -> 0_resource_name_obfuscated : WaitTime = 0 ms : RunTime = 0 ms
03-12 09:13:34.847  1218  4499 I KeyboardGroupDefParser: KeyboardGroupDefParser.parseKeyboardGroupDef():83 parseKeyboardGroupDef() 2132214040 -> 0_resource_name_obfuscated : WaitTime = 11 ms : RunTime = 1 ms
03-12 09:13:34.847  1218  4498 I KeyboardGroupDefParser: KeyboardGroupDefParser.parseKeyboardGroupDef():83 parseKeyboardGroupDef() 2132214033 -> 0_resource_name_obfuscated : WaitTime = 1 ms : RunTime = 0 ms
03-12 09:13:34.852  1218  1218 I StyledKeyboardThemeBuilder: StyledKeyboardThemeBuilder.build():132 Pref: [], themeName: [silk:], darkMode: [false], cacheKey: [overlay_builtin_dynamic_color_light_base.binarypb:dynamic-gm3-light-fffefbff-ff495d92-88aedfe362701b9d56ce578190f21130]
03-12 09:13:34.853  1218  1218 I KeyboardThemeProvider: KeyboardThemeProvider.applyKeyboardTheme():27 Apply keyboard theme: theme_border_stylesheet_noshadow_pgsans_pillkey_silkpopup_hover_light_tablet_large_keyboard_width_tablet_large_navredesign_768_overlay_builtin_dynamic_color_light_base.binarypb:dynamic-gm3-light-fffefbff-ff495d92-88aedfe362701b9d56ce578190f21130_port
03-12 09:13:34.853  1218  1218 I AndroidIME: InputBundleManager.loadActiveInputBundleId():450 loadActiveInputBundleId: und-Latn-x-password, password
03-12 09:13:34.853  1218  1218 W NotificationCenter: NotificationCenter$ListenerData.notifyOnExecutor():672 Heavy notify work detected on UI thread: |kcd->kff| takes 49ms
03-12 09:13:34.854  1218  1218 I KeyboardContextProvider: KeyboardContextProvider.setBaseContextAndInvalidKeyboardContextCache():88 setBaseContextAndInvalidKeyboardContextCache(): com.android.inputmethod.latin.LatinIME@67ee0b3
03-12 09:13:34.854  1218  1218 I DeviceModeMonitor2: DeviceModeMonitor2.onConfigurationChanged():62 
03-12 09:13:34.862  1012  1012 I TopTaskTracker: onTaskMovedToFront: (moved taskInfo to front) taskId=22, baseIntent=Intent { act=android.intent.action.MAIN cat=[android.intent.category.LAUNCHER] flg=0x10200000 cmp=com.partesdetrabajo.app/.MainActivity }
03-12 09:13:34.876  1218  1218 I DeviceModeMonitor2: DeviceModeMonitor2.calculateAndNotify():101 Device mode 'tablet_large' from display metrics 'DisplayMetrics{density=0.0, width=1600, height=2560, scaledDensity=0.0, xdpi=320.0, ydpi=320.0}' or smallestScreenWidthDp: 800
03-12 09:13:34.876  1218  1218 W NotificationCenter: NotificationCenter$ListenerData.notifyOnExecutor():672 Heavy notify work detected on UI thread: |lor->jho| takes 22ms
03-12 09:13:34.878  1218  1218 I InputMethodEntryManager: InputMethodEntryManager.resetLanguages():2621 resetLanguages(): languages=null, conditionName=orientation
03-12 09:13:34.879  1218  1218 I ImeDefCache: ImeDefCache.clearCacheForLanguages():387 clearCacheForLanguages(): []
03-12 09:13:34.881  1218  1218 I AdditionalImeDefCache: AdditionalImeDefCache.clearAdditionalImeDefsForCondition():435 clearAdditionalImeDefsForCondition() clear additional ImeDefs: []
03-12 09:13:34.881  1218  1218 I InputMethodEntryManager: InputMethodEntryManager.resetLanguages():2634 Clear cache for languages: null, changed=false
03-12 09:13:34.882  1218  1218 I InputMethodEntryManager: InputMethodEntryManager.startLoadingInputMethodEntrySettings():700 Start loading input method entry settings: [LanguageTagVariantTuple{languageTag=en-US, variant=qwerty}]
