03-12 09:13:35.955   582   726 D MultiInternetWifiNetworkFactory: got request NetworkRequest [ REQUEST id=161, [ Capabilities: INTERNET&NOT_RESTRICTED&TRUSTED&NOT_VCN_MANAGED&NOT_BANDWIDTH_CONSTRAINED Uid: 10163 RequestorUid: 10163 RequestorPkg: com.google.android.inputmethod.latin UnderlyingNetworks: Null] ]
03-12 09:13:35.974   830   836 W ndroid.systemui: Missing inline cache for void com.android.systemui.statusbar.policy.Clock$2$$ExternalSyntheticLambda0.run()
03-12 09:13:36.030  1218  1218 I MDDTaskScheduler: MDDTaskScheduler$Worker.startWorkInner():122 work mdd_download_work started
03-12 09:13:36.030  1218  1218 I DownloadManager: DownloadManager.startDownload():484 start download of __KLP_delight__en-US
03-12 09:13:36.049  1012  1012 D VRI[NexusLauncherActivity]: visibilityChanged oldVisibility=true newVisibility=false
03-12 09:13:36.050   582  3761 I WindowManager: finishDrawing of orientation change: Window{d1b5c3f u0 Taskbar} 480ms
03-12 09:13:36.074  1012  1012 D NexusLauncherModelDelegate: notifySmartspaceEvent: SmartspaceTargetEvent{mSmartspaceTarget=null, mSmartspaceActionId='null', mEventType=7}
03-12 09:13:36.077  1218  4301 I WM-WorkerWrapper: Worker result SUCCESS for Work [ id=1ae31373-4671-4405-88e2-8c8dba291e56, tags={ com.google.android.libraries.inputmethod.mdd.MDDTaskScheduler$Worker } ]
03-12 09:13:36.083  1388  1807 E TelephonyManager: Error calling #isDataEnabled, returning default (false).
03-12 09:13:36.083  1388  1807 E TelephonyManager: java.lang.IllegalStateException: telephony service is null.
03-12 09:13:36.083  1388  1807 E TelephonyManager: 	at android.telephony.TelephonyManager.isDataEnabledForReason(TelephonyManager.java:14365)
03-12 09:13:36.083  1388  1807 E TelephonyManager: 	at android.telephony.TelephonyManager.isDataEnabledForReason(TelephonyManager.java:14356)
03-12 09:13:36.083  1388  1807 E TelephonyManager: 	at android.telephony.TelephonyManager.isDataEnabled(TelephonyManager.java:11659)
03-12 09:13:36.083  1388  1807 E TelephonyManager: 	at com.google.android.gms.common.d.b$$ExternalSyntheticApiModelOutline0.m(D8$$SyntheticClass:81)
03-12 09:13:36.083  1388  1807 E TelephonyManager: 	at com.google.android.libraries.gsa.c.a.a.aa.a(PG:151)
03-12 09:13:36.083  1388  1807 E TelephonyManager: 	at com.google.android.libraries.gsa.h.a.k.call(PG:9)
03-12 09:13:36.083  1388  1807 E TelephonyManager: 	at java.util.concurrent.FutureTask.run(FutureTask.java:264)
03-12 09:13:36.083  1388  1807 E TelephonyManager: 	at com.google.android.libraries.k.x.run(PG:3)
03-12 09:13:36.083  1388  1807 E TelephonyManager: 	at com.google.common.n.c.c.run(PG:50)
03-12 09:13:36.083  1388  1807 E TelephonyManager: 	at com.google.android.libraries.k.e.run(PG:8)
03-12 09:13:36.083  1388  1807 E TelephonyManager: 	at java.lang.Thread.run(Thread.java:1012)
03-12 09:13:36.083  1388  1807 E TelephonyManager: 	at com.google.android.libraries.k.d.b.run(PG:74)
03-12 09:13:36.085  1218  4502 I DelightKLPDownloader: DelightKLPDownloader$2.onSuccess():207 klp en_US downloaded with version 2024051500
03-12 09:13:36.097  1218  4500 I DelightKLPDownloader: DelightKLPDownloader$2.onSuccess():207 klp en_US downloaded with version 2024051500
03-12 09:13:36.103   582  3761 D ConnectivityService: requestNetwork for uid/pid:10144/1388 activeRequest: null callbackRequest: 162 [NetworkRequest [ REQUEST id=162, [ Transports: CELLULAR Capabilities: INTERNET&NOT_RESTRICTED&TRUSTED&NOT_VPN&NOT_VCN_MANAGED&NOT_BANDWIDTH_CONSTRAINED Forbidden: LOCAL_NETWORK Uid: 10144 RequestorUid: 10144 RequestorPkg: com.google.android.googlequicksearchbox UnderlyingNetworks: Null] ]] callback flags: 0 order: 2147483647 isUidTracked: false
03-12 09:13:36.106   582   741 D ConnectivityService: NetReassign [no changes] [c 0] [a 0] [i 2]
03-12 09:13:36.106   582   741 D ConnectivityService: reportNetworkConnectivity(100, false) by 10144
03-12 09:13:36.116   915  1817 D NetworkMonitor/100: Forcing reevaluation for UID 10144. Dns signal count: 0
03-12 09:13:36.132   915  4518 D TrafficStats: tagSocket(98) with statsTag=0xffffff81, statsUid=-1
03-12 09:13:36.137   915  4519 D TrafficStats: tagSocket(129) with statsTag=0xffffff81, statsUid=-1
03-12 09:13:36.153   915  4519 D TrafficStats: tagSocket(100) with statsTag=0xffffff81, statsUid=-1
03-12 09:13:36.154  4478  4478 D CompatChangeReporter: Compat change id reported: 309578419; UID 10216; state: ENABLED
03-12 09:13:36.158   915  4518 D TrafficStats: tagSocket(129) with statsTag=0xffffff81, statsUid=-1
03-12 09:13:36.183  1218  1630 I SP      : Syncing emoticon_content_description (2022081613) with slices: [7a635888cb828dfa2fc744b7b9b50f04], metadata: false
03-12 09:13:36.184  1218  1630 I SP      : Registering emoticon_content_description.2022081613, url: https://www.gstatic.com/android/keyboard/emoticon_content_desc/202208161305/superpacks_manifest.json, constraints: W:*:*:*, flags: bg, requested: 2022081613, current: 2022081613
03-12 09:13:36.184  1218  1630 I SP      : Registering handwriting_recognition.86, url: https://dl.google.com/handwriting/models/handwriting_release.superpack_manifest.20231127.json, constraints: m:*:*:*, flags: fg, requested: 86, current: 86
03-12 09:13:36.185   915   915 D TrafficStats: tagSocket(98) with statsTag=0xffffffff, statsUid=-1
03-12 09:13:36.186   915   915 D TrafficStats: tagSocket(98) with statsTag=0xffffffff, statsUid=-1
03-12 09:13:36.188   915  4519 D NetworkMonitor/100: PROBE_DNS connectivitycheck.gstatic.com 51ms OK 216.58.209.67,2a00:1450:4003:805::2003
03-12 09:13:36.198  4478  4478 W esdetrabajo.app: Accessing hidden method Landroid/view/ViewGroup;->makeOptionalFitsSystemWindows()V (unsupported, reflection, allowed)
03-12 09:13:36.208   830   849 V WindowManagerShell: Transition animation finished (aborted=false), notifying core (#15) android.os.BinderProxy@c0b21a5@1
03-12 09:13:36.213   915  4519 D TrafficStats: tagSocket(98) with statsTag=0xffffff81, statsUid=-1
03-12 09:13:36.219   582   606 V WindowManager: Finish Transition (#15): created at 03-12 09:13:35.423 collect-started=0.106ms request-sent=0.155ms started=207.135ms ready=207.108ms sent=334.055ms finished=789.323ms
03-12 09:13:36.227  1218  4502 I HandwritingOnlineSuperpacks: HandwritingOnlineSuperpacks$2.apply():184 syncPackMapping()
03-12 09:13:36.231  4478  4478 I WebViewFactory: Loading com.google.android.webview version 124.0.6367.219 (code 636771938)
03-12 09:13:36.239   830   849 V WindowManagerShell: Track 1 became idle
03-12 09:13:36.245   830   849 V WindowManagerShell: All active transition animations finished
03-12 09:13:36.247   830   849 V ShellDesktopMode: Task Vanished: #21 closed=true
03-12 09:13:36.249  4478  4478 V ResourcesManager: The following library key has been added: ResourcesKey{ mHash=d2d2ffaf mResDir=null mSplitDirs=[] mOverlayDirs=[/product/overlay/NavigationBarModeGestural/NavigationBarModeGesturalOverlay.apk,/data/resource-cache/com.android.systemui-neutral-sVMs.frro,/data/resource-cache/com.android.systemui-accent-Lb3Q.frro,/data/resource-cache/com.android.systemui-dynamic-XTXD.frro] mLibDirs=[/data/app/~~RgOCKUznt7nHo655Iu3pkg==/com.google.android.webview-SA8Yp8LVhgKyot5bgwPhJA==/WebViewGoogle.apk,/data/app/~~L6nnnFWjKOi-sEFVjE3bQA==/com.google.android.trichromelibrary_636771938-TWK_Ug6zC95Q8Z3NpRimdw==/TrichromeLibrary.apk,/system_ext/framework/androidx.window.extensions.jar] mDisplayId=0 mOverrideConfig=v35 mCompatInfo={320dpi always-compat} mLoaders=[]}
03-12 09:13:36.250  1012  1012 I TopTaskTracker: onTaskRemoved: taskId=21
03-12 09:13:36.250  1012  1012 I TopTaskTracker: onTaskRemoved: taskId=21
03-12 09:13:36.253  4478  4478 W ziparchive: Unable to open '/data/app/~~L6nnnFWjKOi-sEFVjE3bQA==/com.google.android.trichromelibrary_636771938-TWK_Ug6zC95Q8Z3NpRimdw==/TrichromeLibrary.dm': No such file or directory
03-12 09:13:36.253  4478  4478 W ziparchive: Unable to open '/data/app/~~L6nnnFWjKOi-sEFVjE3bQA==/com.google.android.trichromelibrary_636771938-TWK_Ug6zC95Q8Z3NpRimdw==/TrichromeLibrary.dm': No such file or directory
03-12 09:13:36.255  4478  4478 W esdetrabajo.app: Entry not found
03-12 09:13:36.256  4478  4478 D nativeloader: Configuring clns-8 for other apk /data/app/~~L6nnnFWjKOi-sEFVjE3bQA==/com.google.android.trichromelibrary_636771938-TWK_Ug6zC95Q8Z3NpRimdw==/TrichromeLibrary.apk. target_sdk_version=34, uses_libraries=ALL, library_path=/data/app/~~RgOCKUznt7nHo655Iu3pkg==/com.google.android.webview-SA8Yp8LVhgKyot5bgwPhJA==/lib/x86_64:/data/app/~~RgOCKUznt7nHo655Iu3pkg==/com.google.android.webview-SA8Yp8LVhgKyot5bgwPhJA==/WebViewGoogle.apk!/lib/x86_64:/data/app/~~L6nnnFWjKOi-sEFVjE3bQA==/com.google.android.trichromelibrary_636771938-TWK_Ug6zC95Q8Z3NpRimdw==/TrichromeLibrary.apk!/lib/x86_64, permitted_path=/data:/mnt/expand
03-12 09:13:36.268   915   915 D TrafficStats: tagSocket(100) with statsTag=0xffffffff, statsUid=-1
03-12 09:13:36.274   915  4519 D NetworkMonitor/100: PROBE_HTTP http://connectivitycheck.gstatic.com/generate_204 time=80ms ret=204 request={Connection=[close], User-Agent=[Mozilla/5.0 (X11; Linux x86_64) AppleWebKit/537.36 (KHTML, like Gecko) Chrome/60.0.3112.32 Safari/537.36]} headers={null=[HTTP/1.1 204 No Content], Connection=[close], Content-Length=[0], Cross-Origin-Resource-Policy=[cross-origin], Date=[Thu, 12 Mar 2026 09:13:36 GMT], X-Android-Received-Millis=[1773306816269], X-Android-Response-Source=[NETWORK 204], X-Android-Selected-Protocol=[http/1.1], X-Android-Sent-Millis=[1773306816239]}
03-12 09:13:36.276  4478  4478 D ApplicationLoaders: Returning zygote-cached class loader: /system_ext/framework/androidx.window.extensions.jar
03-12 09:13:36.280   915   915 D TrafficStats: tagSocket(98) with statsTag=0xffffffff, statsUid=-1
03-12 09:13:36.283   582  1894 I AppsFilter: interaction: PackageSetting{becdea9 com.partesdetrabajo.app/10216} -> PackageSetting{b790369 com.android.cts.priv.ctsshim/10210} BLOCKED
03-12 09:13:36.283   582  1894 I AppsFilter: interaction: PackageSetting{becdea9 com.partesdetrabajo.app/10216} -> PackageSetting{dc6a1ee com.google.android.youtube/10169} BLOCKED
03-12 09:13:36.283   582  1894 I AppsFilter: interaction: PackageSetting{becdea9 com.partesdetrabajo.app/10216} -> PackageSetting{efda68f com.android.internal.display.cutout.emulation.corner/10003} BLOCKED
03-12 09:13:36.283   582  1894 I AppsFilter: interaction: PackageSetting{becdea9 com.partesdetrabajo.app/10216} -> PackageSetting{c59ad1c com.android.internal.display.cutout.emulation.double/10014} BLOCKED
03-12 09:13:36.283   582  1894 I AppsFilter: interaction: PackageSetting{becdea9 com.partesdetrabajo.app/10216} -> PackageSetting{4956d25 com.google.android.carrierlocation/10121} BLOCKED
03-12 09:13:36.283   582  1894 I AppsFilter: interaction: PackageSetting{becdea9 com.partesdetrabajo.app/10216} -> PackageSetting{a7eeefa com.android.settings.overlay.tangorpro/10045} BLOCKED
03-12 09:13:36.283   582  1894 I AppsFilter: interaction: PackageSetting{becdea9 com.partesdetrabajo.app/10216} -> PackageSetting{4381cab com.google.android.onetimeinitializer/10126} BLOCKED
03-12 09:13:36.283   582  1894 I AppsFilter: interaction: PackageSetting{becdea9 com.partesdetrabajo.app/10216} -> PackageSetting{be27f08 com.google.android.ext.shared/10109} BLOCKED
03-12 09:13:36.283   582  1894 I AppsFilter: interaction: PackageSetting{becdea9 com.partesdetrabajo.app/10216} -> PackageSetting{a54b6a1 com.android.virtualmachine.res/10202} BLOCKED
03-12 09:13:36.283   582  1894 I AppsFilter: interaction: PackageSetting{becdea9 com.partesdetrabajo.app/10216} -> PackageSetting{73d00c6 com.android.managedprovisioning.auto_generated_rro_product__/10038} BLOCKED
03-12 09:13:36.283   582  1894 I AppsFilter: interaction: PackageSetting{becdea9 com.partesdetrabajo.app/10216} -> PackageSetting{a59d887 com.google.android.apps.nest.castauth/10120} BLOCKED
03-12 09:13:36.283   582  1894 I AppsFilter: interaction: PackageSetting{becdea9 com.partesdetrabajo.app/10216} -> PackageSetting{7a483b4 com.google.android.server.deviceconfig.resources/10207} BLOCKED
03-12 09:13:36.283   582  1894 I AppsFilter: interaction: PackageSetting{becdea9 com.partesdetrabajo.app/10216} -> PackageSetting{2651bdd com.android.systemui.emulation.pixel_3_xl/10055} BLOCKED
03-12 09:13:36.283   582  1894 I AppsFilter: interaction: PackageSetting{becdea9 com.partesdetrabajo.app/10216} -> PackageSetting{d786352 com.android.systemui.emulation.pixel_4_xl/10050} BLOCKED
03-12 09:13:36.283   582  1894 I AppsFilter: interaction: PackageSetting{becdea9 com.partesdetrabajo.app/10216} -> PackageSetting{df17623 com.android.systemui.emulation.pixel_fold/10064} BLOCKED
03-12 09:13:36.283   582  1894 I AppsFilter: interaction: PackageSetting{becdea9 com.partesdetrabajo.app/10216} -> PackageSetting{3e02720 com.android.providers.telephony.auto_generated_characteristics_rro/10067} BLOCKED
03-12 09:13:36.283   582  1894 I AppsFilter: interaction: PackageSetting{becdea9 com.partesdetrabajo.app/10216} -> PackageSetting{51c98d9 com.android.htmlviewer/10113} BLOCKED
03-12 09:13:36.283   582  1894 I AppsFilter: interaction: PackageSetting{becdea9 com.partesdetrabajo.app/10216} -> PackageSetting{495629e com.google.android.health.connect.backuprestore/10209} BLOCKED
03-12 09:13:36.283   582  1894 I AppsFilter: interaction: PackageSetting{becdea9 com.partesdetrabajo.app/10216} -> PackageSetting{bdb517f com.android.systemui.auto_generated_rro_product__/10065} BLOCKED
03-12 09:13:36.283   582  1894 I AppsFilter: interaction: PackageSetting{becdea9 com.partesdetrabajo.app/10216} -> PackageSetting{670954c com.google.android.soundpicker/10166} BLOCKED
03-12 09:13:36.283   582  1894 I AppsFilter: interaction: PackageSetting{becdea9 com.partesdetrabajo.app/10216} -> PackageSetting{34e995 com.google.android.marvin.talkbackoverlay/10081} BLOCKED
03-12 09:13:36.283   582  1894 I AppsFilter: interaction: PackageSetting{becdea9 com.partesdetrabajo.app/10216} -> PackageSetting{3f10aaa com.google.android.configupdater/10122} BLOCKED
03-12 09:13:36.283   582  1894 I AppsFilter: interaction: PackageSetting{becdea9 com.partesdetrabajo.app/10216} -> PackageSetting{85d869b com.android.internal.emulation.pixel_3a_xl/10011} BLOCKED
03-12 09:13:36.283   582  1894 I AppsFilter: interaction: PackageSetting{becdea9 com.partesdetrabajo.app/10216} -> PackageSetting{5b7ba38 com.android.internal.emulation.pixel_6_pro/10023} BLOCKED
03-12 09:13:36.283   582  1894 I AppsFilter: interaction: PackageSetting{becdea9 com.partesdetrabajo.app/10216} -> PackageSetting{9478a11 com.android.internal.emulation.pixel_7_pro/10021} BLOCKED
03-12 09:13:36.283   582  1894 I AppsFilter: interaction: PackageSetting{becdea9 com.partesdetrabajo.app/10216} -> PackageSetting{9ad2776 com.android.internal.emulation.pixel_8_pro/10027} BLOCKED
03-12 09:13:36.283   582  1894 I AppsFilter: interaction: PackageSetting{becdea9 com.partesdetrabajo.app/10216} -> PackageSetting{c03f177 com.android.internal.emulation.pixel_3a/10012} BLOCKED
03-12 09:13:36.283   582  1894 I AppsFilter: interaction: PackageSetting{becdea9 com.partesdetrabajo.app/10216} -> PackageSetting{a4a41e4 com.android.internal.emulation.pixel_4a/10016} BLOCKED
03-12 09:13:36.283   582  1894 I AppsFilter: interaction: PackageSetting{becdea9 com.partesdetrabajo.app/10216} -> PackageSetting{c09b64d com.android.internal.emulation.pixel_6a/10020} BLOCKED
03-12 09:13:36.283   582  1894 I AppsFilter: interaction: PackageSetting{becdea9 com.partesdetrabajo.app/10216} -> PackageSetting{23c4502 com.android.internal.emulation.pixel_7a/10024} BLOCKED
03-12 09:13:36.283   582  1894 I AppsFilter: interaction: PackageSetting{becdea9 com.partesdetrabajo.app/10216} -> PackageSetting{23c2e13 com.android.internal.emulation.pixel_8a/10026} BLOCKED
03-12 09:13:36.283   582  1894 I AppsFilter: interaction: PackageSetting{becdea9 com.partesdetrabajo.app/10216} -> PackageSetting{f5b9850 com.google.android.overlay.googlewebview/10033} BLOCKED
03-12 09:13:36.283   582  1894 I AppsFilter: interaction: PackageSetting{becdea9 com.partesdetrabajo.app/10216} -> PackageSetting{486a49 com.google.android.hotspot2.osulogin/10190} BLOCKED
03-12 09:13:36.283   582  1894 I AppsFilter: interaction: PackageSetting{becdea9 com.partesdetrabajo.app/10216} -> PackageSetting{cadaf4e com.android.simappdialog/10115} BLOCKED
03-12 09:13:36.283   582  1894 I AppsFilter: interaction: PackageSetting{becdea9 com.partesdetrabajo.app/10216} -> PackageSetting{5b1986f com.android.internal.display.cutout.emulation.hole/10004} BLOCKED
03-12 09:13:36.283   582  1894 I AppsFilter: interaction: PackageSetting{becdea9 com.partesdetrabajo.app/10216} -> PackageSetting{de9e97c com.android.internal.display.cutout.emulation.tall/10005} BLOCKED
03-12 09:13:36.283   582  1894 I AppsFilter: interaction: PackageSetting{becdea9 com.partesdetrabajo.app/10216} -> PackageSetting{3a46205 com.android.internal.systemui.navbar.threebutton/10035} BLOCKED
03-12 09:13:36.284   582  1894 I AppsFilter: interaction: PackageSetting{becdea9 com.partesdetrabajo.app/10216} -> PackageSetting{7b9725a com.android.hotwordenrollment.xgoogle/10129} BLOCKED
03-12 09:13:36.284   582  1894 I AppsFilter: interaction: PackageSetting{becdea9 com.partesdetrabajo.app/10216} -> PackageSetting{6694c8b com.android.internal.ranchu.commonoverlay/10041} BLOCKED
03-12 09:13:36.284   582  1894 I AppsFilter: interaction: PackageSetting{becdea9 com.partesdetrabajo.app/10216} -> PackageSetting{eaa2168 com.google.android.docksetup.auto_generated_rro_product__/10007} BLOCKED
03-12 09:13:36.284   582  1894 I AppsFilter: interaction: PackageSetting{becdea9 com.partesdetrabajo.app/10216} -> PackageSetting{30e1981 com.google.android.deskclock/10159} BLOCKED
03-12 09:13:36.284   582  1894 I AppsFilter: interaction: PackageSetting{becdea9 com.partesdetrabajo.app/10216} -> PackageSetting{38c5a26 com.android.internal.systemui.navbar.twobutton/10037} BLOCKED
03-12 09:13:36.284   582  1894 I AppsFilter: interaction: PackageSetting{becdea9 com.partesdetrabajo.app/10216} -> PackageSetting{59e2667 com.google.android.gm/10172} BLOCKED
03-12 09:13:36.284   582  1894 I AppsFilter: interaction: PackageSetting{becdea9 com.partesdetrabajo.app/10216} -> PackageSetting{eb3ec14 com.android.systemui.emulation.pixel_3/10044} BLOCKED
03-12 09:13:36.284   582  1894 I AppsFilter: interaction: PackageSetting{becdea9 com.partesdetrabajo.app/10216} -> PackageSetting{1ccbd com.android.systemui.emulation.pixel_4/10048} BLOCKED
03-12 09:13:36.284   582  1894 I AppsFilter: interaction: PackageSetting{becdea9 com.partesdetrabajo.app/10216} -> PackageSetting{453f2b2 com.android.systemui.emulation.pixel_5/10051} BLOCKED
03-12 09:13:36.284   582  1894 I AppsFilter: interaction: PackageSetting{becdea9 com.partesdetrabajo.app/10216} -> PackageSetting{35cc203 com.android.systemui.emulation.pixel_6/10052} BLOCKED
03-12 09:13:36.284   582  1894 I AppsFilter: interaction: PackageSetting{becdea9 com.partesdetrabajo.app/10216} -> PackageSetting{2edb580 com.android.systemui.emulation.pixel_7/10058} BLOCKED
03-12 09:13:36.284   582  1894 I AppsFilter: interaction: PackageSetting{becdea9 com.partesdetrabajo.app/10216} -> PackageSetting{d8377b9 com.android.systemui.emulation.pixel_8/10061} BLOCKED
03-12 09:13:36.284   582  1894 I AppsFilter: interaction: PackageSetting{becdea9 com.partesdetrabajo.app/10216} -> PackageSetting{18a87fe com.android.printspooler/10116} BLOCKED
03-12 09:13:36.284   582  1894 I AppsFilter: interaction: PackageSetting{becdea9 com.partesdetrabajo.app/10216} -> PackageSetting{9df7b5f com.android.hotwordenrollment.okgoogle/10128} BLOCKED
03-12 09:13:36.284   582  1894 I AppsFilter: interaction: PackageSetting{becdea9 com.partesdetrabajo.app/10216} -> PackageSetting{638a9ac com.google.android.connectivity.resources.goldfish.overlay/10079} BLOCKED
03-12 09:13:36.284   582  1894 I AppsFilter: interaction: PackageSetting{becdea9 com.partesdetrabajo.app/10216} -> PackageSetting{dad675 com.android.dreams.basic/10102} BLOCKED
03-12 09:13:36.284   582  1894 I AppsFilter: interaction: PackageSetting{becdea9 com.partesdetrabajo.app/10216} -> PackageSetting{e03260a com.google.android.networkstack.tethering.emulator/10028} BLOCKED
03-12 09:13:36.284   582  1894 I AppsFilter: interaction: PackageSetting{becdea9 com.partesdetrabajo.app/10216} -> PackageSetting{2aa6e7b com.android.providers.settings.auto_generated_rro_product__/10043} BLOCKED
03-12 09:13:36.284   582  1894 I AppsFilter: interaction: PackageSetting{becdea9 com.partesdetrabajo.app/10216} -> PackageSetting{e5cb498 com.google.android.as.oss/10124} BLOCKED
03-12 09:13:36.284   582  1894 I AppsFilter: interaction: PackageSetting{becdea9 com.partesdetrabajo.app/10216} -> PackageSetting{20f64f1 com.android.traceur.auto_generated_rro_product__/10073} BLOCKED
03-12 09:13:36.284   582  1894 I AppsFilter: interaction: PackageSetting{becdea9 com.partesdetrabajo.app/10216} -> PackageSetting{4b598d6 com.google.android.devicelockcontroller/10199} BLOCKED
03-12 09:13:36.284   582  1894 I AppsFilter: interaction: PackageSetting{becdea9 com.partesdetrabajo.app/10216} -> PackageSetting{1677757 com.android.internal.emulation.pixel_3/10015} BLOCKED
03-12 09:13:36.284   582  1894 I AppsFilter: interaction: PackageSetting{becdea9 com.partesdetrabajo.app/10216} -> PackageSetting{3b48244 com.android.internal.emulation.pixel_4/10017} BLOCKED
03-12 09:13:36.284   582  1894 I AppsFilter: interaction: PackageSetting{becdea9 com.partesdetrabajo.app/10216} -> PackageSetting{8245f2d com.android.internal.emulation.pixel_5/10019} BLOCKED
03-12 09:13:36.284   582  1894 I AppsFilter: interaction: PackageSetting{becdea9 com.partesdetrabajo.app/10216} -> PackageSetting{64a6c62 com.android.internal.emulation.pixel_6/10018} BLOCKED
03-12 09:13:36.284   582  1894 I AppsFilter: interaction: PackageSetting{becdea9 com.partesdetrabajo.app/10216} -> PackageSetting{8231f3 com.android.internal.emulation.pixel_7/10022} BLOCKED
03-12 09:13:36.284   582  1894 I AppsFilter: interaction: PackageSetting{becdea9 com.partesdetrabajo.app/10216} -> PackageSetting{7997eb0 com.android.internal.emulation.pixel_8/10025} BLOCKED
03-12 09:13:36.284   582  1894 I AppsFilter: interaction: PackageSetting{becdea9 com.partesdetrabajo.app/10216} -> PackageSetting{d14c129 com.google.android.captiveportallogin/10107} BLOCKED
03-12 09:13:36.284   582  1894 I AppsFilter: interaction: PackageSetting{becdea9 com.partesdetrabajo.app/10216} -> PackageSetting{366ecae android.auto_generated_characteristics_rro/10076} BLOCKED
03-12 09:13:36.284   582  1894 I AppsFilter: interaction: PackageSetting{becdea9 com.partesdetrabajo.app/10216} -> PackageSetting{b83fa4f com.google.android.appsearch.apk/10204} BLOCKED
03-12 09:13:36.284   582  1894 I AppsFilter: interaction: PackageSetting{becdea9 com.partesdetrabajo.app/10216} -> PackageSetting{58fd5dc com.android.musicfx/10095} BLOCKED
03-12 09:13:36.284   582  1894 I AppsFilter: interaction: PackageSetting{becdea9 com.partesdetrabajo.app/10216} -> PackageSetting{58f46e5 com.google.android.apps.docs/10151} BLOCKED
03-12 09:13:36.284   582  1894 I AppsFilter: interaction: PackageSetting{becdea9 com.partesdetrabajo.app/10216} -> PackageSetting{c3776fb com.google.android.apps.maps/10157} BLOCKED
03-12 09:13:36.285   582  1894 I AppsFilter: interaction: PackageSetting{becdea9 com.partesdetrabajo.app/10216} -> PackageSetting{fb925ba com.google.android.apps.kids.home/10136} BLOCKED
03-12 09:13:36.285   582  1894 I AppsFilter: interaction: PackageSetting{becdea9 com.partesdetrabajo.app/10216} -> PackageSetting{32fec6b com.google.android.markup/10153} BLOCKED
03-12 09:13:36.285   582  1894 I AppsFilter: interaction: PackageSetting{becdea9 com.partesdetrabajo.app/10216} -> PackageSetting{b3273c8 com.android.providers.settings.auto_generated_rro_vendor__/10080} BLOCKED
03-12 09:13:36.285   582  1894 I AppsFilter: interaction: PackageSetting{becdea9 com.partesdetrabajo.app/10216} -> PackageSetting{8726c61 com.google.android.apps.carrier.log/10119} BLOCKED
03-12 09:13:36.285   582  1894 I AppsFilter: interaction: PackageSetting{becdea9 com.partesdetrabajo.app/10216} -> PackageSetting{9c3e386 com.google.android.rkpdapp/10201} BLOCKED
03-12 09:13:36.285   582  1894 I AppsFilter: interaction: PackageSetting{becdea9 com.partesdetrabajo.app/10216} -> PackageSetting{75ee447 com.google.android.contacts/10148} BLOCKED
03-12 09:13:36.285   582  1894 I AppsFilter: interaction: PackageSetting{becdea9 com.partesdetrabajo.app/10216} -> PackageSetting{2df0474 com.android.phone.auto_generated_characteristics_rro/10066} BLOCKED
03-12 09:13:36.285   582  1894 I AppsFilter: interaction: PackageSetting{becdea9 com.partesdetrabajo.app/10216} -> PackageSetting{2086d9d com.google.android.overlay.googleconfig/10029} BLOCKED
03-12 09:13:36.285   582  1894 I AppsFilter: interaction: PackageSetting{becdea9 com.partesdetrabajo.app/10216} -> PackageSetting{36ab212 com.android.dialer/10127} BLOCKED
03-12 09:13:36.285   582  1894 I AppsFilter: interaction: PackageSetting{becdea9 com.partesdetrabajo.app/10216} -> PackageSetting{29b7de3 com.google.android.apps.customization.pixel/10155} BLOCKED
03-12 09:13:36.285   582  1894 I AppsFilter: interaction: PackageSetting{becdea9 com.partesdetrabajo.app/10216} -> PackageSetting{d21f3e0 com.google.android.tag/10098} BLOCKED
03-12 09:13:36.285   582  1894 I AppsFilter: interaction: PackageSetting{becdea9 com.partesdetrabajo.app/10216} -> PackageSetting{f034699 com.google.android.overlay.permissioncontroller/10039} BLOCKED
03-12 09:13:36.285   582  1894 I AppsFilter: interaction: PackageSetting{becdea9 com.partesdetrabajo.app/10216} -> PackageSetting{73ddd5e com.google.android.partnersetup/10134} BLOCKED
03-12 09:13:36.285   582  1894 I AppsFilter: interaction: PackageSetting{becdea9 com.partesdetrabajo.app/10216} -> PackageSetting{37e153f com.google.android.apps.wallpaper.nexus/10154} BLOCKED
03-12 09:13:36.285   582  1894 I AppsFilter: interaction: PackageSetting{becdea9 com.partesdetrabajo.app/10216} -> PackageSetting{4e26e0c com.google.android.apps.wallpaper.pixel/10156} BLOCKED
03-12 09:13:36.285   582  1894 I AppsFilter: interaction: PackageSetting{becdea9 com.partesdetrabajo.app/10216} -> PackageSetting{b38b355 com.google.android.apps.nexuslauncher/10180} BLOCKED
03-12 09:13:36.285   582  1894 I AppsFilter: interaction: PackageSetting{becdea9 com.partesdetrabajo.app/10216} -> PackageSetting{686716a com.android.theme.font.notoserifsource/10031} BLOCKED
03-12 09:13:36.285   582  1894 I AppsFilter: interaction: PackageSetting{becdea9 com.partesdetrabajo.app/10216} -> PackageSetting{fc8c65b com.google.android.safetycenter.resources/10205} BLOCKED
03-12 09:13:36.285   582  1894 I AppsFilter: interaction: PackageSetting{becdea9 com.partesdetrabajo.app/10216} -> PackageSetting{a4e5ef8 com.android.internal.display.cutout.emulation.waterfall/10006} BLOCKED
03-12 09:13:36.285   582  1894 I AppsFilter: interaction: PackageSetting{becdea9 com.partesdetrabajo.app/10216} -> PackageSetting{1e2fd1 com.android.internal.systemui.navbar.transparent/10074} BLOCKED
03-12 09:13:36.285   582  1894 I AppsFilter: interaction: PackageSetting{becdea9 com.partesdetrabajo.app/10216} -> PackageSetting{c123a36 com.google.android.connectivity.resources/10195} BLOCKED
03-12 09:13:36.285   582  1894 I AppsFilter: interaction: PackageSetting{becdea9 com.partesdetrabajo.app/10216} -> PackageSetting{d436d37 com.android.providers.contacts.auto_generated_rro_product__/10000} BLOCKED
03-12 09:13:36.285   582  1894 I AppsFilter: interaction: PackageSetting{becdea9 com.partesdetrabajo.app/10216} -> PackageSetting{8672a4 com.google.android.feedback/10175} BLOCKED
03-12 09:13:36.285   582  1894 I AppsFilter: interaction: PackageSetting{becdea9 com.partesdetrabajo.app/10216} -> PackageSetting{f04f80d com.google.android.printservice.recommendation/10111} BLOCKED
03-12 09:13:36.285   582  1894 I AppsFilter: interaction: PackageSetting{becdea9 com.partesdetrabajo.app/10216} -> PackageSetting{fbfc3c2 com.google.android.apps.photos/10168} BLOCKED
03-12 09:13:36.285   582  1894 I AppsFilter: interaction: PackageSetting{becdea9 com.partesdetrabajo.app/10216} -> PackageSetting{e54fbdf com.google.android.calendar/10147} BLOCKED
03-12 09:13:36.285   582  1894 I AppsFilter: interaction: PackageSetting{becdea9 com.partesdetrabajo.app/10216} -> PackageSetting{c57a5d3 com.google.android.documentsui/10093} BLOCKED
03-12 09:13:36.285   582  1894 I AppsFilter: interaction: PackageSetting{becdea9 com.partesdetrabajo.app/10216} -> PackageSetting{a0a1510 com.google.android.overlay.titanconfig/10068} BLOCKED
03-12 09:13:36.285   582  1894 I AppsFilter: interaction: PackageSetting{becdea9 com.partesdetrabajo.app/10216} -> PackageSetting{3160809 com.android.systemui.emulation.pixel_3a_xl/10047} BLOCKED
03-12 09:13:36.285   582  1894 I AppsFilter: interaction: PackageSetting{becdea9 com.partesdetrabajo.app/10216} -> PackageSetting{6ca5a0e com.android.systemui.emulation.pixel_6_pro/10056} BLOCKED
03-12 09:13:36.285   582  1894 I AppsFilter: interaction: PackageSetting{becdea9 com.partesdetrabajo.app/10216} -> PackageSetting{6ccc2f com.android.systemui.emulation.pixel_7_pro/10060} BLOCKED
03-12 09:13:36.286   582  1894 I AppsFilter: interaction: PackageSetting{becdea9 com.partesdetrabajo.app/10216} -> PackageSetting{fe3723c com.android.systemui.emulation.pixel_8_pro/10062} BLOCKED
03-12 09:13:36.286   582  1894 I AppsFilter: interaction: PackageSetting{becdea9 com.partesdetrabajo.app/10216} -> PackageSetting{70e1bc5 com.android.devicediagnostics.auto_generated_rro_product__/10002} BLOCKED
03-12 09:13:36.286   582  1894 I AppsFilter: interaction: PackageSetting{becdea9 com.partesdetrabajo.app/10216} -> PackageSetting{cd6091a com.android.providers.partnerbookmarks/10114} BLOCKED
03-12 09:13:36.286   582  1894 I AppsFilter: interaction: PackageSetting{becdea9 com.partesdetrabajo.app/10216} -> PackageSetting{203fc4b com.android.wallpaper.livepicker/10096} BLOCKED
03-12 09:13:36.286   582  1894 I AppsFilter: interaction: PackageSetting{becdea9 com.partesdetrabajo.app/10216} -> PackageSetting{f937628 com.google.android.apps.youtube.kids/10167} BLOCKED
03-12 09:13:36.286   582  1894 I AppsFilter: interaction: PackageSetting{becdea9 com.partesdetrabajo.app/10216} -> PackageSetting{ab9af41 com.google.android.apps.safetyhub.hideapps/10162} BLOCKED
03-12 09:13:36.286   582  1894 I AppsFilter: interaction: PackageSetting{becdea9 com.partesdetrabajo.app/10216} -> PackageSetting{1bb9ce6 com.android.imsserviceentitlement/10131} BLOCKED
03-12 09:13:36.286   582  1894 I AppsFilter: interaction: PackageSetting{becdea9 com.partesdetrabajo.app/10216} -> PackageSetting{6941227 com.google.assistant.hubui/10140} BLOCKED
03-12 09:13:36.286   582  1894 I AppsFilter: interaction: PackageSetting{becdea9 com.partesdetrabajo.app/10216} -> PackageSetting{bbdccd4 com.google.android.healthconnect.controller/10208} BLOCKED
03-12 09:13:36.286   582  1894 I AppsFilter: interaction: PackageSetting{becdea9 com.partesdetrabajo.app/10216} -> PackageSetting{430fe7d com.google.android.apps.nest.dockmanager.app/10125} BLOCKED
03-12 09:13:36.286   582  1894 I AppsFilter: interaction: PackageSetting{becdea9 com.partesdetrabajo.app/10216} -> PackageSetting{814a172 com.android.internal.emulation.pixel_2_xl/10008} BLOCKED
03-12 09:13:36.286   582  1894 I AppsFilter: interaction: PackageSetting{becdea9 com.partesdetrabajo.app/10216} -> PackageSetting{a25a9c3 com.android.internal.emulation.pixel_3_xl/10010} BLOCKED
03-12 09:13:36.286   582  1894 I AppsFilter: interaction: PackageSetting{becdea9 com.partesdetrabajo.app/10216} -> PackageSetting{b94e240 com.android.internal.emulation.pixel_4_xl/10013} BLOCKED
03-12 09:13:36.286   582  1894 I AppsFilter: interaction: PackageSetting{becdea9 com.partesdetrabajo.app/10216} -> PackageSetting{8d40579 com.android.internal.emulation.pixel_fold/10030} BLOCKED
03-12 09:13:36.286   582  1894 I AppsFilter: interaction: PackageSetting{becdea9 com.partesdetrabajo.app/10216} -> PackageSetting{8762be com.android.bookmarkprovider/10104} BLOCKED
03-12 09:13:36.286   582  1894 I AppsFilter: interaction: PackageSetting{becdea9 com.partesdetrabajo.app/10216} -> PackageSetting{6af1f1f com.google.android.overlay.pixelconfigcommon/10040} BLOCKED
03-12 09:13:36.286   582  1894 I AppsFilter: interaction: PackageSetting{becdea9 com.partesdetrabajo.app/10216} -> PackageSetting{505e26c com.android.systemui.emulation.pixel_3a/10046} BLOCKED
03-12 09:13:36.286   582  1894 I AppsFilter: interaction: PackageSetting{becdea9 com.partesdetrabajo.app/10216} -> PackageSetting{a068035 com.android.systemui.emulation.pixel_4a/10057} BLOCKED
03-12 09:13:36.286   582  1894 I AppsFilter: interaction: PackageSetting{becdea9 com.partesdetrabajo.app/10216} -> PackageSetting{dd2ecca com.android.systemui.emulation.pixel_6a/10054} BLOCKED
03-12 09:13:36.286   582  1894 I AppsFilter: interaction: PackageSetting{becdea9 com.partesdetrabajo.app/10216} -> PackageSetting{5308e3b com.android.systemui.emulation.pixel_7a/10059} BLOCKED
03-12 09:13:36.286   582  1894 I AppsFilter: interaction: PackageSetting{becdea9 com.partesdetrabajo.app/10216} -> PackageSetting{da4b958 com.android.systemui.emulation.pixel_8a/10063} BLOCKED
03-12 09:13:36.286   582  1894 I AppsFilter: interaction: PackageSetting{becdea9 com.partesdetrabajo.app/10216} -> PackageSetting{1abeab1 com.google.android.settings.intelligence/10138} BLOCKED
03-12 09:13:36.286   582  1894 I AppsFilter: interaction: PackageSetting{becdea9 com.partesdetrabajo.app/10216} -> PackageSetting{d9b0b96 com.google.android.apps.books/10158} BLOCKED
03-12 09:13:36.286   582  1894 I AppsFilter: interaction: PackageSetting{becdea9 com.partesdetrabajo.app/10216} -> PackageSetting{7bdd5bf com.google.android.projection.gearhead/10123} BLOCKED
03-12 09:13:36.286   582  1894 I AppsFilter: interaction: PackageSetting{becdea9 com.partesdetrabajo.app/10216} -> PackageSetting{48fd317 com.google.android.apps.scone/10137} BLOCKED
03-12 09:13:36.286   582  1894 I AppsFilter: interaction: PackageSetting{becdea9 com.partesdetrabajo.app/10216} -> PackageSetting{e581304 com.google.android.uwb.resources/10200} BLOCKED
03-12 09:13:36.286   582  1894 I AppsFilter: interaction: PackageSetting{becdea9 com.partesdetrabajo.app/10216} -> PackageSetting{322054f com.google.android.apps.chromecast.app/10139} BLOCKED
03-12 09:13:36.286   582  1894 I AppsFilter: interaction: PackageSetting{becdea9 com.partesdetrabajo.app/10216} -> PackageSetting{3ae648c com.android.cts.ctsshim/10211} BLOCKED
03-12 09:13:36.286   582  1894 I AppsFilter: interaction: PackageSetting{becdea9 com.partesdetrabajo.app/10216} -> PackageSetting{1f44b22 com.google.android.wifi.resources/10189} BLOCKED
03-12 09:13:36.286   582  1894 I AppsFilter: interaction: PackageSetting{becdea9 com.partesdetrabajo.app/10216} -> PackageSetting{23489b3 com.google.android.wifi.dialog/10191} BLOCKED
03-12 09:13:36.286   582  1894 I AppsFilter: interaction: PackageSetting{becdea9 com.partesdetrabajo.app/10216} -> PackageSetting{5c55b70 com.android.wallpaper/10184} BLOCKED
03-12 09:13:36.286   582  1894 I AppsFilter: interaction: PackageSetting{becdea9 com.partesdetrabajo.app/10216} -> PackageSetting{f843ee9 com.google.android.apps.wallpaper/10185} BLOCKED
03-12 09:13:36.286   582  1894 I AppsFilter: interaction: PackageSetting{becdea9 com.partesdetrabajo.app/10216} -> PackageSetting{7aff76e com.google.android.keep/10149} BLOCKED
03-12 09:13:36.286   582  1894 I AppsFilter: interaction: PackageSetting{becdea9 com.partesdetrabajo.app/10216} -> PackageSetting{640e0f com.google.android.odad/10135} BLOCKED
03-12 09:13:36.287  4478  4478 D nativeloader: Configuring clns-9 for other apk /data/app/~~RgOCKUznt7nHo655Iu3pkg==/com.google.android.webview-SA8Yp8LVhgKyot5bgwPhJA==/WebViewGoogle.apk. target_sdk_version=34, uses_libraries=, library_path=/data/app/~~RgOCKUznt7nHo655Iu3pkg==/com.google.android.webview-SA8Yp8LVhgKyot5bgwPhJA==/lib/x86_64:/data/app/~~RgOCKUznt7nHo655Iu3pkg==/com.google.android.webview-SA8Yp8LVhgKyot5bgwPhJA==/WebViewGoogle.apk!/lib/x86_64:/data/app/~~L6nnnFWjKOi-sEFVjE3bQA==/com.google.android.trichromelibrary_636771938-TWK_Ug6zC95Q8Z3NpRimdw==/TrichromeLibrary.apk!/lib/x86_64, permitted_path=/data:/mnt/expand
03-12 09:13:36.290   582  1894 I AppsFilter: interaction: PackageSetting{becdea9 com.partesdetrabajo.app/10216} -> PackageSetting{57cbe9c com.android.settings.auto_generated_rro_product__/10049} BLOCKED
03-12 09:13:36.290   582  1894 I AppsFilter: interaction: PackageSetting{becdea9 com.partesdetrabajo.app/10216} -> PackageSetting{d8e0a5 com.android.companiondevicemanager.auto_generated_characteristics_rro/10001} BLOCKED
03-12 09:13:36.290   582  1894 I AppsFilter: interaction: PackageSetting{becdea9 com.partesdetrabajo.app/10216} -> PackageSetting{5681c7a com.android.internal.systemui.navbar.gestural/10036} BLOCKED
03-12 09:13:36.290   582  1894 I AppsFilter: interaction: PackageSetting{becdea9 com.partesdetrabajo.app/10216} -> PackageSetting{65d7c2b com.google.android.apps.youtube.music/10170} BLOCKED
03-12 09:13:36.290   582  1894 I AppsFilter: interaction: PackageSetting{becdea9 com.partesdetrabajo.app/10216} -> PackageSetting{5e52888 com.android.bluetoothmidiservice/10101} BLOCKED
03-12 09:13:36.290   582  1894 I AppsFilter: interaction: PackageSetting{becdea9 com.partesdetrabajo.app/10216} -> PackageSetting{61be221 com.android.storagemanager.auto_generated_rro_product__/10053} BLOCKED
03-12 09:13:36.290   582  1894 I AppsFilter: interaction: PackageSetting{becdea9 com.partesdetrabajo.app/10216} -> PackageSetting{f4b8646 com.google.android.cellbroadcastreceiver/10198} BLOCKED
03-12 09:13:36.290   582  1894 I AppsFilter: interaction: PackageSetting{becdea9 com.partesdetrabajo.app/10216} -> PackageSetting{635b007 android.auto_generated_rro_product__/10077} BLOCKED
03-12 09:13:36.290   582  1894 I AppsFilter: interaction: PackageSetting{becdea9 com.partesdetrabajo.app/10216} -> PackageSetting{ce84534 com.google.android.inputmethod.latin/10163} BLOCKED
03-12 09:13:36.290   582  1894 I AppsFilter: interaction: PackageSetting{becdea9 com.partesdetrabajo.app/10216} -> PackageSetting{e337f5d android.auto_generated_rro_vendor__/10078} BLOCKED
03-12 09:13:36.290   582  1894 I AppsFilter: interaction: PackageSetting{becdea9 com.partesdetrabajo.app/10216} -> PackageSetting{ba9c0d2 com.google.android.apps.restore/10130} BLOCKED
03-12 09:13:36.292   456   456 E BpTransactionCompletedListener: Failed to transact (-32)
03-12 09:13:36.294   915  4518 D NetworkMonitor/100: PROBE_DNS www.google.com 161ms OK 192.178.25.100,2a00:1450:4003:809::2004
03-12 09:13:36.317   915  4518 D TrafficStats: tagSocket(98) with statsTag=0xffffff81, statsUid=-1
03-12 09:13:36.347  4478  4478 I cr_WVCFactoryProvider: Loaded version=124.0.6367.219 minSdkVersion=29 isBundle=false multiprocess=true packageId=2
03-12 09:13:36.383  4478  4478 D nativeloader: Load /data/app/~~L6nnnFWjKOi-sEFVjE3bQA==/com.google.android.trichromelibrary_636771938-TWK_Ug6zC95Q8Z3NpRimdw==/TrichromeLibrary.apk!/lib/x86_64/libmonochrome_64.so using ns clns-9 from class loader (caller=/data/app/~~RgOCKUznt7nHo655Iu3pkg==/com.google.android.webview-SA8Yp8LVhgKyot5bgwPhJA==/WebViewGoogle.apk): ok
03-12 09:13:36.390  4478  4478 D nativeloader: Load /system/lib64/libwebviewchromium_plat_support.so using ns clns-9 from class loader (caller=/data/app/~~RgOCKUznt7nHo655Iu3pkg==/com.google.android.webview-SA8Yp8LVhgKyot5bgwPhJA==/WebViewGoogle.apk): ok
03-12 09:13:36.402  4478  4534 E chromium: [0312/091336.401967:ERROR:variations_seed_loader.cc(37)] Seed missing signature.
03-12 09:13:36.409  4478  4534 I chromium: [0312/091336.409295:INFO:variations_seed_loader.cc(66)] Failed to open file for reading.: No such file or directory (2)
03-12 09:13:36.421   915  4518 D NetworkMonitor/100: PROBE_HTTPS https://www.google.com/generate_204 time=114ms ret=204 request={Connection=[close], User-Agent=[Mozilla/5.0 (X11; Linux x86_64) AppleWebKit/537.36 (KHTML, like Gecko) Chrome/60.0.3112.32 Safari/537.36]} headers={null=[HTTP/1.1 204 No Content], Alt-Svc=[h3=":443"; ma=2592000,h3-29=":443"; ma=2592000], Connection=[close], Content-Length=[0], Cross-Origin-Resource-Policy=[cross-origin], Date=[Thu, 12 Mar 2026 09:13:36 GMT], X-Android-Received-Millis=[1773306816409], X-Android-Response-Source=[NETWORK 204], X-Android-Selected-Protocol=[http/1.1], X-Android-Sent-Millis=[1773306816396]}
03-12 09:13:36.424  4478  4478 I cr_LibraryLoader: Successfully loaded native library
03-12 09:13:36.425  4478  4478 I cr_CachingUmaRecorder: Flushed 6 samples from 6 histograms, 0 samples were dropped.
03-12 09:13:36.429   915  4517 D NetworkMonitor/100: isCaptivePortal: isSuccessful()=true isPortal()=false RedirectUrl=null isPartialConnectivity()=false Time=298ms
03-12 09:13:36.431   582   741 D ConnectivityService: [100 WIFI] validation passed
03-12 09:13:36.432  4478  4478 I cr_CombinedPProvider: #registerProvider() provider:WV.V7@1176980 isPolicyCacheEnabled:false policyProvidersSize:0
03-12 09:13:36.434  4478  4478 I cr_PolicyProvider: #setManagerAndSource() 0
03-12 09:13:36.470   582  1894 V GrammaticalInflectionUtils: AttributionSource: android.content.AttributionSource@89104a5c does not have READ_SYSTEM_GRAMMATICAL_GENDER permission.
03-12 09:13:36.481  4478  4478 I cr_CombinedPProvider: #linkNativeInternal() 1
03-12 09:13:36.483   902   902 D Zygote  : Forked child process 4538
03-12 09:13:36.483  4478  4478 I cr_AppResProvider: #getApplicationRestrictionsFromUserManager() Bundle[EMPTY_PARCEL]
03-12 09:13:36.483  4478  4478 I cr_PolicyProvider: #notifySettingsAvailable() 0
03-12 09:13:36.483  4478  4478 I cr_CombinedPProvider: #onSettingsAvailable() 0
03-12 09:13:36.483  4478  4478 I cr_CombinedPProvider: #flushPolicies()
03-12 09:13:36.488  4538  4538 I ocessService0:0: Using CollectorTypeCMC GC.
03-12 09:13:36.490  4538  4538 W ocessService0:0: Unexpected CPU variant for x86: x86_64.
03-12 09:13:36.490  4538  4538 W ocessService0:0: Known variants: atom, sandybridge, silvermont, goldmont, goldmont-plus, goldmont-without-sha-xsaves, tremont, kabylake, default
03-12 09:13:36.492  4538  4538 E ocessService0:0: Not starting debugger since process cannot load the jdwp agent.
03-12 09:13:36.496  4538  4538 D nativeloader: Load libframework-connectivity-tiramisu-jni.so using APEX ns com_android_tethering for caller /apex/com.android.tethering/javalib/framework-connectivity-t.jar: ok
03-12 09:13:36.506   582   617 I ActivityManager: Start proc 4538:com.google.android.webview:sandboxed_process0:org.chromium.content.app.SandboxedProcessService0:0/u0i3 for  {com.partesdetrabajo.app/org.chromium.content.app.SandboxedProcessService0:0}
03-12 09:13:36.515  1411  1411 D BoundBrokerSvc: onBind: Intent { act=com.google.android.gms.safetynet.service.START pkg=com.google.android.gms }
03-12 09:13:36.515  1411  1411 D BoundBrokerSvc: Loading bound service for intent: Intent { act=com.google.android.gms.safetynet.service.START pkg=com.google.android.gms }
03-12 09:13:36.523  4538  4538 D CompatChangeReporter: Compat change id reported: 242716250; UID 99003; state: ENABLED
03-12 09:13:36.529  1218  1630 I SP      : Sync for handwriting_recognition succeeded in 1324 ms: no changes
03-12 09:13:36.532  1218  1630 I SP      : GC for 'handwriting_recognition' (10) with ttl of 0 ms took 0 ms (0/0/0)
03-12 09:13:36.536  1218  4500 I HandwritingOnlineSuperpacks: HandwritingOnlineSuperpacks.lambda$syncInternal$1():204 syncInternal(): syncing packs
03-12 09:13:36.536  1218  4500 I HandwritingOnlineSuperpacks: HandwritingOnlineSuperpacks$3.onSyncSuccess():252 syncInternal(): complete {old=[en_us_20230613_compact_fst_zip, pack_mapping_v1_lstm_20231127, qrnn_en_us_reco_20231010_fst_20230613_recospec_zip, scribe_latin_20231123_recospec_zip, scribe_latin_20231123_tflite_zip, transformer_latin_conf_tflite_20231010_zip, transformer_latin_seg_tflite_20231010_zip, transformer_latin_tflite_20231010_zip], new=[en_us_20230613_compact_fst_zip, pack_mapping_v1_lstm_20231127, qrnn_en_us_reco_20231010_fst_20230613_recospec_zip, scribe_latin_20231123_recospec_zip, scribe_latin_20231123_tflite_zip, transformer_latin_conf_tflite_20231010_zip, transformer_latin_seg_tflite_20231010_zip, transformer_latin_tflite_20231010_zip], metadata=false, last batch=true}
03-12 09:13:36.539  4538  4538 D ApplicationLoaders: Returning zygote-cached class loader: /system_ext/framework/androidx.window.extensions.jar
03-12 09:13:36.550  4538  4538 I LoadedApk: No resource references to update in package com.google.android.trichromelibrary
03-12 09:13:36.551  4538  4538 I cr_WebViewApkApp: Launched version=124.0.6367.219 minSdkVersion=29 isBundle=false processName=com.google.android.webview:sandboxed_process0:org.chromium.content.app.SandboxedProcessService0:0
03-12 09:13:36.569  4538  4538 I cr_ChildProcessService: Creating new ChildProcessService pid=4538
03-12 09:13:36.597  1218  1630 I HandwritingSlicingStrategy: HandwritingSlicingStrategy.getSlices():44 getSlices(): handwriting_recognition.86 useForeground=true
03-12 09:13:36.598  1218  1630 I HandwritingSlicingStrategy: HandwritingSlicingStrategy.getSlices():103 getSlices(): result {slices=[{handwriting_recognition:pack_mapping_v1_lstm_20231127, m:*:*:*, fg}, {handwriting_recognition:transformer_latin_tflite_20231010_zip, m:*:*:*, fg}, {handwriting_recognition:qrnn_en_us_reco_20231010_fst_20230613_recospec_zip, m:*:*:*, fg}, {handwriting_recognition:transformer_latin_conf_tflite_20231010_zip, m:*:*:*, fg}, {handwriting_recognition:transformer_latin_seg_tflite_20231010_zip, m:*:*:*, fg}, {handwriting_recognition:en_us_20230613_compact_fst_zip, m:*:*:*, fg}, {handwriting_recognition:scribe_latin_20231123_tflite_zip, m:*:*:*, fg}, {handwriting_recognition:scribe_latin_20231123_recospec_zip, m:*:*:*, fg}], last batch=true, sync metadata=false}
03-12 09:13:36.598  1218  1630 I SP      : Syncing handwriting_recognition (86) with slices: [{pack_mapping_v1_lstm_20231127, m:*:*:*, fg}, {transformer_latin_tflite_20231010_zip, m:*:*:*, fg}, {qrnn_en_us_reco_20231010_fst_20230613_recospec_zip, m:*:*:*, fg}, {transformer_latin_conf_tflite_20231010_zip, m:*:*:*, fg}, {transformer_latin_seg_tflite_20231010_zip, m:*:*:*, fg}, {en_us_20230613_compact_fst_zip, m:*:*:*, fg}, {scribe_latin_20231123_tflite_zip, m:*:*:*, fg}, {scribe_latin_20231123_recospec_zip, m:*:*:*, fg}], metadata: false
03-12 09:13:36.607  1218  1630 I SP      : Syncing emoticon_content_description (2022081613) with slices: [7a635888cb828dfa2fc744b7b9b50f04], metadata: false
03-12 09:13:36.620  1218  4508 E HandwritingSuperpacksUtil: HandwritingSuperpacksUtil.getPackMappingPackName():40 No pack mapping pack found in []
03-12 09:13:36.621  1218  4508 I HandwritingSuperpacks: HandwritingSuperpacks.lambda$reloadCache$0():237 updatePackMappingsCache(): pack mapping pack unavailable [OFFLINE]
03-12 09:13:36.652   582  1381 D ConnectivityService: requestNetwork for uid/pid:10216/4478 activeRequest: null callbackRequest: 163 [NetworkRequest [ REQUEST id=164, [ Capabilities: INTERNET&NOT_RESTRICTED&TRUSTED&NOT_VCN_MANAGED&NOT_BANDWIDTH_CONSTRAINED Uid: 10216 RequestorUid: 10216 RequestorPkg: com.partesdetrabajo.app UnderlyingNetworks: Null] ]] callback flags: 0 order: 2147483647 isUidTracked: false
03-12 09:13:36.653   582   726 D WifiNetworkFactory: got request NetworkRequest [ REQUEST id=164, [ Capabilities: INTERNET&NOT_RESTRICTED&TRUSTED&NOT_VCN_MANAGED&NOT_BANDWIDTH_CONSTRAINED Uid: 10216 RequestorUid: 10216 RequestorPkg: com.partesdetrabajo.app UnderlyingNetworks: Null] ]
03-12 09:13:36.654   582   741 D ConnectivityService: NetReassign [164 : null → 100] [c 0] [a 0] [i 1]
03-12 09:13:36.655   582   726 D UntrustedWifiNetworkFactory: got request NetworkRequest [ REQUEST id=164, [ Capabilities: INTERNET&NOT_RESTRICTED&TRUSTED&NOT_VCN_MANAGED&NOT_BANDWIDTH_CONSTRAINED Uid: 10216 RequestorUid: 10216 RequestorPkg: com.partesdetrabajo.app UnderlyingNetworks: Null] ]
03-12 09:13:36.655   582   726 D OemPaidWifiNetworkFactory: got request NetworkRequest [ REQUEST id=164, [ Capabilities: INTERNET&NOT_RESTRICTED&TRUSTED&NOT_VCN_MANAGED&NOT_BANDWIDTH_CONSTRAINED Uid: 10216 RequestorUid: 10216 RequestorPkg: com.partesdetrabajo.app UnderlyingNetworks: Null] ]
03-12 09:13:36.655   582   726 D MultiInternetWifiNetworkFactory: got request NetworkRequest [ REQUEST id=164, [ Capabilities: INTERNET&NOT_RESTRICTED&TRUSTED&NOT_VCN_MANAGED&NOT_BANDWIDTH_CONSTRAINED Uid: 10216 RequestorUid: 10216 RequestorPkg: com.partesdetrabajo.app UnderlyingNetworks: Null] ]
03-12 09:13:36.661   582  1381 D CompatChangeReporter: Compat change id reported: 319212206; UID 10216; state: ENABLED
03-12 09:13:36.666   582   741 D ConnectivityService: NetReassign [no changes] [c 0] [a 1] [i 4]
03-12 09:13:36.754  4478  4478 D Capacitor: Starting BridgeActivity
03-12 09:13:36.787  1218  1630 I SP      : Sync for emoticon_content_description succeeded in 612 ms: no changes
03-12 09:13:36.788  1218  1630 I SP      : GC for 'emoticon_content_description' (10) with ttl of 0 ms took 0 ms (0/0/0)
03-12 09:13:36.825  4478  4478 D Capacitor: Registering plugin instance: CapacitorCookies
03-12 09:13:36.835  4478  4478 D Capacitor: Registering plugin instance: WebView
03-12 09:13:36.838  4478  4478 D Capacitor: Registering plugin instance: CapacitorHttp
03-12 09:13:36.842  4478  4478 D Capacitor: Registering plugin instance: AlbaranScanner
03-12 09:13:36.883  1218  1630 I SP      : Sync for handwriting_recognition succeeded in 352 ms: no changes
03-12 09:13:36.883  1218  1630 I SP      : Sync for emoticon_content_description succeeded in 352 ms: no changes
03-12 09:13:36.883  1218  1630 I SP      : GC for 'handwriting_recognition' (10) with ttl of 0 ms took 0 ms (0/0/0)
03-12 09:13:36.884  1218  1630 I SP      : GC for 'emoticon_content_description' (10) with ttl of 0 ms took 1 ms (0/0/1)
