03-12 09:13:38.529  2913  2913 I artd    : unable to open vdex file /data/dalvik-cache/x86_64/data@user_de@0@com.google.android.gms@app_chimera@m@00000004@DynamiteLoader.uncompressed.apk@classes.vdex: File /data/dalvik-cache/x86_64/data@user_de@0@com.google.android.gms@app_chimera@m@00000004@DynamiteLoader.uncompressed.apk@classes.vdex does not exist.
03-12 09:13:38.529  2913  2913 I artd    : OatFileAssistant test for existing oat file /data/dalvik-cache/x86_64/data@user_de@0@com.google.android.gms@app_chimera@m@00000004@DynamiteLoader.uncompressed.apk@classes.vdex: File /data/dalvik-cache/x86_64/data@user_de@0@com.google.android.gms@app_chimera@m@00000004@DynamiteLoader.uncompressed.apk@classes.vdex does not exist.
03-12 09:13:38.529  2913  2913 I artd    : GetBestInfo checking vdex next to the dex file (/data/user_de/0/com.google.android.gms/app_chimera/m/00000004/oat/x86_64/DynamiteLoader.uncompressed.vdex)
03-12 09:13:38.529  2913  2913 I artd    : unable to open vdex file /data/user_de/0/com.google.android.gms/app_chimera/m/00000004/oat/x86_64/DynamiteLoader.uncompressed.vdex: File /data/user_de/0/com.google.android.gms/app_chimera/m/00000004/oat/x86_64/DynamiteLoader.uncompressed.vdex does not exist.
03-12 09:13:38.529  2913  2913 I artd    : OatFileAssistant test for existing oat file /data/user_de/0/com.google.android.gms/app_chimera/m/00000004/oat/x86_64/DynamiteLoader.uncompressed.vdex: File /data/user_de/0/com.google.android.gms/app_chimera/m/00000004/oat/x86_64/DynamiteLoader.uncompressed.vdex does not exist.
03-12 09:13:38.529  2913  2913 I artd    : GetBestInfo checking dm (/data/user_de/0/com.google.android.gms/app_chimera/m/00000004/DynamiteLoader.uncompressed.dm)
03-12 09:13:38.529  2913  2913 W ziparchive: Unable to open '/data/user_de/0/com.google.android.gms/app_chimera/m/00000004/DynamiteLoader.uncompressed.dm': No such file or directory
03-12 09:13:38.529  2913  2913 I artd    : OatFileAssistant test for existing oat file /data/user_de/0/com.google.android.gms/app_chimera/m/00000004/DynamiteLoader.uncompressed.dm: I/O error
03-12 09:13:38.529  2913  2913 I artd    : GetBestInfo checking dm (/data/user_de/0/com.google.android.gms/app_chimera/m/00000004/DynamiteLoader.uncompressed.dm)
03-12 09:13:38.529  2913  2913 W ziparchive: Unable to open '/data/user_de/0/com.google.android.gms/app_chimera/m/00000004/DynamiteLoader.uncompressed.dm': No such file or directory
03-12 09:13:38.529  2913  2913 I artd    : OatFileAssistant test for existing oat file /data/user_de/0/com.google.android.gms/app_chimera/m/00000004/DynamiteLoader.uncompressed.dm: I/O error
03-12 09:13:38.529  2913  2913 I artd    : GetBestInfo no usable artifacts
03-12 09:13:38.530  2913  2913 I artd    : Dex parent of /data/user_de/0/com.google.android.gms/app_chimera/m/00000009/MeasurementDynamite.apk is not writable: No such file or directory
03-12 09:13:38.530  2913  2913 I artd    : GetBestInfo checking odex in dalvik-cache (/data/dalvik-cache/x86_64/data@user_de@0@com.google.android.gms@app_chimera@m@00000009@MeasurementDynamite.apk@classes.dex)
03-12 09:13:38.530  2913  2913 I artd    : Loading /data/dalvik-cache/x86_64/data@user_de@0@com.google.android.gms@app_chimera@m@00000009@MeasurementDynamite.apk@classes.dex with executable: 0
03-12 09:13:38.530  2913  2913 I artd    : OatFileAssistant test for existing oat file /data/dalvik-cache/x86_64/data@user_de@0@com.google.android.gms@app_chimera@m@00000009@MeasurementDynamite.apk@classes.dex: File /data/dalvik-cache/x86_64/data@user_de@0@com.google.android.gms@app_chimera@m@00000009@MeasurementDynamite.apk@classes.vdex does not exist.
03-12 09:13:38.530  2913  2913 I artd    : GetBestInfo checking odex next to the dex file (/data/user_de/0/com.google.android.gms/app_chimera/m/00000009/oat/x86_64/MeasurementDynamite.odex)
03-12 09:13:38.530  2913  2913 I artd    : Loading /data/user_de/0/com.google.android.gms/app_chimera/m/00000009/oat/x86_64/MeasurementDynamite.odex with executable: 0
03-12 09:13:38.530  2913  2913 I artd    : OatFileAssistant test for existing oat file /data/user_de/0/com.google.android.gms/app_chimera/m/00000009/oat/x86_64/MeasurementDynamite.odex: File /data/user_de/0/com.google.android.gms/app_chimera/m/00000009/oat/x86_64/MeasurementDynamite.vdex does not exist.
03-12 09:13:38.531  2913  2913 I artd    : GetBestInfo checking vdex in dalvik-cache (/data/dalvik-cache/x86_64/data@user_de@0@com.google.android.gms@app_chimera@m@00000009@MeasurementDynamite.apk@classes.vdex)
03-12 09:13:38.531  2913  2913 I artd    : unable to open vdex file /data/dalvik-cache/x86_64/data@user_de@0@com.google.android.gms@app_chimera@m@00000009@MeasurementDynamite.apk@classes.vdex: File /data/dalvik-cache/x86_64/data@user_de@0@com.google.android.gms@app_chimera@m@00000009@MeasurementDynamite.apk@classes.vdex does not exist.
03-12 09:13:38.531  2913  2913 I artd    : OatFileAssistant test for existing oat file /data/dalvik-cache/x86_64/data@user_de@0@com.google.android.gms@app_chimera@m@00000009@MeasurementDynamite.apk@classes.vdex: File /data/dalvik-cache/x86_64/data@user_de@0@com.google.android.gms@app_chimera@m@00000009@MeasurementDynamite.apk@classes.vdex does not exist.
03-12 09:13:38.531  2913  2913 I artd    : GetBestInfo checking vdex next to the dex file (/data/user_de/0/com.google.android.gms/app_chimera/m/00000009/oat/x86_64/MeasurementDynamite.vdex)
03-12 09:13:38.531  2913  2913 I artd    : unable to open vdex file /data/user_de/0/com.google.android.gms/app_chimera/m/00000009/oat/x86_64/MeasurementDynamite.vdex: File /data/user_de/0/com.google.android.gms/app_chimera/m/00000009/oat/x86_64/MeasurementDynamite.vdex does not exist.
03-12 09:13:38.531  2913  2913 I artd    : OatFileAssistant test for existing oat file /data/user_de/0/com.google.android.gms/app_chimera/m/00000009/oat/x86_64/MeasurementDynamite.vdex: File /data/user_de/0/com.google.android.gms/app_chimera/m/00000009/oat/x86_64/MeasurementDynamite.vdex does not exist.
03-12 09:13:38.531  2913  2913 I artd    : GetBestInfo checking dm (/data/user_de/0/com.google.android.gms/app_chimera/m/00000009/MeasurementDynamite.dm)
03-12 09:13:38.531  2913  2913 W ziparchive: Unable to open '/data/user_de/0/com.google.android.gms/app_chimera/m/00000009/MeasurementDynamite.dm': No such file or directory
03-12 09:13:38.531  2913  2913 I artd    : OatFileAssistant test for existing oat file /data/user_de/0/com.google.android.gms/app_chimera/m/00000009/MeasurementDynamite.dm: I/O error
03-12 09:13:38.531  2913  2913 I artd    : GetBestInfo checking dm (/data/user_de/0/com.google.android.gms/app_chimera/m/00000009/MeasurementDynamite.dm)
03-12 09:13:38.531  2913  2913 W ziparchive: Unable to open '/data/user_de/0/com.google.android.gms/app_chimera/m/00000009/MeasurementDynamite.dm': No such file or directory
03-12 09:13:38.531  2913  2913 I artd    : OatFileAssistant test for existing oat file /data/user_de/0/com.google.android.gms/app_chimera/m/00000009/MeasurementDynamite.dm: I/O error
03-12 09:13:38.531  2913  2913 I artd    : GetBestInfo no usable artifacts
03-12 09:13:38.805  4478  4478 I Capacitor/Console: File: http://localhost/assets/index-CHPTDGsH.js - Line 2 - Msg: [Boot] boot.ts cargado | platform=android | isNative=true
03-12 09:13:38.805  4478  4478 I Capacitor/Console: File: http://localhost/assets/index-CHPTDGsH.js - Line 2 - Msg: [Boot] Importando main.tsx...
03-12 09:13:38.807  4478  4478 I Choreographer: Skipped 50 frames!  The application may be doing too much work on its main thread.
03-12 09:13:38.843  4478  4492 I HWUI    : Davey! duration=942ms; Flags=0, FrameTimelineVsyncId=41213, IntendedVsync=727513320068, Vsync=727513320068, InputEventId=0, HandleInputStart=727518778100, AnimationStart=727518798700, PerformTraversalsStart=727562412400, DrawStart=727562904500, FrameDeadline=727529986734, FrameInterval=727518760300, FrameStartTime=16666666, SyncQueued=727590933500, SyncStart=727591744600, IssueDrawCommandsStart=727591867200, SwapBuffers=728410638600, FrameCompleted=728456777100, DequeueBufferDuration=70800, QueueBufferDuration=379800, GpuCompleted=728456777100, SwapBuffersCompleted=728454670400, DisplayPresentTime=435, CommandSubmissionCompleted=728410638600, 
03-12 09:13:38.855  1101  1970 I NullBinder: NullBinder for android.net.action.RECOMMEND_NETWORKS triggering remote TransactionTooLargeException due to Service without Chimera impl, calling uid: 1000, calling pid: 0
03-12 09:13:38.855  1101  1970 W .gms.persistent: Large reply transaction of 1056768 bytes, interface descriptor , code 1
03-12 09:13:38.863   582   741 D InetDiagMessage: Destroyed 0 sockets, proto=IPPROTO_TCP, family=AF_INET, states=14
03-12 09:13:38.864   582   741 D InetDiagMessage: Destroyed 0 sockets, proto=IPPROTO_TCP, family=AF_INET6, states=14
03-12 09:13:38.864   582   741 D InetDiagMessage: Destroyed live tcp sockets for uids={10145} in 2ms
03-12 09:13:38.864   582   741 D InetDiagMessage: Destroyed 0 sockets, proto=IPPROTO_TCP, family=AF_INET, states=14
03-12 09:13:38.864   582   741 D InetDiagMessage: Destroyed 0 sockets, proto=IPPROTO_TCP, family=AF_INET6, states=14
03-12 09:13:38.864   582   741 D InetDiagMessage: Destroyed live tcp sockets for uids={20145} in 0ms
03-12 09:13:38.873  4478  4512 D EGL_emulation: app_time_stats: avg=372.41ms min=72.36ms max=943.22ms count=3
03-12 09:13:38.921  1101  1970 I FontLog : (REDACTED) Received query %s, URI %s
03-12 09:13:38.921  1101  1970 I FontLog : (REDACTED) Query [%s] resolved to %s
03-12 09:13:38.922  1101  1970 I FontLog : (REDACTED) Fetch %s end status %s
03-12 09:13:38.930  4538  4562 I chromium: [INFO:document_style_environment_variables.cc(104)] E2E_Used SafeAreaInsetBottom
03-12 09:13:38.930  1101  1970 I FontLog : (REDACTED) Pulling font file for id = %d, cache size = %d
03-12 09:13:38.939  1101  1970 I FontLog : (REDACTED) Pulling font file for id = %d, cache size = %d
03-12 09:13:38.950  4478  4540 D Capacitor: Handling local request: http://localhost/favicon.png
03-12 09:13:38.983  4478  4588 I HWUI    : Davey! duration=952ms; Flags=0, FrameTimelineVsyncId=41250, IntendedVsync=727613320064, Vsync=728446653364, InputEventId=0, HandleInputStart=728462678500, AnimationStart=728462696900, PerformTraversalsStart=728499514800, DrawStart=728499718600, FrameDeadline=728546653360, FrameInterval=728461773100, FrameStartTime=16666666, SyncQueued=728500273800, SyncStart=728527694900, IssueDrawCommandsStart=728527830300, SwapBuffers=728587715800, FrameCompleted=728593254800, DequeueBufferDuration=66100, QueueBufferDuration=1225800, GpuCompleted=728593009500, SwapBuffersCompleted=728593254800, DisplayPresentTime=1113, CommandSubmissionCompleted=728587715800, 
03-12 09:13:39.029  4478  4478 I Capacitor/Console: File: http://localhost/assets/main-DQPsmcHE.js - Line 170 - Msg: [AppBoot] Script main.tsx iniciando...
03-12 09:13:39.029  4478  4478 I Capacitor/Console: File: http://localhost/assets/main-DQPsmcHE.js - Line 170 - Msg: [AppBoot] Plataforma: android, isNative: true
03-12 09:13:39.031  4478  4478 I Capacitor/Console: File: http://localhost/assets/main-DQPsmcHE.js - Line 170 - Msg: [AppBoot] initApp comenzando...
03-12 09:13:39.035  4478  4478 I Capacitor/Console: File: http://localhost/assets/main-DQPsmcHE.js - Line 170 - Msg: [AppBoot] Assets nativos ya verificados para esta version. Omitiendo limpieza.
03-12 09:13:39.035  4478  4478 I Capacitor/Console: File: http://localhost/assets/main-DQPsmcHE.js - Line 170 - Msg: [AppBoot] DB offline: inicializacion diferida por tenant
03-12 09:13:39.035  4478  4478 I Capacitor/Console: File: http://localhost/assets/main-DQPsmcHE.js - Line 170 - Msg: [AppBoot] Montando React...
03-12 09:13:39.035  4478  4478 I Capacitor/Console: File: http://localhost/assets/main-DQPsmcHE.js - Line 170 - Msg: [AppBoot] React montado correctamente
03-12 09:13:39.035  4478  4478 I Capacitor/Console: File: http://localhost/assets/index-CHPTDGsH.js - Line 2 - Msg: [Boot] main.tsx importado
03-12 09:13:39.112  4538  4562 I chromium: [INFO:document_style_environment_variables.cc(104)] E2E_Used SafeAreaInsetBottom
03-12 09:13:39.116  4478  4540 D Capacitor: Handling local request: http://localhost/favicon.png
03-12 09:13:39.123  4478  4478 I Capacitor/Console: File: http://localhost/assets/main-DQPsmcHE.js - Line 169 - Msg: [NativeSplashHider] Componente montado, verificando splash...
03-12 09:13:39.124  4478  4478 I Capacitor/Console: File: http://localhost/assets/main-DQPsmcHE.js - Line 170 - Msg: [AppBoot] hideLoading llamado
03-12 09:13:39.145  4478  4486 I esdetrabajo.app: Compiler allocated 5174KB to compile void android.view.ViewRootImpl.performTraversals()
03-12 09:13:39.188  4478  4478 V Capacitor/Plugin: To native (Capacitor plugin): callbackId: 7008706, pluginId: SplashScreen, methodName: hide
03-12 09:13:39.189  4478  4478 V Capacitor: callback: 7008706, pluginId: SplashScreen, methodName: hide, methodData: {}
03-12 09:13:39.197  4478  4478 V Capacitor/Plugin: To native (Capacitor plugin): callbackId: 7008707, pluginId: Preferences, methodName: get
03-12 09:13:39.197  4478  4478 V Capacitor: callback: 7008707, pluginId: Preferences, methodName: get, methodData: {"key":"api_access_token"}
03-12 09:13:39.205  4478  4478 I Capacitor/Console: File:  - Line 333 - Msg: undefined
03-12 09:13:39.243  4478  4478 V Capacitor/Plugin: To native (Capacitor plugin): callbackId: 7008708, pluginId: Preferences, methodName: get
03-12 09:13:39.243  4478  4478 V Capacitor: callback: 7008708, pluginId: Preferences, methodName: get, methodData: {"key":"api_token_type"}
03-12 09:13:39.320  1012  1376 D EGL_emulation: app_time_stats: avg=1654.87ms min=71.96ms max=3237.78ms count=2
03-12 09:13:39.362  4478  4478 V Capacitor/Plugin: To native (Capacitor plugin): callbackId: 7008709, pluginId: Preferences, methodName: get
03-12 09:13:39.362  4478  4478 V Capacitor: callback: 7008709, pluginId: Preferences, methodName: get, methodData: {"key":"api_token_expires_at"}
03-12 09:13:39.477  4478  4478 V Capacitor/Plugin: To native (Capacitor plugin): callbackId: 7008710, pluginId: Preferences, methodName: get
03-12 09:13:39.477  4478  4478 V Capacitor: callback: 7008710, pluginId: Preferences, methodName: get, methodData: {"key":"api_access_token"}
03-12 09:13:39.549  4478  4478 V Capacitor/Plugin: To native (Capacitor plugin): callbackId: 7008711, pluginId: Preferences, methodName: get
03-12 09:13:39.550  4478  4478 V Capacitor: callback: 7008711, pluginId: Preferences, methodName: get, methodData: {"key":"api_token_type"}
03-12 09:13:39.558  4478  4478 V Capacitor/Plugin: To native (Capacitor plugin): callbackId: 7008712, pluginId: Preferences, methodName: get
03-12 09:13:39.559  4478  4478 V Capacitor: callback: 7008712, pluginId: Preferences, methodName: get, methodData: {"key":"api_token_expires_at"}
03-12 09:13:39.608  4478  4478 V Capacitor/Plugin: To native (Capacitor plugin): callbackId: 7008713, pluginId: Preferences, methodName: get
03-12 09:13:39.608  4478  4478 V Capacitor: callback: 7008713, pluginId: Preferences, methodName: get, methodData: {"key":"api_cached_users_v1"}
03-12 09:13:39.614  4478  4478 V Capacitor/Plugin: To native (Capacitor plugin): callbackId: 7008714, pluginId: Preferences, methodName: set
03-12 09:13:39.615  4478  4478 V Capacitor: callback: 7008714, pluginId: Preferences, methodName: set, methodData: {"key":"api_cached_users_v1","value":"{\"dios@cortecelestial.god\":{\"email\":\"dios@cortecelestial.god\",\"full_name\":\"Super Admin\",\"is_active\":true,\"is_super_admin\":true,\"id\":1,\"tenant_id\":null,\"role_id\":1,\"role_name\":\"super_admin\",\"permissions\":[\"audit:read\",\"can_create_time_reports\",\"contracts:approve\",\"contracts:create\",\"contracts:edit\",\"contracts:read\",\"contracts:reject\",\"erp:manage\",\"erp:read\",\"erp:reports:read\",\"erp:track\",\"hr:manage\",\"hr:read\",\"hr:reports\",\"tenants:create\",\"tenants:delete\",\"tenants:read\",\"tenants:update\",\"tickets:create\",\"tickets:manage\",\"tickets:read_own\",\"tickets:read_tenant\",\"tools:configure\",\"tools:launch\",\"tools:read\",\"users:create\",\"users:delete\",\"users:read\",\"users:update\"],\"language\":\"es\",\"avatar_url\":null,\"avatar_data\":null,\"created_at\":\"2026-02-09T10:45:54.932766\",\"roles\":[\"super_admin\"]}}"}
03-12 09:13:39.618  4478  4478 I Capacitor/Console: File:  - Line 333 - Msg: undefined
03-12 09:13:39.623  4478  4478 V Capacitor/Plugin: To native (Capacitor plugin): callbackId: 7008715, pluginId: Preferences, methodName: set
03-12 09:13:39.623  4478  4478 V Capacitor: callback: 7008715, pluginId: Preferences, methodName: set, methodData: {"key":"api_cached_user_v1","value":"{\"email\":\"dios@cortecelestial.god\",\"full_name\":\"Super Admin\",\"is_active\":true,\"is_super_admin\":true,\"id\":1,\"tenant_id\":null,\"role_id\":1,\"role_name\":\"super_admin\",\"permissions\":[\"audit:read\",\"can_create_time_reports\",\"contracts:approve\",\"contracts:create\",\"contracts:edit\",\"contracts:read\",\"contracts:reject\",\"erp:manage\",\"erp:read\",\"erp:reports:read\",\"erp:track\",\"hr:manage\",\"hr:read\",\"hr:reports\",\"tenants:create\",\"tenants:delete\",\"tenants:read\",\"tenants:update\",\"tickets:create\",\"tickets:manage\",\"tickets:read_own\",\"tickets:read_tenant\",\"tools:configure\",\"tools:launch\",\"tools:read\",\"users:create\",\"users:delete\",\"users:read\",\"users:update\"],\"language\":\"es\",\"avatar_url\":null,\"avatar_data\":null,\"created_at\":\"2026-02-09T10:45:54.932766\",\"roles\":[\"super_admin\"]}"}
03-12 09:13:39.626  4478  4478 I Capacitor/Console: File:  - Line 333 - Msg: undefined
03-12 09:13:39.630  4478  4541 D Capacitor: Handling local request: http://localhost/assets/Index-Dbxu_haW.js
03-12 09:13:39.631  4478  4541 D Capacitor: Handling local request: http://localhost/assets/card-Dg70DahT.js
03-12 09:13:39.632  4478  4540 D Capacitor: Handling local request: http://localhost/assets/textarea-B2cvyEwE.js
03-12 09:13:39.633  4478  4540 D Capacitor: Handling local request: http://localhost/assets/checkbox-C3eZYuk-.js
03-12 09:13:39.635  4478  4540 D Capacitor: Handling local request: http://localhost/assets/useWorks-D0cBMqzD.js
03-12 09:13:39.635  4478  4541 D Capacitor: Handling local request: http://localhost/assets/zip-vendor-JjlMduLD.js
03-12 09:13:39.694  4478  4540 D Capacitor: Handling local request: http://localhost/assets/icon-option-4-C_8_yXpn.png
03-12 09:13:39.943  4478  4478 V Capacitor/Plugin: To native (Capacitor plugin): callbackId: 7008716, pluginId: Preferences, methodName: get
03-12 09:13:39.943  4478  4478 V Capacitor: callback: 7008716, pluginId: Preferences, methodName: get, methodData: {"key":"activeTenant::1::http:\/\/192.168.1.18:8000"}
03-12 09:13:39.944  4478  4478 V Capacitor/Plugin: To native (Capacitor plugin): callbackId: 7008717, pluginId: App, methodName: addListener
03-12 09:13:39.944  4478  4478 V Capacitor: callback: 7008717, pluginId: App, methodName: addListener, methodData: {"eventName":"appStateChange"}
03-12 09:13:39.954  4478  4478 V Capacitor/Plugin: To native (Capacitor plugin): callbackId: 7008718, pluginId: Preferences, methodName: get
03-12 09:13:39.954  4478  4478 V Capacitor: callback: 7008718, pluginId: Preferences, methodName: get, methodData: {"key":"activeTenant::1::http:\/\/192.168.1.18:8000__chunked"}
03-12 09:13:39.961  4478  4540 D Capacitor: Handling local request: http://localhost/assets/sql-wasm-V5jTDcrT.js
03-12 09:13:39.976  4478  4540 D Capacitor: Handling local request: http://localhost/assets/sql-wasm-C1U8OeUW.wasm
03-12 09:13:40.983  4478  4512 D EGL_emulation: app_time_stats: avg=99.74ms min=10.02ms max=1308.82ms count=19
03-12 09:13:40.992  4478  4478 I Choreographer: Skipped 59 frames!  The application may be doing too much work on its main thread.
03-12 09:13:41.026  4478  4492 I HWUI    : Davey! duration=1025ms; Flags=0, FrameTimelineVsyncId=41673, IntendedVsync=729613319984, Vsync=729613319984, InputEventId=0, HandleInputStart=729615415000, AnimationStart=729615427800, PerformTraversalsStart=729617324500, DrawStart=729617396200, FrameDeadline=729629986650, FrameInterval=729615402100, FrameStartTime=16666666, SyncQueued=729617615300, SyncStart=729617974800, IssueDrawCommandsStart=729618071600, SwapBuffers=730593332100, FrameCompleted=730639488000, DequeueBufferDuration=68300, QueueBufferDuration=473300, GpuCompleted=730639488000, SwapBuffersCompleted=730637828100, DisplayPresentTime=0, CommandSubmissionCompleted=730593332100, 
03-12 09:13:41.029  4478  4478 V Capacitor/Plugin: To native (Capacitor plugin): callbackId: 7008719, pluginId: Preferences, methodName: get
03-12 09:13:41.031  4478  4478 V Capacitor: callback: 7008719, pluginId: Preferences, methodName: get, methodData: {"key":"offline_db_sqlite_file_b64_v2_scope_tenant-1"}
03-12 09:13:41.035  4478  4603 D ProfileInstaller: Installing profile for com.partesdetrabajo.app
03-12 09:13:41.114  4478  4492 I HWUI    : Davey! duration=1058ms; Flags=0, FrameTimelineVsyncId=41687, IntendedVsync=729646653316, Vsync=730629986610, InputEventId=0, HandleInputStart=730647664800, AnimationStart=730647680600, PerformTraversalsStart=730666057000, DrawStart=730666129200, FrameDeadline=730713319940, FrameInterval=730646640100, FrameStartTime=16666666, SyncQueued=730666608000, SyncStart=730681342900, IssueDrawCommandsStart=730681519300, SwapBuffers=730702309200, FrameCompleted=730720337000, DequeueBufferDuration=475600, QueueBufferDuration=682500, GpuCompleted=730719924800, SwapBuffersCompleted=730720337000, DisplayPresentTime=0, CommandSubmissionCompleted=730702309200, 
03-12 09:13:41.176  4478  4478 V Capacitor/Plugin: To native (Capacitor plugin): callbackId: 7008720, pluginId: Preferences, methodName: set
03-12 09:13:41.186  4478  4478 V Capacitor: callback: 7008720, pluginId: Preferences, methodName: set, methodData: {"key":"offline_db_sqlite_file_b64_v2_scope_tenant-1","value":"U1FMaXRlIGZvcm1hdCAzABAAAQEAQCAgAAAACgAAAA0AAAAAAAAAAAAAAAkAAAAEAAAAAAAAAAAAAAABAAAAAAAAAAAAAAAAAAAAAAAAAAAAAAAAAAAAAAAAAAAAAAAKAC6GKQ0P+AAMCLsAD1cPww1hDx4M2AxMC80LUQmcCyQJHgi7AAAAAAAAAAAAAAAAAAAAAAAAAAAAAAAAAAAAAAAAAAAAAAAAAAAAAAAAAAAAAAAAAAAAAAAAAAAAAAAAAAAAAAAAAAAAAAAAAAAAAAAAAAAAAAAAAAAAAAAAAAAAAAAAAAAAAAAAAAAAAAAAAAAAAAAAAAAAAAAAAAAAAAAAAAAAAAAAAAAAAAAAAAAAAAAAAAAAAAAAAAAAAAAAAAAAAAAAAAAAAAAAAAAAAAAAAAAAAAAAAAAAAAAAAAAAAAAAAAAAAAAAAAAAAAAAAAAAAAAAAAAAAAAAAAAAAAAAAAAAAAAAAAAAAAAAAAAAAAAAAAAAAAAAAAAAAAAAAAAAAAAAAAAAAAAAAAAAAAAAAAAAAAAAAAAAAAAAAAAAAAAAAAAAAAAAAAAAAAAAAAAAAAAAAAAAAAAAAAAAAAAAAAAAAAAAAAAAAAAAAAAAAAAAAAAAAAAAAAAAAAAAAAAAAAAAAAAAAAAAAAAAAAAAAAAAAAAAAAAAAAAAAAAAAAAAAAAAAAAAAAAAAAAAAAAAAAAAAAAAAAAAAAAAAAAAAAAAAAAAAAAAAAAAAAAAAAAAAAAAAAAAAAAAAAAAAAAAAAAAAAAAAAAAAAAAAAAAAAAAAAAAAAAAAAAAAAAAAAAAAAAAAAAAAAAAAAAAAAAAAAAAAAAAAAAAAAAAAAAAAAAAAAAAAAAAAAAAAAAAAAAAAAAAAAAAAAAAAAAAAAAAAAAAAAAAAAAAAAAAAAAAAAAAAAAAAAAAAAAAAAAAAAAAAAAAAAAAAAAAAAAAAAAAAAAAAAAAAAAAAAAAAAAAAAAAAAAAAAAAAAAAAAAAAAAAAAAAAAAAAAAAAAAAAAAAAAAAAAAAAAAAAAAAAAAAAAAAAAAAAAAAAAAAAAAAAAAAAAAAAAAAAAAAAAAAAAAAAAAAAAAAAAAAAAAAAAAAAAAAAAAAAAAAAAAAAAAAAAAAAAAAAAAAAAAAAAAAAAAAAAAAAAAAAAAAAAAAAAAAAAAAAAAAAAAAAAAAAAAAAAAAAAAAAAAAAAAAAAAAAAAAAAAAAAAAAAAAAAAAAAAAAAAAAAAAAAAAAAAAAAAAAAAAAAAAAAAAAAAAAAAAAAAAAAAAAAAAAAAAAAAAAAAAAAAAAAAAAAAAAAAAAAAAAAAAAAAAAAAAAAAAAAAAAAAAAAAAAAAAAAAAAAAAAAAAAAAAAAAAAAAAAAAAAAAAAAAAAAAAAAAAAAAAAAAAAAAAAAAAAAAAAAAAAAAAAAAAAAAAAAAAAAAAAAAAAAAAAAAAAAAAAAAAAAAAAAAAAAAAAAAAAAAAAAAAAAAAAAAAAAAAAAAAAAAAAAAAAAAAAAAAAAAAAAAAAAAAAAAAAAAAAAAAAAAAAAAAAAAAAAAAAAAAAAAAAAAAAAAAAAAAAAAAAAAAAAAAAAAAAAAAAAAAAAAAAAAAAAAAAAAAAAAAAAAAAAAAAAAAAAAAAAAAAAAAAAAAAAAAAAAAAAAAAAAAAAAAAAAAAAAAAAAAAAAAAAAAAAAAAAAAAAAAAAAAAAAAAAAAAAAAAAAAAAAAAAAAAAAAAAAAAAAAAAAAAAAAAAAAAAAAAAAAAAAAAAAAAAAAAAAAAAAAAAAAAAAAAAAAAAAAAAAAAAAAAAAAAAAAAAAAAAAAAAAAAAAAAAAAAAAAAAAAAAAAAAAAAAAAAAAAAAAAAAAAAAAAAAAAAAAAAAAAAAAAAAAAAAAAAAAAAAAAAAAAAAAAAAAAAAAAAAAAAAAAAAAAAAAAAAAAAAAAAAAAAAAAAAAAAAAAAAAAAAAAAAAAAAAAAAAAAAAAAAAAAAAAAAAAAAAAAAAAAAAAAAAAAAAAAAAAAAAAAAAAAAAAAAAAAAAAAAAAAAAAAAAAAAAAAAAAAAAAAAAAAAAAAAAAAAAAAAAAAAAAAAAAAAAAAAAAAAAAAAAAAAAAAAAAAAAAAAAAAAAAAAAAAAAAAAAAAAAAAAAAAAAAAAAAAAAAAAAAAAAAAAAAAAAAAAAAAAAAAAAAAAAAAAAAAAAAAAAAAAAAAAAAAAAAAAAAAAAAAAAAAAAAAAAAAAAAAAAAAAAAAAAAAAAAAAAAAAAAAAAAAAAAAAAAAAAAAAAAAAAAAAAAAAAAAAAAAAAAAAAAAAAAAAAAAAAAAAAAAAAAAAAAAAAAAAAAAAAAAAAAAAAAAAAAAAAAAAAAAAAAAAAAAAAAAAAAAAAAAAAAAAAAAAAAAAAAAAAAAAAAAAAAAAAAAAAAAAAAAAAAAAAAAAAAAAAAAAAAAAAAAAAAAAAAAAAAAAAAAAAAAAAAAAAAAAAAAAAAAAAAAAAAAAAAAAAAAAAAAAAAAAAAAAAAAAAAAAAAAAAAAAAAAAAAAAAAAAAAAAAAAAAAAAAAAAAAAAAAAAAAAAAAAAAAAAAAAAAAAAAAAAAAAAAAAAAAAAAAAAAAAAAAAAAAAAAAAAAAAAAAAAAAAAAAAAAAAAAAAAAAAAAAAAAAAAAAAAAAAAAAAAAAAAAAAAAAAAAAAAAAAAAAAAAAAAAAAAAAAAAAAAAAAAAAAAAAAAAAAAAAAAAAAAAAAAAAAAAAAAAAAAAAAAAAAAAAAAAAAAAAAAAAAAAAAAAAAAAAAAAAAAAAAAAAAAAAAAAAAAAAAAAAAAAAAAAAAAAAAAAAAAAAAAAAAAAAAAAAAAAAAAAAAAAAAAAAAAAAAAAAAAAAAAAAAAAAAAAAAAAAAAAAAAAAAAAAAAAAAAAAAAAAAAAAAAAAAAAAAAAAAAAAAAAAAAAAAAAAAAAAAAAAAAAAAAAAAAAAAAAAAAAAAAAAAAAAYQwHFy8ZAYEHaW5kZXhpZHhfb3V0Ym94X2VudGl0eW91dGJveA1DUkVBVEUgSU5ERVggaWR4X291dGJveF9lbnRpdHkKICBPTiBvdXRib3goZW50aXR5LCBlbnRpdHlfaWQpfAsHF0UZAYEnaW5kZXhpZHhfb3V0Ym94X3N0YXR1c19jcmVhdGVkX2F0b3V0Ym94DENSRUFURSBJTkRFWCBpZHhfb3V0Ym94X3N0YXR1c19jcmVhdGVkX2F0CiAgT04gb3V0Ym94KHN0YXR1cywgY3JlYXRlZF9hdCBBU0MpgwUJBxcZGQGFZXRhYmxlb3V0Ym94b3V0Ym94CkNSRUFURSBUQUJMRSBvdXRib3ggKAogIGlkIFRFWFQgUFJJTUFSWSBLRVksCiAgZW50aXR5IFRFWFQgTk9UIE5VTEwsIC0tIGUuZy4gJ3dvcmtfcmVwb3J0JwogIGVudGl0eV9pZCBURVhUIE5PVCBOVUxMLAogIG9wIFRFWFQgTk9UIE5VTEwsIC0tICdjcmVhdGUnfCd1cGRhdGUnfCdkZWxldGUnCiAgcGF5bG9hZF9qc29uIFRFWFQgTk9UIE5VTEwsCiAgY3JlYXRlZF9hdCBJTlRFR0VSIE5PVCBOVUxMLAogIGF0dGVtcHRzIElOVEVHRVIgTk9UIE5VTEwgREVGQVVMVCAwLAogIGxhc3RfZXJyb3IgVEVYVCBOVUxMLAogIHN0YXR1cyBURVhUIE5PVCBOVUxMIERFRkFVTFQgJ3BlbmRpbmcnIC0tICdwZW5kaW5nJ3wnc3luY2VkJ3wnZXJyb3InCikrCgYXPxkBAGluZGV4c3FsaXRlX2F1dG9pbmRleF9vdXRib3hfMW91dGJveAt6CAcXQyUBgRlpbmRleGlkeF93b3JrX3JlcG9ydHNfZGVsZXRlZF9hdHdvcm
03-12 09:13:41.207  4478  4478 I Capacitor/Console: File:  - Line 333 - Msg: undefined
03-12 09:13:41.208  4478  4478 I Capacitor/Console: File: http://localhost/assets/main-DQPsmcHE.js - Line 66 - Msg: [offline-db] Ready | platform=android | scope=tenant-1 | bytes=53248
03-12 09:13:41.224  4478  4478 V Capacitor/Plugin: To native (Capacitor plugin): callbackId: 7008721, pluginId: Preferences, methodName: get
03-12 09:13:41.225  4478  4478 V Capacitor: callback: 7008721, pluginId: Preferences, methodName: get, methodData: {"key":"offline_migrated_v2::1"}
03-12 09:13:41.853  1101  1970 I NullBinder: NullBinder for android.net.action.RECOMMEND_NETWORKS triggering remote TransactionTooLargeException due to Service without Chimera impl, calling uid: 1000, calling pid: 0
03-12 09:13:41.853  1101  1970 W .gms.persistent: Large reply transaction of 1056768 bytes, interface descriptor , code 1
03-12 09:13:42.019  4478  4512 D EGL_emulation: app_time_stats: avg=29.97ms min=11.97ms max=51.21ms count=25
03-12 09:13:42.742  1101  1101 D BoundBrokerSvc: onUnbind: Intent { act=com.google.android.gms.common.telemetry.service.START dat=chimera-action:/... cmp=com.google.android.gms/.chimera.PersistentApiService }
03-12 09:13:42.793   582   741 D InetDiagMessage: Destroyed 0 sockets, proto=IPPROTO_TCP, family=AF_INET, states=14
03-12 09:13:42.794   582   741 D InetDiagMessage: Destroyed 0 sockets, proto=IPPROTO_TCP, family=AF_INET6, states=14
03-12 09:13:42.794   582   741 D InetDiagMessage: Destroyed live tcp sockets for uids={10165} in 2ms
03-12 09:13:42.795   582   741 D InetDiagMessage: Destroyed 0 sockets, proto=IPPROTO_TCP, family=AF_INET, states=14
03-12 09:13:42.795   582   741 D InetDiagMessage: Destroyed 0 sockets, proto=IPPROTO_TCP, family=AF_INET6, states=14
03-12 09:13:42.796   582   741 D InetDiagMessage: Destroyed live tcp sockets for uids={20165} in 2ms
03-12 09:13:43.075  4478  4512 D EGL_emulation: app_time_stats: avg=26.37ms min=11.79ms max=36.97ms count=28
03-12 09:13:43.803   582   686 D ActivityManager: freezing 3762 com.android.settings
03-12 09:13:43.804   582   686 D ActivityManager: freezing 2900 com.google.android.settings.intelligence
03-12 09:13:43.807   582   686 D ActivityManager: freezing 1781 com.android.vending
03-12 09:13:43.811   582   686 D ActivityManager: freezing 1184 com.google.android.permissioncontroller
03-12 09:13:43.813   582   686 D ActivityManager: freezing 1889 com.google.android.apps.scone
03-12 09:13:43.815   582   686 D ActivityManager: freezing 3447 com.google.android.documentsui
03-12 09:13:43.817   582   686 D ActivityManager: freezing 3021 com.android.vending:background
03-12 09:13:43.820   582   686 D ActivityManager: freezing 2521 com.google.android.rkpdapp
03-12 09:13:43.822   582   686 D ActivityManager: freezing 1356 com.google.android.calendar
03-12 09:13:43.825   582   686 D ActivityManager: freezing 1466 android.process.acore
03-12 09:13:43.827   582   686 D ActivityManager: freezing 2348 com.google.android.gms.unstable
03-12 09:13:43.829   582   741 D InetDiagMessage: Destroyed 0 sockets, proto=IPPROTO_TCP, family=AF_INET, states=14
03-12 09:13:43.830   582   741 D InetDiagMessage: Destroyed 0 sockets, proto=IPPROTO_TCP, family=AF_INET6, states=14
03-12 09:13:43.830   582   741 D InetDiagMessage: Destroyed live tcp sockets for uids={10138} in 1ms
03-12 09:13:43.833   582   741 D InetDiagMessage: Destroyed 0 sockets, proto=IPPROTO_TCP, family=AF_INET, states=14
03-12 09:13:43.834   582   741 D InetDiagMessage: Destroyed 0 sockets, proto=IPPROTO_TCP, family=AF_INET6, states=14
03-12 09:13:43.834   582   741 D InetDiagMessage: Destroyed live tcp sockets for uids={10206} in 1ms
03-12 09:13:43.835   582   741 D InetDiagMessage: Destroyed 0 sockets, proto=IPPROTO_TCP, family=AF_INET, states=14
03-12 09:13:43.835   582   741 D InetDiagMessage: Destroyed 0 sockets, proto=IPPROTO_TCP, family=AF_INET6, states=14
03-12 09:13:43.835   582   741 D InetDiagMessage: Destroyed live tcp sockets for uids={10137} in 1ms
03-12 09:13:43.836   582   741 D InetDiagMessage: Destroyed 0 sockets, proto=IPPROTO_TCP, family=AF_INET, states=14
03-12 09:13:43.836   582   741 D InetDiagMessage: Destroyed 0 sockets, proto=IPPROTO_TCP, family=AF_INET6, states=14
03-12 09:13:43.836   582   741 D InetDiagMessage: Destroyed live tcp sockets for uids={10093} in 1ms
03-12 09:13:43.836   582   741 D InetDiagMessage: Destroyed 0 sockets, proto=IPPROTO_TCP, family=AF_INET, states=14
03-12 09:13:43.836   582   741 D InetDiagMessage: Destroyed 0 sockets, proto=IPPROTO_TCP, family=AF_INET6, states=14
03-12 09:13:43.836   582   741 D InetDiagMessage: Destroyed live tcp sockets for uids={10141} in 0ms
03-12 09:13:43.837   582   741 D InetDiagMessage: Destroyed 0 sockets, proto=IPPROTO_TCP, family=AF_INET, states=14
03-12 09:13:43.838   582   741 D InetDiagMessage: Destroyed 0 sockets, proto=IPPROTO_TCP, family=AF_INET6, states=14
03-12 09:13:43.838   582   741 D InetDiagMessage: Destroyed live tcp sockets for uids={10201} in 2ms
03-12 09:13:43.838   582   741 D InetDiagMessage: Destroyed 0 sockets, proto=IPPROTO_TCP, family=AF_INET, states=14
03-12 09:13:43.839   582   741 D InetDiagMessage: Destroyed 0 sockets, proto=IPPROTO_TCP, family=AF_INET6, states=14
03-12 09:13:43.839   582   741 D InetDiagMessage: Destroyed live tcp sockets for uids={10147} in 1ms
03-12 09:13:43.872   582   741 D InetDiagMessage: Destroyed 0 sockets, proto=IPPROTO_TCP, family=AF_INET, states=14
03-12 09:13:43.872   582   741 D InetDiagMessage: Destroyed 0 sockets, proto=IPPROTO_TCP, family=AF_INET6, states=14
03-12 09:13:43.872   582   741 D InetDiagMessage: Destroyed live tcp sockets for uids={10083} in 1ms
03-12 09:13:44.076  4478  4512 D EGL_emulation: app_time_stats: avg=24.98ms min=11.69ms max=37.30ms count=27
03-12 09:13:44.851   582   741 W IPCThreadState: Sending oneway calls to frozen process.
03-12 09:13:44.853   582   741 W IPCThreadState: Sending oneway calls to frozen process.
03-12 09:13:44.853   582   741 W IPCThreadState: Sending oneway calls to frozen process.
03-12 09:13:44.857  1101  1970 I NullBinder: NullBinder for android.net.action.RECOMMEND_NETWORKS triggering remote TransactionTooLargeException due to Service without Chimera impl, calling uid: 1000, calling pid: 0
03-12 09:13:44.857  1101  1970 W .gms.persistent: Large reply transaction of 1056768 bytes, interface descriptor , code 1
03-12 09:13:44.859   582   741 W IPCThreadState: Sending oneway calls to frozen process.
03-12 09:13:44.859   582   741 W IPCThreadState: Sending oneway calls to frozen process.
03-12 09:13:44.859   582   741 W IPCThreadState: Sending oneway calls to frozen process.
03-12 09:13:44.864   582   741 W IPCThreadState: Sending oneway calls to frozen process.
03-12 09:13:44.864   582   741 W IPCThreadState: Sending oneway calls to frozen process.
03-12 09:13:44.864   582   741 W IPCThreadState: Sending oneway calls to frozen process.
03-12 09:13:44.865   582   741 W IPCThreadState: Sending oneway calls to frozen process.
03-12 09:13:45.124  4478  4512 D EGL_emulation: app_time_stats: avg=26.05ms min=11.65ms max=39.33ms count=27
03-12 09:13:45.159  4478  4487 I esdetrabajo.app: Background concurrent mark compact GC freed 7398KB AllocSpace bytes, 84(4552KB) LOS objects, 49% free, 5730KB/11MB, paused 4.328ms,1.664ms total 111.987ms
03-12 09:13:45.173  4478  4489 W esdetrabajo.app: ApkAssets: Deleting an ApkAssets object '<empty> and /data/app/~~RgOCKUznt7nHo655Iu3pkg==/com.google.android.webview-SA8Yp8LVhgKyot5bgwPhJA==/WebViewGoogle.apk' with 2 weak references
03-12 09:13:46.139  4478  4512 D EGL_emulation: app_time_stats: avg=25.08ms min=11.82ms max=46.59ms count=25
03-12 09:13:47.145  4478  4512 D EGL_emulation: app_time_stats: avg=25.23ms min=11.92ms max=52.18ms count=25
03-12 09:13:47.794   582   686 D ActivityManager: freezing 2942 com.google.android.webview:webview_service
03-12 09:13:47.796   582   741 D InetDiagMessage: Destroyed 0 sockets, proto=IPPROTO_TCP, family=AF_INET, states=14
03-12 09:13:47.796   582   741 D InetDiagMessage: Destroyed 0 sockets, proto=IPPROTO_TCP, family=AF_INET6, states=14
03-12 09:13:47.796   582   741 D InetDiagMessage: Destroyed live tcp sockets for uids={10165} in 1ms
03-12 09:13:47.887   582   686 D ActivityManager: freezing 1388 com.google.android.googlequicksearchbox:search
03-12 09:13:47.896   582   686 D ActivityManager: freezing 2983 com.google.android.webview:sandboxed_process0:org.chromium.content.app.SandboxedProcessService0:0
03-12 09:13:48.089   582   741 D InetDiagMessage: Destroyed 0 sockets, proto=IPPROTO_TCP, family=AF_INET, states=14
03-12 09:13:48.089   582   741 D InetDiagMessage: Destroyed 0 sockets, proto=IPPROTO_TCP, family=AF_INET6, states=14
03-12 09:13:48.089   582   741 D InetDiagMessage: Destroyed live tcp sockets for uids={99000} in 1ms
03-12 09:13:48.161  4478  4512 D EGL_emulation: app_time_stats: avg=26.02ms min=12.60ms max=47.88ms count=26
03-12 09:13:48.625  2913  2913 I artd    : Dex parent of /data/app/~~QbfMBCHN6AWoZYT3f3Kpqw==/com.google.android.gms-oHHfKXZhPUL0eAmwN3RZhw==/base.apk is not writable: Permission denied
03-12 09:13:48.625  2913  2913 I artd    : GetBestInfo checking odex in dalvik-cache (/data/dalvik-cache/x86_64/data@app@~~QbfMBCHN6AWoZYT3f3Kpqw==@com.google.android.gms-oHHfKXZhPUL0eAmwN3RZhw==@base.apk@classes.dex)
03-12 09:13:48.626  2913  2913 I artd    : Loading /data/dalvik-cache/x86_64/data@app@~~QbfMBCHN6AWoZYT3f3Kpqw==@com.google.android.gms-oHHfKXZhPUL0eAmwN3RZhw==@base.apk@classes.dex with executable: 0
03-12 09:13:48.626  2913  2913 I artd    : OatFileAssistant test for existing oat file /data/dalvik-cache/x86_64/data@app@~~QbfMBCHN6AWoZYT3f3Kpqw==@com.google.android.gms-oHHfKXZhPUL0eAmwN3RZhw==@base.apk@classes.dex: File /data/dalvik-cache/x86_64/data@app@~~QbfMBCHN6AWoZYT3f3Kpqw==@com.google.android.gms-oHHfKXZhPUL0eAmwN3RZhw==@base.apk@classes.vdex does not exist.
03-12 09:13:48.626  2913  2913 I artd    : GetBestInfo checking odex next to the dex file (/data/app/~~QbfMBCHN6AWoZYT3f3Kpqw==/com.google.android.gms-oHHfKXZhPUL0eAmwN3RZhw==/oat/x86_64/base.odex)
03-12 09:13:48.626  2913  2913 I artd    : Loading /data/app/~~QbfMBCHN6AWoZYT3f3Kpqw==/com.google.android.gms-oHHfKXZhPUL0eAmwN3RZhw==/oat/x86_64/base.odex with executable: 0
03-12 09:13:48.627  2913  2913 I artd    : Successfully loaded /data/app/~~QbfMBCHN6AWoZYT3f3Kpqw==/com.google.android.gms-oHHfKXZhPUL0eAmwN3RZhw==/oat/x86_64/base.odex with executable: 0
03-12 09:13:48.627  2913  2913 I artd    : /data/app/~~QbfMBCHN6AWoZYT3f3Kpqw==/com.google.android.gms-oHHfKXZhPUL0eAmwN3RZhw==/oat/x86_64/base.odex is kOatUpToDate with filter speed-profile
03-12 09:13:48.765  2913  2913 I artd    : Dex parent of /data/app/~~QbfMBCHN6AWoZYT3f3Kpqw==/com.google.android.gms-oHHfKXZhPUL0eAmwN3RZhw==/split_AdsDynamite_installtime.apk is not writable: Permission denied
03-12 09:13:48.765  2913  2913 I artd    : GetBestInfo checking odex in dalvik-cache (/data/dalvik-cache/x86_64/data@app@~~QbfMBCHN6AWoZYT3f3Kpqw==@com.google.android.gms-oHHfKXZhPUL0eAmwN3RZhw==@split_AdsDynamite_installtime.apk@classes.dex)
03-12 09:13:48.766  2913  2913 I artd    : Loading /data/dalvik-cache/x86_64/data@app@~~QbfMBCHN6AWoZYT3f3Kpqw==@com.google.android.gms-oHHfKXZhPUL0eAmwN3RZhw==@split_AdsDynamite_installtime.apk@classes.dex with executable: 0
03-12 09:13:48.766  2913  2913 I artd    : OatFileAssistant test for existing oat file /data/dalvik-cache/x86_64/data@app@~~QbfMBCHN6AWoZYT3f3Kpqw==@com.google.android.gms-oHHfKXZhPUL0eAmwN3RZhw==@split_AdsDynamite_installtime.apk@classes.dex: File /data/dalvik-cache/x86_64/data@app@~~QbfMBCHN6AWoZYT3f3Kpqw==@com.google.android.gms-oHHfKXZhPUL0eAmwN3RZhw==@split_AdsDynamite_installtime.apk@classes.vdex does not exist.
03-12 09:13:48.766  2913  2913 I artd    : GetBestInfo checking odex next to the dex file (/data/app/~~QbfMBCHN6AWoZYT3f3Kpqw==/com.google.android.gms-oHHfKXZhPUL0eAmwN3RZhw==/oat/x86_64/split_AdsDynamite_installtime.odex)
03-12 09:13:48.766  2913  2913 I artd    : Loading /data/app/~~QbfMBCHN6AWoZYT3f3Kpqw==/com.google.android.gms-oHHfKXZhPUL0eAmwN3RZhw==/oat/x86_64/split_AdsDynamite_installtime.odex with executable: 0
03-12 09:13:48.767  2913  2913 I artd    : Successfully loaded /data/app/~~QbfMBCHN6AWoZYT3f3Kpqw==/com.google.android.gms-oHHfKXZhPUL0eAmwN3RZhw==/oat/x86_64/split_AdsDynamite_installtime.odex with executable: 0
03-12 09:13:48.767  2913  2913 I artd    : /data/app/~~QbfMBCHN6AWoZYT3f3Kpqw==/com.google.android.gms-oHHfKXZhPUL0eAmwN3RZhw==/oat/x86_64/split_AdsDynamite_installtime.odex is kOatUpToDate with filter speed
03-12 09:13:48.769  2913  2913 I artd    : Dex parent of /data/app/~~QbfMBCHN6AWoZYT3f3Kpqw==/com.google.android.gms-oHHfKXZhPUL0eAmwN3RZhw==/split_CronetDynamite_installtime.apk is not writable: Permission denied
03-12 09:13:48.769  2913  2913 I artd    : GetBestInfo checking odex in dalvik-cache (/data/dalvik-cache/x86_64/data@app@~~QbfMBCHN6AWoZYT3f3Kpqw==@com.google.android.gms-oHHfKXZhPUL0eAmwN3RZhw==@split_CronetDynamite_installtime.apk@classes.dex)
03-12 09:13:48.770  2913  2913 I artd    : Loading /data/dalvik-cache/x86_64/data@app@~~QbfMBCHN6AWoZYT3f3Kpqw==@com.google.android.gms-oHHfKXZhPUL0eAmwN3RZhw==@split_CronetDynamite_installtime.apk@classes.dex with executable: 0
03-12 09:13:48.771  2913  2913 I artd    : OatFileAssistant test for existing oat file /data/dalvik-cache/x86_64/data@app@~~QbfMBCHN6AWoZYT3f3Kpqw==@com.google.android.gms-oHHfKXZhPUL0eAmwN3RZhw==@split_CronetDynamite_installtime.apk@classes.dex: File /data/dalvik-cache/x86_64/data@app@~~QbfMBCHN6AWoZYT3f3Kpqw==@com.google.android.gms-oHHfKXZhPUL0eAmwN3RZhw==@split_CronetDynamite_installtime.apk@classes.vdex does not exist.
03-12 09:13:48.771  2913  2913 I artd    : GetBestInfo checking odex next to the dex file (/data/app/~~QbfMBCHN6AWoZYT3f3Kpqw==/com.google.android.gms-oHHfKXZhPUL0eAmwN3RZhw==/oat/x86_64/split_CronetDynamite_installtime.odex)
03-12 09:13:48.771  2913  2913 I artd    : Loading /data/app/~~QbfMBCHN6AWoZYT3f3Kpqw==/com.google.android.gms-oHHfKXZhPUL0eAmwN3RZhw==/oat/x86_64/split_CronetDynamite_installtime.odex with executable: 0
03-12 09:13:48.772  2913  2913 I artd    : Successfully loaded /data/app/~~QbfMBCHN6AWoZYT3f3Kpqw==/com.google.android.gms-oHHfKXZhPUL0eAmwN3RZhw==/oat/x86_64/split_CronetDynamite_installtime.odex with executable: 0
03-12 09:13:48.772  2913  2913 I artd    : /data/app/~~QbfMBCHN6AWoZYT3f3Kpqw==/com.google.android.gms-oHHfKXZhPUL0eAmwN3RZhw==/oat/x86_64/split_CronetDynamite_installtime.odex is kOatUpToDate with filter speed
03-12 09:13:48.775  2913  2928 I artd    : Dex parent of /data/app/~~QbfMBCHN6AWoZYT3f3Kpqw==/com.google.android.gms-oHHfKXZhPUL0eAmwN3RZhw==/split_DynamiteLoader_installtime.apk is not writable: Permission denied
03-12 09:13:48.775  2913  2928 I artd    : GetBestInfo checking odex in dalvik-cache (/data/dalvik-cache/x86_64/data@app@~~QbfMBCHN6AWoZYT3f3Kpqw==@com.google.android.gms-oHHfKXZhPUL0eAmwN3RZhw==@split_DynamiteLoader_installtime.apk@classes.dex)
03-12 09:13:48.775  2913  2928 I artd    : Loading /data/dalvik-cache/x86_64/data@app@~~QbfMBCHN6AWoZYT3f3Kpqw==@com.google.android.gms-oHHfKXZhPUL0eAmwN3RZhw==@split_DynamiteLoader_installtime.apk@classes.dex with executable: 0
03-12 09:13:48.775  2913  2928 I artd    : OatFileAssistant test for existing oat file /data/dalvik-cache/x86_64/data@app@~~QbfMBCHN6AWoZYT3f3Kpqw==@com.google.android.gms-oHHfKXZhPUL0eAmwN3RZhw==@split_DynamiteLoader_installtime.apk@classes.dex: File /data/dalvik-cache/x86_64/data@app@~~QbfMBCHN6AWoZYT3f3Kpqw==@com.google.android.gms-oHHfKXZhPUL0eAmwN3RZhw==@split_DynamiteLoader_installtime.apk@classes.vdex does not exist.
03-12 09:13:48.775  2913  2928 I artd    : GetBestInfo checking odex next to the dex file (/data/app/~~QbfMBCHN6AWoZYT3f3Kpqw==/com.google.android.gms-oHHfKXZhPUL0eAmwN3RZhw==/oat/x86_64/split_DynamiteLoader_installtime.odex)
03-12 09:13:48.775  2913  2928 I artd    : Loading /data/app/~~QbfMBCHN6AWoZYT3f3Kpqw==/com.google.android.gms-oHHfKXZhPUL0eAmwN3RZhw==/oat/x86_64/split_DynamiteLoader_installtime.odex with executable: 0
03-12 09:13:48.775  2913  2928 I artd    : Successfully loaded /data/app/~~QbfMBCHN6AWoZYT3f3Kpqw==/com.google.android.gms-oHHfKXZhPUL0eAmwN3RZhw==/oat/x86_64/split_DynamiteLoader_installtime.odex with executable: 0
03-12 09:13:48.775  2913  2928 I artd    : /data/app/~~QbfMBCHN6AWoZYT3f3Kpqw==/com.google.android.gms-oHHfKXZhPUL0eAmwN3RZhw==/oat/x86_64/split_DynamiteLoader_installtime.odex is kOatUpToDate with filter speed
03-12 09:13:48.777  2913  2928 I artd    : Dex parent of /data/app/~~QbfMBCHN6AWoZYT3f3Kpqw==/com.google.android.gms-oHHfKXZhPUL0eAmwN3RZhw==/split_DynamiteModulesA_installtime.apk is not writable: Permission denied
03-12 09:13:48.778  2913  2928 I artd    : GetBestInfo checking odex in dalvik-cache (/data/dalvik-cache/x86_64/data@app@~~QbfMBCHN6AWoZYT3f3Kpqw==@com.google.android.gms-oHHfKXZhPUL0eAmwN3RZhw==@split_DynamiteModulesA_installtime.apk@classes.dex)
03-12 09:13:48.778  2913  2928 I artd    : Loading /data/dalvik-cache/x86_64/data@app@~~QbfMBCHN6AWoZYT3f3Kpqw==@com.google.android.gms-oHHfKXZhPUL0eAmwN3RZhw==@split_DynamiteModulesA_installtime.apk@classes.dex with executable: 0
03-12 09:13:48.778  2913  2928 I artd    : OatFileAssistant test for existing oat file /data/dalvik-cache/x86_64/data@app@~~QbfMBCHN6AWoZYT3f3Kpqw==@com.google.android.gms-oHHfKXZhPUL0eAmwN3RZhw==@split_DynamiteModulesA_installtime.apk@classes.dex: File /data/dalvik-cache/x86_64/data@app@~~QbfMBCHN6AWoZYT3f3Kpqw==@com.google.android.gms-oHHfKXZhPUL0eAmwN3RZhw==@split_DynamiteModulesA_installtime.apk@classes.vdex does not exist.
03-12 09:13:48.778  2913  2928 I artd    : GetBestInfo checking odex next to the dex file (/data/app/~~QbfMBCHN6AWoZYT3f3Kpqw==/com.google.android.gms-oHHfKXZhPUL0eAmwN3RZhw==/oat/x86_64/split_DynamiteModulesA_installtime.odex)
03-12 09:13:48.779  2913  2928 I artd    : Loading /data/app/~~QbfMBCHN6AWoZYT3f3Kpqw==/com.google.android.gms-oHHfKXZhPUL0eAmwN3RZhw==/oat/x86_64/split_DynamiteModulesA_installtime.odex with executable: 0
03-12 09:13:48.780  2913  2928 I artd    : Successfully loaded /data/app/~~QbfMBCHN6AWoZYT3f3Kpqw==/com.google.android.gms-oHHfKXZhPUL0eAmwN3RZhw==/oat/x86_64/split_DynamiteModulesA_installtime.odex with executable: 0
03-12 09:13:48.781  2913  2928 I artd    : /data/app/~~QbfMBCHN6AWoZYT3f3Kpqw==/com.google.android.gms-oHHfKXZhPUL0eAmwN3RZhw==/oat/x86_64/split_DynamiteModulesA_installtime.odex is kOatUpToDate with filter speed
03-12 09:13:48.783  2913  2928 I artd    : Dex parent of /data/app/~~QbfMBCHN6AWoZYT3f3Kpqw==/com.google.android.gms-oHHfKXZhPUL0eAmwN3RZhw==/split_DynamiteModulesC_installtime.apk is not writable: Permission denied
03-12 09:13:48.783  2913  2928 I artd    : GetBestInfo checking odex in dalvik-cache (/data/dalvik-cache/x86_64/data@app@~~QbfMBCHN6AWoZYT3f3Kpqw==@com.google.android.gms-oHHfKXZhPUL0eAmwN3RZhw==@split_DynamiteModulesC_installtime.apk@classes.dex)
03-12 09:13:48.783  2913  2928 I artd    : Loading /data/dalvik-cache/x86_64/data@app@~~QbfMBCHN6AWoZYT3f3Kpqw==@com.google.android.gms-oHHfKXZhPUL0eAmwN3RZhw==@split_DynamiteModulesC_installtime.apk@classes.dex with executable: 0
03-12 09:13:48.783  2913  2928 I artd    : OatFileAssistant test for existing oat file /data/dalvik-cache/x86_64/data@app@~~QbfMBCHN6AWoZYT3f3Kpqw==@com.google.android.gms-oHHfKXZhPUL0eAmwN3RZhw==@split_DynamiteModulesC_installtime.apk@classes.dex: File /data/dalvik-cache/x86_64/data@app@~~QbfMBCHN6AWoZYT3f3Kpqw==@com.google.android.gms-oHHfKXZhPUL0eAmwN3RZhw==@split_DynamiteModulesC_installtime.apk@classes.vdex does not exist.
03-12 09:13:48.783  2913  2928 I artd    : GetBestInfo checking odex next to the dex file (/data/app/~~QbfMBCHN6AWoZYT3f3Kpqw==/com.google.android.gms-oHHfKXZhPUL0eAmwN3RZhw==/oat/x86_64/split_DynamiteModulesC_installtime.odex)
03-12 09:13:48.783  2913  2928 I artd    : Loading /data/app/~~QbfMBCHN6AWoZYT3f3Kpqw==/com.google.android.gms-oHHfKXZhPUL0eAmwN3RZhw==/oat/x86_64/split_DynamiteModulesC_installtime.odex with executable: 0
03-12 09:13:48.783  2913  2928 I artd    : Successfully loaded /data/app/~~QbfMBCHN6AWoZYT3f3Kpqw==/com.google.android.gms-oHHfKXZhPUL0eAmwN3RZhw==/oat/x86_64/split_DynamiteModulesC_installtime.odex with executable: 0
03-12 09:13:48.783  2913  2928 I artd    : /data/app/~~QbfMBCHN6AWoZYT3f3Kpqw==/com.google.android.gms-oHHfKXZhPUL0eAmwN3RZhw==/oat/x86_64/split_DynamiteModulesC_installtime.odex is kOatUpToDate with filter speed
03-12 09:13:48.786  2913  2928 I artd    : Dex parent of /data/app/~~QbfMBCHN6AWoZYT3f3Kpqw==/com.google.android.gms-oHHfKXZhPUL0eAmwN3RZhw==/split_GoogleCertificates_installtime.apk is not writable: Permission denied
03-12 09:13:48.788  2913  2928 I artd    : GetBestInfo checking odex in dalvik-cache (/data/dalvik-cache/x86_64/data@app@~~QbfMBCHN6AWoZYT3f3Kpqw==@com.google.android.gms-oHHfKXZhPUL0eAmwN3RZhw==@split_GoogleCertificates_installtime.apk@classes.dex)
03-12 09:13:48.788  2913  2928 I artd    : Loading /data/dalvik-cache/x86_64/data@app@~~QbfMBCHN6AWoZYT3f3Kpqw==@com.google.android.gms-oHHfKXZhPUL0eAmwN3RZhw==@split_GoogleCertificates_installtime.apk@classes.dex with executable: 0
03-12 09:13:48.788  2913  2928 I artd    : OatFileAssistant test for existing oat file /data/dalvik-cache/x86_64/data@app@~~QbfMBCHN6AWoZYT3f3Kpqw==@com.google.android.gms-oHHfKXZhPUL0eAmwN3RZhw==@split_GoogleCertificates_installtime.apk@classes.dex: File /data/dalvik-cache/x86_64/data@app@~~QbfMBCHN6AWoZYT3f3Kpqw==@com.google.android.gms-oHHfKXZhPUL0eAmwN3RZhw==@split_GoogleCertificates_installtime.apk@classes.vdex does not exist.
03-12 09:13:48.788  2913  2928 I artd    : GetBestInfo checking odex next to the dex file (/data/app/~~QbfMBCHN6AWoZYT3f3Kpqw==/com.google.android.gms-oHHfKXZhPUL0eAmwN3RZhw==/oat/x86_64/split_GoogleCertificates_installtime.odex)
03-12 09:13:48.788  2913  2928 I artd    : Loading /data/app/~~QbfMBCHN6AWoZYT3f3Kpqw==/com.google.android.gms-oHHfKXZhPUL0eAmwN3RZhw==/oat/x86_64/split_GoogleCertificates_installtime.odex with executable: 0
03-12 09:13:48.789  2913  2928 I artd    : Successfully loaded /data/app/~~QbfMBCHN6AWoZYT3f3Kpqw==/com.google.android.gms-oHHfKXZhPUL0eAmwN3RZhw==/oat/x86_64/split_GoogleCertificates_installtime.odex with executable: 0
03-12 09:13:48.789  2913  2928 I artd    : /data/app/~~QbfMBCHN6AWoZYT3f3Kpqw==/com.google.android.gms-oHHfKXZhPUL0eAmwN3RZhw==/oat/x86_64/split_GoogleCertificates_installtime.odex is kOatUpToDate with filter speed
03-12 09:13:48.791  2913  2928 I artd    : Dex parent of /data/app/~~QbfMBCHN6AWoZYT3f3Kpqw==/com.google.android.gms-oHHfKXZhPUL0eAmwN3RZhw==/split_MapsDynamite_installtime.apk is not writable: Permission denied
03-12 09:13:48.791  2913  2928 I artd    : GetBestInfo checking odex in dalvik-cache (/data/dalvik-cache/x86_64/data@app@~~QbfMBCHN6AWoZYT3f3Kpqw==@com.google.android.gms-oHHfKXZhPUL0eAmwN3RZhw==@split_MapsDynamite_installtime.apk@classes.dex)
03-12 09:13:48.791  2913  2928 I artd    : Loading /data/dalvik-cache/x86_64/data@app@~~QbfMBCHN6AWoZYT3f3Kpqw==@com.google.android.gms-oHHfKXZhPUL0eAmwN3RZhw==@split_MapsDynamite_installtime.apk@classes.dex with executable: 0
03-12 09:13:48.791  2913  2928 I artd    : OatFileAssistant test for existing oat file /data/dalvik-cache/x86_64/data@app@~~QbfMBCHN6AWoZYT3f3Kpqw==@com.google.android.gms-oHHfKXZhPUL0eAmwN3RZhw==@split_MapsDynamite_installtime.apk@classes.dex: File /data/dalvik-cache/x86_64/data@app@~~QbfMBCHN6AWoZYT3f3Kpqw==@com.google.android.gms-oHHfKXZhPUL0eAmwN3RZhw==@split_MapsDynamite_installtime.apk@classes.vdex does not exist.
03-12 09:13:48.791  2913  2928 I artd    : GetBestInfo checking odex next to the dex file (/data/app/~~QbfMBCHN6AWoZYT3f3Kpqw==/com.google.android.gms-oHHfKXZhPUL0eAmwN3RZhw==/oat/x86_64/split_MapsDynamite_installtime.odex)
03-12 09:13:48.791  2913  2928 I artd    : Loading /data/app/~~QbfMBCHN6AWoZYT3f3Kpqw==/com.google.android.gms-oHHfKXZhPUL0eAmwN3RZhw==/oat/x86_64/split_MapsDynamite_installtime.odex with executable: 0
