03-12 09:13:36.884  1218  4500 I HandwritingOnlineSuperpacks: HandwritingOnlineSuperpacks.lambda$syncInternal$1():204 syncInternal(): syncing packs
03-12 09:13:36.885  1218  4500 I HandwritingOnlineSuperpacks: HandwritingOnlineSuperpacks$3.onSyncSuccess():252 syncInternal(): complete {old=[en_us_20230613_compact_fst_zip, pack_mapping_v1_lstm_20231127, qrnn_en_us_reco_20231010_fst_20230613_recospec_zip, scribe_latin_20231123_recospec_zip, scribe_latin_20231123_tflite_zip, transformer_latin_conf_tflite_20231010_zip, transformer_latin_seg_tflite_20231010_zip, transformer_latin_tflite_20231010_zip], new=[en_us_20230613_compact_fst_zip, pack_mapping_v1_lstm_20231127, qrnn_en_us_reco_20231010_fst_20230613_recospec_zip, scribe_latin_20231123_recospec_zip, scribe_latin_20231123_tflite_zip, transformer_latin_conf_tflite_20231010_zip, transformer_latin_seg_tflite_20231010_zip, transformer_latin_tflite_20231010_zip], metadata=false, last batch=true}
03-12 09:13:36.886  1218  4502 E HandwritingSuperpacksUtil: HandwritingSuperpacksUtil.getPackMappingPackName():40 No pack mapping pack found in []
03-12 09:13:36.886  1218  4502 I HandwritingSuperpacks: HandwritingSuperpacks.lambda$reloadCache$0():237 updatePackMappingsCache(): pack mapping pack unavailable [OFFLINE]
03-12 09:13:37.011  4478  4478 I ALBARAN_OCR: Azure DocInt mode enabled baseUrl=http://127.0.0.1:7071
03-12 09:13:37.076  4478  4478 D Capacitor: Registering plugin instance: FileOpener
03-12 09:13:37.077  4478  4478 D Capacitor: Registering plugin instance: SpeechRecognition
03-12 09:13:37.078  4478  4478 D Capacitor: Registering plugin instance: App
03-12 09:13:37.080  4478  4478 D Capacitor: Registering plugin instance: Browser
03-12 09:13:37.083  4478  4478 D Capacitor: Registering plugin instance: Camera
03-12 09:13:37.085  4478  4478 D Capacitor: Registering plugin instance: Filesystem
03-12 09:13:37.087  4478  4478 D Capacitor: Registering plugin instance: Geolocation
03-12 09:13:37.094  1101  1101 D BoundBrokerSvc: onRebind: Intent { act=com.google.android.gms.common.telemetry.service.START dat=chimera-action:/... cmp=com.google.android.gms/.chimera.PersistentApiService }
03-12 09:13:37.124  4478  4478 D Capacitor: Registering plugin instance: Preferences
03-12 09:13:37.128  4478  4478 D Capacitor: Registering plugin instance: Share
03-12 09:13:37.130  4478  4478 D Capacitor: Registering plugin instance: SplashScreen
03-12 09:13:37.201  4478  4478 W Capacitor: Unable to read file at path public/plugins
03-12 09:13:37.206  4478  4478 D Capacitor: Loading app at http://localhost
03-12 09:13:37.468  4478  4555 W cr_media: BLUETOOTH_CONNECT permission is missing.
03-12 09:13:37.470  4478  4573 I EGL_emulation: Opening libGLESv1_CM_emulation.so
03-12 09:13:37.472  4478  4555 W cr_media: registerBluetoothIntentsIfNeeded: Requires BLUETOOTH permission
03-12 09:13:37.473  4478  4573 I EGL_emulation: Opening libGLESv2_emulation.so
03-12 09:13:37.489  4478  4478 D Capacitor: App started
03-12 09:13:37.491  4478  4478 W WindowOnBackDispatcher: OnBackInvokedCallback is not enabled for the application.
03-12 09:13:37.491  4478  4478 W WindowOnBackDispatcher: Set 'android:enableOnBackInvokedCallback="true"' in the application manifest.
03-12 09:13:37.492  4478  4478 D Capacitor/AppPlugin: Firing change: true
03-12 09:13:37.493  4478  4478 V Capacitor/AppPlugin: Notifying listeners for event appStateChange
03-12 09:13:37.493  4478  4478 D Capacitor/AppPlugin: No listeners found for event appStateChange
03-12 09:13:37.497  4538  4562 I cr_LibraryLoader: Successfully loaded native library
03-12 09:13:37.498  4538  4562 I cr_CachingUmaRecorder: Flushed 2 samples from 2 histograms, 0 samples were dropped.
03-12 09:13:37.498  4478  4478 V Capacitor/BrowserPlugin: Notifying listeners for event browserFinished
03-12 09:13:37.498  4478  4478 D Capacitor/BrowserPlugin: No listeners found for event browserFinished
03-12 09:13:37.499  4478  4478 D Capacitor: App resumed
03-12 09:13:37.504  4538  4562 W SystemServiceRegistry: No service published for: uimode
03-12 09:13:37.505  4478  4478 W HWUI    : Unknown dataspace 0
03-12 09:13:37.510  4538  4562 W chromium: [WARNING:runtime_features.cc(694)] SharedStorage for M118+ cannot be enabled in this configuration. Use --enable-features=SharedStorageAPI,SharedStorageAPIM118 in addition.
03-12 09:13:37.510  4538  4562 W chromium: [WARNING:runtime_features.cc(730)] AttributionReportingCrossAppWeb cannot be enabled in this configuration. Use --enable-features=ConversionMeasurement,AttributionReportingCrossAppWeb in addition.
03-12 09:13:37.521  4478  4540 D Capacitor: Handling local request: http://localhost/
03-12 09:13:37.539  1101  2035 I FontLog : (REDACTED) Received query %s, URI %s
03-12 09:13:37.539  1101  2035 I FontLog : (REDACTED) Query [%s] resolved to %s
03-12 09:13:37.552  1101  2035 I FontLog : (REDACTED) Font PFD returned from cache for %s
03-12 09:13:37.553  1101  2035 I FontLog : (REDACTED) Fetch %s end status %s
03-12 09:13:37.580   582  3761 D CoreBackPreview: Window{4529295 u0 com.partesdetrabajo.app/com.partesdetrabajo.app.MainActivity}: Setting back callback OnBackInvokedCallbackInfo{mCallback=android.window.IOnBackInvokedCallback$Stub$Proxy@9e2b550, mPriority=0, mIsAnimationCallback=false}
03-12 09:13:37.583  1101  2035 I FontLog : (REDACTED) Pulling font file for id = %d, cache size = %d
03-12 09:13:37.589  4478  4540 D Capacitor: Handling local request: http://localhost/assets/index-CHPTDGsH.js
03-12 09:13:37.596  1101  1219 I FontLog : (REDACTED) Received query %s, URI %s
03-12 09:13:37.597  4478  4550 D Capacitor: Handling local request: http://localhost/assets/pdf-vendor-BPlhiaOl.js
03-12 09:13:37.599  4478  4512 W HWUI    : Failed to initialize 101010-2 format, error = EGL_SUCCESS
03-12 09:13:37.602  1101  1219 I FontLog : (REDACTED) Query [%s] resolved to %s
03-12 09:13:37.605  4478  4553 D Capacitor: Handling local request: http://localhost/assets/capacitor-vendor-C4OV8TSt.js
03-12 09:13:37.608  1101  1219 I FontLog : (REDACTED) Fetch %s end status %s
03-12 09:13:37.636  1101  1219 I FontLog : (REDACTED) Pulling font file for id = %d, cache size = %d
03-12 09:13:37.638   173   173 I hwservicemanager: getTransport: Cannot find entry android.hardware.graphics.mapper@4.0::IMapper/default in either framework or device VINTF manifest.
03-12 09:13:37.641  4478  4512 I Gralloc4: mapper 4.x is not supported
03-12 09:13:37.643  4538  4562 I chromium: [INFO:viewport_data.cc(133)] E2E_Used ViewportFitCover
03-12 09:13:37.670  1101  1219 I FontLog : (REDACTED) Received query %s, URI %s
03-12 09:13:37.672  1101  1219 I FontLog : (REDACTED) Query [%s] resolved to %s
03-12 09:13:37.680  1101  1219 I FontLog : (REDACTED) Font PFD returned from cache for %s
03-12 09:13:37.680  1101  1219 I FontLog : (REDACTED) Fetch %s end status %s
03-12 09:13:37.686  1101  2035 I FontLog : (REDACTED) Pulling font file for id = %d, cache size = %d
03-12 09:13:37.699  1101  2035 I FontLog : (REDACTED) Received query %s, URI %s
03-12 09:13:37.699  1101  2035 I FontLog : (REDACTED) Query [%s] resolved to %s
03-12 09:13:37.700  1101  2035 I FontLog : (REDACTED) Font PFD returned from cache for %s
03-12 09:13:37.700  1101  2035 I FontLog : (REDACTED) Fetch %s end status %s
03-12 09:13:37.704  1101  2035 I FontLog : (REDACTED) Pulling font file for id = %d, cache size = %d
03-12 09:13:37.759   582   606 W ziparchive: Unable to open '/data/app/~~ov01juCzioxofzykiLGDXg==/com.partesdetrabajo.app-uYnBmv9jbvRDlw-36MTMzw==/base.dm': No such file or directory
03-12 09:13:37.761   582   606 I ActivityTaskManager: Displayed com.partesdetrabajo.app/.MainActivity for user 0: +3s348ms
03-12 09:13:37.782  4478  4478 I Capacitor/SpeechRecognition: Instantiated SpeechRecognizer in load()
03-12 09:13:37.846   830   878 D EGL_emulation: app_time_stats: avg=1050.21ms min=37.60ms max=2062.81ms count=2
03-12 09:13:37.850  1012  1012 D BaseDepthController: setSurface:
03-12 09:13:37.850  1012  1012 D BaseDepthController: 	mWaitingOnSurfaceValidity: false
03-12 09:13:37.850  1012  1012 D BaseDepthController: 	mSurface: null
03-12 09:13:37.850  1012  1012 D BaseDepthController: mSurface is null and mCurrentBlur is: 0
03-12 09:13:37.851  1012  1012 D StateManager: goToState - fromState: Normal, toState: Normal, partial trace:
03-12 09:13:37.851  1012  1012 D StateManager: 	at com.android.launcher3.statemanager.StateManager.moveToRestState(go/retraceme 6880898d8cae178d08f8c6e9adec44ea003840882148de9d3f2387cda32e2ac9:4)
03-12 09:13:37.851  1012  1012 D StateManager: 	at com.android.launcher3.statemanager.StateManager.moveToRestState(go/retraceme 6880898d8cae178d08f8c6e9adec44ea003840882148de9d3f2387cda32e2ac9:1)
03-12 09:13:37.851  1012  1012 D StateManager: 	at com.android.launcher3.statemanager.StatefulActivity.onStop(go/retraceme 6880898d8cae178d08f8c6e9adec44ea003840882148de9d3f2387cda32e2ac9:34)
03-12 09:13:37.851  1012  1012 D StatsLog: LAUNCHER_ONSTOP
03-12 09:13:37.852  1012  1451 D OneSearchSuggestProvider: Shut down the binder channel
03-12 09:13:37.852  1012  1012 D StatsLog: LAUNCHER_GOOGLE_SEARCH_RESTORE_LIST_SIZE_AFTER_ACTIVITY_RESTART
03-12 09:13:37.858   582   703 I ImeTracker: com.partesdetrabajo.app:58cc218e: onRequestHide at ORIGIN_SERVER reason HIDE_UNSPECIFIED_WINDOW fromUser false
03-12 09:13:37.858   582   703 I ImeTracker: com.partesdetrabajo.app:58cc218e: onCancelled at PHASE_SERVER_SHOULD_HIDE
03-12 09:13:37.859  1012  1043 I IPCThreadState: oneway function results for code 2 on binder at 0x7449fb3b3b40 will be dropped but finished with status UNKNOWN_TRANSACTION
03-12 09:13:37.863  1218  1218 I GoogleInputMethodService: GoogleInputMethodService.onFinishInput():3157 
03-12 09:13:37.867  1218  1218 I GoogleInputMethodService: GoogleInputMethodService.updateDeviceLockedStatus():2248 repeatCheckTimes = 0, locked = false
03-12 09:13:37.867  1218  1218 I GoogleInputMethodService: GoogleInputMethodService.onStartInput():1986 onStartInput(EditorInfo{EditorInfo{packageName=com.partesdetrabajo.app, inputType=0, inputTypeString=NULL, enableLearning=false, autoCorrection=false, autoComplete=false, imeOptions=12000000, privateImeOptions=null, actionName=UNSPECIFIED, actionLabel=null, initialSelStart=-1, initialSelEnd=-1, initialCapsMode=0, label=null, fieldId=0, fieldName=null, extras=null, hintText=null, hintLocales=[]}}, false)
03-12 09:13:37.867  1218  1218 I GoogleInputMethodService: GoogleInputMethodService.updateDeviceLockedStatus():2248 repeatCheckTimes = 1, locked = false
03-12 09:13:37.867  1218  1218 I AndroidIME: InputBundleManager.loadActiveInputBundleId():450 loadActiveInputBundleId: und-Latn-x-password, password
03-12 09:13:37.868   582  3761 W PackageConfigPersister: App-specific configuration not found for packageName: com.partesdetrabajo.app and userId: 0
03-12 09:13:38.115  1388  4450 W A       : (REDACTED) [%s] response code: %d
03-12 09:13:38.172  4478  4540 D Capacitor: Handling local request: http://localhost/assets/main-DQPsmcHE.js
03-12 09:13:38.173  4478  4541 D Capacitor: Handling local request: http://localhost/assets/radix-vendor-DtsyXmqv.js
03-12 09:13:38.175  4478  4540 D Capacitor: Handling local request: http://localhost/assets/react-vendor-CyZVTyUY.js
03-12 09:13:38.178  4478  4541 D Capacitor: Handling local request: http://localhost/assets/charts-vendor-Dua-14fb.js
03-12 09:13:38.198  4478  4541 D Capacitor: Handling local request: http://localhost/assets/icons-vendor-CULf3g0i.js
03-12 09:13:38.199  4478  4541 D Capacitor: Handling local request: http://localhost/assets/excel-vendor-omiUEQN2.js
03-12 09:13:38.200  4478  4541 D Capacitor: Handling local request: http://localhost/assets/query-vendor-BFIBw4L4.js
03-12 09:13:38.234  4478  4540 D Capacitor: Handling local request: http://localhost/assets/i18n-vendor-CdjCG9R-.js
03-12 09:13:38.235  4478  4541 D Capacitor: Handling local request: http://localhost/assets/main-CvxFfV-k.css
03-12 09:13:38.247   830   865 W WindowOnBackDispatcher: sendCancelIfRunning: isInProgress=false callback=android.view.ViewRootImpl$$ExternalSyntheticLambda11@b2c7408
03-12 09:13:38.247   582  3761 W InputManager-JNI: Input channel object 'cd4b436 Splash Screen com.partesdetrabajo.app (client)' was disposed without first being removed with the input manager!
03-12 09:13:38.250   582   602 D CoreBackPreview: Window{cd4b436 u0 Splash Screen com.partesdetrabajo.app EXITING}: Setting back callback null
03-12 09:13:38.473   582  1316 E TaskPersister: File error accessing recents directory (directory doesn't exist?).
03-12 09:13:38.473  2913  2913 I artd    : Dex parent of /data/app/~~QbfMBCHN6AWoZYT3f3Kpqw==/com.google.android.gms-oHHfKXZhPUL0eAmwN3RZhw==/base.apk is not writable: Permission denied
03-12 09:13:38.473  2913  2913 I artd    : GetBestInfo checking odex in dalvik-cache (/data/dalvik-cache/x86_64/data@app@~~QbfMBCHN6AWoZYT3f3Kpqw==@com.google.android.gms-oHHfKXZhPUL0eAmwN3RZhw==@base.apk@classes.dex)
03-12 09:13:38.473  2913  2913 I artd    : Loading /data/dalvik-cache/x86_64/data@app@~~QbfMBCHN6AWoZYT3f3Kpqw==@com.google.android.gms-oHHfKXZhPUL0eAmwN3RZhw==@base.apk@classes.dex with executable: 0
03-12 09:13:38.473  2913  2913 I artd    : OatFileAssistant test for existing oat file /data/dalvik-cache/x86_64/data@app@~~QbfMBCHN6AWoZYT3f3Kpqw==@com.google.android.gms-oHHfKXZhPUL0eAmwN3RZhw==@base.apk@classes.dex: File /data/dalvik-cache/x86_64/data@app@~~QbfMBCHN6AWoZYT3f3Kpqw==@com.google.android.gms-oHHfKXZhPUL0eAmwN3RZhw==@base.apk@classes.vdex does not exist.
03-12 09:13:38.473  2913  2913 I artd    : GetBestInfo checking odex next to the dex file (/data/app/~~QbfMBCHN6AWoZYT3f3Kpqw==/com.google.android.gms-oHHfKXZhPUL0eAmwN3RZhw==/oat/x86_64/base.odex)
03-12 09:13:38.473  2913  2913 I artd    : Loading /data/app/~~QbfMBCHN6AWoZYT3f3Kpqw==/com.google.android.gms-oHHfKXZhPUL0eAmwN3RZhw==/oat/x86_64/base.odex with executable: 0
03-12 09:13:38.474  2913  2913 I artd    : Successfully loaded /data/app/~~QbfMBCHN6AWoZYT3f3Kpqw==/com.google.android.gms-oHHfKXZhPUL0eAmwN3RZhw==/oat/x86_64/base.odex with executable: 0
03-12 09:13:38.474  2913  2913 I artd    : /data/app/~~QbfMBCHN6AWoZYT3f3Kpqw==/com.google.android.gms-oHHfKXZhPUL0eAmwN3RZhw==/oat/x86_64/base.odex is kOatUpToDate with filter speed-profile
03-12 09:13:38.477  2913  2913 I artd    : Dex parent of /data/app/~~QbfMBCHN6AWoZYT3f3Kpqw==/com.google.android.gms-oHHfKXZhPUL0eAmwN3RZhw==/split_AdsDynamite_installtime.apk is not writable: Permission denied
03-12 09:13:38.477  2913  2913 I artd    : GetBestInfo checking odex in dalvik-cache (/data/dalvik-cache/x86_64/data@app@~~QbfMBCHN6AWoZYT3f3Kpqw==@com.google.android.gms-oHHfKXZhPUL0eAmwN3RZhw==@split_AdsDynamite_installtime.apk@classes.dex)
03-12 09:13:38.478  2913  2913 I artd    : Loading /data/dalvik-cache/x86_64/data@app@~~QbfMBCHN6AWoZYT3f3Kpqw==@com.google.android.gms-oHHfKXZhPUL0eAmwN3RZhw==@split_AdsDynamite_installtime.apk@classes.dex with executable: 0
03-12 09:13:38.478  2913  2913 I artd    : OatFileAssistant test for existing oat file /data/dalvik-cache/x86_64/data@app@~~QbfMBCHN6AWoZYT3f3Kpqw==@com.google.android.gms-oHHfKXZhPUL0eAmwN3RZhw==@split_AdsDynamite_installtime.apk@classes.dex: File /data/dalvik-cache/x86_64/data@app@~~QbfMBCHN6AWoZYT3f3Kpqw==@com.google.android.gms-oHHfKXZhPUL0eAmwN3RZhw==@split_AdsDynamite_installtime.apk@classes.vdex does not exist.
03-12 09:13:38.478  2913  2913 I artd    : GetBestInfo checking odex next to the dex file (/data/app/~~QbfMBCHN6AWoZYT3f3Kpqw==/com.google.android.gms-oHHfKXZhPUL0eAmwN3RZhw==/oat/x86_64/split_AdsDynamite_installtime.odex)
03-12 09:13:38.478  2913  2913 I artd    : Loading /data/app/~~QbfMBCHN6AWoZYT3f3Kpqw==/com.google.android.gms-oHHfKXZhPUL0eAmwN3RZhw==/oat/x86_64/split_AdsDynamite_installtime.odex with executable: 0
03-12 09:13:38.480  2913  2913 I artd    : Successfully loaded /data/app/~~QbfMBCHN6AWoZYT3f3Kpqw==/com.google.android.gms-oHHfKXZhPUL0eAmwN3RZhw==/oat/x86_64/split_AdsDynamite_installtime.odex with executable: 0
03-12 09:13:38.481  2913  2913 I artd    : /data/app/~~QbfMBCHN6AWoZYT3f3Kpqw==/com.google.android.gms-oHHfKXZhPUL0eAmwN3RZhw==/oat/x86_64/split_AdsDynamite_installtime.odex is kOatUpToDate with filter speed
03-12 09:13:38.486  2913  2913 I artd    : Dex parent of /data/app/~~QbfMBCHN6AWoZYT3f3Kpqw==/com.google.android.gms-oHHfKXZhPUL0eAmwN3RZhw==/split_CronetDynamite_installtime.apk is not writable: Permission denied
03-12 09:13:38.487  2913  2913 I artd    : GetBestInfo checking odex in dalvik-cache (/data/dalvik-cache/x86_64/data@app@~~QbfMBCHN6AWoZYT3f3Kpqw==@com.google.android.gms-oHHfKXZhPUL0eAmwN3RZhw==@split_CronetDynamite_installtime.apk@classes.dex)
03-12 09:13:38.487  2913  2913 I artd    : Loading /data/dalvik-cache/x86_64/data@app@~~QbfMBCHN6AWoZYT3f3Kpqw==@com.google.android.gms-oHHfKXZhPUL0eAmwN3RZhw==@split_CronetDynamite_installtime.apk@classes.dex with executable: 0
03-12 09:13:38.487  2913  2913 I artd    : OatFileAssistant test for existing oat file /data/dalvik-cache/x86_64/data@app@~~QbfMBCHN6AWoZYT3f3Kpqw==@com.google.android.gms-oHHfKXZhPUL0eAmwN3RZhw==@split_CronetDynamite_installtime.apk@classes.dex: File /data/dalvik-cache/x86_64/data@app@~~QbfMBCHN6AWoZYT3f3Kpqw==@com.google.android.gms-oHHfKXZhPUL0eAmwN3RZhw==@split_CronetDynamite_installtime.apk@classes.vdex does not exist.
03-12 09:13:38.487  2913  2913 I artd    : GetBestInfo checking odex next to the dex file (/data/app/~~QbfMBCHN6AWoZYT3f3Kpqw==/com.google.android.gms-oHHfKXZhPUL0eAmwN3RZhw==/oat/x86_64/split_CronetDynamite_installtime.odex)
03-12 09:13:38.487  2913  2913 I artd    : Loading /data/app/~~QbfMBCHN6AWoZYT3f3Kpqw==/com.google.android.gms-oHHfKXZhPUL0eAmwN3RZhw==/oat/x86_64/split_CronetDynamite_installtime.odex with executable: 0
03-12 09:13:38.488  2913  2913 I artd    : Successfully loaded /data/app/~~QbfMBCHN6AWoZYT3f3Kpqw==/com.google.android.gms-oHHfKXZhPUL0eAmwN3RZhw==/oat/x86_64/split_CronetDynamite_installtime.odex with executable: 0
03-12 09:13:38.488  2913  2913 I artd    : /data/app/~~QbfMBCHN6AWoZYT3f3Kpqw==/com.google.android.gms-oHHfKXZhPUL0eAmwN3RZhw==/oat/x86_64/split_CronetDynamite_installtime.odex is kOatUpToDate with filter speed
03-12 09:13:38.489  2913  2913 I artd    : Dex parent of /data/app/~~QbfMBCHN6AWoZYT3f3Kpqw==/com.google.android.gms-oHHfKXZhPUL0eAmwN3RZhw==/split_DynamiteLoader_installtime.apk is not writable: Permission denied
03-12 09:13:38.489  2913  2913 I artd    : GetBestInfo checking odex in dalvik-cache (/data/dalvik-cache/x86_64/data@app@~~QbfMBCHN6AWoZYT3f3Kpqw==@com.google.android.gms-oHHfKXZhPUL0eAmwN3RZhw==@split_DynamiteLoader_installtime.apk@classes.dex)
03-12 09:13:38.489  2913  2913 I artd    : Loading /data/dalvik-cache/x86_64/data@app@~~QbfMBCHN6AWoZYT3f3Kpqw==@com.google.android.gms-oHHfKXZhPUL0eAmwN3RZhw==@split_DynamiteLoader_installtime.apk@classes.dex with executable: 0
03-12 09:13:38.489  2913  2913 I artd    : OatFileAssistant test for existing oat file /data/dalvik-cache/x86_64/data@app@~~QbfMBCHN6AWoZYT3f3Kpqw==@com.google.android.gms-oHHfKXZhPUL0eAmwN3RZhw==@split_DynamiteLoader_installtime.apk@classes.dex: File /data/dalvik-cache/x86_64/data@app@~~QbfMBCHN6AWoZYT3f3Kpqw==@com.google.android.gms-oHHfKXZhPUL0eAmwN3RZhw==@split_DynamiteLoader_installtime.apk@classes.vdex does not exist.
03-12 09:13:38.489  2913  2913 I artd    : GetBestInfo checking odex next to the dex file (/data/app/~~QbfMBCHN6AWoZYT3f3Kpqw==/com.google.android.gms-oHHfKXZhPUL0eAmwN3RZhw==/oat/x86_64/split_DynamiteLoader_installtime.odex)
03-12 09:13:38.490  2913  2913 I artd    : Loading /data/app/~~QbfMBCHN6AWoZYT3f3Kpqw==/com.google.android.gms-oHHfKXZhPUL0eAmwN3RZhw==/oat/x86_64/split_DynamiteLoader_installtime.odex with executable: 0
03-12 09:13:38.490  2913  2913 I artd    : Successfully loaded /data/app/~~QbfMBCHN6AWoZYT3f3Kpqw==/com.google.android.gms-oHHfKXZhPUL0eAmwN3RZhw==/oat/x86_64/split_DynamiteLoader_installtime.odex with executable: 0
03-12 09:13:38.491  2913  2913 I artd    : /data/app/~~QbfMBCHN6AWoZYT3f3Kpqw==/com.google.android.gms-oHHfKXZhPUL0eAmwN3RZhw==/oat/x86_64/split_DynamiteLoader_installtime.odex is kOatUpToDate with filter speed
03-12 09:13:38.494  2913  2913 I artd    : Dex parent of /data/app/~~QbfMBCHN6AWoZYT3f3Kpqw==/com.google.android.gms-oHHfKXZhPUL0eAmwN3RZhw==/split_DynamiteModulesA_installtime.apk is not writable: Permission denied
03-12 09:13:38.494  2913  2913 I artd    : GetBestInfo checking odex in dalvik-cache (/data/dalvik-cache/x86_64/data@app@~~QbfMBCHN6AWoZYT3f3Kpqw==@com.google.android.gms-oHHfKXZhPUL0eAmwN3RZhw==@split_DynamiteModulesA_installtime.apk@classes.dex)
03-12 09:13:38.494  2913  2913 I artd    : Loading /data/dalvik-cache/x86_64/data@app@~~QbfMBCHN6AWoZYT3f3Kpqw==@com.google.android.gms-oHHfKXZhPUL0eAmwN3RZhw==@split_DynamiteModulesA_installtime.apk@classes.dex with executable: 0
03-12 09:13:38.494  2913  2913 I artd    : OatFileAssistant test for existing oat file /data/dalvik-cache/x86_64/data@app@~~QbfMBCHN6AWoZYT3f3Kpqw==@com.google.android.gms-oHHfKXZhPUL0eAmwN3RZhw==@split_DynamiteModulesA_installtime.apk@classes.dex: File /data/dalvik-cache/x86_64/data@app@~~QbfMBCHN6AWoZYT3f3Kpqw==@com.google.android.gms-oHHfKXZhPUL0eAmwN3RZhw==@split_DynamiteModulesA_installtime.apk@classes.vdex does not exist.
03-12 09:13:38.494  2913  2913 I artd    : GetBestInfo checking odex next to the dex file (/data/app/~~QbfMBCHN6AWoZYT3f3Kpqw==/com.google.android.gms-oHHfKXZhPUL0eAmwN3RZhw==/oat/x86_64/split_DynamiteModulesA_installtime.odex)
03-12 09:13:38.494  2913  2913 I artd    : Loading /data/app/~~QbfMBCHN6AWoZYT3f3Kpqw==/com.google.android.gms-oHHfKXZhPUL0eAmwN3RZhw==/oat/x86_64/split_DynamiteModulesA_installtime.odex with executable: 0
03-12 09:13:38.495  2913  2913 I artd    : Successfully loaded /data/app/~~QbfMBCHN6AWoZYT3f3Kpqw==/com.google.android.gms-oHHfKXZhPUL0eAmwN3RZhw==/oat/x86_64/split_DynamiteModulesA_installtime.odex with executable: 0
03-12 09:13:38.495  2913  2913 I artd    : /data/app/~~QbfMBCHN6AWoZYT3f3Kpqw==/com.google.android.gms-oHHfKXZhPUL0eAmwN3RZhw==/oat/x86_64/split_DynamiteModulesA_installtime.odex is kOatUpToDate with filter speed
03-12 09:13:38.497  2913  2913 I artd    : Dex parent of /data/app/~~QbfMBCHN6AWoZYT3f3Kpqw==/com.google.android.gms-oHHfKXZhPUL0eAmwN3RZhw==/split_DynamiteModulesC_installtime.apk is not writable: Permission denied
03-12 09:13:38.497  2913  2913 I artd    : GetBestInfo checking odex in dalvik-cache (/data/dalvik-cache/x86_64/data@app@~~QbfMBCHN6AWoZYT3f3Kpqw==@com.google.android.gms-oHHfKXZhPUL0eAmwN3RZhw==@split_DynamiteModulesC_installtime.apk@classes.dex)
03-12 09:13:38.497  2913  2913 I artd    : Loading /data/dalvik-cache/x86_64/data@app@~~QbfMBCHN6AWoZYT3f3Kpqw==@com.google.android.gms-oHHfKXZhPUL0eAmwN3RZhw==@split_DynamiteModulesC_installtime.apk@classes.dex with executable: 0
03-12 09:13:38.497  2913  2913 I artd    : OatFileAssistant test for existing oat file /data/dalvik-cache/x86_64/data@app@~~QbfMBCHN6AWoZYT3f3Kpqw==@com.google.android.gms-oHHfKXZhPUL0eAmwN3RZhw==@split_DynamiteModulesC_installtime.apk@classes.dex: File /data/dalvik-cache/x86_64/data@app@~~QbfMBCHN6AWoZYT3f3Kpqw==@com.google.android.gms-oHHfKXZhPUL0eAmwN3RZhw==@split_DynamiteModulesC_installtime.apk@classes.vdex does not exist.
03-12 09:13:38.497  2913  2913 I artd    : GetBestInfo checking odex next to the dex file (/data/app/~~QbfMBCHN6AWoZYT3f3Kpqw==/com.google.android.gms-oHHfKXZhPUL0eAmwN3RZhw==/oat/x86_64/split_DynamiteModulesC_installtime.odex)
03-12 09:13:38.497  2913  2913 I artd    : Loading /data/app/~~QbfMBCHN6AWoZYT3f3Kpqw==/com.google.android.gms-oHHfKXZhPUL0eAmwN3RZhw==/oat/x86_64/split_DynamiteModulesC_installtime.odex with executable: 0
03-12 09:13:38.497  2913  2913 I artd    : Successfully loaded /data/app/~~QbfMBCHN6AWoZYT3f3Kpqw==/com.google.android.gms-oHHfKXZhPUL0eAmwN3RZhw==/oat/x86_64/split_DynamiteModulesC_installtime.odex with executable: 0
03-12 09:13:38.497  2913  2913 I artd    : /data/app/~~QbfMBCHN6AWoZYT3f3Kpqw==/com.google.android.gms-oHHfKXZhPUL0eAmwN3RZhw==/oat/x86_64/split_DynamiteModulesC_installtime.odex is kOatUpToDate with filter speed
03-12 09:13:38.499  2913  2913 I artd    : Dex parent of /data/app/~~QbfMBCHN6AWoZYT3f3Kpqw==/com.google.android.gms-oHHfKXZhPUL0eAmwN3RZhw==/split_GoogleCertificates_installtime.apk is not writable: Permission denied
03-12 09:13:38.499  2913  2913 I artd    : GetBestInfo checking odex in dalvik-cache (/data/dalvik-cache/x86_64/data@app@~~QbfMBCHN6AWoZYT3f3Kpqw==@com.google.android.gms-oHHfKXZhPUL0eAmwN3RZhw==@split_GoogleCertificates_installtime.apk@classes.dex)
03-12 09:13:38.499  2913  2913 I artd    : Loading /data/dalvik-cache/x86_64/data@app@~~QbfMBCHN6AWoZYT3f3Kpqw==@com.google.android.gms-oHHfKXZhPUL0eAmwN3RZhw==@split_GoogleCertificates_installtime.apk@classes.dex with executable: 0
03-12 09:13:38.499  2913  2913 I artd    : OatFileAssistant test for existing oat file /data/dalvik-cache/x86_64/data@app@~~QbfMBCHN6AWoZYT3f3Kpqw==@com.google.android.gms-oHHfKXZhPUL0eAmwN3RZhw==@split_GoogleCertificates_installtime.apk@classes.dex: File /data/dalvik-cache/x86_64/data@app@~~QbfMBCHN6AWoZYT3f3Kpqw==@com.google.android.gms-oHHfKXZhPUL0eAmwN3RZhw==@split_GoogleCertificates_installtime.apk@classes.vdex does not exist.
03-12 09:13:38.499  2913  2913 I artd    : GetBestInfo checking odex next to the dex file (/data/app/~~QbfMBCHN6AWoZYT3f3Kpqw==/com.google.android.gms-oHHfKXZhPUL0eAmwN3RZhw==/oat/x86_64/split_GoogleCertificates_installtime.odex)
03-12 09:13:38.499  2913  2913 I artd    : Loading /data/app/~~QbfMBCHN6AWoZYT3f3Kpqw==/com.google.android.gms-oHHfKXZhPUL0eAmwN3RZhw==/oat/x86_64/split_GoogleCertificates_installtime.odex with executable: 0
03-12 09:13:38.500  2913  2913 I artd    : Successfully loaded /data/app/~~QbfMBCHN6AWoZYT3f3Kpqw==/com.google.android.gms-oHHfKXZhPUL0eAmwN3RZhw==/oat/x86_64/split_GoogleCertificates_installtime.odex with executable: 0
03-12 09:13:38.500  2913  2913 I artd    : /data/app/~~QbfMBCHN6AWoZYT3f3Kpqw==/com.google.android.gms-oHHfKXZhPUL0eAmwN3RZhw==/oat/x86_64/split_GoogleCertificates_installtime.odex is kOatUpToDate with filter speed
03-12 09:13:38.502  2913  2913 I artd    : Dex parent of /data/app/~~QbfMBCHN6AWoZYT3f3Kpqw==/com.google.android.gms-oHHfKXZhPUL0eAmwN3RZhw==/split_MapsDynamite_installtime.apk is not writable: Permission denied
03-12 09:13:38.502  2913  2913 I artd    : GetBestInfo checking odex in dalvik-cache (/data/dalvik-cache/x86_64/data@app@~~QbfMBCHN6AWoZYT3f3Kpqw==@com.google.android.gms-oHHfKXZhPUL0eAmwN3RZhw==@split_MapsDynamite_installtime.apk@classes.dex)
03-12 09:13:38.503  2913  2913 I artd    : Loading /data/dalvik-cache/x86_64/data@app@~~QbfMBCHN6AWoZYT3f3Kpqw==@com.google.android.gms-oHHfKXZhPUL0eAmwN3RZhw==@split_MapsDynamite_installtime.apk@classes.dex with executable: 0
03-12 09:13:38.503  2913  2913 I artd    : OatFileAssistant test for existing oat file /data/dalvik-cache/x86_64/data@app@~~QbfMBCHN6AWoZYT3f3Kpqw==@com.google.android.gms-oHHfKXZhPUL0eAmwN3RZhw==@split_MapsDynamite_installtime.apk@classes.dex: File /data/dalvik-cache/x86_64/data@app@~~QbfMBCHN6AWoZYT3f3Kpqw==@com.google.android.gms-oHHfKXZhPUL0eAmwN3RZhw==@split_MapsDynamite_installtime.apk@classes.vdex does not exist.
03-12 09:13:38.503  2913  2913 I artd    : GetBestInfo checking odex next to the dex file (/data/app/~~QbfMBCHN6AWoZYT3f3Kpqw==/com.google.android.gms-oHHfKXZhPUL0eAmwN3RZhw==/oat/x86_64/split_MapsDynamite_installtime.odex)
03-12 09:13:38.503  2913  2913 I artd    : Loading /data/app/~~QbfMBCHN6AWoZYT3f3Kpqw==/com.google.android.gms-oHHfKXZhPUL0eAmwN3RZhw==/oat/x86_64/split_MapsDynamite_installtime.odex with executable: 0
03-12 09:13:38.503  2913  2913 I artd    : Successfully loaded /data/app/~~QbfMBCHN6AWoZYT3f3Kpqw==/com.google.android.gms-oHHfKXZhPUL0eAmwN3RZhw==/oat/x86_64/split_MapsDynamite_installtime.odex with executable: 0
03-12 09:13:38.503  2913  2913 I artd    : /data/app/~~QbfMBCHN6AWoZYT3f3Kpqw==/com.google.android.gms-oHHfKXZhPUL0eAmwN3RZhw==/oat/x86_64/split_MapsDynamite_installtime.odex is kOatUpToDate with filter speed
03-12 09:13:38.507  2913  2913 I artd    : Dex parent of /data/app/~~QbfMBCHN6AWoZYT3f3Kpqw==/com.google.android.gms-oHHfKXZhPUL0eAmwN3RZhw==/split_MeasurementDynamite_installtime.apk is not writable: Permission denied
03-12 09:13:38.507  2913  2913 I artd    : GetBestInfo checking odex in dalvik-cache (/data/dalvik-cache/x86_64/data@app@~~QbfMBCHN6AWoZYT3f3Kpqw==@com.google.android.gms-oHHfKXZhPUL0eAmwN3RZhw==@split_MeasurementDynamite_installtime.apk@classes.dex)
03-12 09:13:38.507  2913  2913 I artd    : Loading /data/dalvik-cache/x86_64/data@app@~~QbfMBCHN6AWoZYT3f3Kpqw==@com.google.android.gms-oHHfKXZhPUL0eAmwN3RZhw==@split_MeasurementDynamite_installtime.apk@classes.dex with executable: 0
03-12 09:13:38.507  2913  2913 I artd    : OatFileAssistant test for existing oat file /data/dalvik-cache/x86_64/data@app@~~QbfMBCHN6AWoZYT3f3Kpqw==@com.google.android.gms-oHHfKXZhPUL0eAmwN3RZhw==@split_MeasurementDynamite_installtime.apk@classes.dex: File /data/dalvik-cache/x86_64/data@app@~~QbfMBCHN6AWoZYT3f3Kpqw==@com.google.android.gms-oHHfKXZhPUL0eAmwN3RZhw==@split_MeasurementDynamite_installtime.apk@classes.vdex does not exist.
03-12 09:13:38.507  2913  2913 I artd    : GetBestInfo checking odex next to the dex file (/data/app/~~QbfMBCHN6AWoZYT3f3Kpqw==/com.google.android.gms-oHHfKXZhPUL0eAmwN3RZhw==/oat/x86_64/split_MeasurementDynamite_installtime.odex)
03-12 09:13:38.507  2913  2913 I artd    : Loading /data/app/~~QbfMBCHN6AWoZYT3f3Kpqw==/com.google.android.gms-oHHfKXZhPUL0eAmwN3RZhw==/oat/x86_64/split_MeasurementDynamite_installtime.odex with executable: 0
03-12 09:13:38.508  2913  2913 I artd    : Successfully loaded /data/app/~~QbfMBCHN6AWoZYT3f3Kpqw==/com.google.android.gms-oHHfKXZhPUL0eAmwN3RZhw==/oat/x86_64/split_MeasurementDynamite_installtime.odex with executable: 0
03-12 09:13:38.508  2913  2913 I artd    : /data/app/~~QbfMBCHN6AWoZYT3f3Kpqw==/com.google.android.gms-oHHfKXZhPUL0eAmwN3RZhw==/oat/x86_64/split_MeasurementDynamite_installtime.odex is kOatUpToDate with filter speed
03-12 09:13:38.511  2913  2913 I artd    : Dex parent of /data/app/~~QbfMBCHN6AWoZYT3f3Kpqw==/com.google.android.gms-oHHfKXZhPUL0eAmwN3RZhw==/split_all_locale_splits.apk is not writable: Permission denied
03-12 09:13:38.511  2913  2913 I artd    : GetBestInfo checking odex in dalvik-cache (/data/dalvik-cache/x86_64/data@app@~~QbfMBCHN6AWoZYT3f3Kpqw==@com.google.android.gms-oHHfKXZhPUL0eAmwN3RZhw==@split_all_locale_splits.apk@classes.dex)
03-12 09:13:38.511  2913  2913 I artd    : Loading /data/dalvik-cache/x86_64/data@app@~~QbfMBCHN6AWoZYT3f3Kpqw==@com.google.android.gms-oHHfKXZhPUL0eAmwN3RZhw==@split_all_locale_splits.apk@classes.dex with executable: 0
03-12 09:13:38.511  2913  2913 I artd    : OatFileAssistant test for existing oat file /data/dalvik-cache/x86_64/data@app@~~QbfMBCHN6AWoZYT3f3Kpqw==@com.google.android.gms-oHHfKXZhPUL0eAmwN3RZhw==@split_all_locale_splits.apk@classes.dex: File /data/dalvik-cache/x86_64/data@app@~~QbfMBCHN6AWoZYT3f3Kpqw==@com.google.android.gms-oHHfKXZhPUL0eAmwN3RZhw==@split_all_locale_splits.apk@classes.vdex does not exist.
03-12 09:13:38.511  2913  2913 I artd    : GetBestInfo checking odex next to the dex file (/data/app/~~QbfMBCHN6AWoZYT3f3Kpqw==/com.google.android.gms-oHHfKXZhPUL0eAmwN3RZhw==/oat/x86_64/split_all_locale_splits.odex)
03-12 09:13:38.511  2913  2913 I artd    : Loading /data/app/~~QbfMBCHN6AWoZYT3f3Kpqw==/com.google.android.gms-oHHfKXZhPUL0eAmwN3RZhw==/oat/x86_64/split_all_locale_splits.odex with executable: 0
03-12 09:13:38.512  2913  2913 I artd    : Successfully loaded /data/app/~~QbfMBCHN6AWoZYT3f3Kpqw==/com.google.android.gms-oHHfKXZhPUL0eAmwN3RZhw==/oat/x86_64/split_all_locale_splits.odex with executable: 0
03-12 09:13:38.512  2913  2913 I artd    : /data/app/~~QbfMBCHN6AWoZYT3f3Kpqw==/com.google.android.gms-oHHfKXZhPUL0eAmwN3RZhw==/oat/x86_64/split_all_locale_splits.odex is kOatUpToDate with filter speed
03-12 09:13:38.514  2913  2913 I artd    : Dex parent of /data/app/~~QbfMBCHN6AWoZYT3f3Kpqw==/com.google.android.gms-oHHfKXZhPUL0eAmwN3RZhw==/split_maps_core_dynamite_ondemand.apk is not writable: Permission denied
03-12 09:13:38.515  2913  2913 I artd    : GetBestInfo checking odex in dalvik-cache (/data/dalvik-cache/x86_64/data@app@~~QbfMBCHN6AWoZYT3f3Kpqw==@com.google.android.gms-oHHfKXZhPUL0eAmwN3RZhw==@split_maps_core_dynamite_ondemand.apk@classes.dex)
03-12 09:13:38.515  2913  2913 I artd    : Loading /data/dalvik-cache/x86_64/data@app@~~QbfMBCHN6AWoZYT3f3Kpqw==@com.google.android.gms-oHHfKXZhPUL0eAmwN3RZhw==@split_maps_core_dynamite_ondemand.apk@classes.dex with executable: 0
03-12 09:13:38.515  2913  2913 I artd    : OatFileAssistant test for existing oat file /data/dalvik-cache/x86_64/data@app@~~QbfMBCHN6AWoZYT3f3Kpqw==@com.google.android.gms-oHHfKXZhPUL0eAmwN3RZhw==@split_maps_core_dynamite_ondemand.apk@classes.dex: File /data/dalvik-cache/x86_64/data@app@~~QbfMBCHN6AWoZYT3f3Kpqw==@com.google.android.gms-oHHfKXZhPUL0eAmwN3RZhw==@split_maps_core_dynamite_ondemand.apk@classes.vdex does not exist.
03-12 09:13:38.515  2913  2913 I artd    : GetBestInfo checking odex next to the dex file (/data/app/~~QbfMBCHN6AWoZYT3f3Kpqw==/com.google.android.gms-oHHfKXZhPUL0eAmwN3RZhw==/oat/x86_64/split_maps_core_dynamite_ondemand.odex)
03-12 09:13:38.515  2913  2913 I artd    : Loading /data/app/~~QbfMBCHN6AWoZYT3f3Kpqw==/com.google.android.gms-oHHfKXZhPUL0eAmwN3RZhw==/oat/x86_64/split_maps_core_dynamite_ondemand.odex with executable: 0
03-12 09:13:38.515  2913  2913 I artd    : OatFileAssistant test for existing oat file /data/app/~~QbfMBCHN6AWoZYT3f3Kpqw==/com.google.android.gms-oHHfKXZhPUL0eAmwN3RZhw==/oat/x86_64/split_maps_core_dynamite_ondemand.odex: File /data/app/~~QbfMBCHN6AWoZYT3f3Kpqw==/com.google.android.gms-oHHfKXZhPUL0eAmwN3RZhw==/oat/x86_64/split_maps_core_dynamite_ondemand.vdex does not exist.
03-12 09:13:38.515  2913  2913 I artd    : GetBestInfo checking vdex in dalvik-cache (/data/dalvik-cache/x86_64/data@app@~~QbfMBCHN6AWoZYT3f3Kpqw==@com.google.android.gms-oHHfKXZhPUL0eAmwN3RZhw==@split_maps_core_dynamite_ondemand.apk@classes.vdex)
03-12 09:13:38.515  2913  2913 I artd    : unable to open vdex file /data/dalvik-cache/x86_64/data@app@~~QbfMBCHN6AWoZYT3f3Kpqw==@com.google.android.gms-oHHfKXZhPUL0eAmwN3RZhw==@split_maps_core_dynamite_ondemand.apk@classes.vdex: File /data/dalvik-cache/x86_64/data@app@~~QbfMBCHN6AWoZYT3f3Kpqw==@com.google.android.gms-oHHfKXZhPUL0eAmwN3RZhw==@split_maps_core_dynamite_ondemand.apk@classes.vdex does not exist.
03-12 09:13:38.516  2913  2913 I artd    : OatFileAssistant test for existing oat file /data/dalvik-cache/x86_64/data@app@~~QbfMBCHN6AWoZYT3f3Kpqw==@com.google.android.gms-oHHfKXZhPUL0eAmwN3RZhw==@split_maps_core_dynamite_ondemand.apk@classes.vdex: File /data/dalvik-cache/x86_64/data@app@~~QbfMBCHN6AWoZYT3f3Kpqw==@com.google.android.gms-oHHfKXZhPUL0eAmwN3RZhw==@split_maps_core_dynamite_ondemand.apk@classes.vdex does not exist.
03-12 09:13:38.516  2913  2913 I artd    : GetBestInfo checking vdex next to the dex file (/data/app/~~QbfMBCHN6AWoZYT3f3Kpqw==/com.google.android.gms-oHHfKXZhPUL0eAmwN3RZhw==/oat/x86_64/split_maps_core_dynamite_ondemand.vdex)
03-12 09:13:38.516  2913  2913 I artd    : unable to open vdex file /data/app/~~QbfMBCHN6AWoZYT3f3Kpqw==/com.google.android.gms-oHHfKXZhPUL0eAmwN3RZhw==/oat/x86_64/split_maps_core_dynamite_ondemand.vdex: File /data/app/~~QbfMBCHN6AWoZYT3f3Kpqw==/com.google.android.gms-oHHfKXZhPUL0eAmwN3RZhw==/oat/x86_64/split_maps_core_dynamite_ondemand.vdex does not exist.
03-12 09:13:38.516  2913  2913 I artd    : OatFileAssistant test for existing oat file /data/app/~~QbfMBCHN6AWoZYT3f3Kpqw==/com.google.android.gms-oHHfKXZhPUL0eAmwN3RZhw==/oat/x86_64/split_maps_core_dynamite_ondemand.vdex: File /data/app/~~QbfMBCHN6AWoZYT3f3Kpqw==/com.google.android.gms-oHHfKXZhPUL0eAmwN3RZhw==/oat/x86_64/split_maps_core_dynamite_ondemand.vdex does not exist.
03-12 09:13:38.516  2913  2913 I artd    : GetBestInfo checking dm (/data/app/~~QbfMBCHN6AWoZYT3f3Kpqw==/com.google.android.gms-oHHfKXZhPUL0eAmwN3RZhw==/split_maps_core_dynamite_ondemand.dm)
03-12 09:13:38.516  2913  2913 W ziparchive: Unable to open '/data/app/~~QbfMBCHN6AWoZYT3f3Kpqw==/com.google.android.gms-oHHfKXZhPUL0eAmwN3RZhw==/split_maps_core_dynamite_ondemand.dm': No such file or directory
03-12 09:13:38.516  2913  2913 I artd    : OatFileAssistant test for existing oat file /data/app/~~QbfMBCHN6AWoZYT3f3Kpqw==/com.google.android.gms-oHHfKXZhPUL0eAmwN3RZhw==/split_maps_core_dynamite_ondemand.dm: I/O error
03-12 09:13:38.516  2913  2913 I artd    : GetBestInfo checking dm (/data/app/~~QbfMBCHN6AWoZYT3f3Kpqw==/com.google.android.gms-oHHfKXZhPUL0eAmwN3RZhw==/split_maps_core_dynamite_ondemand.dm)
03-12 09:13:38.516  2913  2913 W ziparchive: Unable to open '/data/app/~~QbfMBCHN6AWoZYT3f3Kpqw==/com.google.android.gms-oHHfKXZhPUL0eAmwN3RZhw==/split_maps_core_dynamite_ondemand.dm': No such file or directory
03-12 09:13:38.516  2913  2913 I artd    : OatFileAssistant test for existing oat file /data/app/~~QbfMBCHN6AWoZYT3f3Kpqw==/com.google.android.gms-oHHfKXZhPUL0eAmwN3RZhw==/split_maps_core_dynamite_ondemand.dm: I/O error
03-12 09:13:38.517  2913  2913 I artd    : GetBestInfo no usable artifacts
03-12 09:13:38.518  2913  2913 W artd    : Could not get dex checksums for location /data/app/~~1azbo1qXoso9xw9HV7gyJw==/com.google.android.gms-aPLvMBhtpwrp8SSvzyluUA==/base.apk, fd=-1
03-12 09:13:38.519  2913  2913 I artd    : Dex parent of /data/user_de/0/com.google.android.gms/app_chimera/m/00000007/GoogleCertificates.apk is not writable: No such file or directory
03-12 09:13:38.519  2913  2913 I artd    : GetBestInfo checking odex in dalvik-cache (/data/dalvik-cache/x86_64/data@user_de@0@com.google.android.gms@app_chimera@m@00000007@GoogleCertificates.apk@classes.dex)
03-12 09:13:38.519  2913  2913 I artd    : Loading /data/dalvik-cache/x86_64/data@user_de@0@com.google.android.gms@app_chimera@m@00000007@GoogleCertificates.apk@classes.dex with executable: 0
03-12 09:13:38.519  2913  2913 I artd    : OatFileAssistant test for existing oat file /data/dalvik-cache/x86_64/data@user_de@0@com.google.android.gms@app_chimera@m@00000007@GoogleCertificates.apk@classes.dex: File /data/dalvik-cache/x86_64/data@user_de@0@com.google.android.gms@app_chimera@m@00000007@GoogleCertificates.apk@classes.vdex does not exist.
03-12 09:13:38.519  2913  2913 I artd    : GetBestInfo checking odex next to the dex file (/data/user_de/0/com.google.android.gms/app_chimera/m/00000007/oat/x86_64/GoogleCertificates.odex)
03-12 09:13:38.519  2913  2913 I artd    : Loading /data/user_de/0/com.google.android.gms/app_chimera/m/00000007/oat/x86_64/GoogleCertificates.odex with executable: 0
03-12 09:13:38.519  2913  2913 I artd    : OatFileAssistant test for existing oat file /data/user_de/0/com.google.android.gms/app_chimera/m/00000007/oat/x86_64/GoogleCertificates.odex: File /data/user_de/0/com.google.android.gms/app_chimera/m/00000007/oat/x86_64/GoogleCertificates.vdex does not exist.
03-12 09:13:38.519  2913  2913 I artd    : GetBestInfo checking vdex in dalvik-cache (/data/dalvik-cache/x86_64/data@user_de@0@com.google.android.gms@app_chimera@m@00000007@GoogleCertificates.apk@classes.vdex)
03-12 09:13:38.520  2913  2913 I artd    : unable to open vdex file /data/dalvik-cache/x86_64/data@user_de@0@com.google.android.gms@app_chimera@m@00000007@GoogleCertificates.apk@classes.vdex: File /data/dalvik-cache/x86_64/data@user_de@0@com.google.android.gms@app_chimera@m@00000007@GoogleCertificates.apk@classes.vdex does not exist.
03-12 09:13:38.520  2913  2913 I artd    : OatFileAssistant test for existing oat file /data/dalvik-cache/x86_64/data@user_de@0@com.google.android.gms@app_chimera@m@00000007@GoogleCertificates.apk@classes.vdex: File /data/dalvik-cache/x86_64/data@user_de@0@com.google.android.gms@app_chimera@m@00000007@GoogleCertificates.apk@classes.vdex does not exist.
03-12 09:13:38.520  2913  2913 I artd    : GetBestInfo checking vdex next to the dex file (/data/user_de/0/com.google.android.gms/app_chimera/m/00000007/oat/x86_64/GoogleCertificates.vdex)
03-12 09:13:38.520  2913  2913 I artd    : unable to open vdex file /data/user_de/0/com.google.android.gms/app_chimera/m/00000007/oat/x86_64/GoogleCertificates.vdex: File /data/user_de/0/com.google.android.gms/app_chimera/m/00000007/oat/x86_64/GoogleCertificates.vdex does not exist.
03-12 09:13:38.520  2913  2913 I artd    : OatFileAssistant test for existing oat file /data/user_de/0/com.google.android.gms/app_chimera/m/00000007/oat/x86_64/GoogleCertificates.vdex: File /data/user_de/0/com.google.android.gms/app_chimera/m/00000007/oat/x86_64/GoogleCertificates.vdex does not exist.
03-12 09:13:38.520  2913  2913 I artd    : GetBestInfo checking dm (/data/user_de/0/com.google.android.gms/app_chimera/m/00000007/GoogleCertificates.dm)
03-12 09:13:38.520  2913  2913 W ziparchive: Unable to open '/data/user_de/0/com.google.android.gms/app_chimera/m/00000007/GoogleCertificates.dm': No such file or directory
03-12 09:13:38.520  2913  2913 I artd    : OatFileAssistant test for existing oat file /data/user_de/0/com.google.android.gms/app_chimera/m/00000007/GoogleCertificates.dm: I/O error
03-12 09:13:38.520  2913  2913 I artd    : GetBestInfo checking dm (/data/user_de/0/com.google.android.gms/app_chimera/m/00000007/GoogleCertificates.dm)
03-12 09:13:38.520  2913  2913 W ziparchive: Unable to open '/data/user_de/0/com.google.android.gms/app_chimera/m/00000007/GoogleCertificates.dm': No such file or directory
03-12 09:13:38.520  2913  2913 I artd    : OatFileAssistant test for existing oat file /data/user_de/0/com.google.android.gms/app_chimera/m/00000007/GoogleCertificates.dm: I/O error
03-12 09:13:38.520  2913  2913 I artd    : GetBestInfo no usable artifacts
03-12 09:13:38.521  2913  2913 W artd    : Could not get dex checksums for location /data/app/~~1azbo1qXoso9xw9HV7gyJw==/com.google.android.gms-aPLvMBhtpwrp8SSvzyluUA==/base.apk, fd=-1
03-12 09:13:38.522  2913  2913 W artd    : Could not get dex checksums for location /data/app/~~1azbo1qXoso9xw9HV7gyJw==/com.google.android.gms-aPLvMBhtpwrp8SSvzyluUA==/base.apk, fd=-1
03-12 09:13:38.523  2913  2913 W artd    : Could not get dex checksums for location /data/app/~~1azbo1qXoso9xw9HV7gyJw==/com.google.android.gms-aPLvMBhtpwrp8SSvzyluUA==/base.apk, fd=-1
03-12 09:13:38.523  2913  2913 W artd    : Could not get dex checksums for location /data/app/~~1azbo1qXoso9xw9HV7gyJw==/com.google.android.gms-aPLvMBhtpwrp8SSvzyluUA==/base.apk, fd=-1
03-12 09:13:38.524  2913  2913 W artd    : Could not get dex checksums for location /data/app/~~1azbo1qXoso9xw9HV7gyJw==/com.google.android.gms-aPLvMBhtpwrp8SSvzyluUA==/base.apk, fd=-1
03-12 09:13:38.525  2913  2913 W artd    : Could not get dex checksums for location /data/app/~~1azbo1qXoso9xw9HV7gyJw==/com.google.android.gms-aPLvMBhtpwrp8SSvzyluUA==/base.apk, fd=-1
03-12 09:13:38.526  2913  2913 W artd    : Could not get dex checksums for location /data/app/~~1azbo1qXoso9xw9HV7gyJw==/com.google.android.gms-aPLvMBhtpwrp8SSvzyluUA==/base.apk, fd=-1
03-12 09:13:38.527  2913  2913 I artd    : Dex parent of /data/user_de/0/com.google.android.gms/app_chimera/m/00000003/CronetDynamite.uncompressed.apk is not writable: No such file or directory
03-12 09:13:38.527  2913  2913 I artd    : GetBestInfo checking odex in dalvik-cache (/data/dalvik-cache/x86_64/data@user_de@0@com.google.android.gms@app_chimera@m@00000003@CronetDynamite.uncompressed.apk@classes.dex)
03-12 09:13:38.527  2913  2913 I artd    : Loading /data/dalvik-cache/x86_64/data@user_de@0@com.google.android.gms@app_chimera@m@00000003@CronetDynamite.uncompressed.apk@classes.dex with executable: 0
03-12 09:13:38.527  2913  2913 I artd    : OatFileAssistant test for existing oat file /data/dalvik-cache/x86_64/data@user_de@0@com.google.android.gms@app_chimera@m@00000003@CronetDynamite.uncompressed.apk@classes.dex: File /data/dalvik-cache/x86_64/data@user_de@0@com.google.android.gms@app_chimera@m@00000003@CronetDynamite.uncompressed.apk@classes.vdex does not exist.
03-12 09:13:38.527  2913  2913 I artd    : GetBestInfo checking odex next to the dex file (/data/user_de/0/com.google.android.gms/app_chimera/m/00000003/oat/x86_64/CronetDynamite.uncompressed.odex)
03-12 09:13:38.527  2913  2913 I artd    : Loading /data/user_de/0/com.google.android.gms/app_chimera/m/00000003/oat/x86_64/CronetDynamite.uncompressed.odex with executable: 0
03-12 09:13:38.527  2913  2913 I artd    : OatFileAssistant test for existing oat file /data/user_de/0/com.google.android.gms/app_chimera/m/00000003/oat/x86_64/CronetDynamite.uncompressed.odex: File /data/user_de/0/com.google.android.gms/app_chimera/m/00000003/oat/x86_64/CronetDynamite.uncompressed.vdex does not exist.
03-12 09:13:38.527  2913  2913 I artd    : GetBestInfo checking vdex in dalvik-cache (/data/dalvik-cache/x86_64/data@user_de@0@com.google.android.gms@app_chimera@m@00000003@CronetDynamite.uncompressed.apk@classes.vdex)
03-12 09:13:38.527  2913  2913 I artd    : unable to open vdex file /data/dalvik-cache/x86_64/data@user_de@0@com.google.android.gms@app_chimera@m@00000003@CronetDynamite.uncompressed.apk@classes.vdex: File /data/dalvik-cache/x86_64/data@user_de@0@com.google.android.gms@app_chimera@m@00000003@CronetDynamite.uncompressed.apk@classes.vdex does not exist.
03-12 09:13:38.527  2913  2913 I artd    : OatFileAssistant test for existing oat file /data/dalvik-cache/x86_64/data@user_de@0@com.google.android.gms@app_chimera@m@00000003@CronetDynamite.uncompressed.apk@classes.vdex: File /data/dalvik-cache/x86_64/data@user_de@0@com.google.android.gms@app_chimera@m@00000003@CronetDynamite.uncompressed.apk@classes.vdex does not exist.
03-12 09:13:38.527  2913  2913 I artd    : GetBestInfo checking vdex next to the dex file (/data/user_de/0/com.google.android.gms/app_chimera/m/00000003/oat/x86_64/CronetDynamite.uncompressed.vdex)
03-12 09:13:38.527  2913  2913 I artd    : unable to open vdex file /data/user_de/0/com.google.android.gms/app_chimera/m/00000003/oat/x86_64/CronetDynamite.uncompressed.vdex: File /data/user_de/0/com.google.android.gms/app_chimera/m/00000003/oat/x86_64/CronetDynamite.uncompressed.vdex does not exist.
03-12 09:13:38.527  2913  2913 I artd    : OatFileAssistant test for existing oat file /data/user_de/0/com.google.android.gms/app_chimera/m/00000003/oat/x86_64/CronetDynamite.uncompressed.vdex: File /data/user_de/0/com.google.android.gms/app_chimera/m/00000003/oat/x86_64/CronetDynamite.uncompressed.vdex does not exist.
03-12 09:13:38.527  2913  2913 I artd    : GetBestInfo checking dm (/data/user_de/0/com.google.android.gms/app_chimera/m/00000003/CronetDynamite.uncompressed.dm)
03-12 09:13:38.527  2913  2913 W ziparchive: Unable to open '/data/user_de/0/com.google.android.gms/app_chimera/m/00000003/CronetDynamite.uncompressed.dm': No such file or directory
03-12 09:13:38.527  2913  2913 I artd    : OatFileAssistant test for existing oat file /data/user_de/0/com.google.android.gms/app_chimera/m/00000003/CronetDynamite.uncompressed.dm: I/O error
03-12 09:13:38.527  2913  2913 I artd    : GetBestInfo checking dm (/data/user_de/0/com.google.android.gms/app_chimera/m/00000003/CronetDynamite.uncompressed.dm)
03-12 09:13:38.527  2913  2913 W ziparchive: Unable to open '/data/user_de/0/com.google.android.gms/app_chimera/m/00000003/CronetDynamite.uncompressed.dm': No such file or directory
03-12 09:13:38.527  2913  2913 I artd    : OatFileAssistant test for existing oat file /data/user_de/0/com.google.android.gms/app_chimera/m/00000003/CronetDynamite.uncompressed.dm: I/O error
03-12 09:13:38.527  2913  2913 I artd    : GetBestInfo no usable artifacts
03-12 09:13:38.528  2913  2913 I artd    : Dex parent of /data/user_de/0/com.google.android.gms/app_chimera/m/00000004/DynamiteLoader.uncompressed.apk is not writable: No such file or directory
03-12 09:13:38.528  2913  2913 I artd    : GetBestInfo checking odex in dalvik-cache (/data/dalvik-cache/x86_64/data@user_de@0@com.google.android.gms@app_chimera@m@00000004@DynamiteLoader.uncompressed.apk@classes.dex)
03-12 09:13:38.528  2913  2913 I artd    : Loading /data/dalvik-cache/x86_64/data@user_de@0@com.google.android.gms@app_chimera@m@00000004@DynamiteLoader.uncompressed.apk@classes.dex with executable: 0
03-12 09:13:38.528  2913  2913 I artd    : OatFileAssistant test for existing oat file /data/dalvik-cache/x86_64/data@user_de@0@com.google.android.gms@app_chimera@m@00000004@DynamiteLoader.uncompressed.apk@classes.dex: File /data/dalvik-cache/x86_64/data@user_de@0@com.google.android.gms@app_chimera@m@00000004@DynamiteLoader.uncompressed.apk@classes.vdex does not exist.
03-12 09:13:38.528  2913  2913 I artd    : GetBestInfo checking odex next to the dex file (/data/user_de/0/com.google.android.gms/app_chimera/m/00000004/oat/x86_64/DynamiteLoader.uncompressed.odex)
03-12 09:13:38.528  2913  2913 I artd    : Loading /data/user_de/0/com.google.android.gms/app_chimera/m/00000004/oat/x86_64/DynamiteLoader.uncompressed.odex with executable: 0
03-12 09:13:38.528  2913  2913 I artd    : OatFileAssistant test for existing oat file /data/user_de/0/com.google.android.gms/app_chimera/m/00000004/oat/x86_64/DynamiteLoader.uncompressed.odex: File /data/user_de/0/com.google.android.gms/app_chimera/m/00000004/oat/x86_64/DynamiteLoader.uncompressed.vdex does not exist.
03-12 09:13:38.529  2913  2913 I artd    : GetBestInfo checking vdex in dalvik-cache (/data/dalvik-cache/x86_64/data@user_de@0@com.google.android.gms@app_chimera@m@00000004@DynamiteLoader.uncompressed.apk@classes.vdex)
