03-12 09:06:56.862   582  3334 I AppsFilter: interaction: PackageSetting{779df3 com.partesdetrabajo.app/10216} -> PackageSetting{453f2b2 com.android.systemui.emulation.pixel_5/10051} BLOCKED
03-12 09:06:56.862   582  3334 I AppsFilter: interaction: PackageSetting{779df3 com.partesdetrabajo.app/10216} -> PackageSetting{35cc203 com.android.systemui.emulation.pixel_6/10052} BLOCKED
03-12 09:06:56.862   582  3334 I AppsFilter: interaction: PackageSetting{779df3 com.partesdetrabajo.app/10216} -> PackageSetting{2edb580 com.android.systemui.emulation.pixel_7/10058} BLOCKED
03-12 09:06:56.862   582  3334 I AppsFilter: interaction: PackageSetting{779df3 com.partesdetrabajo.app/10216} -> PackageSetting{d8377b9 com.android.systemui.emulation.pixel_8/10061} BLOCKED
03-12 09:06:56.862   582  3334 I AppsFilter: interaction: PackageSetting{779df3 com.partesdetrabajo.app/10216} -> PackageSetting{18a87fe com.android.printspooler/10116} BLOCKED
03-12 09:06:56.862   582  3334 I AppsFilter: interaction: PackageSetting{779df3 com.partesdetrabajo.app/10216} -> PackageSetting{9df7b5f com.android.hotwordenrollment.okgoogle/10128} BLOCKED
03-12 09:06:56.862   582  3334 I AppsFilter: interaction: PackageSetting{779df3 com.partesdetrabajo.app/10216} -> PackageSetting{638a9ac com.google.android.connectivity.resources.goldfish.overlay/10079} BLOCKED
03-12 09:06:56.862   582  3334 I AppsFilter: interaction: PackageSetting{779df3 com.partesdetrabajo.app/10216} -> PackageSetting{dad675 com.android.dreams.basic/10102} BLOCKED
03-12 09:06:56.862   582  3334 I AppsFilter: interaction: PackageSetting{779df3 com.partesdetrabajo.app/10216} -> PackageSetting{e03260a com.google.android.networkstack.tethering.emulator/10028} BLOCKED
03-12 09:06:56.862   582  3334 I AppsFilter: interaction: PackageSetting{779df3 com.partesdetrabajo.app/10216} -> PackageSetting{2aa6e7b com.android.providers.settings.auto_generated_rro_product__/10043} BLOCKED
03-12 09:06:56.862   582  3334 I AppsFilter: interaction: PackageSetting{779df3 com.partesdetrabajo.app/10216} -> PackageSetting{e5cb498 com.google.android.as.oss/10124} BLOCKED
03-12 09:06:56.862   582  3334 I AppsFilter: interaction: PackageSetting{779df3 com.partesdetrabajo.app/10216} -> PackageSetting{20f64f1 com.android.traceur.auto_generated_rro_product__/10073} BLOCKED
03-12 09:06:56.862   582  3334 I AppsFilter: interaction: PackageSetting{779df3 com.partesdetrabajo.app/10216} -> PackageSetting{4b598d6 com.google.android.devicelockcontroller/10199} BLOCKED
03-12 09:06:56.862   582  3334 I AppsFilter: interaction: PackageSetting{779df3 com.partesdetrabajo.app/10216} -> PackageSetting{1677757 com.android.internal.emulation.pixel_3/10015} BLOCKED
03-12 09:06:56.862   582  3334 I AppsFilter: interaction: PackageSetting{779df3 com.partesdetrabajo.app/10216} -> PackageSetting{3b48244 com.android.internal.emulation.pixel_4/10017} BLOCKED
03-12 09:06:56.862   582  3334 I AppsFilter: interaction: PackageSetting{779df3 com.partesdetrabajo.app/10216} -> PackageSetting{8245f2d com.android.internal.emulation.pixel_5/10019} BLOCKED
03-12 09:06:56.862   582  3334 I AppsFilter: interaction: PackageSetting{779df3 com.partesdetrabajo.app/10216} -> PackageSetting{64a6c62 com.android.internal.emulation.pixel_6/10018} BLOCKED
03-12 09:06:56.862   582  3334 I AppsFilter: interaction: PackageSetting{779df3 com.partesdetrabajo.app/10216} -> PackageSetting{8231f3 com.android.internal.emulation.pixel_7/10022} BLOCKED
03-12 09:06:56.862   582  3334 I AppsFilter: interaction: PackageSetting{779df3 com.partesdetrabajo.app/10216} -> PackageSetting{7997eb0 com.android.internal.emulation.pixel_8/10025} BLOCKED
03-12 09:06:56.862   582  3334 I AppsFilter: interaction: PackageSetting{779df3 com.partesdetrabajo.app/10216} -> PackageSetting{d14c129 com.google.android.captiveportallogin/10107} BLOCKED
03-12 09:06:56.862   582  3334 I AppsFilter: interaction: PackageSetting{779df3 com.partesdetrabajo.app/10216} -> PackageSetting{366ecae android.auto_generated_characteristics_rro/10076} BLOCKED
03-12 09:06:56.862   582  3334 I AppsFilter: interaction: PackageSetting{779df3 com.partesdetrabajo.app/10216} -> PackageSetting{b83fa4f com.google.android.appsearch.apk/10204} BLOCKED
03-12 09:06:56.862   582  3334 I AppsFilter: interaction: PackageSetting{779df3 com.partesdetrabajo.app/10216} -> PackageSetting{58fd5dc com.android.musicfx/10095} BLOCKED
03-12 09:06:56.862   582  3334 I AppsFilter: interaction: PackageSetting{779df3 com.partesdetrabajo.app/10216} -> PackageSetting{58f46e5 com.google.android.apps.docs/10151} BLOCKED
03-12 09:06:56.862   582  3334 I AppsFilter: interaction: PackageSetting{779df3 com.partesdetrabajo.app/10216} -> PackageSetting{c3776fb com.google.android.apps.maps/10157} BLOCKED
03-12 09:06:56.863   582  3334 I AppsFilter: interaction: PackageSetting{779df3 com.partesdetrabajo.app/10216} -> PackageSetting{fb925ba com.google.android.apps.kids.home/10136} BLOCKED
03-12 09:06:56.863   582  3334 I AppsFilter: interaction: PackageSetting{779df3 com.partesdetrabajo.app/10216} -> PackageSetting{32fec6b com.google.android.markup/10153} BLOCKED
03-12 09:06:56.863   582  3334 I AppsFilter: interaction: PackageSetting{779df3 com.partesdetrabajo.app/10216} -> PackageSetting{b3273c8 com.android.providers.settings.auto_generated_rro_vendor__/10080} BLOCKED
03-12 09:06:56.863   582  3334 I AppsFilter: interaction: PackageSetting{779df3 com.partesdetrabajo.app/10216} -> PackageSetting{8726c61 com.google.android.apps.carrier.log/10119} BLOCKED
03-12 09:06:56.863   582  3334 I AppsFilter: interaction: PackageSetting{779df3 com.partesdetrabajo.app/10216} -> PackageSetting{9c3e386 com.google.android.rkpdapp/10201} BLOCKED
03-12 09:06:56.863   582  3334 I AppsFilter: interaction: PackageSetting{779df3 com.partesdetrabajo.app/10216} -> PackageSetting{75ee447 com.google.android.contacts/10148} BLOCKED
03-12 09:06:56.863   582  3334 I AppsFilter: interaction: PackageSetting{779df3 com.partesdetrabajo.app/10216} -> PackageSetting{2df0474 com.android.phone.auto_generated_characteristics_rro/10066} BLOCKED
03-12 09:06:56.863   582  3334 I AppsFilter: interaction: PackageSetting{779df3 com.partesdetrabajo.app/10216} -> PackageSetting{2086d9d com.google.android.overlay.googleconfig/10029} BLOCKED
03-12 09:06:56.863   582  3334 I AppsFilter: interaction: PackageSetting{779df3 com.partesdetrabajo.app/10216} -> PackageSetting{36ab212 com.android.dialer/10127} BLOCKED
03-12 09:06:56.863   582  3334 I AppsFilter: interaction: PackageSetting{779df3 com.partesdetrabajo.app/10216} -> PackageSetting{29b7de3 com.google.android.apps.customization.pixel/10155} BLOCKED
03-12 09:06:56.863   582  3334 I AppsFilter: interaction: PackageSetting{779df3 com.partesdetrabajo.app/10216} -> PackageSetting{d21f3e0 com.google.android.tag/10098} BLOCKED
03-12 09:06:56.863   582  3334 I AppsFilter: interaction: PackageSetting{779df3 com.partesdetrabajo.app/10216} -> PackageSetting{f034699 com.google.android.overlay.permissioncontroller/10039} BLOCKED
03-12 09:06:56.863   582  3334 I AppsFilter: interaction: PackageSetting{779df3 com.partesdetrabajo.app/10216} -> PackageSetting{73ddd5e com.google.android.partnersetup/10134} BLOCKED
03-12 09:06:56.863   582  3334 I AppsFilter: interaction: PackageSetting{779df3 com.partesdetrabajo.app/10216} -> PackageSetting{37e153f com.google.android.apps.wallpaper.nexus/10154} BLOCKED
03-12 09:06:56.863   582  3334 I AppsFilter: interaction: PackageSetting{779df3 com.partesdetrabajo.app/10216} -> PackageSetting{4e26e0c com.google.android.apps.wallpaper.pixel/10156} BLOCKED
03-12 09:06:56.863   582  3334 I AppsFilter: interaction: PackageSetting{779df3 com.partesdetrabajo.app/10216} -> PackageSetting{b38b355 com.google.android.apps.nexuslauncher/10180} BLOCKED
03-12 09:06:56.863   582  3334 I AppsFilter: interaction: PackageSetting{779df3 com.partesdetrabajo.app/10216} -> PackageSetting{686716a com.android.theme.font.notoserifsource/10031} BLOCKED
03-12 09:06:56.863   582  3334 I AppsFilter: interaction: PackageSetting{779df3 com.partesdetrabajo.app/10216} -> PackageSetting{fc8c65b com.google.android.safetycenter.resources/10205} BLOCKED
03-12 09:06:56.863   582  3334 I AppsFilter: interaction: PackageSetting{779df3 com.partesdetrabajo.app/10216} -> PackageSetting{a4e5ef8 com.android.internal.display.cutout.emulation.waterfall/10006} BLOCKED
03-12 09:06:56.863   582  3334 I AppsFilter: interaction: PackageSetting{779df3 com.partesdetrabajo.app/10216} -> PackageSetting{1e2fd1 com.android.internal.systemui.navbar.transparent/10074} BLOCKED
03-12 09:06:56.863   582  3334 I AppsFilter: interaction: PackageSetting{779df3 com.partesdetrabajo.app/10216} -> PackageSetting{c123a36 com.google.android.connectivity.resources/10195} BLOCKED
03-12 09:06:56.863   582  3334 I AppsFilter: interaction: PackageSetting{779df3 com.partesdetrabajo.app/10216} -> PackageSetting{d436d37 com.android.providers.contacts.auto_generated_rro_product__/10000} BLOCKED
03-12 09:06:56.863   582  3334 I AppsFilter: interaction: PackageSetting{779df3 com.partesdetrabajo.app/10216} -> PackageSetting{8672a4 com.google.android.feedback/10175} BLOCKED
03-12 09:06:56.863   582  3334 I AppsFilter: interaction: PackageSetting{779df3 com.partesdetrabajo.app/10216} -> PackageSetting{f04f80d com.google.android.printservice.recommendation/10111} BLOCKED
03-12 09:06:56.863   582  3334 I AppsFilter: interaction: PackageSetting{779df3 com.partesdetrabajo.app/10216} -> PackageSetting{fbfc3c2 com.google.android.apps.photos/10168} BLOCKED
03-12 09:06:56.863   582  3334 I AppsFilter: interaction: PackageSetting{779df3 com.partesdetrabajo.app/10216} -> PackageSetting{e54fbdf com.google.android.calendar/10147} BLOCKED
03-12 09:06:56.863   582  3334 I AppsFilter: interaction: PackageSetting{779df3 com.partesdetrabajo.app/10216} -> PackageSetting{c57a5d3 com.google.android.documentsui/10093} BLOCKED
03-12 09:06:56.863   582  3334 I AppsFilter: interaction: PackageSetting{779df3 com.partesdetrabajo.app/10216} -> PackageSetting{a0a1510 com.google.android.overlay.titanconfig/10068} BLOCKED
03-12 09:06:56.863   582  3334 I AppsFilter: interaction: PackageSetting{779df3 com.partesdetrabajo.app/10216} -> PackageSetting{3160809 com.android.systemui.emulation.pixel_3a_xl/10047} BLOCKED
03-12 09:06:56.863   582  3334 I AppsFilter: interaction: PackageSetting{779df3 com.partesdetrabajo.app/10216} -> PackageSetting{6ca5a0e com.android.systemui.emulation.pixel_6_pro/10056} BLOCKED
03-12 09:06:56.863   582  3334 I AppsFilter: interaction: PackageSetting{779df3 com.partesdetrabajo.app/10216} -> PackageSetting{6ccc2f com.android.systemui.emulation.pixel_7_pro/10060} BLOCKED
03-12 09:06:56.863   582  3334 I AppsFilter: interaction: PackageSetting{779df3 com.partesdetrabajo.app/10216} -> PackageSetting{fe3723c com.android.systemui.emulation.pixel_8_pro/10062} BLOCKED
03-12 09:06:56.863   582  3334 I AppsFilter: interaction: PackageSetting{779df3 com.partesdetrabajo.app/10216} -> PackageSetting{70e1bc5 com.android.devicediagnostics.auto_generated_rro_product__/10002} BLOCKED
03-12 09:06:56.863   582  3334 I AppsFilter: interaction: PackageSetting{779df3 com.partesdetrabajo.app/10216} -> PackageSetting{cd6091a com.android.providers.partnerbookmarks/10114} BLOCKED
03-12 09:06:56.863   582  3334 I AppsFilter: interaction: PackageSetting{779df3 com.partesdetrabajo.app/10216} -> PackageSetting{203fc4b com.android.wallpaper.livepicker/10096} BLOCKED
03-12 09:06:56.863   582  3334 I AppsFilter: interaction: PackageSetting{779df3 com.partesdetrabajo.app/10216} -> PackageSetting{f937628 com.google.android.apps.youtube.kids/10167} BLOCKED
03-12 09:06:56.863   582  3334 I AppsFilter: interaction: PackageSetting{779df3 com.partesdetrabajo.app/10216} -> PackageSetting{ab9af41 com.google.android.apps.safetyhub.hideapps/10162} BLOCKED
03-12 09:06:56.863   582  3334 I AppsFilter: interaction: PackageSetting{779df3 com.partesdetrabajo.app/10216} -> PackageSetting{1bb9ce6 com.android.imsserviceentitlement/10131} BLOCKED
03-12 09:06:56.863   582  3334 I AppsFilter: interaction: PackageSetting{779df3 com.partesdetrabajo.app/10216} -> PackageSetting{6941227 com.google.assistant.hubui/10140} BLOCKED
03-12 09:06:56.863   582  3334 I AppsFilter: interaction: PackageSetting{779df3 com.partesdetrabajo.app/10216} -> PackageSetting{bbdccd4 com.google.android.healthconnect.controller/10208} BLOCKED
03-12 09:06:56.863   582  3334 I AppsFilter: interaction: PackageSetting{779df3 com.partesdetrabajo.app/10216} -> PackageSetting{430fe7d com.google.android.apps.nest.dockmanager.app/10125} BLOCKED
03-12 09:06:56.863   582  3334 I AppsFilter: interaction: PackageSetting{779df3 com.partesdetrabajo.app/10216} -> PackageSetting{814a172 com.android.internal.emulation.pixel_2_xl/10008} BLOCKED
03-12 09:06:56.863   582  3334 I AppsFilter: interaction: PackageSetting{779df3 com.partesdetrabajo.app/10216} -> PackageSetting{a25a9c3 com.android.internal.emulation.pixel_3_xl/10010} BLOCKED
03-12 09:06:56.863   582  3334 I AppsFilter: interaction: PackageSetting{779df3 com.partesdetrabajo.app/10216} -> PackageSetting{b94e240 com.android.internal.emulation.pixel_4_xl/10013} BLOCKED
03-12 09:06:56.863   582  3334 I AppsFilter: interaction: PackageSetting{779df3 com.partesdetrabajo.app/10216} -> PackageSetting{8d40579 com.android.internal.emulation.pixel_fold/10030} BLOCKED
03-12 09:06:56.863   582  3334 I AppsFilter: interaction: PackageSetting{779df3 com.partesdetrabajo.app/10216} -> PackageSetting{8762be com.android.bookmarkprovider/10104} BLOCKED
03-12 09:06:56.863   582  3334 I AppsFilter: interaction: PackageSetting{779df3 com.partesdetrabajo.app/10216} -> PackageSetting{6af1f1f com.google.android.overlay.pixelconfigcommon/10040} BLOCKED
03-12 09:06:56.863   582  3334 I AppsFilter: interaction: PackageSetting{779df3 com.partesdetrabajo.app/10216} -> PackageSetting{505e26c com.android.systemui.emulation.pixel_3a/10046} BLOCKED
03-12 09:06:56.863   582  3334 I AppsFilter: interaction: PackageSetting{779df3 com.partesdetrabajo.app/10216} -> PackageSetting{a068035 com.android.systemui.emulation.pixel_4a/10057} BLOCKED
03-12 09:06:56.863   582  3334 I AppsFilter: interaction: PackageSetting{779df3 com.partesdetrabajo.app/10216} -> PackageSetting{dd2ecca com.android.systemui.emulation.pixel_6a/10054} BLOCKED
03-12 09:06:56.863   582  3334 I AppsFilter: interaction: PackageSetting{779df3 com.partesdetrabajo.app/10216} -> PackageSetting{5308e3b com.android.systemui.emulation.pixel_7a/10059} BLOCKED
03-12 09:06:56.863   582  3334 I AppsFilter: interaction: PackageSetting{779df3 com.partesdetrabajo.app/10216} -> PackageSetting{da4b958 com.android.systemui.emulation.pixel_8a/10063} BLOCKED
03-12 09:06:56.863   582  3334 I AppsFilter: interaction: PackageSetting{779df3 com.partesdetrabajo.app/10216} -> PackageSetting{1abeab1 com.google.android.settings.intelligence/10138} BLOCKED
03-12 09:06:56.863   582  3334 I AppsFilter: interaction: PackageSetting{779df3 com.partesdetrabajo.app/10216} -> PackageSetting{d9b0b96 com.google.android.apps.books/10158} BLOCKED
03-12 09:06:56.863   582  3334 I AppsFilter: interaction: PackageSetting{779df3 com.partesdetrabajo.app/10216} -> PackageSetting{7bdd5bf com.google.android.projection.gearhead/10123} BLOCKED
03-12 09:06:56.863   582  3334 I AppsFilter: interaction: PackageSetting{779df3 com.partesdetrabajo.app/10216} -> PackageSetting{48fd317 com.google.android.apps.scone/10137} BLOCKED
03-12 09:06:56.863   582  3334 I AppsFilter: interaction: PackageSetting{779df3 com.partesdetrabajo.app/10216} -> PackageSetting{e581304 com.google.android.uwb.resources/10200} BLOCKED
03-12 09:06:56.864   582  3334 I AppsFilter: interaction: PackageSetting{779df3 com.partesdetrabajo.app/10216} -> PackageSetting{322054f com.google.android.apps.chromecast.app/10139} BLOCKED
03-12 09:06:56.864   582  3334 I AppsFilter: interaction: PackageSetting{779df3 com.partesdetrabajo.app/10216} -> PackageSetting{3ae648c com.android.cts.ctsshim/10211} BLOCKED
03-12 09:06:56.864   582  3334 I AppsFilter: interaction: PackageSetting{779df3 com.partesdetrabajo.app/10216} -> PackageSetting{1f44b22 com.google.android.wifi.resources/10189} BLOCKED
03-12 09:06:56.864   582  3334 I AppsFilter: interaction: PackageSetting{779df3 com.partesdetrabajo.app/10216} -> PackageSetting{23489b3 com.google.android.wifi.dialog/10191} BLOCKED
03-12 09:06:56.864   582  3334 I AppsFilter: interaction: PackageSetting{779df3 com.partesdetrabajo.app/10216} -> PackageSetting{5c55b70 com.android.wallpaper/10184} BLOCKED
03-12 09:06:56.864   582  3334 I AppsFilter: interaction: PackageSetting{779df3 com.partesdetrabajo.app/10216} -> PackageSetting{f843ee9 com.google.android.apps.wallpaper/10185} BLOCKED
03-12 09:06:56.864   582  3334 I AppsFilter: interaction: PackageSetting{779df3 com.partesdetrabajo.app/10216} -> PackageSetting{7aff76e com.google.android.keep/10149} BLOCKED
03-12 09:06:56.864   582  3334 I AppsFilter: interaction: PackageSetting{779df3 com.partesdetrabajo.app/10216} -> PackageSetting{640e0f com.google.android.odad/10135} BLOCKED
03-12 09:06:56.864   582  3334 I AppsFilter: interaction: PackageSetting{779df3 com.partesdetrabajo.app/10216} -> PackageSetting{57cbe9c com.android.settings.auto_generated_rro_product__/10049} BLOCKED
03-12 09:06:56.864   582  3334 I AppsFilter: interaction: PackageSetting{779df3 com.partesdetrabajo.app/10216} -> PackageSetting{d8e0a5 com.android.companiondevicemanager.auto_generated_characteristics_rro/10001} BLOCKED
03-12 09:06:56.864   582  3334 I AppsFilter: interaction: PackageSetting{779df3 com.partesdetrabajo.app/10216} -> PackageSetting{5681c7a com.android.internal.systemui.navbar.gestural/10036} BLOCKED
03-12 09:06:56.864   582  3334 I AppsFilter: interaction: PackageSetting{779df3 com.partesdetrabajo.app/10216} -> PackageSetting{65d7c2b com.google.android.apps.youtube.music/10170} BLOCKED
03-12 09:06:56.864   582  3334 I AppsFilter: interaction: PackageSetting{779df3 com.partesdetrabajo.app/10216} -> PackageSetting{5e52888 com.android.bluetoothmidiservice/10101} BLOCKED
03-12 09:06:56.864   582  3334 I AppsFilter: interaction: PackageSetting{779df3 com.partesdetrabajo.app/10216} -> PackageSetting{61be221 com.android.storagemanager.auto_generated_rro_product__/10053} BLOCKED
03-12 09:06:56.864   582  3334 I AppsFilter: interaction: PackageSetting{779df3 com.partesdetrabajo.app/10216} -> PackageSetting{f4b8646 com.google.android.cellbroadcastreceiver/10198} BLOCKED
03-12 09:06:56.864   582  3334 I AppsFilter: interaction: PackageSetting{779df3 com.partesdetrabajo.app/10216} -> PackageSetting{635b007 android.auto_generated_rro_product__/10077} BLOCKED
03-12 09:06:56.864   582  3334 I AppsFilter: interaction: PackageSetting{779df3 com.partesdetrabajo.app/10216} -> PackageSetting{ce84534 com.google.android.inputmethod.latin/10163} BLOCKED
03-12 09:06:56.864   582  3334 I AppsFilter: interaction: PackageSetting{779df3 com.partesdetrabajo.app/10216} -> PackageSetting{e337f5d android.auto_generated_rro_vendor__/10078} BLOCKED
03-12 09:06:56.864   582  3334 I AppsFilter: interaction: PackageSetting{779df3 com.partesdetrabajo.app/10216} -> PackageSetting{ba9c0d2 com.google.android.apps.restore/10130} BLOCKED
03-12 09:06:56.864  4006  4006 D nativeloader: Configuring clns-9 for other apk /data/app/~~RgOCKUznt7nHo655Iu3pkg==/com.google.android.webview-SA8Yp8LVhgKyot5bgwPhJA==/WebViewGoogle.apk. target_sdk_version=34, uses_libraries=, library_path=/data/app/~~RgOCKUznt7nHo655Iu3pkg==/com.google.android.webview-SA8Yp8LVhgKyot5bgwPhJA==/lib/x86_64:/data/app/~~RgOCKUznt7nHo655Iu3pkg==/com.google.android.webview-SA8Yp8LVhgKyot5bgwPhJA==/WebViewGoogle.apk!/lib/x86_64:/data/app/~~L6nnnFWjKOi-sEFVjE3bQA==/com.google.android.trichromelibrary_636771938-TWK_Ug6zC95Q8Z3NpRimdw==/TrichromeLibrary.apk!/lib/x86_64, permitted_path=/data:/mnt/expand
03-12 09:06:56.881   830   849 V WindowManagerShell: Transition animation finished (aborted=false), notifying core (#9) android.os.BinderProxy@aa3439f@0
03-12 09:06:56.883  4006  4006 I cr_WVCFactoryProvider: Loaded version=124.0.6367.219 minSdkVersion=29 isBundle=false multiprocess=true packageId=2
03-12 09:06:56.891   830   849 V WindowManagerShell: Track 0 became idle
03-12 09:06:56.891   830   849 V WindowManagerShell: All active transition animations finished
03-12 09:06:56.893   582  2674 W UserManagerService: Requested status bar icon for non-badged user 0
03-12 09:06:56.900   582  4042 I EGL_emulation: Opening libGLESv1_CM_emulation.so
03-12 09:06:56.901   582  4042 I EGL_emulation: Opening libGLESv2_emulation.so
03-12 09:06:56.907   582   606 V WindowManager: Finish Transition (#9): created at 03-12 09:06:55.510 collect-started=0.569ms request-sent=8.53ms started=11.993ms ready=1006.48ms sent=1013.216ms finished=1372.254ms
03-12 09:06:56.907   582  2674 W UserManagerService: Requested status bar icon for non-badged user 0
03-12 09:06:56.910   582  4042 W HWUI    : Failed to initialize 101010-2 format, error = EGL_SUCCESS
03-12 09:06:56.912   830   849 V ShellDesktopMode: Task Vanished: #20 closed=true
03-12 09:06:56.913   582   610 D AsyncRotation: Cancel for no change
03-12 09:06:56.914  4006  4006 D nativeloader: Load /data/app/~~L6nnnFWjKOi-sEFVjE3bQA==/com.google.android.trichromelibrary_636771938-TWK_Ug6zC95Q8Z3NpRimdw==/TrichromeLibrary.apk!/lib/x86_64/libmonochrome_64.so using ns clns-9 from class loader (caller=/data/app/~~RgOCKUznt7nHo655Iu3pkg==/com.google.android.webview-SA8Yp8LVhgKyot5bgwPhJA==/WebViewGoogle.apk): ok
03-12 09:06:56.916  4006  4006 D nativeloader: Load /system/lib64/libwebviewchromium_plat_support.so using ns clns-9 from class loader (caller=/data/app/~~RgOCKUznt7nHo655Iu3pkg==/com.google.android.webview-SA8Yp8LVhgKyot5bgwPhJA==/WebViewGoogle.apk): ok
03-12 09:06:56.924  4006  4044 E chromium: [0312/090656.924250:ERROR:variations_seed_loader.cc(37)] Seed missing signature.
03-12 09:06:56.924  4006  4044 I chromium: [0312/090656.924536:INFO:variations_seed_loader.cc(66)] Failed to open file for reading.: No such file or directory (2)
03-12 09:06:56.931  4006  4006 I cr_LibraryLoader: Successfully loaded native library
03-12 09:06:56.931  4006  4006 I cr_CachingUmaRecorder: Flushed 6 samples from 6 histograms, 0 samples were dropped.
03-12 09:06:56.933  4006  4006 I cr_CombinedPProvider: #registerProvider() provider:WV.V7@1176980 isPolicyCacheEnabled:false policyProvidersSize:0
03-12 09:06:56.934  4006  4006 I cr_PolicyProvider: #setManagerAndSource() 0
03-12 09:06:56.943  4006  4006 I cr_CombinedPProvider: #linkNativeInternal() 1
03-12 09:06:56.944  4006  4006 I cr_AppResProvider: #getApplicationRestrictionsFromUserManager() Bundle[EMPTY_PARCEL]
03-12 09:06:56.944  4006  4006 I cr_PolicyProvider: #notifySettingsAvailable() 0
03-12 09:06:56.944  4006  4006 I cr_CombinedPProvider: #onSettingsAvailable() 0
03-12 09:06:56.944  4006  4006 I cr_CombinedPProvider: #flushPolicies()
03-12 09:06:56.951   582  3334 V GrammaticalInflectionUtils: AttributionSource: android.content.AttributionSource@875b71bd does not have READ_SYSTEM_GRAMMATICAL_GENDER permission.
03-12 09:06:56.972   902   902 D Zygote  : Forked child process 4062
03-12 09:06:56.976  4062  4062 I ocessService0:0: Using CollectorTypeCMC GC.
03-12 09:06:56.977  4062  4062 W ocessService0:0: Unexpected CPU variant for x86: x86_64.
03-12 09:06:56.977  4062  4062 W ocessService0:0: Known variants: atom, sandybridge, silvermont, goldmont, goldmont-plus, goldmont-without-sha-xsaves, tremont, kabylake, default
03-12 09:06:56.980  4062  4062 E ocessService0:0: Not starting debugger since process cannot load the jdwp agent.
03-12 09:06:56.983  4062  4062 D nativeloader: Load libframework-connectivity-tiramisu-jni.so using APEX ns com_android_tethering for caller /apex/com.android.tethering/javalib/framework-connectivity-t.jar: ok
03-12 09:06:57.002   582  2674 W ActivityManager: Slow operation: 51ms so far, now at startProcess: building log message
03-12 09:06:57.002   582  2674 I ActivityManager: Start proc 4062:com.google.android.webview:sandboxed_process0:org.chromium.content.app.SandboxedProcessService0:0/u0i2 for  {com.partesdetrabajo.app/org.chromium.content.app.SandboxedProcessService0:0}
03-12 09:06:57.003   582  2674 W ActivityManager: Slow operation: 51ms so far, now at startProcess: starting to update pids map
03-12 09:06:57.004   582   617 W ActivityManager: Slow operation: 52ms so far, now at startProcess: returned from zygote!
03-12 09:06:57.005   582  2674 W ActivityManager: Slow operation: 54ms so far, now at startProcess: done updating pids map
03-12 09:06:57.039  4062  4062 D CompatChangeReporter: Compat change id reported: 242716250; UID 99002; state: ENABLED
03-12 09:06:57.053   456   456 E BpTransactionCompletedListener: Failed to transact (-32)
03-12 09:06:57.067  4062  4062 D ApplicationLoaders: Returning zygote-cached class loader: /system_ext/framework/androidx.window.extensions.jar
03-12 09:06:57.085  4062  4062 I LoadedApk: No resource references to update in package com.google.android.trichromelibrary
03-12 09:06:57.091  4062  4062 I cr_WebViewApkApp: Launched version=124.0.6367.219 minSdkVersion=29 isBundle=false processName=com.google.android.webview:sandboxed_process0:org.chromium.content.app.SandboxedProcessService0:0
03-12 09:06:57.108  4062  4062 I cr_ChildProcessService: Creating new ChildProcessService pid=4062
03-12 09:06:57.122   582   602 D ConnectivityService: requestNetwork for uid/pid:10216/4006 activeRequest: null callbackRequest: 152 [NetworkRequest [ REQUEST id=153, [ Capabilities: INTERNET&NOT_RESTRICTED&TRUSTED&NOT_VCN_MANAGED&NOT_BANDWIDTH_CONSTRAINED Uid: 10216 RequestorUid: 10216 RequestorPkg: com.partesdetrabajo.app UnderlyingNetworks: Null] ]] callback flags: 0 order: 2147483647 isUidTracked: false
03-12 09:06:57.125   582   741 D ConnectivityService: NetReassign [153 : null → 100] [c 0] [a 0] [i 1]
03-12 09:06:57.125   582  2674 D CompatChangeReporter: Compat change id reported: 319212206; UID 10216; state: ENABLED
03-12 09:06:57.126   582   726 D WifiNetworkFactory: got request NetworkRequest [ REQUEST id=153, [ Capabilities: INTERNET&NOT_RESTRICTED&TRUSTED&NOT_VCN_MANAGED&NOT_BANDWIDTH_CONSTRAINED Uid: 10216 RequestorUid: 10216 RequestorPkg: com.partesdetrabajo.app UnderlyingNetworks: Null] ]
03-12 09:06:57.126   582   726 D UntrustedWifiNetworkFactory: got request NetworkRequest [ REQUEST id=153, [ Capabilities: INTERNET&NOT_RESTRICTED&TRUSTED&NOT_VCN_MANAGED&NOT_BANDWIDTH_CONSTRAINED Uid: 10216 RequestorUid: 10216 RequestorPkg: com.partesdetrabajo.app UnderlyingNetworks: Null] ]
03-12 09:06:57.126   582   726 D OemPaidWifiNetworkFactory: got request NetworkRequest [ REQUEST id=153, [ Capabilities: INTERNET&NOT_RESTRICTED&TRUSTED&NOT_VCN_MANAGED&NOT_BANDWIDTH_CONSTRAINED Uid: 10216 RequestorUid: 10216 RequestorPkg: com.partesdetrabajo.app UnderlyingNetworks: Null] ]
03-12 09:06:57.126   582   726 D MultiInternetWifiNetworkFactory: got request NetworkRequest [ REQUEST id=153, [ Capabilities: INTERNET&NOT_RESTRICTED&TRUSTED&NOT_VCN_MANAGED&NOT_BANDWIDTH_CONSTRAINED Uid: 10216 RequestorUid: 10216 RequestorPkg: com.partesdetrabajo.app UnderlyingNetworks: Null] ]
03-12 09:06:57.128   582   741 D ConnectivityService: NetReassign [no changes] [c 0] [a 0] [i 0]
03-12 09:06:57.133  1411  1411 D BoundBrokerSvc: onBind: Intent { act=com.google.android.gms.safetynet.service.START pkg=com.google.android.gms }
03-12 09:06:57.134  1411  1411 D BoundBrokerSvc: Loading bound service for intent: Intent { act=com.google.android.gms.safetynet.service.START pkg=com.google.android.gms }
03-12 09:06:57.153  1218  1630 I SP      : Sync for handwriting_recognition succeeded in 918 ms: no changes
03-12 09:06:57.160  1218  1630 I SP      : GC for 'handwriting_recognition' (10) with ttl of 0 ms took 0 ms (0/0/0)
03-12 09:06:57.161  1218  4023 I HandwritingOnlineSuperpacks: HandwritingOnlineSuperpacks.lambda$syncInternal$1():204 syncInternal(): syncing packs
03-12 09:06:57.161  1218  4023 I HandwritingOnlineSuperpacks: HandwritingOnlineSuperpacks$3.onSyncSuccess():252 syncInternal(): complete {old=[en_us_20230613_compact_fst_zip, pack_mapping_v1_lstm_20231127, qrnn_en_us_reco_20231010_fst_20230613_recospec_zip, scribe_latin_20231123_recospec_zip, scribe_latin_20231123_tflite_zip, transformer_latin_conf_tflite_20231010_zip, transformer_latin_seg_tflite_20231010_zip, transformer_latin_tflite_20231010_zip], new=[en_us_20230613_compact_fst_zip, pack_mapping_v1_lstm_20231127, qrnn_en_us_reco_20231010_fst_20230613_recospec_zip, scribe_latin_20231123_recospec_zip, scribe_latin_20231123_tflite_zip, transformer_latin_conf_tflite_20231010_zip, transformer_latin_seg_tflite_20231010_zip, transformer_latin_tflite_20231010_zip], metadata=false, last batch=true}
03-12 09:06:57.163  1218  1630 I HandwritingSlicingStrategy: HandwritingSlicingStrategy.getSlices():44 getSlices(): handwriting_recognition.86 useForeground=true
03-12 09:06:57.165  1218  1630 I HandwritingSlicingStrategy: HandwritingSlicingStrategy.getSlices():103 getSlices(): result {slices=[{handwriting_recognition:pack_mapping_v1_lstm_20231127, m:*:*:*, fg}, {handwriting_recognition:transformer_latin_tflite_20231010_zip, m:*:*:*, fg}, {handwriting_recognition:qrnn_en_us_reco_20231010_fst_20230613_recospec_zip, m:*:*:*, fg}, {handwriting_recognition:transformer_latin_conf_tflite_20231010_zip, m:*:*:*, fg}, {handwriting_recognition:transformer_latin_seg_tflite_20231010_zip, m:*:*:*, fg}, {handwriting_recognition:en_us_20230613_compact_fst_zip, m:*:*:*, fg}, {handwriting_recognition:scribe_latin_20231123_tflite_zip, m:*:*:*, fg}, {handwriting_recognition:scribe_latin_20231123_recospec_zip, m:*:*:*, fg}], last batch=true, sync metadata=false}
03-12 09:06:57.166  1218  1630 I SP      : Syncing handwriting_recognition (86) with slices: [{pack_mapping_v1_lstm_20231127, m:*:*:*, fg}, {transformer_latin_tflite_20231010_zip, m:*:*:*, fg}, {qrnn_en_us_reco_20231010_fst_20230613_recospec_zip, m:*:*:*, fg}, {transformer_latin_conf_tflite_20231010_zip, m:*:*:*, fg}, {transformer_latin_seg_tflite_20231010_zip, m:*:*:*, fg}, {en_us_20230613_compact_fst_zip, m:*:*:*, fg}, {scribe_latin_20231123_tflite_zip, m:*:*:*, fg}, {scribe_latin_20231123_recospec_zip, m:*:*:*, fg}], metadata: false
03-12 09:06:57.176  1218  4025 E HandwritingSuperpacksUtil: HandwritingSuperpacksUtil.getPackMappingPackName():40 No pack mapping pack found in []
03-12 09:06:57.177  1218  4025 I HandwritingSuperpacks: HandwritingSuperpacks.lambda$reloadCache$0():237 updatePackMappingsCache(): pack mapping pack unavailable [OFFLINE]
03-12 09:06:57.249  1012  1376 D EGL_emulation: app_time_stats: avg=577.67ms min=108.29ms max=803.57ms count=4
03-12 09:06:57.270  1012  1012 I Choreographer: Skipped 38 frames!  The application may be doing too much work on its main thread.
03-12 09:06:57.274  1012  1012 D SsBaseTemplateCard: No text view can be set up
03-12 09:06:57.274  1012  1012 I SsBaseTemplateCard: setFormattedContentDescription: text=55°F, iconDescription=Partly sunny, contentDescription=Partly sunny, 55°F
03-12 09:06:57.274  1012  1012 D SsBaseTemplateCard: Passed-in item info is null
03-12 09:06:57.274  1012  1012 D SsBaseTemplateCard: Passed-in item info is null
03-12 09:06:57.274  1012  1012 I SsBaseTemplateCard: Secondary card pane is null
03-12 09:06:57.274  1012  1012 E SsBaseTemplateCard: No tap action can be set up
03-12 09:06:57.274  1012  1012 D SsBaseTemplateCard: Passed-in item info is null
03-12 09:06:57.274  1012  1012 D SsBaseTemplateCard: Passed-in item info is null
03-12 09:06:57.308  1012  1032 I HWUI    : Davey! duration=870ms; Flags=0, FrameTimelineVsyncId=28498, IntendedVsync=326030002794, Vsync=326213336120, InputEventId=0, HandleInputStart=326224328300, AnimationStart=326224343600, PerformTraversalsStart=326225613500, DrawStart=326253612200, FrameDeadline=326130002790, FrameInterval=326223774400, FrameStartTime=16666666, SyncQueued=326253782400, SyncStart=326258552200, IssueDrawCommandsStart=326259020000, SwapBuffers=326784446900, FrameCompleted=326904924100, DequeueBufferDuration=26800, QueueBufferDuration=1741600, GpuCompleted=326903643300, SwapBuffersCompleted=326904924100, DisplayPresentTime=0, CommandSubmissionCompleted=326784446900, 
03-12 09:06:57.329  4006  4006 D Capacitor: Starting BridgeActivity
03-12 09:06:57.346  1012  1032 I HWUI    : Davey! duration=723ms; Flags=0, FrameTimelineVsyncId=28673, IntendedVsync=326230002786, Vsync=326263336118, InputEventId=0, HandleInputStart=326274451300, AnimationStart=326274512300, PerformTraversalsStart=326276554600, DrawStart=326906691200, FrameDeadline=326930002758, FrameInterval=326274372600, FrameStartTime=16666666, SyncQueued=326906772300, SyncStart=326914903000, IssueDrawCommandsStart=326915105800, SwapBuffers=326917395000, FrameCompleted=326962031600, DequeueBufferDuration=32370100, QueueBufferDuration=413000, GpuCompleted=326961583600, SwapBuffersCompleted=326962031600, DisplayPresentTime=0, CommandSubmissionCompleted=326917395000, 
03-12 09:06:57.348  1012  1012 I TopTaskTracker: onTaskRemoved: taskId=20
03-12 09:06:57.348  1012  1012 I TopTaskTracker: onTaskRemoved: taskId=20
03-12 09:06:57.349  1012  1012 D VRI[NexusLauncherActivity]: visibilityChanged oldVisibility=true newVisibility=false
03-12 09:06:57.355   456   549 D PermissionCache: checking android.permission.WAKEUP_SURFACE_FLINGER for uid=10180 => granted (2286 us)
03-12 09:06:57.355   456   549 W VsyncModulator: setTransactionSchedule: Unexpected EarlyEnd
03-12 09:06:57.363  1012  1012 D NexusLauncherModelDelegate: notifySmartspaceEvent: SmartspaceTargetEvent{mSmartspaceTarget=null, mSmartspaceActionId='null', mEventType=7}
03-12 09:06:57.421  4006  4006 D Capacitor: Registering plugin instance: CapacitorCookies
03-12 09:06:57.433  4006  4006 D Capacitor: Registering plugin instance: WebView
03-12 09:06:57.435  4006  4006 D Capacitor: Registering plugin instance: CapacitorHttp
03-12 09:06:57.439  4006  4006 D Capacitor: Registering plugin instance: AlbaranScanner
03-12 09:06:57.441  1388  1887 E TelephonyManager: Error calling #isDataEnabled, returning default (false).
03-12 09:06:57.441  1388  1887 E TelephonyManager: java.lang.IllegalStateException: telephony service is null.
03-12 09:06:57.441  1388  1887 E TelephonyManager: 	at android.telephony.TelephonyManager.isDataEnabledForReason(TelephonyManager.java:14365)
03-12 09:06:57.441  1388  1887 E TelephonyManager: 	at android.telephony.TelephonyManager.isDataEnabledForReason(TelephonyManager.java:14356)
03-12 09:06:57.441  1388  1887 E TelephonyManager: 	at android.telephony.TelephonyManager.isDataEnabled(TelephonyManager.java:11659)
03-12 09:06:57.441  1388  1887 E TelephonyManager: 	at com.google.android.gms.common.d.b$$ExternalSyntheticApiModelOutline0.m(D8$$SyntheticClass:81)
03-12 09:06:57.441  1388  1887 E TelephonyManager: 	at com.google.android.libraries.gsa.c.a.a.aa.a(PG:151)
03-12 09:06:57.441  1388  1887 E TelephonyManager: 	at com.google.android.libraries.gsa.h.a.k.call(PG:9)
03-12 09:06:57.441  1388  1887 E TelephonyManager: 	at java.util.concurrent.FutureTask.run(FutureTask.java:264)
03-12 09:06:57.441  1388  1887 E TelephonyManager: 	at com.google.android.libraries.k.x.run(PG:3)
03-12 09:06:57.441  1388  1887 E TelephonyManager: 	at com.google.common.n.c.c.run(PG:50)
03-12 09:06:57.441  1388  1887 E TelephonyManager: 	at com.google.android.libraries.k.e.run(PG:8)
03-12 09:06:57.441  1388  1887 E TelephonyManager: 	at java.lang.Thread.run(Thread.java:1012)
03-12 09:06:57.441  1388  1887 E TelephonyManager: 	at com.google.android.libraries.k.d.b.run(PG:74)
03-12 09:06:57.445   582  1896 D ConnectivityService: requestNetwork for uid/pid:10144/1388 activeRequest: null callbackRequest: 155 [NetworkRequest [ REQUEST id=155, [ Transports: CELLULAR Capabilities: INTERNET&NOT_RESTRICTED&TRUSTED&NOT_VPN&NOT_VCN_MANAGED&NOT_BANDWIDTH_CONSTRAINED Forbidden: LOCAL_NETWORK Uid: 10144 RequestorUid: 10144 RequestorPkg: com.google.android.googlequicksearchbox UnderlyingNetworks: Null] ]] callback flags: 0 order: 2147483647 isUidTracked: false
03-12 09:06:57.447   582   741 D ConnectivityService: NetReassign [no changes] [c 0] [a 0] [i 1]
03-12 09:06:57.447   582   741 D ConnectivityService: reportNetworkConnectivity(100, false) by 10144
03-12 09:06:57.448   915  1817 D NetworkMonitor/100: Forcing reevaluation for UID 10144. Dns signal count: 0
03-12 09:06:57.450   915  4081 D TrafficStats: tagSocket(5) with statsTag=0xffffff81, statsUid=-1
03-12 09:06:57.451   915  4082 D TrafficStats: tagSocket(89) with statsTag=0xffffff81, statsUid=-1
03-12 09:06:57.453   915  4081 D TrafficStats: tagSocket(5) with statsTag=0xffffff81, statsUid=-1
03-12 09:06:57.462   915  4082 D TrafficStats: tagSocket(89) with statsTag=0xffffff81, statsUid=-1
03-12 09:06:57.472   915   915 D TrafficStats: tagSocket(5) with statsTag=0xffffffff, statsUid=-1
03-12 09:06:57.473   915   915 D TrafficStats: tagSocket(5) with statsTag=0xffffffff, statsUid=-1
03-12 09:06:57.475   915  4081 D NetworkMonitor/100: PROBE_DNS www.google.com 25ms OK 142.251.140.228,2a00:1450:4003:810::2004
03-12 09:06:57.475   915   915 D TrafficStats: tagSocket(5) with statsTag=0xffffffff, statsUid=-1
03-12 09:06:57.475   915   915 D TrafficStats: tagSocket(5) with statsTag=0xffffffff, statsUid=-1
03-12 09:06:57.476   915  4082 D NetworkMonitor/100: PROBE_DNS connectivitycheck.gstatic.com 26ms OK 142.251.140.227,2a00:1450:4003:800::2003
03-12 09:06:57.483   915  4082 D TrafficStats: tagSocket(89) with statsTag=0xffffff81, statsUid=-1
03-12 09:06:57.484   915  4081 D TrafficStats: tagSocket(133) with statsTag=0xffffff81, statsUid=-1
03-12 09:06:57.488  1218  1630 I SP      : Sync for emoticon_content_description succeeded in 738 ms: no changes
03-12 09:06:57.488  1218  1630 I SP      : GC for 'emoticon_content_description' (10) with ttl of 0 ms took 0 ms (0/0/0)
03-12 09:06:57.525   915  4082 D NetworkMonitor/100: PROBE_HTTP http://connectivitycheck.gstatic.com/generate_204 Probe failed with exception java.io.IOException: unexpected end of stream on com.android.okhttp.Address@dddc12cc
03-12 09:06:57.572   915  4081 D NetworkMonitor/100: PROBE_HTTPS https://www.google.com/generate_204 time=90ms ret=204 request={Connection=[close], User-Agent=[Mozilla/5.0 (X11; Linux x86_64) AppleWebKit/537.36 (KHTML, like Gecko) Chrome/60.0.3112.32 Safari/537.36]} headers={null=[HTTP/1.1 204 No Content], Alt-Svc=[h3=":443"; ma=2592000,h3-29=":443"; ma=2592000], Connection=[close], Content-Length=[0], Cross-Origin-Resource-Policy=[cross-origin], Date=[Thu, 12 Mar 2026 09:06:57 GMT], X-Android-Received-Millis=[1773306417571], X-Android-Response-Source=[NETWORK 204], X-Android-Selected-Protocol=[http/1.1], X-Android-Sent-Millis=[1773306417546]}
03-12 09:06:57.573   915  4080 D NetworkMonitor/100: isCaptivePortal: isSuccessful()=true isPortal()=false RedirectUrl=null isPartialConnectivity()=false Time=124ms
03-12 09:06:57.574   582   741 D ConnectivityService: [100 WIFI] validation passed
03-12 09:06:57.634  1218  1630 I SP      : Sync for handwriting_recognition succeeded in 475 ms: no changes
03-12 09:06:57.634  1218  1630 I SP      : GC for 'handwriting_recognition' (10) with ttl of 0 ms took 0 ms (0/0/0)
03-12 09:06:57.635  1218  4024 I HandwritingOnlineSuperpacks: HandwritingOnlineSuperpacks.lambda$syncInternal$1():204 syncInternal(): syncing packs
03-12 09:06:57.635  1218  4024 I HandwritingOnlineSuperpacks: HandwritingOnlineSuperpacks$3.onSyncSuccess():252 syncInternal(): complete {old=[en_us_20230613_compact_fst_zip, pack_mapping_v1_lstm_20231127, qrnn_en_us_reco_20231010_fst_20230613_recospec_zip, scribe_latin_20231123_recospec_zip, scribe_latin_20231123_tflite_zip, transformer_latin_conf_tflite_20231010_zip, transformer_latin_seg_tflite_20231010_zip, transformer_latin_tflite_20231010_zip], new=[en_us_20230613_compact_fst_zip, pack_mapping_v1_lstm_20231127, qrnn_en_us_reco_20231010_fst_20230613_recospec_zip, scribe_latin_20231123_recospec_zip, scribe_latin_20231123_tflite_zip, transformer_latin_conf_tflite_20231010_zip, transformer_latin_seg_tflite_20231010_zip, transformer_latin_tflite_20231010_zip], metadata=false, last batch=true}
03-12 09:06:57.636  1218  4022 E HandwritingSuperpacksUtil: HandwritingSuperpacksUtil.getPackMappingPackName():40 No pack mapping pack found in []
03-12 09:06:57.637  1218  4022 I HandwritingSuperpacks: HandwritingSuperpacks.lambda$reloadCache$0():237 updatePackMappingsCache(): pack mapping pack unavailable [OFFLINE]
03-12 09:06:57.686  4006  4006 I ALBARAN_OCR: Azure DocInt mode enabled baseUrl=http://127.0.0.1:7071
03-12 09:06:57.743  4006  4006 D Capacitor: Registering plugin instance: FileOpener
03-12 09:06:57.745  4006  4006 D Capacitor: Registering plugin instance: SpeechRecognition
03-12 09:06:57.747  4006  4006 D Capacitor: Registering plugin instance: App
03-12 09:06:57.749  4006  4006 D Capacitor: Registering plugin instance: Browser
03-12 09:06:57.752  4006  4006 D Capacitor: Registering plugin instance: Camera
03-12 09:06:57.756  4006  4006 D Capacitor: Registering plugin instance: Filesystem
03-12 09:06:57.760  4006  4006 D Capacitor: Registering plugin instance: Geolocation
03-12 09:06:57.761  1101  1101 D BoundBrokerSvc: onRebind: Intent { act=com.google.android.gms.common.telemetry.service.START dat=chimera-action:/... cmp=com.google.android.gms/.chimera.PersistentApiService }
03-12 09:06:57.793  4006  4006 D Capacitor: Registering plugin instance: Preferences
03-12 09:06:57.797  4006  4006 D Capacitor: Registering plugin instance: Share
03-12 09:06:57.799  4006  4006 D Capacitor: Registering plugin instance: SplashScreen
03-12 09:06:57.818  4006  4006 W Capacitor: Unable to read file at path public/plugins
03-12 09:06:57.824  4006  4006 D Capacitor: Loading app at http://localhost
03-12 09:06:57.836  4006  4056 W cr_media: BLUETOOTH_CONNECT permission is missing.
03-12 09:06:57.837  4006  4096 I EGL_emulation: Opening libGLESv1_CM_emulation.so
03-12 09:06:57.838  4006  4096 I EGL_emulation: Opening libGLESv2_emulation.so
03-12 09:06:57.840  4062  4076 I cr_LibraryLoader: Successfully loaded native library
03-12 09:06:57.841  4062  4076 I cr_CachingUmaRecorder: Flushed 2 samples from 2 histograms, 0 samples were dropped.
03-12 09:06:57.848  4062  4076 W SystemServiceRegistry: No service published for: uimode
03-12 09:06:57.850  4006  4056 W cr_media: registerBluetoothIntentsIfNeeded: Requires BLUETOOTH permission
03-12 09:06:57.854  4062  4076 W chromium: [WARNING:runtime_features.cc(694)] SharedStorage for M118+ cannot be enabled in this configuration. Use --enable-features=SharedStorageAPI,SharedStorageAPIM118 in addition.
03-12 09:06:57.854  4062  4076 W chromium: [WARNING:runtime_features.cc(730)] AttributionReportingCrossAppWeb cannot be enabled in this configuration. Use --enable-features=ConversionMeasurement,AttributionReportingCrossAppWeb in addition.
03-12 09:06:57.862  4006  4006 D Capacitor: App started
03-12 09:06:57.864  4006  4006 W WindowOnBackDispatcher: OnBackInvokedCallback is not enabled for the application.
03-12 09:06:57.864  4006  4006 W WindowOnBackDispatcher: Set 'android:enableOnBackInvokedCallback="true"' in the application manifest.
03-12 09:06:57.867  4006  4006 D Capacitor/AppPlugin: Firing change: true
03-12 09:06:57.868  4006  4006 V Capacitor/AppPlugin: Notifying listeners for event appStateChange
03-12 09:06:57.869  4006  4006 D Capacitor/AppPlugin: No listeners found for event appStateChange
03-12 09:06:57.874  1101  2178 I FontLog : (REDACTED) Received query %s, URI %s
03-12 09:06:57.874  1101  2178 I FontLog : (REDACTED) Query [%s] resolved to %s
03-12 09:06:57.879  4006  4006 V Capacitor/BrowserPlugin: Notifying listeners for event browserFinished
03-12 09:06:57.879  4006  4006 D Capacitor/BrowserPlugin: No listeners found for event browserFinished
03-12 09:06:57.879  4006  4006 D Capacitor: App resumed
03-12 09:06:57.880  1101  2178 I FontLog : (REDACTED) Font PFD returned from cache for %s
03-12 09:06:57.880  1101  2178 I FontLog : (REDACTED) Fetch %s end status %s
03-12 09:06:57.883  1101  2178 I FontLog : (REDACTED) Pulling font file for id = %d, cache size = %d
03-12 09:06:57.885  4006  4006 W HWUI    : Unknown dataspace 0
03-12 09:06:57.887  1101  2178 I FontLog : (REDACTED) Received query %s, URI %s
03-12 09:06:57.888  1101  2178 I FontLog : (REDACTED) Query [%s] resolved to %s
03-12 09:06:57.889  1101  2178 I FontLog : (REDACTED) Fetch %s end status %s
03-12 09:06:57.892  1101  2178 I FontLog : (REDACTED) Pulling font file for id = %d, cache size = %d
03-12 09:06:57.895  1101  2178 I FontLog : (REDACTED) Received query %s, URI %s
03-12 09:06:57.896  1101  2178 I FontLog : (REDACTED) Query [%s] resolved to %s
03-12 09:06:57.897  1101  2178 I FontLog : (REDACTED) Font PFD returned from cache for %s
03-12 09:06:57.897  1101  2178 I FontLog : (REDACTED) Fetch %s end status %s
03-12 09:06:57.905  1101  2178 I FontLog : (REDACTED) Pulling font file for id = %d, cache size = %d
03-12 09:06:57.910  4006  4058 D Capacitor: Handling local request: http://localhost/
03-12 09:06:57.913  4006  4006 I Choreographer: Skipped 91 frames!  The application may be doing too much work on its main thread.
03-12 09:06:57.925  1101  2178 I FontLog : (REDACTED) Received query %s, URI %s
03-12 09:06:57.925  1101  2178 I FontLog : (REDACTED) Query [%s] resolved to %s
03-12 09:06:57.928  1101  2178 I FontLog : (REDACTED) Font PFD returned from cache for %s
03-12 09:06:57.929  1101  2178 I FontLog : (REDACTED) Fetch %s end status %s
03-12 09:06:57.930   582   602 D CoreBackPreview: Window{d5a9f64 u0 com.partesdetrabajo.app/com.partesdetrabajo.app.MainActivity}: Setting back callback OnBackInvokedCallbackInfo{mCallback=android.window.IOnBackInvokedCallback$Stub$Proxy@bf876fc, mPriority=0, mIsAnimationCallback=false}
03-12 09:06:57.938  1101  2178 I FontLog : (REDACTED) Pulling font file for id = %d, cache size = %d
03-12 09:06:57.943  4006  4033 W HWUI    : Failed to initialize 101010-2 format, error = EGL_SUCCESS
03-12 09:06:57.997   173   173 I hwservicemanager: getTransport: Cannot find entry android.hardware.graphics.mapper@4.0::IMapper/default in either framework or device VINTF manifest.
03-12 09:06:57.998  4006  4033 I Gralloc4: mapper 4.x is not supported
03-12 09:06:58.090  2913  2928 I artd    : Dex parent of /data/app/~~QbfMBCHN6AWoZYT3f3Kpqw==/com.google.android.gms-oHHfKXZhPUL0eAmwN3RZhw==/base.apk is not writable: Permission denied
03-12 09:06:58.090  2913  2928 I artd    : GetBestInfo checking odex in dalvik-cache (/data/dalvik-cache/x86_64/data@app@~~QbfMBCHN6AWoZYT3f3Kpqw==@com.google.android.gms-oHHfKXZhPUL0eAmwN3RZhw==@base.apk@classes.dex)
03-12 09:06:58.090  2913  2928 I artd    : Loading /data/dalvik-cache/x86_64/data@app@~~QbfMBCHN6AWoZYT3f3Kpqw==@com.google.android.gms-oHHfKXZhPUL0eAmwN3RZhw==@base.apk@classes.dex with executable: 0
03-12 09:06:58.090  2913  2928 I artd    : OatFileAssistant test for existing oat file /data/dalvik-cache/x86_64/data@app@~~QbfMBCHN6AWoZYT3f3Kpqw==@com.google.android.gms-oHHfKXZhPUL0eAmwN3RZhw==@base.apk@classes.dex: File /data/dalvik-cache/x86_64/data@app@~~QbfMBCHN6AWoZYT3f3Kpqw==@com.google.android.gms-oHHfKXZhPUL0eAmwN3RZhw==@base.apk@classes.vdex does not exist.
03-12 09:06:58.090  2913  2928 I artd    : GetBestInfo checking odex next to the dex file (/data/app/~~QbfMBCHN6AWoZYT3f3Kpqw==/com.google.android.gms-oHHfKXZhPUL0eAmwN3RZhw==/oat/x86_64/base.odex)
03-12 09:06:58.090  2913  2928 I artd    : Loading /data/app/~~QbfMBCHN6AWoZYT3f3Kpqw==/com.google.android.gms-oHHfKXZhPUL0eAmwN3RZhw==/oat/x86_64/base.odex with executable: 0
03-12 09:06:58.092  2913  2928 I artd    : Successfully loaded /data/app/~~QbfMBCHN6AWoZYT3f3Kpqw==/com.google.android.gms-oHHfKXZhPUL0eAmwN3RZhw==/oat/x86_64/base.odex with executable: 0
03-12 09:06:58.092  2913  2928 I artd    : /data/app/~~QbfMBCHN6AWoZYT3f3Kpqw==/com.google.android.gms-oHHfKXZhPUL0eAmwN3RZhw==/oat/x86_64/base.odex is kOatUpToDate with filter speed-profile
03-12 09:06:58.092   582   606 W ziparchive: Unable to open '/data/app/~~ov01juCzioxofzykiLGDXg==/com.partesdetrabajo.app-uYnBmv9jbvRDlw-36MTMzw==/base.dm': No such file or directory
03-12 09:06:58.093   582   606 I ActivityTaskManager: Displayed com.partesdetrabajo.app/.MainActivity for user 0: +2s586ms
03-12 09:06:58.099  2913  2928 I artd    : Dex parent of /data/app/~~QbfMBCHN6AWoZYT3f3Kpqw==/com.google.android.gms-oHHfKXZhPUL0eAmwN3RZhw==/split_AdsDynamite_installtime.apk is not writable: Permission denied
03-12 09:06:58.099  2913  2928 I artd    : GetBestInfo checking odex in dalvik-cache (/data/dalvik-cache/x86_64/data@app@~~QbfMBCHN6AWoZYT3f3Kpqw==@com.google.android.gms-oHHfKXZhPUL0eAmwN3RZhw==@split_AdsDynamite_installtime.apk@classes.dex)
03-12 09:06:58.099  2913  2928 I artd    : Loading /data/dalvik-cache/x86_64/data@app@~~QbfMBCHN6AWoZYT3f3Kpqw==@com.google.android.gms-oHHfKXZhPUL0eAmwN3RZhw==@split_AdsDynamite_installtime.apk@classes.dex with executable: 0
03-12 09:06:58.099  2913  2928 I artd    : OatFileAssistant test for existing oat file /data/dalvik-cache/x86_64/data@app@~~QbfMBCHN6AWoZYT3f3Kpqw==@com.google.android.gms-oHHfKXZhPUL0eAmwN3RZhw==@split_AdsDynamite_installtime.apk@classes.dex: File /data/dalvik-cache/x86_64/data@app@~~QbfMBCHN6AWoZYT3f3Kpqw==@com.google.android.gms-oHHfKXZhPUL0eAmwN3RZhw==@split_AdsDynamite_installtime.apk@classes.vdex does not exist.
03-12 09:06:58.099  2913  2928 I artd    : GetBestInfo checking odex next to the dex file (/data/app/~~QbfMBCHN6AWoZYT3f3Kpqw==/com.google.android.gms-oHHfKXZhPUL0eAmwN3RZhw==/oat/x86_64/split_AdsDynamite_installtime.odex)
03-12 09:06:58.099  2913  2928 I artd    : Loading /data/app/~~QbfMBCHN6AWoZYT3f3Kpqw==/com.google.android.gms-oHHfKXZhPUL0eAmwN3RZhw==/oat/x86_64/split_AdsDynamite_installtime.odex with executable: 0
