03-12 09:07:02.953   582  1036 I ExplicitHealthCheckController: Explicit health check service is unbound
03-12 09:07:02.982   167   167 I lowmemorykiller: Using psi monitors for memory pressure detection
03-12 09:07:02.982   167   167 I lowmemorykiller: Properties reinitilized
03-12 09:07:02.982  4168  4168 I lowmemorykiller: lmkd updated properties successfully
03-12 09:07:02.982   167   167 I lowmemorykiller: lmkd data connection dropped
03-12 09:07:02.982   167   167 I lowmemorykiller: closing lmkd data connection
03-12 09:07:02.992   582   687 I RescueParty: Starting to observe: [com.google.android.as, com.google.android.as.oss], updated namespace: device_personalization_services
03-12 09:07:02.992   582   615 I PackageWatchdog: Syncing state, reason: observing new packages
03-12 09:07:02.992   582   615 D PackageWatchdog: rescue-party-observer added the following packages to monitor [com.google.android.as, com.google.android.as.oss]
03-12 09:07:02.992   582   615 I PackageWatchdog: Syncing state, reason: updated observers
03-12 09:07:02.992   582   615 I PackageWatchdog: Not pruning observers, elapsed time: 0ms
03-12 09:07:02.992   582   615 I PackageWatchdog: Saving observer state to file
03-12 09:07:02.995   582   582 I PackageWatchdog: Syncing health check requests for packages: {}
03-12 09:07:02.995   582   582 I ExplicitHealthCheckController: Service not ready to get health check supported packages. Binding...
03-12 09:07:02.997   582   582 I ExplicitHealthCheckController: Explicit health check service is bound
03-12 09:07:02.999   582   582 I ExplicitHealthCheckController: Explicit health check service is connected ComponentInfo{com.google.android.ext.services/android.ext.services.watchdog.ExplicitHealthCheckServiceImpl}
03-12 09:07:02.999   582   582 I ExplicitHealthCheckController: Service initialized, syncing requests
03-12 09:07:02.999   582   582 I PackageWatchdog: Syncing health check requests for packages: {}
03-12 09:07:02.999   582   582 D ExplicitHealthCheckController: Getting health check supported packages
03-12 09:07:03.001   582  1036 I ExplicitHealthCheckController: Explicit health check supported packages [PackageConfig{com.google.android.networkstack, 86400000}]
03-12 09:07:03.001   582  1036 D PackageWatchdog: Received supported packages [PackageConfig{com.google.android.networkstack, 86400000}]
03-12 09:07:03.001   582  1036 D ExplicitHealthCheckController: Getting health check requested packages
03-12 09:07:03.001   582  1036 I ExplicitHealthCheckController: Explicit health check requested packages []
03-12 09:07:03.001   582  1036 I ExplicitHealthCheckController: No more health check requests, unbinding...
03-12 09:07:03.002   582  1036 I ExplicitHealthCheckController: Explicit health check service is unbound
03-12 09:07:03.005   582   687 I RescueParty: Starting to observe: [android], updated namespace: app_compat
03-12 09:07:03.005   582   615 I PackageWatchdog: Syncing state, reason: observing new packages
03-12 09:07:03.007   582   615 D PackageWatchdog: rescue-party-observer added the following packages to monitor [android]
03-12 09:07:03.007   582   615 I PackageWatchdog: Syncing state, reason: updated observers
03-12 09:07:03.007   582   615 I PackageWatchdog: Not pruning observers, elapsed time: 0ms
03-12 09:07:03.007   384   384 W Zygote  : forkRepeatedly terminated due to non-simple command
03-12 09:07:03.007   384   384 D Zygote  : mbuffer starts with 1 , nice name is , mEnd = 35, mNext = 35, mLinesLeft = 0, mFd = 5
03-12 09:07:03.010   582   582 I PackageWatchdog: Syncing health check requests for packages: {}
03-12 09:07:03.010   582   582 I ExplicitHealthCheckController: Service not ready to get health check supported packages. Binding...
03-12 09:07:03.011   582   615 I PackageWatchdog: Saving observer state to file
03-12 09:07:03.012   582   582 I ExplicitHealthCheckController: Explicit health check service is bound
03-12 09:07:03.014   582   582 I ExplicitHealthCheckController: Explicit health check service is connected ComponentInfo{com.google.android.ext.services/android.ext.services.watchdog.ExplicitHealthCheckServiceImpl}
03-12 09:07:03.014   582   582 I ExplicitHealthCheckController: Service initialized, syncing requests
03-12 09:07:03.015   582   582 I PackageWatchdog: Syncing health check requests for packages: {}
03-12 09:07:03.015   582   582 D ExplicitHealthCheckController: Getting health check supported packages
03-12 09:07:03.016   582  1036 I ExplicitHealthCheckController: Explicit health check supported packages [PackageConfig{com.google.android.networkstack, 86400000}]
03-12 09:07:03.016   582  1036 D PackageWatchdog: Received supported packages [PackageConfig{com.google.android.networkstack, 86400000}]
03-12 09:07:03.016   582  1036 D ExplicitHealthCheckController: Getting health check requested packages
03-12 09:07:03.016   582  1036 I ExplicitHealthCheckController: Explicit health check requested packages []
03-12 09:07:03.016   582  1036 I ExplicitHealthCheckController: No more health check requests, unbinding...
03-12 09:07:03.018   582  1036 I ExplicitHealthCheckController: Explicit health check service is unbound
03-12 09:07:03.054   582   687 I RescueParty: Starting to observe: [com.google.android.providers.media.module], updated namespace: mediaprovider
03-12 09:07:03.054   582   615 I PackageWatchdog: Syncing state, reason: observing new packages
03-12 09:07:03.055   582   615 D PackageWatchdog: rescue-party-observer added the following packages to monitor [com.google.android.providers.media.module]
03-12 09:07:03.056   582   615 I PackageWatchdog: Syncing state, reason: updated observers
03-12 09:07:03.056   582   615 I PackageWatchdog: Not pruning observers, elapsed time: 0ms
03-12 09:07:03.056   582   615 I PackageWatchdog: Saving observer state to file
03-12 09:07:03.057  1258  1442 I TranscodeHelper: Empty transcode compat stale
03-12 09:07:03.057  1258  1442 I TranscodeHelper: Parsed 0 packages from resource
03-12 09:07:03.057  1258  1442 I TranscodeHelper: Parsed 8 packages from device config
03-12 09:07:03.057  1258  1518 D PickerSyncLockManager: Trying to acquire lock com.android.providers.media.photopicker.sync.CloseableReentrantLock@28aee1d[Unlocked]. Lock Name = CLOUD_PROVIDER_LOCK. Threads that may be waiting to acquire this lock = []
03-12 09:07:03.057  1258  1518 D CloseableReentrantLock: Successfully acquired lock com.android.providers.media.photopicker.sync.CloseableReentrantLock@28aee1d[Locked by thread fg]. Lock Name = CLOUD_PROVIDER_LOCK. Threads that may be waiting to acquire this lock = []
03-12 09:07:03.057  1258  1518 D CloseableReentrantLock: Successfully released lock com.android.providers.media.photopicker.sync.CloseableReentrantLock@28aee1d[Unlocked]. Lock Name = CLOUD_PROVIDER_LOCK. Threads that may be waiting to acquire this lock = []
03-12 09:07:03.057  1258  1442 I MediaApplication: PhotoPickerSettingsActivity is now enabled
03-12 09:07:03.058  1258  1442 I MediaProvider: Changed PhotoPickerActivity component state to STATE_ENABLED ( 1 )
03-12 09:07:03.058  1258  1442 I MediaProvider: Changed PhotoPickerGetContentActivity component state to STATE_ENABLED ( 1 )
03-12 09:07:03.059  1258  1442 I MediaProvider: Changed PhotoPickerUserSelectActivity component state to STATE_ENABLED ( 1 )
03-12 09:07:03.059   582   582 I PackageWatchdog: Syncing health check requests for packages: {}
03-12 09:07:03.059   582   582 I ExplicitHealthCheckController: Service not ready to get health check supported packages. Binding...
03-12 09:07:03.059  1258  1442 I SyncWorkManager: Scheduling periodic proactive syncs
03-12 09:07:03.060   582   582 I ExplicitHealthCheckController: Explicit health check service is bound
03-12 09:07:03.060   582   582 I PackageWatchdog: Syncing health check requests for packages: {}
03-12 09:07:03.060   582   582 I ExplicitHealthCheckController: Service not ready to get health check supported packages. Binding...
03-12 09:07:03.060   582   582 I ExplicitHealthCheckController: Not binding to service, service already connecting
03-12 09:07:03.061   582   687 I RescueParty: Starting to observe: [android], updated namespace: credential_manager
03-12 09:07:03.062  1258  1442 I SyncWorkManager: Scheduling periodic picker album data resets
03-12 09:07:03.062   582   615 I PackageWatchdog: Syncing state, reason: observing new packages
03-12 09:07:03.063   582   582 I ExplicitHealthCheckController: Explicit health check service is connected ComponentInfo{com.google.android.ext.services/android.ext.services.watchdog.ExplicitHealthCheckServiceImpl}
03-12 09:07:03.063   582   615 D PackageWatchdog: rescue-party-observer added the following packages to monitor [android]
03-12 09:07:03.063   582   615 I PackageWatchdog: Syncing state, reason: updated observers
03-12 09:07:03.063   582   615 I PackageWatchdog: Not pruning observers, elapsed time: 0ms
03-12 09:07:03.063   582   582 I ExplicitHealthCheckController: Service initialized, syncing requests
03-12 09:07:03.063   582   615 I PackageWatchdog: Saving observer state to file
03-12 09:07:03.064  1258  1442 D PickerSyncLockManager: Trying to acquire lock com.android.providers.media.photopicker.sync.CloseableReentrantLock@28aee1d[Unlocked]. Lock Name = CLOUD_PROVIDER_LOCK. Threads that may be waiting to acquire this lock = []
03-12 09:07:03.064  1258  1442 D CloseableReentrantLock: Successfully acquired lock com.android.providers.media.photopicker.sync.CloseableReentrantLock@28aee1d[Locked by thread com.android.providers.media.internal.modules.utils.BackgroundThread]. Lock Name = CLOUD_PROVIDER_LOCK. Threads that may be waiting to acquire this lock = []
03-12 09:07:03.064  1258  1442 D CloudProviderUtils: Available CloudMediaProvider-s: [CloudProviderInfo{authority='com.google.android.apps.photos.cloudpicker', pkg='com.google.android.apps.photos', uid=10168}]
03-12 09:07:03.064  1258  1442 I PickerSyncController: Only 1 cloud provider found, hence com.google.android.apps.photos.cloudpicker is the default
03-12 09:07:03.064  1258  1442 D PickerSyncLockManager: Trying to acquire lock com.android.providers.media.photopicker.sync.CloseableReentrantLock@28aee1d[Locked by thread com.android.providers.media.internal.modules.utils.BackgroundThread]. Lock Name = CLOUD_PROVIDER_LOCK. Threads that may be waiting to acquire this lock = []
03-12 09:07:03.064  1258  1442 D CloseableReentrantLock: Successfully acquired lock com.android.providers.media.photopicker.sync.CloseableReentrantLock@28aee1d[Locked by thread com.android.providers.media.internal.modules.utils.BackgroundThread]. Lock Name = CLOUD_PROVIDER_LOCK. Threads that may be waiting to acquire this lock = []
03-12 09:07:03.065  1258  1442 D CloseableReentrantLock: Successfully released lock com.android.providers.media.photopicker.sync.CloseableReentrantLock@28aee1d[Locked by thread com.android.providers.media.internal.modules.utils.BackgroundThread]. Lock Name = CLOUD_PROVIDER_LOCK. Threads that may be waiting to acquire this lock = []
03-12 09:07:03.065  1258  1442 D PickerSyncController: Initialized cloud provider to: com.google.android.apps.photos.cloudpicker
03-12 09:07:03.065  1258  1442 D CloseableReentrantLock: Successfully released lock com.android.providers.media.photopicker.sync.CloseableReentrantLock@28aee1d[Unlocked]. Lock Name = CLOUD_PROVIDER_LOCK. Threads that may be waiting to acquire this lock = []
03-12 09:07:03.067   582   582 I PackageWatchdog: Syncing health check requests for packages: {}
03-12 09:07:03.067   582   582 D ExplicitHealthCheckController: Getting health check supported packages
03-12 09:07:03.068   582  2674 I ExplicitHealthCheckController: Explicit health check supported packages [PackageConfig{com.google.android.networkstack, 86400000}]
03-12 09:07:03.068   582  2674 D PackageWatchdog: Received supported packages [PackageConfig{com.google.android.networkstack, 86400000}]
03-12 09:07:03.068   582  2674 D ExplicitHealthCheckController: Getting health check requested packages
03-12 09:07:03.069   582  2674 I ExplicitHealthCheckController: Explicit health check requested packages []
03-12 09:07:03.069   582  2674 I ExplicitHealthCheckController: No more health check requests, unbinding...
03-12 09:07:03.070   582  2674 I ExplicitHealthCheckController: Explicit health check service is unbound
03-12 09:07:03.092   582   687 I RescueParty: Starting to observe: [android], updated namespace: telephony
03-12 09:07:03.092   582   615 I PackageWatchdog: Syncing state, reason: observing new packages
03-12 09:07:03.092   582   615 D PackageWatchdog: rescue-party-observer added the following packages to monitor [android]
03-12 09:07:03.092   582   615 I PackageWatchdog: Syncing state, reason: updated observers
03-12 09:07:03.092   582   615 I PackageWatchdog: Not pruning observers, elapsed time: 0ms
03-12 09:07:03.092   582   615 I PackageWatchdog: Saving observer state to file
03-12 09:07:03.095   582   582 I PackageWatchdog: Syncing health check requests for packages: {}
03-12 09:07:03.095   582   582 I ExplicitHealthCheckController: Service not ready to get health check supported packages. Binding...
03-12 09:07:03.096   582   582 I ExplicitHealthCheckController: Explicit health check service is bound
03-12 09:07:03.097   582   582 I ExplicitHealthCheckController: Explicit health check service is connected ComponentInfo{com.google.android.ext.services/android.ext.services.watchdog.ExplicitHealthCheckServiceImpl}
03-12 09:07:03.097   582   582 I ExplicitHealthCheckController: Service initialized, syncing requests
03-12 09:07:03.097   582   582 I PackageWatchdog: Syncing health check requests for packages: {}
03-12 09:07:03.097   582   582 D ExplicitHealthCheckController: Getting health check supported packages
03-12 09:07:03.099   582  1036 I ExplicitHealthCheckController: Explicit health check supported packages [PackageConfig{com.google.android.networkstack, 86400000}]
03-12 09:07:03.099   582  1036 D PackageWatchdog: Received supported packages [PackageConfig{com.google.android.networkstack, 86400000}]
03-12 09:07:03.099   582  1036 D ExplicitHealthCheckController: Getting health check requested packages
03-12 09:07:03.100   582  1036 I ExplicitHealthCheckController: Explicit health check requested packages []
03-12 09:07:03.100   582  1036 I ExplicitHealthCheckController: No more health check requests, unbinding...
03-12 09:07:03.100   582  1036 I ExplicitHealthCheckController: Explicit health check service is unbound
03-12 09:07:03.111   582   687 I RescueParty: Starting to observe: [android, com.google.android.healthconnect.controller], updated namespace: health_fitness
03-12 09:07:03.112   582   615 I PackageWatchdog: Syncing state, reason: observing new packages
03-12 09:07:03.112   582   615 D PackageWatchdog: rescue-party-observer added the following packages to monitor [android, com.google.android.healthconnect.controller]
03-12 09:07:03.112   582   615 I PackageWatchdog: Syncing state, reason: updated observers
03-12 09:07:03.112   582   615 I PackageWatchdog: Not pruning observers, elapsed time: 0ms
03-12 09:07:03.112   582   582 I PackageWatchdog: Syncing health check requests for packages: {}
03-12 09:07:03.112   582   582 I ExplicitHealthCheckController: Service not ready to get health check supported packages. Binding...
03-12 09:07:03.113   582   615 I PackageWatchdog: Saving observer state to file
03-12 09:07:03.115   582   582 I ExplicitHealthCheckController: Explicit health check service is bound
03-12 09:07:03.117   582   582 I PackageWatchdog: Syncing health check requests for packages: {}
03-12 09:07:03.117   582   582 I ExplicitHealthCheckController: Service not ready to get health check supported packages. Binding...
03-12 09:07:03.117   582   582 I ExplicitHealthCheckController: Not binding to service, service already connecting
03-12 09:07:03.117   582   582 I ExplicitHealthCheckController: Explicit health check service is connected ComponentInfo{com.google.android.ext.services/android.ext.services.watchdog.ExplicitHealthCheckServiceImpl}
03-12 09:07:03.117   582   582 I ExplicitHealthCheckController: Service initialized, syncing requests
03-12 09:07:03.117   582   582 I PackageWatchdog: Syncing health check requests for packages: {}
03-12 09:07:03.117   582   582 D ExplicitHealthCheckController: Getting health check supported packages
03-12 09:07:03.118   582  2674 I ExplicitHealthCheckController: Explicit health check supported packages [PackageConfig{com.google.android.networkstack, 86400000}]
03-12 09:07:03.118   582  2674 D PackageWatchdog: Received supported packages [PackageConfig{com.google.android.networkstack, 86400000}]
03-12 09:07:03.118   582  2674 D ExplicitHealthCheckController: Getting health check requested packages
03-12 09:07:03.119   582  2674 I ExplicitHealthCheckController: Explicit health check requested packages []
03-12 09:07:03.119   582  2674 I ExplicitHealthCheckController: No more health check requests, unbinding...
03-12 09:07:03.119   582  2674 I ExplicitHealthCheckController: Explicit health check service is unbound
03-12 09:07:03.120   582   687 I RescueParty: Starting to observe: [android], updated namespace: app_standby
03-12 09:07:03.121   582   615 I PackageWatchdog: Syncing state, reason: observing new packages
03-12 09:07:03.121   582   615 D PackageWatchdog: rescue-party-observer added the following packages to monitor [android]
03-12 09:07:03.121   582   615 I PackageWatchdog: Syncing state, reason: updated observers
03-12 09:07:03.121   582   615 I PackageWatchdog: Not pruning observers, elapsed time: 0ms
03-12 09:07:03.121   582   615 I PackageWatchdog: Saving observer state to file
03-12 09:07:03.124   582   582 I PackageWatchdog: Syncing health check requests for packages: {}
03-12 09:07:03.124   582   582 I ExplicitHealthCheckController: Service not ready to get health check supported packages. Binding...
03-12 09:07:03.125   582   582 I ExplicitHealthCheckController: Explicit health check service is bound
03-12 09:07:03.126   582   582 I ExplicitHealthCheckController: Explicit health check service is connected ComponentInfo{com.google.android.ext.services/android.ext.services.watchdog.ExplicitHealthCheckServiceImpl}
03-12 09:07:03.127   582   582 I ExplicitHealthCheckController: Service initialized, syncing requests
03-12 09:07:03.127   582   582 I PackageWatchdog: Syncing health check requests for packages: {}
03-12 09:07:03.127   582   582 D ExplicitHealthCheckController: Getting health check supported packages
03-12 09:07:03.127   582   679 D CompatChangeReporter: Compat change id reported: 262645982; UID 10144; state: ENABLED
03-12 09:07:03.127   582  2674 I ExplicitHealthCheckController: Explicit health check supported packages [PackageConfig{com.google.android.networkstack, 86400000}]
03-12 09:07:03.127   582  2674 D PackageWatchdog: Received supported packages [PackageConfig{com.google.android.networkstack, 86400000}]
03-12 09:07:03.127   582  2674 D ExplicitHealthCheckController: Getting health check requested packages
03-12 09:07:03.127   582  2674 I ExplicitHealthCheckController: Explicit health check requested packages []
03-12 09:07:03.127   582  2674 I ExplicitHealthCheckController: No more health check requests, unbinding...
03-12 09:07:03.128   582   679 D CompatChangeReporter: Compat change id reported: 218533173; UID 10120; state: ENABLED
03-12 09:07:03.129   582  2674 I ExplicitHealthCheckController: Explicit health check service is unbound
03-12 09:07:03.133   582   679 D CompatChangeReporter: Compat change id reported: 218533173; UID 10129; state: ENABLED
03-12 09:07:03.134   582   679 D CompatChangeReporter: Compat change id reported: 218533173; UID 10128; state: ENABLED
03-12 09:07:03.136   582   679 D CompatChangeReporter: Compat change id reported: 262645982; UID 10165; state: ENABLED
03-12 09:07:03.136   582   679 D CompatChangeReporter: Compat change id reported: 218533173; UID 10119; state: ENABLED
03-12 09:07:03.137   582   679 D CompatChangeReporter: Compat change id reported: 262645982; UID 10201; state: ENABLED
03-12 09:07:03.137   582   679 D CompatChangeReporter: Compat change id reported: 262645982; UID 10145; state: ENABLED
03-12 09:07:03.137   582   687 I RescueParty: Starting to observe: [com.google.android.apps.nexuslauncher, com.android.settings], updated namespace: launcher
03-12 09:07:03.138   582   615 I PackageWatchdog: Syncing state, reason: observing new packages
03-12 09:07:03.138   582   615 D PackageWatchdog: rescue-party-observer added the following packages to monitor [com.google.android.apps.nexuslauncher, com.android.settings]
03-12 09:07:03.138   582   615 I PackageWatchdog: Syncing state, reason: updated observers
03-12 09:07:03.138   582   615 I PackageWatchdog: Not pruning observers, elapsed time: 0ms
03-12 09:07:03.138   582   615 I PackageWatchdog: Saving observer state to file
03-12 09:07:03.138   582   679 D CompatChangeReporter: Compat change id reported: 262645982; UID 10150; state: ENABLED
03-12 09:07:03.138   582   679 D CompatChangeReporter: Compat change id reported: 262645982; UID 10134; state: ENABLED
03-12 09:07:03.141  1012  1012 I ActivityThread: Schedule relaunch activity: com.google.android.apps.nexuslauncher.NexusLauncherActivity
03-12 09:07:03.142  1012  1012 D CannedAnimCoordinator: Wrong controller access from i2.i@a682dbc, actual provider null
03-12 09:07:03.143   582   582 I PackageWatchdog: Syncing health check requests for packages: {}
03-12 09:07:03.143   582   582 I ExplicitHealthCheckController: Service not ready to get health check supported packages. Binding...
03-12 09:07:03.144   582   582 I ExplicitHealthCheckController: Explicit health check service is bound
03-12 09:07:03.146   582   582 I ExplicitHealthCheckController: Explicit health check service is connected ComponentInfo{com.google.android.ext.services/android.ext.services.watchdog.ExplicitHealthCheckServiceImpl}
03-12 09:07:03.147   582   582 I ExplicitHealthCheckController: Service initialized, syncing requests
03-12 09:07:03.147   582   582 I PackageWatchdog: Syncing health check requests for packages: {}
03-12 09:07:03.147   582   582 D ExplicitHealthCheckController: Getting health check supported packages
03-12 09:07:03.148  1012  1012 D b/254119092: unregistering activity lifecycle callbacks from onActivityDestroyed.
03-12 09:07:03.148  1012  1012 D b/254119092: clearActivity
03-12 09:07:03.148  1012  1012 D b/254119092: mActivity and mContext device profiles have different values, add more logs.
03-12 09:07:03.148  1012  1012 D b/254119092: 	mActivity logs:
03-12 09:07:03.148  1012  1012 D b/254119092: 		mActivity=null
03-12 09:07:03.148  1012  1012 D b/254119092: 	mContext logs:
03-12 09:07:03.148  1012  1012 D b/254119092: 		mContext=android.window.WindowContext@420f9b7
03-12 09:07:03.148  1012  1012 D b/254119092: 		mContext.getResources().getConfiguration()={1.0 ?mcc0mnc [en_US] ldltr sw800dp w800dp h1280dp 320dpi xlrg port finger qwerty/v/v dpad/v winConfig={ mBounds=Rect(0, 0 - 1600, 2560) mAppBounds=Rect(0, 0 - 1600, 2560) mMaxBounds=Rect(0, 0 - 1600, 2560) mDisplayRotation=ROTATION_270 mWindowingMode=fullscreen mActivityType=undefined mAlwaysOnTop=undefined mRotation=ROTATION_270} s.8 fontWeightAdjustment=0}
03-12 09:07:03.148  1012  1012 D b/254119092: 		LauncherAppState.getIDP().getDeviceProfile(mContext).isTaskbarPresent=true
03-12 09:07:03.148   582  1896 I ExplicitHealthCheckController: Explicit health check supported packages [PackageConfig{com.google.android.networkstack, 86400000}]
03-12 09:07:03.148   582  1896 D PackageWatchdog: Received supported packages [PackageConfig{com.google.android.networkstack, 86400000}]
03-12 09:07:03.148   582  1896 D ExplicitHealthCheckController: Getting health check requested packages
03-12 09:07:03.149   582  1896 I ExplicitHealthCheckController: Explicit health check requested packages []
03-12 09:07:03.149   582  1896 I ExplicitHealthCheckController: No more health check requests, unbinding...
03-12 09:07:03.150   582  1896 I ExplicitHealthCheckController: Explicit health check service is unbound
03-12 09:07:03.152   582  2674 D SearchUiPerUserService: Removing callback for session Id=com.google.android.apps.nexuslauncher:e4d55d31-2efd-4899-a555-90919fccc464,0 and callback=android.os.BinderProxy@f9b4588
03-12 09:07:03.152   582  1036 D ActivityTaskManager: Remove task fragment: deleteTaskFragment
03-12 09:07:03.154  1012  1012 W WindowOnBackDispatcher: sendCancelIfRunning: isInProgress=false callback=com.android.launcher3.uioverrides.QuickstepLauncher$2@39fddcc
03-12 09:07:03.154   582  2674 D SearchUiPerUserService: Removing all callbacks for session Id=com.google.android.apps.nexuslauncher:e4d55d31-2efd-4899-a555-90919fccc464,0 and 0 callbacks.
03-12 09:07:03.156   582  1896 D CoreBackPreview: Window{a47700d u0 com.google.android.apps.nexuslauncher/com.google.android.apps.nexuslauncher.NexusLauncherActivity}: Setting back callback null
03-12 09:07:03.156   830   849 V WindowManagerShell: Transition requested (#10): android.os.BinderProxy@1690123 TransitionRequestInfo { type = CLOSE, triggerTask = null, pipTask = null, remoteTransition = RemoteTransition { remoteTransition = android.window.IRemoteTransition$Stub$Proxy@c205620, appThread = null, debugName = null }, displayChange = null, flags = 0, debugId = 10 }
03-12 09:07:03.156   830   849 V WindowManagerShell: RemoteTransition directly requested for (#10) android.os.BinderProxy@1690123: RemoteTransition { remoteTransition = android.window.IRemoteTransition$Stub$Proxy@c205620, appThread = null, debugName = null }
03-12 09:07:03.156  1012  1012 D RecentsView: reset - mEnableDrawingLiveTile: false, mRecentsAnimationController: null
03-12 09:07:03.159   582   687 I RescueParty: Starting to observe: [android], updated namespace: configuration
03-12 09:07:03.160   456   456 I BpBinder: onLastStrongRef automatically unlinking death recipients: 
03-12 09:07:03.160   582   615 I PackageWatchdog: Syncing state, reason: observing new packages
03-12 09:07:03.160   582   615 D PackageWatchdog: rescue-party-observer added the following packages to monitor [android]
03-12 09:07:03.161   582   615 I PackageWatchdog: Syncing state, reason: updated observers
03-12 09:07:03.161   582   615 I PackageWatchdog: Not pruning observers, elapsed time: 0ms
03-12 09:07:03.161   582   615 I PackageWatchdog: Saving observer state to file
03-12 09:07:03.162   582  2674 W InputManager-JNI: Input channel object 'a47700d com.google.android.apps.nexuslauncher/com.google.android.apps.nexuslauncher.NexusLauncherActivity (client)' was disposed without first being removed with the input manager!
03-12 09:07:03.164   582   582 I PackageWatchdog: Syncing health check requests for packages: {}
03-12 09:07:03.164   582   582 I ExplicitHealthCheckController: Service not ready to get health check supported packages. Binding...
03-12 09:07:03.166   582   582 I ExplicitHealthCheckController: Explicit health check service is bound
03-12 09:07:03.168   582   582 I ExplicitHealthCheckController: Explicit health check service is connected ComponentInfo{com.google.android.ext.services/android.ext.services.watchdog.ExplicitHealthCheckServiceImpl}
03-12 09:07:03.168   582   582 I ExplicitHealthCheckController: Service initialized, syncing requests
03-12 09:07:03.168   582   582 I PackageWatchdog: Syncing health check requests for packages: {}
03-12 09:07:03.168   582   582 D ExplicitHealthCheckController: Getting health check supported packages
03-12 09:07:03.169   582  1036 I ExplicitHealthCheckController: Explicit health check supported packages [PackageConfig{com.google.android.networkstack, 86400000}]
03-12 09:07:03.169   582  1036 D PackageWatchdog: Received supported packages [PackageConfig{com.google.android.networkstack, 86400000}]
03-12 09:07:03.169   582  1036 D ExplicitHealthCheckController: Getting health check requested packages
03-12 09:07:03.169   582  1036 I ExplicitHealthCheckController: Explicit health check requested packages []
03-12 09:07:03.169   582  1036 I ExplicitHealthCheckController: No more health check requests, unbinding...
03-12 09:07:03.170   582  1036 I ExplicitHealthCheckController: Explicit health check service is unbound
03-12 09:07:03.176  4006  4183 D ProfileInstaller: Installing profile for com.partesdetrabajo.app
03-12 09:07:03.182   582   687 I RescueParty: Starting to observe: [android], updated namespace: companion
03-12 09:07:03.183   582   615 I PackageWatchdog: Syncing state, reason: observing new packages
03-12 09:07:03.186   582   615 D PackageWatchdog: rescue-party-observer added the following packages to monitor [android]
03-12 09:07:03.186   582   615 I PackageWatchdog: Syncing state, reason: updated observers
03-12 09:07:03.186   582   615 I PackageWatchdog: Not pruning observers, elapsed time: 0ms
03-12 09:07:03.186   582   615 I PackageWatchdog: Saving observer state to file
03-12 09:07:03.188   582  3462 E SettingsToPropertiesMapper: key=persist.device_config.configuration.AdbWritableFlags__adb_writable_flags_list value=adservices/disable_sdk_sandbox,adservices/enforce_broadcast_receiver_restrictions,adservices/fledge_ad_selection_enforce_foreground_status_custom_audience,adservices/fledge_custom_audience_max_count,adservices/fledge_custom_audience_max_num_ads,adservices/fledge_custom_audience_max_owner_count,adservices/fledge_custom_audience_per_app_max_count,adservices/fledge_js_isolate_enforce_max_heap_size,adservices/fledge_js_isolate_max_heap_size_bytes,adservices/sdk_request_permits_per_second,adservices/sdksandbox_customized_sdk_context_enabled,configuration/namespace_to_package_mapping,constrain_display_apis/always_constrain_display_apis,constrain_display_apis/never_constrain_display_apis,constrain_display_apis/never_constrain_display_apis_all_packages,device_policy_manager/disable_resources_updatability,flipendo/default_savings_mode_launch,flipendo/essential_apps,flipendo/flipendo_enabled_launch,flipendo/grayscale_enabled_launch,flipendo/lever_ble_scanning_enabled_launch,flipendo/lever_hotspot_enabled_launch,flipendo/lever_work_profile_enabled_launch,flipendo/resuspend_delay_minutes,namespace/key,namespace1/key1,namespace1/key2,namespace2/key1,namespace2/key2,package_manager_service/incfs_default_timeouts,package_manager_service/known_digesters_list,privacy/location_access_check_periodic_interval_millis,rollback/enable_rollback_timeout,rollback/watchdog_explicit_health_check_enabled,rollback/watchdog_request_timeout_millis,rollback/watchdog_trigger_failure_count,rollback/watchdog_trigger_failure_duration_millis,rollback_boot/rollback_lifetime_in_millis,systemui/nas_generate_actions,systemui/nas_generate_replies,systemui/nas_max_messages_to_extract,systemui/nas_max_suggestions,testspace/another,testspace/flagname,textclassifier/config_updater_model_enabled,textclassifier/key,textclassifier/key2,textclassifier/manifest_url_annotator_en,textclassifier/manifest_url_annotator_ru,textclassifier/model_download_backoff_delay_in_millis,textclassifier/model_download_manager_enabled,textclassifier/multi_language_support_enabled,textclassifier/testing_locale_list_override,textclassifier/textclassifier_service_package_override,window_manager/enable_default_rescind_bal_privileges_from_pending_intent_sender,wrong/nas_generate_replies, exceeds system property max length.
03-12 09:07:03.188   582  3462 E SettingsToPropertiesMapper: key=persist.device_config.aconfig_flags.configuration.AdbWritableFlags__adb_writable_flags_list value=adservices/disable_sdk_sandbox,adservices/enforce_broadcast_receiver_restrictions,adservices/fledge_ad_selection_enforce_foreground_status_custom_audience,adservices/fledge_custom_audience_max_count,adservices/fledge_custom_audience_max_num_ads,adservices/fledge_custom_audience_max_owner_count,adservices/fledge_custom_audience_per_app_max_count,adservices/fledge_js_isolate_enforce_max_heap_size,adservices/fledge_js_isolate_max_heap_size_bytes,adservices/sdk_request_permits_per_second,adservices/sdksandbox_customized_sdk_context_enabled,configuration/namespace_to_package_mapping,constrain_display_apis/always_constrain_display_apis,constrain_display_apis/never_constrain_display_apis,constrain_display_apis/never_constrain_display_apis_all_packages,device_policy_manager/disable_resources_updatability,flipendo/default_savings_mode_launch,flipendo/essential_apps,flipendo/flipendo_enabled_launch,flipendo/grayscale_enabled_launch,flipendo/lever_ble_scanning_enabled_launch,flipendo/lever_hotspot_enabled_launch,flipendo/lever_work_profile_enabled_launch,flipendo/resuspend_delay_minutes,namespace/key,namespace1/key1,namespace1/key2,namespace2/key1,namespace2/key2,package_manager_service/incfs_default_timeouts,package_manager_service/known_digesters_list,privacy/location_access_check_periodic_interval_millis,rollback/enable_rollback_timeout,rollback/watchdog_explicit_health_check_enabled,rollback/watchdog_request_timeout_millis,rollback/watchdog_trigger_failure_count,rollback/watchdog_trigger_failure_duration_millis,rollback_boot/rollback_lifetime_in_millis,systemui/nas_generate_actions,systemui/nas_generate_replies,systemui/nas_max_messages_to_extract,systemui/nas_max_suggestions,testspace/another,testspace/flagname,textclassifier/config_updater_model_enabled,textclassifier/key,textclassifier/key2,textclassifier/manifest_url_annotator_en,textclassifier/manifest_url_annotator_ru,textclassifier/model_download_backoff_delay_in_millis,textclassifier/model_download_manager_enabled,textclassifier/multi_language_support_enabled,textclassifier/testing_locale_list_override,textclassifier/textclassifier_service_package_override,window_manager/enable_default_rescind_bal_privileges_from_pending_intent_sender,wrong/nas_generate_replies, exceeds system property max length.
03-12 09:07:03.193   582   687 I RescueParty: Starting to observe: [android], updated namespace: package_manager_service
03-12 09:07:03.194   582   582 I PackageWatchdog: Syncing health check requests for packages: {}
03-12 09:07:03.194   582   582 I ExplicitHealthCheckController: Service not ready to get health check supported packages. Binding...
03-12 09:07:03.195   582   615 I PackageWatchdog: Syncing state, reason: observing new packages
03-12 09:07:03.195   582   615 D PackageWatchdog: rescue-party-observer added the following packages to monitor [android]
03-12 09:07:03.197   582   615 I PackageWatchdog: Syncing state, reason: updated observers
03-12 09:07:03.197   582   615 I PackageWatchdog: Saving observer state to file
03-12 09:07:03.200   582   582 I ExplicitHealthCheckController: Explicit health check service is bound
03-12 09:07:03.200  1101  1101 D BoundBrokerSvc: onUnbind: Intent { act=com.google.android.gms.common.telemetry.service.START dat=chimera-action:/... cmp=com.google.android.gms/.chimera.PersistentApiService }
03-12 09:07:03.201   582   582 I PackageWatchdog: Syncing health check requests for packages: {}
03-12 09:07:03.201   582   582 I ExplicitHealthCheckController: Service not ready to get health check supported packages. Binding...
03-12 09:07:03.201   582   582 I ExplicitHealthCheckController: Not binding to service, service already connecting
03-12 09:07:03.202   582   582 I ExplicitHealthCheckController: Explicit health check service is connected ComponentInfo{com.google.android.ext.services/android.ext.services.watchdog.ExplicitHealthCheckServiceImpl}
03-12 09:07:03.202   582   582 I ExplicitHealthCheckController: Service initialized, syncing requests
03-12 09:07:03.204   582   582 I PackageWatchdog: Syncing health check requests for packages: {}
03-12 09:07:03.204   582   582 D ExplicitHealthCheckController: Getting health check supported packages
03-12 09:07:03.204   582   877 I ExplicitHealthCheckController: Explicit health check supported packages [PackageConfig{com.google.android.networkstack, 86400000}]
03-12 09:07:03.204   582   877 D PackageWatchdog: Received supported packages [PackageConfig{com.google.android.networkstack, 86400000}]
03-12 09:07:03.204   582   877 D ExplicitHealthCheckController: Getting health check requested packages
03-12 09:07:03.205   582   877 I ExplicitHealthCheckController: Explicit health check requested packages []
03-12 09:07:03.205   582   877 I ExplicitHealthCheckController: No more health check requests, unbinding...
03-12 09:07:03.205   582   877 I ExplicitHealthCheckController: Explicit health check service is unbound
03-12 09:07:03.206   582   687 I RescueParty: Starting to observe: [android, com.google.android.permissioncontroller, com.android.settings, com.android.systemui], updated namespace: privacy
03-12 09:07:03.207   582   615 I PackageWatchdog: Syncing state, reason: observing new packages
03-12 09:07:03.207   582   615 D PackageWatchdog: rescue-party-observer added the following packages to monitor [android, com.google.android.permissioncontroller, com.android.settings, com.android.systemui]
03-12 09:07:03.207   582   615 I PackageWatchdog: Syncing state, reason: updated observers
03-12 09:07:03.207   582   615 I PackageWatchdog: Not pruning observers, elapsed time: 0ms
03-12 09:07:03.207   582   615 I PackageWatchdog: Saving observer state to file
03-12 09:07:03.209   582   689 I SafetyCenterService: Safety Center is already enabled, ignoring change
03-12 09:07:03.214   582   582 I PackageWatchdog: Syncing health check requests for packages: {}
03-12 09:07:03.214   582   582 I ExplicitHealthCheckController: Service not ready to get health check supported packages. Binding...
03-12 09:07:03.216   582   582 I ExplicitHealthCheckController: Explicit health check service is bound
03-12 09:07:03.224   582   582 I ExplicitHealthCheckController: Explicit health check service is connected ComponentInfo{com.google.android.ext.services/android.ext.services.watchdog.ExplicitHealthCheckServiceImpl}
03-12 09:07:03.224   582   582 I ExplicitHealthCheckController: Service initialized, syncing requests
03-12 09:07:03.225   582   582 I PackageWatchdog: Syncing health check requests for packages: {}
03-12 09:07:03.225   582   582 D ExplicitHealthCheckController: Getting health check supported packages
03-12 09:07:03.225   582  1896 I ExplicitHealthCheckController: Explicit health check supported packages [PackageConfig{com.google.android.networkstack, 86400000}]
03-12 09:07:03.225   582  1896 D PackageWatchdog: Received supported packages [PackageConfig{com.google.android.networkstack, 86400000}]
03-12 09:07:03.226   582  1896 D ExplicitHealthCheckController: Getting health check requested packages
03-12 09:07:03.227   582  1896 I ExplicitHealthCheckController: Explicit health check requested packages []
03-12 09:07:03.227   582  1896 I ExplicitHealthCheckController: No more health check requests, unbinding...
03-12 09:07:03.228   582  1896 I ExplicitHealthCheckController: Explicit health check service is unbound
03-12 09:07:03.241   582   687 I RescueParty: Starting to observe: [android, com.google.android.as, com.google.android.apps.nexuslauncher, com.android.systemui], updated namespace: systemui
03-12 09:07:03.243   582   615 I PackageWatchdog: Syncing state, reason: observing new packages
03-12 09:07:03.244   582   741 D InetDiagMessage: Destroyed 0 sockets, proto=IPPROTO_TCP, family=AF_INET, states=14
03-12 09:07:03.244   582   741 D InetDiagMessage: Destroyed 0 sockets, proto=IPPROTO_TCP, family=AF_INET6, states=14
03-12 09:07:03.244   582   741 D InetDiagMessage: Destroyed live tcp sockets for uids={10165} in 1ms
03-12 09:07:03.245   582   741 D InetDiagMessage: Destroyed 0 sockets, proto=IPPROTO_TCP, family=AF_INET, states=14
03-12 09:07:03.245   582   741 D InetDiagMessage: Destroyed 0 sockets, proto=IPPROTO_TCP, family=AF_INET6, states=14
03-12 09:07:03.245   582   741 D InetDiagMessage: Destroyed live tcp sockets for uids={20165} in 1ms
03-12 09:07:03.247   582   615 D PackageWatchdog: rescue-party-observer added the following packages to monitor [android, com.google.android.as, com.google.android.apps.nexuslauncher, com.android.systemui]
03-12 09:07:03.248   582   615 I PackageWatchdog: Syncing state, reason: updated observers
03-12 09:07:03.248   582   615 I PackageWatchdog: Saving observer state to file
03-12 09:07:03.257   582   687 I RescueParty: Starting to observe: [android], updated namespace: media
03-12 09:07:03.260   582   615 I PackageWatchdog: Syncing state, reason: observing new packages
03-12 09:07:03.260   582   615 D PackageWatchdog: rescue-party-observer added the following packages to monitor [android]
03-12 09:07:03.260   582   615 I PackageWatchdog: Syncing state, reason: updated observers
03-12 09:07:03.260   582   615 I PackageWatchdog: Not pruning observers, elapsed time: 0ms
03-12 09:07:03.260   582   615 I PackageWatchdog: Saving observer state to file
03-12 09:07:03.266   582   582 I PackageWatchdog: Syncing health check requests for packages: {}
03-12 09:07:03.266   582   582 I ExplicitHealthCheckController: Service not ready to get health check supported packages. Binding...
03-12 09:07:03.270  1012  1012 D DeviceSearchAlg: search timeout = %d200
03-12 09:07:03.271   582   582 I ExplicitHealthCheckController: Explicit health check service is bound
03-12 09:07:03.271   582   582 I PackageWatchdog: Syncing health check requests for packages: {}
03-12 09:07:03.271   582   582 I ExplicitHealthCheckController: Service not ready to get health check supported packages. Binding...
03-12 09:07:03.271   582   582 I ExplicitHealthCheckController: Not binding to service, service already connecting
03-12 09:07:03.271  1101  4132 I PlatformConfigurator: updateFromConfigurations using legacy put method [CONTEXT service_id=204 ]
03-12 09:07:03.273   830   830 D NavigationModeController: getCurrentUserContext: contextUser=0 currentUser=0
03-12 09:07:03.274  1012  1012 W PageIndicator: Total number of pages invalid: 0. Assuming 1 page.
03-12 09:07:03.274  1012  1012 W BcSmartspaceView: Current card is not present in the Adapter; cannot log.
03-12 09:07:03.275   582   582 I ExplicitHealthCheckController: Explicit health check service is connected ComponentInfo{com.google.android.ext.services/android.ext.services.watchdog.ExplicitHealthCheckServiceImpl}
03-12 09:07:03.275   582   582 I ExplicitHealthCheckController: Service initialized, syncing requests
03-12 09:07:03.275   582   582 I PackageWatchdog: Syncing health check requests for packages: {}
03-12 09:07:03.275   582   582 D ExplicitHealthCheckController: Getting health check supported packages
03-12 09:07:03.277   582  2674 I ExplicitHealthCheckController: Explicit health check supported packages [PackageConfig{com.google.android.networkstack, 86400000}]
03-12 09:07:03.277   582  2674 D PackageWatchdog: Received supported packages [PackageConfig{com.google.android.networkstack, 86400000}]
03-12 09:07:03.277   582  2674 D ExplicitHealthCheckController: Getting health check requested packages
03-12 09:07:03.277   582  1036 I ExplicitHealthCheckController: Explicit health check requested packages []
03-12 09:07:03.277   582  1036 I ExplicitHealthCheckController: No more health check requests, unbinding...
03-12 09:07:03.278   582  1036 I ExplicitHealthCheckController: Explicit health check service is unbound
03-12 09:07:03.280  1012  1012 I OverviewComponentObserver: updateOverviewTargets: mIsHomeDisabled=false, isDefaultHomeNull=false, mIsDefaultHome=true
03-12 09:07:03.280  1012  1012 D OverviewActionsView: updateActionButtonsVisibility() called: showSingleTaskActions = [true], showGroupActions = [false]
03-12 09:07:03.287  1012  1012 D ModelCallbacks: startBinding: hotseat layout was vertical: false and is setting to false
03-12 09:07:03.290  1012  1012 D Launcher.Workspace: addInScreenFromBind: hotseat inflation with x = 0 and y = 0
03-12 09:07:03.290  1012  1012 D Launcher.Workspace: addInScreenFromBind: hotseat inflation with x = 1 and y = 0
03-12 09:07:03.290  1012  1012 D Launcher.Workspace: addInScreenFromBind: hotseat inflation with x = 2 and y = 0
03-12 09:07:03.290  1012  1012 D Launcher.Workspace: addInScreenFromBind: hotseat inflation with x = 3 and y = 0
03-12 09:07:03.291  1012  1012 I LauncherAppWidgetHostView: App widget created with id: 2
03-12 09:07:03.291  1012  1012 I LauncherAppWidgetHostView: App widget with id: 2 loaded
03-12 09:07:03.293  1012  1012 I LauncherAppWidgetHostView: App widget created with id: 3
03-12 09:07:03.293  1012  1012 I LauncherAppWidgetHostView: App widget with id: 3 loaded
03-12 09:07:03.293  1012  1012 D Launcher.Workspace: addInScreenFromBind: hotseat inflation with x = 4 and y = 0
03-12 09:07:03.294  1012  1012 D Launcher.Workspace: addInScreenFromBind: hotseat inflation with x = 5 and y = 0
03-12 09:07:03.301   582  2674 D SearchUiPerUserService: Creating SearchSessionInfo for session Id=com.google.android.apps.nexuslauncher:d574cc31-3ed9-446b-b7b6-ec6e1fbd730e,0
03-12 09:07:03.302   582  2674 D SearchUiPerUserService: Storing callback for session Id=com.google.android.apps.nexuslauncher:d574cc31-3ed9-446b-b7b6-ec6e1fbd730e,0 and callback=android.os.BinderProxy@56bb056
03-12 09:07:03.304  1012  1012 D OverviewActionsView: updateActionButtonsVisibility() called: showSingleTaskActions = [true], showGroupActions = [false]
03-12 09:07:03.304  1012  1069 D b/267448330: provider: ComponentInfo{com.google.android.deskclock/com.android.alarmclock.AnalogAppWidgetProvider}, paddedSizes: [220.0x309.0, 220.0x309.0, 304.0x233.0, 304.0x233.0], getMinMaxSizes: Rect(220, 233 - 304, 309)
03-12 09:07:03.305  1283  1283 I AiAiEcho: SearchContextManagerImpl::setSearchContext resultTypes=[141151] extras=[Bundle[{launcher.maxInlineIcons=3, dynamic_ranking_m3_enabled=true, qs_tiles_asi_enabled=true, allowlist_enabled=false, one_search_enabled=true, system_clock=true, version_code=12, gms_play_query_lower_bound=2, gms_play_query_upper_bound=20, recent_search_block_enabled=true, gms_play_feature_supported=true, launcher.gridSize=6, showhiddentargets_enabled=false, ose_info=1}]] sessionId=[com.google.android.apps.nexuslauncher:d574cc31-3ed9-446b-b7b6-ec6e1fbd730e,0]
03-12 09:07:03.306  1012  1069 D b/267448330: provider: ComponentInfo{com.google.android.calendar/com.android.calendar.widget.CalendarAppWidgetProvider}, paddedSizes: [220.0x309.0, 220.0x309.0, 304.0x233.0, 304.0x233.0], getMinMaxSizes: Rect(220, 233 - 304, 309)
03-12 09:07:03.306   582  1036 V WindowManager: Queueing transition: TransitionRecord{78725c4 id=-1 type=CHANGE flags=0x0}
03-12 09:07:03.308  1012  1069 D InputMonitorCompat: Input monitor (minus-one-disp0) created
03-12 09:07:03.308   582   687 I RescueParty: Starting to observe: [android], updated namespace: alarm_manager
03-12 09:07:03.310  1012  1069 D InputMonitorCompat: Input event receiver for monitor (minus-one-disp0) created
03-12 09:07:03.310   582   615 I PackageWatchdog: Syncing state, reason: observing new packages
03-12 09:07:03.311   582   615 D PackageWatchdog: rescue-party-observer added the following packages to monitor [android]
03-12 09:07:03.311   582   615 I PackageWatchdog: Syncing state, reason: updated observers
03-12 09:07:03.311   582   615 I PackageWatchdog: Not pruning observers, elapsed time: 0ms
03-12 09:07:03.311   582   582 I PackageWatchdog: Syncing health check requests for packages: {}
03-12 09:07:03.311   582   582 I ExplicitHealthCheckController: Service not ready to get health check supported packages. Binding...
03-12 09:07:03.312   582   582 I ExplicitHealthCheckController: Explicit health check service is bound
03-12 09:07:03.312   582   615 I PackageWatchdog: Saving observer state to file
03-12 09:07:03.314  1012  1012 W SplitSelectStateCtor: Missing session instanceIds
03-12 09:07:03.314  1012  1012 D StatsLog: LAUNCHER_SPLIT_SELECTION_EXIT_INTERRUPTED
03-12 09:07:03.319  1012  1069 D SearchTargetUtil: queryLength=0 size=1
03-12 09:07:03.319  1012  1069 D SearchTargetUtil: layoutType=icon_row resultType=4096 packageName= extras=Bundle{aiai_settings_enabled=true,icon_container_enabled=true,zero_state_query_ready=true,zero_state_all_apps_web_suggest_count=3,rank=1.0,toast_settings_toggle_values=16777476,key_ipc_start=332960,hide_subtitle=true,enable_launch_animations=true,zero_state_qsb_web_suggest_count=10,}ParentID: null targetID: SESSION_INFO:0::zero_state_flags
03-12 09:07:03.320  1012  1012 D StateManager: goToState - fromState: Normal, toState: Normal, partial trace:
03-12 09:07:03.320  1012  1012 D StateManager: 	at com.android.launcher3.statemanager.StateManager.moveToRestState(go/retraceme 6880898d8cae178d08f8c6e9adec44ea003840882148de9d3f2387cda32e2ac9:4)
03-12 09:07:03.320  1012  1012 D StateManager: 	at com.android.launcher3.statemanager.StateManager.moveToRestState(go/retraceme 6880898d8cae178d08f8c6e9adec44ea003840882148de9d3f2387cda32e2ac9:1)
03-12 09:07:03.320  1012  1012 D StateManager: 	at com.android.launcher3.statemanager.StatefulActivity.onStop(go/retraceme 6880898d8cae178d08f8c6e9adec44ea003840882148de9d3f2387cda32e2ac9:34)
03-12 09:07:03.321   830   849 D WindowManagerShell: setLauncherKeepClearAreaHeight: visible=true, height=360
03-12 09:07:03.322  1012  1012 D StatsLog: LAUNCHER_GOOGLE_SEARCH_RESTORE_LIST_SIZE_AFTER_ACTIVITY_RESTART
03-12 09:07:03.323  1012  1012 D InputMonitorCompat: Input event receiver for monitor (minus-one-disp0) disposed
03-12 09:07:03.323  1012  1012 D InputMonitorCompat: Input monitor (minus-one-disp0) disposed
03-12 09:07:03.324   582  1896 W InputManager-JNI: Input channel object '[Gesture Monitor] minus-one (client)' was disposed without first being removed with the input manager!
