03-12 09:06:56.298  1218  1218 I AbstractOpenableExtension: AbstractOpenableExtension.maybeDestroyExistingKeyboardGroupManager():538 Destroy existing keyboard group manager in fvq
03-12 09:06:56.298  1218  1218 I AbstractOpenableExtension: AbstractOpenableExtension.createKeyboardGroupManagerListenableFuture():120 Create keyboard group manager listenable future in fvq
03-12 09:06:56.298  1218  1218 I AbstractOpenableExtension: AbstractOpenableExtension.maybeDestroyExistingKeyboardGroupManager():538 Destroy existing keyboard group manager in fxu
03-12 09:06:56.298  1218  1218 I AbstractOpenableExtension: AbstractOpenableExtension.createKeyboardGroupManagerListenableFuture():120 Create keyboard group manager listenable future in fxu
03-12 09:06:56.298  1218  1218 I AbstractOpenableExtension: AbstractOpenableExtension.maybeDestroyExistingKeyboardGroupManager():538 Destroy existing keyboard group manager in gas
03-12 09:06:56.298  1218  1218 I AbstractOpenableExtension: AbstractOpenableExtension.createKeyboardGroupManagerListenableFuture():120 Create keyboard group manager listenable future in gas
03-12 09:06:56.299  1218  1218 I KeyboardModeManager: KeyboardModeManager.setInputViewKeyboardViewHolderProvider():625 setInputView() : supportsOneHandedMode=false supportsSplitMode=true
03-12 09:06:56.299  1218  1218 I NormalModeController: NormalModeController.getKeyboardBodyViewHolderPaddingBottom():104 currentPrimeKeyboardType:SOFT systemPaddingBottom:-1
03-12 09:06:56.308  1218  4020 I KeyboardGroupDefParser: KeyboardGroupDefParser.parseKeyboardGroupDef():83 parseKeyboardGroupDef() 2132214033 -> 0_resource_name_obfuscated : WaitTime = 9 ms : RunTime = 1 ms
03-12 09:06:56.308  1218  4020 I KeyboardGroupDefParser: KeyboardGroupDefParser.parseKeyboardGroupDef():83 parseKeyboardGroupDef() 2132214040 -> 0_resource_name_obfuscated : WaitTime = 10 ms : RunTime = 0 ms
03-12 09:06:56.309  1218  4020 I KeyboardGroupDefParser: KeyboardGroupDefParser.parseKeyboardGroupDef():83 parseKeyboardGroupDef() 2132216957 -> 0_resource_name_obfuscated : WaitTime = 10 ms : RunTime = 1 ms
03-12 09:06:56.323  1012  1012 D StateManager: createAtomicAnimation - fromState: Background, toState: Normal, partial trace:
03-12 09:06:56.323  1012  1012 D StateManager: 	at com.android.quickstep.util.StaggeredWorkspaceAnim.prepareToAnimate(go/retraceme 6880898d8cae178d08f8c6e9adec44ea003840882148de9d3f2387cda32e2ac9:22)
03-12 09:06:56.323  1012  1012 D StateManager: 	at com.android.quickstep.util.StaggeredWorkspaceAnim.<init>(go/retraceme 6880898d8cae178d08f8c6e9adec44ea003840882148de9d3f2387cda32e2ac9:4)
03-12 09:06:56.323  1012  1012 D StateManager: 	at com.android.quickstep.util.StaggeredWorkspaceAnim.<init>(go/retraceme 6880898d8cae178d08f8c6e9adec44ea003840882148de9d3f2387cda32e2ac9:1)
03-12 09:06:56.339  1218  1218 I KeyboardModeManager: KeyboardModeManager.setInputViewKeyboardViewHolderProvider():613 setInputView() : supportsOneHandedMode=false, supportSplitMode=true
03-12 09:06:56.340  1218  1218 I WindowMetricsHelper: WindowMetricsHelper.predictAndNotify():115 Window metrics predicted by cache.
03-12 09:06:56.340   582  1036 I WindowManager: finishDrawing of orientation change: Window{a88c08d u0 Splash Screen com.partesdetrabajo.app} 183ms
03-12 09:06:56.341  1218  1218 I DeviceModeMonitor2: DeviceModeMonitor2.calculateAndNotify():101 Device mode 'tablet_large' from display metrics 'DisplayMetrics{density=0.0, width=1600, height=2560, scaledDensity=0.0, xdpi=320.0, ydpi=320.0}' or smallestScreenWidthDp: 800
03-12 09:06:56.341  1218  1218 I GoogleInputMethodService: GoogleInputMethodService$10.onWindowMetricsChanged():1226 windowMetrics: bounds() = Rect(0, 48 - 1600, 2560), insets() = Rect(0, 0 - 0, 64)
03-12 09:06:56.341  1218  1218 I GoogleInputMethodService: GoogleInputMethodService.initializeInputMethodServiceData():1382 initializeInputMethodServiceData for kct{languageTag=en-US, variant=qwerty, hasLocalizedResources=true, conditionCacheKey=_cache_additional_ime_defs_for_condition_change=false_cache_ime_defs_for_condition_change=false_device=tablet_device_size=large_enable_flick_symbols=false_enable_more_candidates_view_for_multilingual=false_enable_number_row=false_enable_preemptive_decode=true_enable_secondary_digits=true_enable_secondary_symbols=false_enable_show_foldable_layout_on_small_tablet=true_expressions=normal_four_or_more_letter_rows=false_keyboard_mode=normal_language=en-US_orientation=portrait_physical_keyboard=qwerty_rtl_layout=false_show_secondary_digits=true_show_suggestions=true_split_with_duplicate_keys=true_variant=qwerty, imeDef.stringId=ime_english_united_states, imeDef.className=com.google.android.apps.inputmethod.libs.latin5.LatinIme, imeDef.languageTag=en-US}
03-12 09:06:56.343  1218  1218 I StyledKeyboardThemeBuilder: StyledKeyboardThemeBuilder.build():132 Pref: [], themeName: [silk:], darkMode: [false], cacheKey: [overlay_builtin_dynamic_color_light_base.binarypb:dynamic-gm3-light-fffefbff-ff495d92-88aedfe362701b9d56ce578190f21130]
03-12 09:06:56.344  1218  1218 I KeyboardThemeProvider: KeyboardThemeProvider.applyKeyboardTheme():27 Apply keyboard theme: theme_border_stylesheet_noshadow_pgsans_pillkey_silkpopup_hover_light_tablet_large_keyboard_width_tablet_large_navredesign_768_overlay_builtin_dynamic_color_light_base.binarypb:dynamic-gm3-light-fffefbff-ff495d92-88aedfe362701b9d56ce578190f21130_port
03-12 09:06:56.353  1012  1012 W SplitSelectStateCtor: Missing session instanceIds
03-12 09:06:56.353  1012  1012 D StatsLog: LAUNCHER_SPLIT_SELECTION_EXIT_INTERRUPTED
03-12 09:06:56.354  1012  1012 I TopTaskTracker: onTaskMovedToFront: (moved taskInfo to front) taskId=21, baseIntent=Intent { act=android.intent.action.MAIN cat=[android.intent.category.LAUNCHER] flg=0x10200000 cmp=com.partesdetrabajo.app/.MainActivity }
03-12 09:06:56.356  1012  1012 I Choreographer: Skipped 35 frames!  The application may be doing too much work on its main thread.
03-12 09:06:56.357   830   849 D WindowManagerShell: setLauncherKeepClearAreaHeight: visible=false, height=360
03-12 09:06:56.367  1218  4024 I DelightKLPDownloader: DelightKLPDownloader.downloadKLPInternal():185 downloading KLP for en_US
03-12 09:06:56.369  1218  4024 I ManifestedDataDownloader: ManifestedDataDownloader.download():57 downloading manifest https://www.gstatic.com/android/keyboard/dictionarypack/2024070918/metadata.json-perlang/en-US.json?v=2024071002
03-12 09:06:56.370  4006  4006 D CompatChangeReporter: Compat change id reported: 279646685; UID 10216; state: ENABLED
03-12 09:06:56.371  1012  1012 D b/254119092: TaskbarManager#mComponentCallbacks.onConfigurationChanged: {1.0 ?mcc0mnc [en_US] ldltr sw800dp w1280dp h800dp 320dpi xlrg land finger qwerty/v/v dpad/v winConfig={ mBounds=Rect(0, 0 - 2560, 1600) mAppBounds=Rect(0, 0 - 2560, 1600) mMaxBounds=Rect(0, 0 - 2560, 1600) mDisplayRotation=ROTATION_0 mWindowingMode=fullscreen mActivityType=undefined mAlwaysOnTop=undefined mRotation=ROTATION_0} s.64 fontWeightAdjustment=0}
03-12 09:06:56.371  1012  1012 D b/254119092: mActivity and mContext agree taskbarIsPresent=true
03-12 09:06:56.375  1012  1012 D b/254119092: ComponentCallbacks#onConfigurationChanged() configDiff={}
03-12 09:06:56.375  1012  1012 D b/254119092: mActivity and mContext agree taskbarIsPresent=true
03-12 09:06:56.377   582  3334 D ConnectivityService: requestNetwork for uid/pid:10163/1218 activeRequest: null callbackRequest: 148 [NetworkRequest [ REQUEST id=149, [ Capabilities: INTERNET&NOT_RESTRICTED&TRUSTED&NOT_VCN_MANAGED&NOT_BANDWIDTH_CONSTRAINED Uid: 10163 RequestorUid: 10163 RequestorPkg: com.google.android.inputmethod.latin UnderlyingNetworks: Null] ]] callback flags: 0 order: 2147483647 isUidTracked: false
03-12 09:06:56.379   582   726 D WifiNetworkFactory: got request NetworkRequest [ REQUEST id=149, [ Capabilities: INTERNET&NOT_RESTRICTED&TRUSTED&NOT_VCN_MANAGED&NOT_BANDWIDTH_CONSTRAINED Uid: 10163 RequestorUid: 10163 RequestorPkg: com.google.android.inputmethod.latin UnderlyingNetworks: Null] ]
03-12 09:06:56.380   582   726 D UntrustedWifiNetworkFactory: got request NetworkRequest [ REQUEST id=149, [ Capabilities: INTERNET&NOT_RESTRICTED&TRUSTED&NOT_VCN_MANAGED&NOT_BANDWIDTH_CONSTRAINED Uid: 10163 RequestorUid: 10163 RequestorPkg: com.google.android.inputmethod.latin UnderlyingNetworks: Null] ]
03-12 09:06:56.381   582   726 D OemPaidWifiNetworkFactory: got request NetworkRequest [ REQUEST id=149, [ Capabilities: INTERNET&NOT_RESTRICTED&TRUSTED&NOT_VCN_MANAGED&NOT_BANDWIDTH_CONSTRAINED Uid: 10163 RequestorUid: 10163 RequestorPkg: com.google.android.inputmethod.latin UnderlyingNetworks: Null] ]
03-12 09:06:56.382  1012  1032 I HWUI    : Davey! duration=757ms; Flags=0, FrameTimelineVsyncId=27890, IntendedVsync=324696669514, Vsync=325396669486, InputEventId=0, HandleInputStart=325398497700, AnimationStart=325398549000, PerformTraversalsStart=325414284300, DrawStart=325414393900, FrameDeadline=325896669466, FrameInterval=325397524800, FrameStartTime=16666666, SyncQueued=325414469800, SyncStart=325873862100, IssueDrawCommandsStart=325874309200, SwapBuffers=325874401400, FrameCompleted=325913770500, DequeueBufferDuration=533700, QueueBufferDuration=1713700, GpuCompleted=325913061500, SwapBuffersCompleted=325913770500, DisplayPresentTime=0, CommandSubmissionCompleted=325874401400, 
03-12 09:06:56.382  1012  1032 I HWUI    : Davey! duration=1252ms; Flags=0, FrameTimelineVsyncId=27890, IntendedVsync=324696669514, Vsync=325396669486, InputEventId=0, HandleInputStart=325398497700, AnimationStart=325398549000, PerformTraversalsStart=325414284300, DrawStart=325874166900, FrameDeadline=325463336150, FrameInterval=325397524800, FrameStartTime=16666666, SyncQueued=325874211300, SyncStart=325916443100, IssueDrawCommandsStart=325916534100, SwapBuffers=325935011900, FrameCompleted=325991805100, DequeueBufferDuration=15700, QueueBufferDuration=1315000, GpuCompleted=325991731300, SwapBuffersCompleted=325991805100, DisplayPresentTime=0, CommandSubmissionCompleted=325935011900, 
03-12 09:06:56.384   582   726 D MultiInternetWifiNetworkFactory: got request NetworkRequest [ REQUEST id=149, [ Capabilities: INTERNET&NOT_RESTRICTED&TRUSTED&NOT_VCN_MANAGED&NOT_BANDWIDTH_CONSTRAINED Uid: 10163 RequestorUid: 10163 RequestorPkg: com.google.android.inputmethod.latin UnderlyingNetworks: Null] ]
03-12 09:06:56.385   582   741 D ConnectivityService: NetReassign [149 : null → 100] [c 0] [a 0] [i 7]
03-12 09:06:56.385   582  3334 I WindowManager: finishDrawing of orientation change: Window{ea43b10 u0 StatusBar} 228ms
03-12 09:06:56.387  1218  1218 I AndroidIME: InputBundleManager.loadActiveInputBundleId():450 loadActiveInputBundleId: en-US, ime_english_united_states
03-12 09:06:56.388  1218  1218 I GoogleInputMethodService: GoogleInputMethodService.onStartInput():1986 onStartInput(EditorInfo{EditorInfo{packageName=com.partesdetrabajo.app, inputType=d1, inputTypeString=WebEmailAddress, enableLearning=true, autoCorrection=false, autoComplete=true, imeOptions=12000005, privateImeOptions=null, actionName=NEXT, actionLabel=null, initialSelStart=0, initialSelEnd=0, initialCapsMode=0, label=null, fieldId=2131231180, fieldName=null, extras=null, hintText=null, hintLocales=[]}}, true)
03-12 09:06:56.388  1218  1218 I GoogleInputMethodService: GoogleInputMethodService.updateDeviceLockedStatus():2248 repeatCheckTimes = 1, locked = false
03-12 09:06:56.389  1218  1218 W SessionManager: SessionManager.beginSession():53 Try to begin an already begun session [INPUT_SESSION], end it first
03-12 09:06:56.394  1218  1218 I AndroidIME: InputBundleManager.loadActiveInputBundleId():450 loadActiveInputBundleId: en-US, ime_english_united_states
03-12 09:06:56.415   582  3334 W PackageConfigPersister: App-specific configuration not found for packageName: com.partesdetrabajo.app and userId: 0
03-12 09:06:56.417  1218  1218 I AbstractOpenableExtension: AbstractOpenableExtension$3.onSuccess():552 KeyboardGroupManager destroyed in fvq.
03-12 09:06:56.418  1218  1218 I AbstractOpenableExtension: AbstractOpenableExtension$3.onSuccess():552 KeyboardGroupManager destroyed in fxu.
03-12 09:06:56.418  1218  1218 I AbstractOpenableExtension: AbstractOpenableExtension$3.onSuccess():552 KeyboardGroupManager destroyed in gas.
03-12 09:06:56.418  1218  1218 I HandwritingOfflineSuperpacks: HandwritingOfflineSuperpacks.syncInternal():80 no bundled lm for handwriting.
03-12 09:06:56.420  1218  1218 I DictionarySuperpacksManager: DictionarySuperpacksManager$1.onEnabledInputMethodEntriesChanged():65 onEnabledInputMethodEntriesChanged
03-12 09:06:56.421  1218  1218 I HandwritingSuperpacks: HandwritingSuperpacks.register():273 register(): version '86', url 'https://dl.google.com/handwriting/models/handwriting_release.superpack_manifest.20231127.json' [ONLINE]
03-12 09:06:56.421  1218  1218 I AbstractOpenableExtension: AbstractOpenableExtension$3.onFailure():560 Failed to load KeyboardGroupManager in fvq.
03-12 09:06:56.422  1218  1218 I AbstractOpenableExtension: AbstractOpenableExtension$3.onFailure():560 Failed to load KeyboardGroupManager in fxu.
03-12 09:06:56.422  1218  1218 I AbstractOpenableExtension: AbstractOpenableExtension$3.onFailure():560 Failed to load KeyboardGroupManager in gas.
03-12 09:06:56.424  1218  1218 I KeyboardHeightUtil: KeyboardHeightUtil.calculateMaxKeyboardBodyHeight():45 leave 214 height for app when ime window height:2448, header height:96 and isFullscreenMode:false, so the max keyboard body height is:2138
03-12 09:06:56.425  1218  1218 I KeyboardHeightUtil: KeyboardHeightUtil.calculateMaxKeyboardBodyHeight():45 leave 214 height for app when ime window height:2448, header height:96 and isFullscreenMode:false, so the max keyboard body height is:2138
03-12 09:06:56.426  1218  1218 I NormalModeController: NormalModeController.getKeyboardBodyViewHolderPaddingBottom():104 currentPrimeKeyboardType:SOFT systemPaddingBottom:-1
03-12 09:06:56.427  1218  3968 I DownloadManager: DownloadManager.downloadInternal():390 Download for __KLP_manifest_delight__en-US scheduled with params DownloadParams{allowMetered=true, requireCharging=false, foreground=false, immediately=true, priority=0}
03-12 09:06:56.427  1218  3968 I DownloadManager: DownloadManager.startDownload():484 start download of __KLP_manifest_delight__en-US
03-12 09:06:56.467   830   830 D DefaultDeviceEntrySection: isUdfpsSupported=false
03-12 09:06:56.471   830   830 D DefaultDeviceEntrySection: isUdfpsSupported=false
03-12 09:06:56.514  1012  1012 D b/254119092: DisplayController#onConfigurationChanged: {1.0 ?mcc0mnc [en_US] ldltr sw800dp w1280dp h800dp 320dpi xlrg land finger qwerty/v/v dpad/v winConfig={ mBounds=Rect(0, 0 - 2560, 1600) mAppBounds=Rect(0, 0 - 2560, 1600) mMaxBounds=Rect(0, 0 - 2560, 1600) mDisplayRotation=ROTATION_0 mWindowingMode=fullscreen mActivityType=undefined mAlwaysOnTop=undefined mRotation=ROTATION_0} s.64 fontWeightAdjustment=0}
03-12 09:06:56.516  1012  1012 D TFOManager: No activity in overlay, closing
03-12 09:06:56.517  1012  1012 D b/254119092: TaskbarManager#mComponentCallbacks.onConfigurationChanged: {1.0 ?mcc0mnc [en_US] ldltr sw800dp w800dp h1280dp 320dpi xlrg port finger qwerty/v/v dpad/v winConfig={ mBounds=Rect(0, 0 - 1600, 2560) mAppBounds=Rect(0, 0 - 1600, 2560) mMaxBounds=Rect(0, 0 - 1600, 2560) mDisplayRotation=ROTATION_270 mWindowingMode=fullscreen mActivityType=undefined mAlwaysOnTop=undefined mRotation=ROTATION_270} s.128 fontWeightAdjustment=0}
03-12 09:06:56.517  1012  1012 D b/254119092: mActivity and mContext agree taskbarIsPresent=true
03-12 09:06:56.517  1012  1012 D b/254119092: ComponentCallbacks#onConfigurationChanged() configDiff={}
03-12 09:06:56.517  1012  1012 D b/254119092: mActivity and mContext agree taskbarIsPresent=true
03-12 09:06:56.524   582   606 V WindowManager: Sent Transition (#9) createdAt=03-12 09:06:55.510 via request=TransitionRequestInfo { type = OPEN, triggerTask = TaskInfo{userId=0 taskId=21 displayId=0 isRunning=true baseIntent=Intent { act=android.intent.action.MAIN cat=[android.intent.category.LAUNCHER] flg=0x10200000 cmp=com.partesdetrabajo.app/.MainActivity } baseActivity=ComponentInfo{com.partesdetrabajo.app/com.partesdetrabajo.app.MainActivity} topActivity=ComponentInfo{com.partesdetrabajo.app/com.partesdetrabajo.app.MainActivity} origActivity=null realActivity=ComponentInfo{com.partesdetrabajo.app/com.partesdetrabajo.app.MainActivity} numActivities=1 lastActiveTime=325172 supportsMultiWindow=true resizeMode=1 isResizeable=true minWidth=-1 minHeight=-1 defaultMinSize=220 token=WCT{RemoteToken{edc2814 Task{9e7051 #21 type=standard A=10216:com.partesdetrabajo.app}}} topActivityType=1 pictureInPictureParams=null shouldDockBigOverlays=false launchIntoPipHostTaskId=-1 lastParentTaskIdBeforePip=-1 displayCutoutSafeInsets=null topActivityInfo=ActivityInfo{b6b58bd com.partesdetrabajo.app.MainActivity} launchCookies=[] positionInParent=Point(0, 0) parentTaskId=-1 isFocused=false isVisible=false isVisibleRequested=false isSleeping=false locusId=null displayAreaFeatureId=1 isTopActivityTransparent=false appCompatTaskInfo=AppCompatTaskInfo { topActivityInSizeCompat=false topActivityEligibleForLetterboxEducation= falseisLetterboxEducationEnabled= true isLetterboxDoubleTapEnabled= false topActivityEligibleForUserAspectRatioButton= true topActivityBoundsLetterboxed= false isFromLetterboxDoubleTap= false topActivityLetterboxVerticalPosition= -1 topActivityLetterboxHorizontalPosition= -1 topActivityLetterboxWidth=1600 topActivityLetterboxHeight=2560 isUserFullscreenOverrideEnabled=false isSystemFullscreenOverrideEnabled=false cameraCompatTaskInfo=CameraCompatTaskInfo { cameraCompatControlState=hidden freeformCameraCompatMode=inactive}}}, pipTask = null, remoteTransition = null, displayChange = null, flags = 0, debugId = 9 }
03-12 09:06:56.524   582   606 V WindowManager:     startWCT=WindowContainerTransaction { changes = {} hops = [] errorCallbackToken=null taskFragmentOrganizer=null }
03-12 09:06:56.524   582   606 V WindowManager:     info={id=9 t=OPEN f=0x0 trk=0 r=[0@Point(0, 0)] c=[
03-12 09:06:56.524   582   606 V WindowManager:         {WCT{RemoteToken{edc2814 Task{9e7051 #21 type=standard A=10216:com.partesdetrabajo.app}}} m=OPEN f=NONE leash=Surface(name=Task=21)/@0x933626 sb=Rect(0, 0 - 1600, 2560) eb=Rect(0, 0 - 1600, 2560) d=0 taskParent=-1},
03-12 09:06:56.524   582   606 V WindowManager:         {WCT{RemoteToken{f762280 Task{8360235 #1 type=home}}} m=TO_BACK f=SHOW_WALLPAPER leash=Surface(name=Task=1)/@0x830c5db sb=Rect(0, 0 - 1600, 2560) eb=Rect(0, 0 - 1600, 2560) d=0 taskParent=-1}
03-12 09:06:56.524   582   606 V WindowManager:     ]}
03-12 09:06:56.524   830  4019 V WindowManagerShell: onTransitionReady(transaction=2499670966762)
03-12 09:06:56.525   830   849 V WindowManagerShell: onTransitionReady (#9) android.os.BinderProxy@aa3439f: {id=9 t=OPEN f=0x0 trk=0 r=[0@Point(0, 0)] c=[{WCT{android.window.IWindowContainerToken$Stub$Proxy@51867c7} m=OPEN f=NONE leash=Surface(name=Task=21)/@0x5939948 sb=Rect(0, 0 - 1600, 2560) eb=Rect(0, 0 - 1600, 2560) d=0 taskParent=-1},{WCT{android.window.IWindowContainerToken$Stub$Proxy@5ed01f4} m=TO_BACK f=SHOW_WALLPAPER leash=Surface(name=Task=1)/@0xe3c63e1 sb=Rect(0, 0 - 1600, 2560) eb=Rect(0, 0 - 1600, 2560) d=0 taskParent=-1}]}
03-12 09:06:56.532   582  2674 W UserManagerService: Requested status bar icon for non-badged user 0
03-12 09:06:56.537   830   849 V WindowManagerShell: Transition (#9) android.os.BinderProxy@aa3439f@0 ready while (#8) android.os.BinderProxy@f265cbc@0 is still animating. Notify the animating transition in case they can be merged
03-12 09:06:56.537   830   849 V WindowManagerShell:    Merge into remote: RemoteTransition { remoteTransition = android.window.IRemoteTransition$Stub$Proxy@8c07254, appThread = android.app.IApplicationThread$Stub$Proxy@dbe75fd, debugName = QuickstepLaunchHome }
03-12 09:06:56.552  4006  4006 D AppCompatDelegate: Checking for metadata for AppLocalesMetadataHolderService : Service not found
03-12 09:06:56.557  1012  1012 D b/254119092: DisplayController#onConfigurationChanged: {1.0 ?mcc0mnc [en_US] ldltr sw800dp w800dp h1280dp 320dpi xlrg port finger qwerty/v/v dpad/v winConfig={ mBounds=Rect(0, 0 - 1600, 2560) mAppBounds=Rect(0, 0 - 1600, 2560) mMaxBounds=Rect(0, 0 - 1600, 2560) mDisplayRotation=ROTATION_270 mWindowingMode=fullscreen mActivityType=undefined mAlwaysOnTop=undefined mRotation=ROTATION_270} s.128 fontWeightAdjustment=0}
03-12 09:06:56.560   582  2674 W WindowManager: Failed looking up window session=Session{b20c24e 830:u0a10186} callers=com.android.server.wm.WindowManagerService.removeClientToken:2058 com.android.server.wm.Session.remove:274 android.view.IWindowSession$Stub.onTransact:685 
03-12 09:06:56.565  1012  1012 D SearchTargetUtil: queryLength=0 size=0
03-12 09:06:56.565   830   849 V WindowManagerShell: Transition animation finished (aborted=false), notifying core (#8) android.os.BinderProxy@f265cbc@0
03-12 09:06:56.567  1218  1218 I MDDTaskScheduler: MDDTaskScheduler$Worker.startWorkInner():122 work mdd_download_work started
03-12 09:06:56.567  1218  1218 I DownloadManager: DownloadManager.startDownload():484 start download of __KLP_delight__en-US
03-12 09:06:56.569   582   606 V WindowManager: Finish Transition (#8): created at 03-12 09:06:54.723 collect-started=0.061ms request-sent=0.149ms started=16.184ms ready=233.94ms sent=237.959ms finished=1843.449ms
03-12 09:06:56.573   582  2674 E IPCThreadState: Binder transaction failure. id: 169221, BR_*: 29189, error: -22 (Invalid argument)
03-12 09:06:56.575   582  2674 W ActivityManager: pid 582 system sent binder code 7 with flags 1 to frozen apps and got error -32
03-12 09:06:56.576   582  2674 D ActivityManager: Too many transaction errors, throttling freezer binder callback.
03-12 09:06:56.579   582  2674 W WindowManager: Exception thrown during dispatchAppVisibility Window{b3a9bcb u0 com.partesdetrabajo.app/com.partesdetrabajo.app.MainActivity EXITING}
03-12 09:06:56.579   582  2674 W WindowManager: android.os.DeadObjectException
03-12 09:06:56.579   582  2674 W WindowManager: 	at android.os.BinderProxy.transactNative(Native Method)
03-12 09:06:56.579   582  2674 W WindowManager: 	at android.os.BinderProxy.transact(BinderProxy.java:586)
03-12 09:06:56.579   582  2674 W WindowManager: 	at android.view.IWindow$Stub$Proxy.dispatchAppVisibility(IWindow.java:553)
03-12 09:06:56.579   582  2674 W WindowManager: 	at com.android.server.wm.WindowState.sendAppVisibilityToClients(WindowState.java:3253)
03-12 09:06:56.579   582  2674 W WindowManager: 	at com.android.server.wm.WindowContainer.sendAppVisibilityToClients(WindowContainer.java:1289)
03-12 09:06:56.579   582  2674 W WindowManager: 	at com.android.server.wm.WindowToken.setClientVisible(WindowToken.java:403)
03-12 09:06:56.579   582  2674 W WindowManager: 	at com.android.server.wm.ActivityRecord.setClientVisible(ActivityRecord.java:7166)
03-12 09:06:56.579   582  2674 W WindowManager: 	at com.android.server.wm.ActivityRecord.postApplyAnimation(ActivityRecord.java:5881)
03-12 09:06:56.579   582  2674 W WindowManager: 	at com.android.server.wm.ActivityRecord.commitVisibility(ActivityRecord.java:5823)
03-12 09:06:56.579   582  2674 W WindowManager: 	at com.android.server.wm.Transition.finishTransition(Transition.java:1286)
03-12 09:06:56.579   582  2674 W WindowManager: 	at com.android.server.wm.TransitionController.finishTransition(TransitionController.java:937)
03-12 09:06:56.579   582  2674 W WindowManager: 	at com.android.server.wm.WindowOrganizerController.finishTransition(WindowOrganizerController.java:494)
03-12 09:06:56.579   582  2674 W WindowManager: 	at android.window.IWindowOrganizerController$Stub.onTransact(IWindowOrganizerController.java:289)
03-12 09:06:56.579   582  2674 W WindowManager: 	at com.android.server.wm.WindowOrganizerController.onTransact(WindowOrganizerController.java:204)
03-12 09:06:56.579   582  2674 W WindowManager: 	at android.os.Binder.execTransactInternal(Binder.java:1500)
03-12 09:06:56.579   582  2674 W WindowManager: 	at android.os.Binder.execTransact(Binder.java:1444)
03-12 09:06:56.579   582  2674 W Process : Unable to open /proc/3588/status
03-12 09:06:56.582  1218  4024 I DelightKLPDownloader: DelightKLPDownloader$2.onSuccess():207 klp en_US downloaded with version 2024051500
03-12 09:06:56.582   830   849 V WindowManagerShell: Playing animation for (#9) android.os.BinderProxy@aa3439f@0
03-12 09:06:56.582   830   849 V WindowManagerShell:  try handler com.android.wm.shell.transition.DefaultMixedHandler@f3290
03-12 09:06:56.583   830   849 V WindowManagerShell:  try handler com.android.wm.shell.keyguard.KeyguardTransitionHandler@3409789
03-12 09:06:56.583   830   849 V WindowManagerShell:  try handler com.android.wm.shell.pip.PipTransition@da2738e
03-12 09:06:56.583   830   849 V WindowManagerShell:  try handler com.android.wm.shell.activityembedding.ActivityEmbeddingController@b34a7af
03-12 09:06:56.583   830   849 V WindowManagerShell:  try handler com.android.wm.shell.splitscreen.StageCoordinator@dce7bc
03-12 09:06:56.583   830   849 V WindowManagerShell:  try handler com.android.wm.shell.desktopmode.DesktopTasksController@4122345
03-12 09:06:56.583   830   849 V WindowManagerShell:  try handler com.android.wm.shell.recents.RecentsTransitionHandler@ed63a9a
03-12 09:06:56.583   830   849 V ShellRecents: RecentsTransitionHandler.startAnimation: no controller found
03-12 09:06:56.583   830   849 V WindowManagerShell:  try handler com.android.wm.shell.transition.RemoteTransitionHandler@42e0fcb
03-12 09:06:56.583   830   849 V WindowManagerShell: Transition doesn't have explicit remote, search filters for match for {id=9 t=OPEN f=0x0 trk=0 r=[0@Point(0, 0)] c=[{WCT{android.window.IWindowContainerToken$Stub$Proxy@51867c7} m=OPEN f=NONE leash=Surface(name=Task=21)/@0x5939948 sb=Rect(0, 0 - 1600, 2560) eb=Rect(0, 0 - 1600, 2560) d=0 taskParent=-1},{WCT{android.window.IWindowContainerToken$Stub$Proxy@5ed01f4} m=TO_BACK f=SHOW_WALLPAPER leash=Surface(name=Task=1)/@0xe3c63e1 sb=Rect(0, 0 - 1600, 2560) eb=Rect(0, 0 - 1600, 2560) d=0 taskParent=-1}]}
03-12 09:06:56.583   830   849 V WindowManagerShell:  Checking filter Pair{{types=[] flags=0x0] notFlags=0x0 checks=[{atype=undefined independent=true modes=[OPEN,TO_FRONT] flags=IN_TASK_WITH_EMBEDDED_ACTIVITY mustBeTask=false order=ANY topActivity=ComponentInfo{com.google.android.apps.nexuslauncher/com.google.android.apps.nexuslauncher.NexusLauncherActivity} launchCookie=null},{atype=undefined independent=true modes=[CLOSE,TO_BACK] flags=IN_TASK_WITH_EMBEDDED_ACTIVITY mustBeTask=false order=ANY topActivity=null launchCookie=null}]} RemoteTransition { remoteTransition = android.window.IRemoteTransition$Stub$Proxy@26ec3a8, appThread = android.app.IApplicationThread$Stub$Proxy@4b6aec1, debugName = OverlaySwipeBack }}
03-12 09:06:56.584   830   849 V WindowManagerShell:  Checking filter Pair{{types=[] flags=0x0] notFlags=0x0 checks=[{atype=dream independent=true modes=[OPEN,TO_FRONT] flags=NONE mustBeTask=false order=ANY topActivity=null launchCookie=null},{atype=home independent=true modes=[CLOSE,TO_BACK] flags=NONE mustBeTask=false order=ANY topActivity=null launchCookie=null}]} RemoteTransition { remoteTransition = android.window.IRemoteTransition$Stub$Proxy@54d6666, appThread = android.app.IApplicationThread$Stub$Proxy@bdda7, debugName = LauncherToDream }}
03-12 09:06:56.584   830   849 V WindowManagerShell:  Checking filter Pair{{types=[] flags=0x0] notFlags=0x100 checks=[{atype=home independent=true modes=[OPEN,TO_FRONT] flags=NONE mustBeTask=false order=TOP topActivity=ComponentInfo{com.google.android.apps.nexuslauncher/com.google.android.apps.nexuslauncher.NexusLauncherActivity} launchCookie=null},{atype=standard independent=true modes=[CLOSE,TO_BACK] flags=NONE mustBeTask=false order=ANY topActivity=null launchCookie=null}]} RemoteTransition { remoteTransition = android.window.IRemoteTransition$Stub$Proxy@8c07254, appThread = android.app.IApplicationThread$Stub$Proxy@dbe75fd, debugName = QuickstepLaunchHome }}
03-12 09:06:56.585   830   849 V WindowManagerShell:  Delegate animation for (#9) to null
03-12 09:06:56.585   830   849 V WindowManagerShell:  try handler com.android.wm.shell.transition.DefaultTransitionHandler@b982f2
03-12 09:06:56.585   830   849 V WindowManagerShell: start default transition animation, info = {id=9 t=OPEN f=0x0 trk=0 r=[0@Point(0, 0)] c=[{WCT{android.window.IWindowContainerToken$Stub$Proxy@51867c7} m=OPEN f=NONE leash=Surface(name=Task=21)/@0x5939948 sb=Rect(0, 0 - 1600, 2560) eb=Rect(0, 0 - 1600, 2560) d=0 taskParent=-1},{WCT{android.window.IWindowContainerToken$Stub$Proxy@5ed01f4} m=TO_BACK f=SHOW_WALLPAPER leash=Surface(name=Task=1)/@0xe3c63e1 sb=Rect(0, 0 - 1600, 2560) eb=Rect(0, 0 - 1600, 2560) d=0 taskParent=-1}]}
03-12 09:06:56.586   830   849 V WindowManagerShell: loadAnimation: anim=android.view.animation.AnimationSet@d4fbb6 animAttr=0x13 type=OPEN isEntrance=false
03-12 09:06:56.587   830   849 V WindowManagerShell: loadAnimation: anim=android.view.animation.AnimationSet@e51c78d animAttr=0x12 type=OPEN isEntrance=true
03-12 09:06:56.588   830   849 V WindowManagerShell:  animated by com.android.wm.shell.transition.DefaultTransitionHandler@b982f2
03-12 09:06:56.595  1218  4024 I WM-WorkerWrapper: Worker result SUCCESS for Work [ id=764770b3-ca3a-47c3-8a87-cdf79486ccff, tags={ com.google.android.libraries.inputmethod.mdd.MDDTaskScheduler$Worker } ]
03-12 09:06:56.600   582  2674 I WindowManager: finishDrawing of orientation change: Window{d1b5c3f u0 Taskbar} 443ms
03-12 09:06:56.599  1218  3968 I DownloadManager: DownloadManager.downloadInternal():390 Download for __KLP_delight__en-US scheduled with params DownloadParams{allowMetered=false, requireCharging=false, foreground=false, immediately=false, priority=500}
03-12 09:06:56.602   582  2674 W UserManagerService: Requested status bar icon for non-badged user 0
03-12 09:06:56.616   582  1036 W UserManagerService: Requested status bar icon for non-badged user 0
03-12 09:06:56.659   411   411 I RanchuHwc: logCompositionFallbackIfChanged: layer 21 CompositionType fallback from 2 to 1
03-12 09:06:56.659   411   411 I RanchuHwc: logCompositionFallbackIfChanged: layer 22 CompositionType fallback from 2 to 1
03-12 09:06:56.661  1218  1229 W putmethod.latin: Suspending all threads took: 29.517ms
03-12 09:06:56.706  1218  1229 I putmethod.latin: Background concurrent mark compact GC freed 13MB AllocSpace bytes, 8(180KB) LOS objects, 49% free, 12MB/25MB, paused 32.094ms,5.485ms total 320.113ms
03-12 09:06:56.716  1218  1231 W SP      : File ref is being finalized but wasn't closed, file: transformer_latin_tflite_20231010_zip[27]
03-12 09:06:56.716  1218  1231 W SP      : File ref is being finalized but wasn't closed, file: scribe_latin_20231123_tflite_zip[27]
03-12 09:06:56.716  1218  1231 W SP      : File ref is being finalized but wasn't closed, file: qrnn_en_us_reco_20231010_fst_20230613_recospec_zip[27]
03-12 09:06:56.716  1218  1231 W SP      : File ref is being finalized but wasn't closed, file: transformer_latin_conf_tflite_20231010_zip[27]
03-12 09:06:56.716  1218  1231 W SP      : File ref is being finalized but wasn't closed, file: pack_mapping_v1_lstm_20231127[18]
03-12 09:06:56.716  1218  1231 W SP      : File ref is being finalized but wasn't closed, file: transformer_latin_seg_tflite_20231010_zip[27]
03-12 09:06:56.716  1218  1231 W SP      : File ref is being finalized but wasn't closed, file: scribe_latin_20231123_recospec_zip[27]
03-12 09:06:56.716  1218  1231 W SP      : File ref is being finalized but wasn't closed, file: en_us_20230613_compact_fst_zip[27]
03-12 09:06:56.717  1218  1231 W SP      : File ref is being finalized but wasn't closed, file: transformer_latin_tflite_20231010_zip[27]
03-12 09:06:56.717  1218  1231 W SP      : File ref is being finalized but wasn't closed, file: scribe_latin_20231123_tflite_zip[27]
03-12 09:06:56.717  1218  1231 W SP      : File ref is being finalized but wasn't closed, file: qrnn_en_us_reco_20231010_fst_20230613_recospec_zip[27]
03-12 09:06:56.717  1218  1231 W SP      : File ref is being finalized but wasn't closed, file: transformer_latin_conf_tflite_20231010_zip[27]
03-12 09:06:56.717  1218  1231 W SP      : File ref is being finalized but wasn't closed, file: pack_mapping_v1_lstm_20231127[18]
03-12 09:06:56.717  1218  1231 W SP      : File ref is being finalized but wasn't closed, file: transformer_latin_seg_tflite_20231010_zip[27]
03-12 09:06:56.717  1218  1231 W SP      : File ref is being finalized but wasn't closed, file: scribe_latin_20231123_recospec_zip[27]
03-12 09:06:56.717  1218  1231 W SP      : File ref is being finalized but wasn't closed, file: en_us_20230613_compact_fst_zip[27]
03-12 09:06:56.717  1218  1231 W SP      : File ref is being finalized but wasn't closed, file: scribe_latin_20231123_recospec_zip[27]
03-12 09:06:56.717  1218  1231 W SP      : File ref is being finalized but wasn't closed, file: scribe_latin_20231123_tflite_zip[27]
03-12 09:06:56.717  1218  1231 W SP      : File ref is being finalized but wasn't closed, file: qrnn_en_us_reco_20231010_fst_20230613_recospec_zip[27]
03-12 09:06:56.717  1218  1231 W SP      : File ref is being finalized but wasn't closed, file: transformer_latin_conf_tflite_20231010_zip[27]
03-12 09:06:56.717  1218  1231 W SP      : File ref is being finalized but wasn't closed, file: transformer_latin_seg_tflite_20231010_zip[27]
03-12 09:06:56.717  1218  1231 W SP      : File ref is being finalized but wasn't closed, file: transformer_latin_tflite_20231010_zip[27]
03-12 09:06:56.717  1218  1231 W SP      : File ref is being finalized but wasn't closed, file: en_us_20230613_compact_fst_zip[27]
03-12 09:06:56.717  1218  1231 W SP      : File ref is being finalized but wasn't closed, file: en_us_20230613_compact_fst_zip[27]
03-12 09:06:56.717  1218  1231 W SP      : File ref is being finalized but wasn't closed, file: transformer_latin_tflite_20231010_zip[27]
03-12 09:06:56.717  1218  1231 W SP      : File ref is being finalized but wasn't closed, file: transformer_latin_seg_tflite_20231010_zip[27]
03-12 09:06:56.717  1218  1231 W SP      : File ref is being finalized but wasn't closed, file: transformer_latin_conf_tflite_20231010_zip[27]
03-12 09:06:56.717  1218  1231 W SP      : File ref is being finalized but wasn't closed, file: qrnn_en_us_reco_20231010_fst_20230613_recospec_zip[27]
03-12 09:06:56.717  1218  1231 W SP      : File ref is being finalized but wasn't closed, file: scribe_latin_20231123_tflite_zip[27]
03-12 09:06:56.717  1218  1231 W SP      : File ref is being finalized but wasn't closed, file: scribe_latin_20231123_recospec_zip[27]
03-12 09:06:56.717  1218  1231 W SP      : File ref is being finalized but wasn't closed, file: en_us_20230613_compact_fst_zip[27]
03-12 09:06:56.717  1218  1231 W SP      : File ref is being finalized but wasn't closed, file: scribe_latin_20231123_recospec_zip[27]
03-12 09:06:56.717  1218  1231 W SP      : File ref is being finalized but wasn't closed, file: transformer_latin_seg_tflite_20231010_zip[27]
03-12 09:06:56.717  1218  1231 W SP      : File ref is being finalized but wasn't closed, file: pack_mapping_v1_lstm_20231127[18]
03-12 09:06:56.717  1218  1231 W SP      : File ref is being finalized but wasn't closed, file: transformer_latin_conf_tflite_20231010_zip[27]
03-12 09:06:56.717  1218  1231 W SP      : File ref is being finalized but wasn't closed, file: qrnn_en_us_reco_20231010_fst_20230613_recospec_zip[27]
03-12 09:06:56.717  1218  1231 W SP      : File ref is being finalized but wasn't closed, file: scribe_latin_20231123_tflite_zip[27]
03-12 09:06:56.717  1218  1231 W SP      : File ref is being finalized but wasn't closed, file: transformer_latin_tflite_20231010_zip[27]
03-12 09:06:56.750  1218  1630 I SP      : Registering handwriting_recognition.86, url: https://dl.google.com/handwriting/models/handwriting_release.superpack_manifest.20231127.json, constraints: m:*:*:*, flags: fg, requested: 86, current: 86
03-12 09:06:56.751  1218  1630 I SP      : Syncing emoticon_content_description (2022081613) with slices: [7a635888cb828dfa2fc744b7b9b50f04], metadata: false
03-12 09:06:56.752  1218  4022 I HandwritingOnlineSuperpacks: HandwritingOnlineSuperpacks$2.apply():184 syncPackMapping()
03-12 09:06:56.757  4006  4006 D CompatChangeReporter: Compat change id reported: 309578419; UID 10216; state: ENABLED
03-12 09:06:56.798  1218  1218 I MDDTaskScheduler: MDDTaskScheduler$Worker.startWorkInner():122 work mdd_download_work started
03-12 09:06:56.798  1218  1218 I DownloadManager: DownloadManager.startDownload():484 start download of __KLP_delight__en-US
03-12 09:06:56.801   582   602 D ConnectivityService: requestNetwork for uid/pid:10163/1218 activeRequest: null callbackRequest: 150 [NetworkRequest [ REQUEST id=151, [ Capabilities: INTERNET&NOT_RESTRICTED&TRUSTED&NOT_VCN_MANAGED&NOT_BANDWIDTH_CONSTRAINED Uid: 10163 RequestorUid: 10163 RequestorPkg: com.google.android.inputmethod.latin UnderlyingNetworks: Null] ]] callback flags: 0 order: 2147483647 isUidTracked: false
03-12 09:06:56.802   582   726 D WifiNetworkFactory: got request NetworkRequest [ REQUEST id=151, [ Capabilities: INTERNET&NOT_RESTRICTED&TRUSTED&NOT_VCN_MANAGED&NOT_BANDWIDTH_CONSTRAINED Uid: 10163 RequestorUid: 10163 RequestorPkg: com.google.android.inputmethod.latin UnderlyingNetworks: Null] ]
03-12 09:06:56.802   582   726 D UntrustedWifiNetworkFactory: got request NetworkRequest [ REQUEST id=151, [ Capabilities: INTERNET&NOT_RESTRICTED&TRUSTED&NOT_VCN_MANAGED&NOT_BANDWIDTH_CONSTRAINED Uid: 10163 RequestorUid: 10163 RequestorPkg: com.google.android.inputmethod.latin UnderlyingNetworks: Null] ]
03-12 09:06:56.802   582   741 D ConnectivityService: NetReassign [151 : null → 100] [c 0] [a 0] [i 1]
03-12 09:06:56.803   582   726 D OemPaidWifiNetworkFactory: got request NetworkRequest [ REQUEST id=151, [ Capabilities: INTERNET&NOT_RESTRICTED&TRUSTED&NOT_VCN_MANAGED&NOT_BANDWIDTH_CONSTRAINED Uid: 10163 RequestorUid: 10163 RequestorPkg: com.google.android.inputmethod.latin UnderlyingNetworks: Null] ]
03-12 09:06:56.803   582   726 D MultiInternetWifiNetworkFactory: got request NetworkRequest [ REQUEST id=151, [ Capabilities: INTERNET&NOT_RESTRICTED&TRUSTED&NOT_VCN_MANAGED&NOT_BANDWIDTH_CONSTRAINED Uid: 10163 RequestorUid: 10163 RequestorPkg: com.google.android.inputmethod.latin UnderlyingNetworks: Null] ]
03-12 09:06:56.816  4006  4006 W esdetrabajo.app: Accessing hidden method Landroid/view/ViewGroup;->makeOptionalFitsSystemWindows()V (unsupported, reflection, allowed)
03-12 09:06:56.831  1218  4024 I DelightKLPDownloader: DelightKLPDownloader$2.onSuccess():207 klp en_US downloaded with version 2024051500
03-12 09:06:56.831  1218  4022 I WM-WorkerWrapper: Worker result SUCCESS for Work [ id=a937c561-9d11-4680-ace4-5dd840040c28, tags={ com.google.android.libraries.inputmethod.mdd.MDDTaskScheduler$Worker } ]
03-12 09:06:56.846  4006  4006 I WebViewFactory: Loading com.google.android.webview version 124.0.6367.219 (code 636771938)
03-12 09:06:56.852  4006  4006 V ResourcesManager: The following library key has been added: ResourcesKey{ mHash=d2d2ffaf mResDir=null mSplitDirs=[] mOverlayDirs=[/product/overlay/NavigationBarModeGestural/NavigationBarModeGesturalOverlay.apk,/data/resource-cache/com.android.systemui-neutral-sVMs.frro,/data/resource-cache/com.android.systemui-accent-Lb3Q.frro,/data/resource-cache/com.android.systemui-dynamic-XTXD.frro] mLibDirs=[/data/app/~~RgOCKUznt7nHo655Iu3pkg==/com.google.android.webview-SA8Yp8LVhgKyot5bgwPhJA==/WebViewGoogle.apk,/data/app/~~L6nnnFWjKOi-sEFVjE3bQA==/com.google.android.trichromelibrary_636771938-TWK_Ug6zC95Q8Z3NpRimdw==/TrichromeLibrary.apk,/system_ext/framework/androidx.window.extensions.jar] mDisplayId=0 mOverrideConfig=v35 mCompatInfo={320dpi always-compat} mLoaders=[]}
03-12 09:06:56.854  4006  4006 W ziparchive: Unable to open '/data/app/~~L6nnnFWjKOi-sEFVjE3bQA==/com.google.android.trichromelibrary_636771938-TWK_Ug6zC95Q8Z3NpRimdw==/TrichromeLibrary.dm': No such file or directory
03-12 09:06:56.854  4006  4006 W ziparchive: Unable to open '/data/app/~~L6nnnFWjKOi-sEFVjE3bQA==/com.google.android.trichromelibrary_636771938-TWK_Ug6zC95Q8Z3NpRimdw==/TrichromeLibrary.dm': No such file or directory
03-12 09:06:56.854  4006  4006 W esdetrabajo.app: Entry not found
03-12 09:06:56.856  4006  4006 D nativeloader: Configuring clns-8 for other apk /data/app/~~L6nnnFWjKOi-sEFVjE3bQA==/com.google.android.trichromelibrary_636771938-TWK_Ug6zC95Q8Z3NpRimdw==/TrichromeLibrary.apk. target_sdk_version=34, uses_libraries=ALL, library_path=/data/app/~~RgOCKUznt7nHo655Iu3pkg==/com.google.android.webview-SA8Yp8LVhgKyot5bgwPhJA==/lib/x86_64:/data/app/~~RgOCKUznt7nHo655Iu3pkg==/com.google.android.webview-SA8Yp8LVhgKyot5bgwPhJA==/WebViewGoogle.apk!/lib/x86_64:/data/app/~~L6nnnFWjKOi-sEFVjE3bQA==/com.google.android.trichromelibrary_636771938-TWK_Ug6zC95Q8Z3NpRimdw==/TrichromeLibrary.apk!/lib/x86_64, permitted_path=/data:/mnt/expand
03-12 09:06:56.858  4006  4006 D ApplicationLoaders: Returning zygote-cached class loader: /system_ext/framework/androidx.window.extensions.jar
03-12 09:06:56.861   582  3334 I AppsFilter: interaction: PackageSetting{779df3 com.partesdetrabajo.app/10216} -> PackageSetting{b790369 com.android.cts.priv.ctsshim/10210} BLOCKED
03-12 09:06:56.861   582  3334 I AppsFilter: interaction: PackageSetting{779df3 com.partesdetrabajo.app/10216} -> PackageSetting{dc6a1ee com.google.android.youtube/10169} BLOCKED
03-12 09:06:56.861   582  3334 I AppsFilter: interaction: PackageSetting{779df3 com.partesdetrabajo.app/10216} -> PackageSetting{efda68f com.android.internal.display.cutout.emulation.corner/10003} BLOCKED
03-12 09:06:56.861   582  3334 I AppsFilter: interaction: PackageSetting{779df3 com.partesdetrabajo.app/10216} -> PackageSetting{c59ad1c com.android.internal.display.cutout.emulation.double/10014} BLOCKED
03-12 09:06:56.861   582  3334 I AppsFilter: interaction: PackageSetting{779df3 com.partesdetrabajo.app/10216} -> PackageSetting{4956d25 com.google.android.carrierlocation/10121} BLOCKED
03-12 09:06:56.861   582  3334 I AppsFilter: interaction: PackageSetting{779df3 com.partesdetrabajo.app/10216} -> PackageSetting{a7eeefa com.android.settings.overlay.tangorpro/10045} BLOCKED
03-12 09:06:56.861   582  3334 I AppsFilter: interaction: PackageSetting{779df3 com.partesdetrabajo.app/10216} -> PackageSetting{4381cab com.google.android.onetimeinitializer/10126} BLOCKED
03-12 09:06:56.861   582  3334 I AppsFilter: interaction: PackageSetting{779df3 com.partesdetrabajo.app/10216} -> PackageSetting{be27f08 com.google.android.ext.shared/10109} BLOCKED
03-12 09:06:56.861   582  3334 I AppsFilter: interaction: PackageSetting{779df3 com.partesdetrabajo.app/10216} -> PackageSetting{a54b6a1 com.android.virtualmachine.res/10202} BLOCKED
03-12 09:06:56.861   582  3334 I AppsFilter: interaction: PackageSetting{779df3 com.partesdetrabajo.app/10216} -> PackageSetting{73d00c6 com.android.managedprovisioning.auto_generated_rro_product__/10038} BLOCKED
03-12 09:06:56.861   582  3334 I AppsFilter: interaction: PackageSetting{779df3 com.partesdetrabajo.app/10216} -> PackageSetting{a59d887 com.google.android.apps.nest.castauth/10120} BLOCKED
03-12 09:06:56.861   582  3334 I AppsFilter: interaction: PackageSetting{779df3 com.partesdetrabajo.app/10216} -> PackageSetting{7a483b4 com.google.android.server.deviceconfig.resources/10207} BLOCKED
03-12 09:06:56.861   582  3334 I AppsFilter: interaction: PackageSetting{779df3 com.partesdetrabajo.app/10216} -> PackageSetting{2651bdd com.android.systemui.emulation.pixel_3_xl/10055} BLOCKED
03-12 09:06:56.861   582  3334 I AppsFilter: interaction: PackageSetting{779df3 com.partesdetrabajo.app/10216} -> PackageSetting{d786352 com.android.systemui.emulation.pixel_4_xl/10050} BLOCKED
03-12 09:06:56.861   582  3334 I AppsFilter: interaction: PackageSetting{779df3 com.partesdetrabajo.app/10216} -> PackageSetting{df17623 com.android.systemui.emulation.pixel_fold/10064} BLOCKED
03-12 09:06:56.861   582  3334 I AppsFilter: interaction: PackageSetting{779df3 com.partesdetrabajo.app/10216} -> PackageSetting{3e02720 com.android.providers.telephony.auto_generated_characteristics_rro/10067} BLOCKED
03-12 09:06:56.861   582  3334 I AppsFilter: interaction: PackageSetting{779df3 com.partesdetrabajo.app/10216} -> PackageSetting{51c98d9 com.android.htmlviewer/10113} BLOCKED
03-12 09:06:56.861   582  3334 I AppsFilter: interaction: PackageSetting{779df3 com.partesdetrabajo.app/10216} -> PackageSetting{495629e com.google.android.health.connect.backuprestore/10209} BLOCKED
03-12 09:06:56.861   582  3334 I AppsFilter: interaction: PackageSetting{779df3 com.partesdetrabajo.app/10216} -> PackageSetting{bdb517f com.android.systemui.auto_generated_rro_product__/10065} BLOCKED
03-12 09:06:56.861   582  3334 I AppsFilter: interaction: PackageSetting{779df3 com.partesdetrabajo.app/10216} -> PackageSetting{670954c com.google.android.soundpicker/10166} BLOCKED
03-12 09:06:56.861   582  3334 I AppsFilter: interaction: PackageSetting{779df3 com.partesdetrabajo.app/10216} -> PackageSetting{34e995 com.google.android.marvin.talkbackoverlay/10081} BLOCKED
03-12 09:06:56.861   582  3334 I AppsFilter: interaction: PackageSetting{779df3 com.partesdetrabajo.app/10216} -> PackageSetting{3f10aaa com.google.android.configupdater/10122} BLOCKED
03-12 09:06:56.861   582  3334 I AppsFilter: interaction: PackageSetting{779df3 com.partesdetrabajo.app/10216} -> PackageSetting{85d869b com.android.internal.emulation.pixel_3a_xl/10011} BLOCKED
03-12 09:06:56.861   582  3334 I AppsFilter: interaction: PackageSetting{779df3 com.partesdetrabajo.app/10216} -> PackageSetting{5b7ba38 com.android.internal.emulation.pixel_6_pro/10023} BLOCKED
03-12 09:06:56.862   582  3334 I AppsFilter: interaction: PackageSetting{779df3 com.partesdetrabajo.app/10216} -> PackageSetting{9478a11 com.android.internal.emulation.pixel_7_pro/10021} BLOCKED
03-12 09:06:56.862   582  3334 I AppsFilter: interaction: PackageSetting{779df3 com.partesdetrabajo.app/10216} -> PackageSetting{9ad2776 com.android.internal.emulation.pixel_8_pro/10027} BLOCKED
03-12 09:06:56.862   582  3334 I AppsFilter: interaction: PackageSetting{779df3 com.partesdetrabajo.app/10216} -> PackageSetting{c03f177 com.android.internal.emulation.pixel_3a/10012} BLOCKED
03-12 09:06:56.862   582  3334 I AppsFilter: interaction: PackageSetting{779df3 com.partesdetrabajo.app/10216} -> PackageSetting{a4a41e4 com.android.internal.emulation.pixel_4a/10016} BLOCKED
03-12 09:06:56.862   582  3334 I AppsFilter: interaction: PackageSetting{779df3 com.partesdetrabajo.app/10216} -> PackageSetting{c09b64d com.android.internal.emulation.pixel_6a/10020} BLOCKED
03-12 09:06:56.862   582  3334 I AppsFilter: interaction: PackageSetting{779df3 com.partesdetrabajo.app/10216} -> PackageSetting{23c4502 com.android.internal.emulation.pixel_7a/10024} BLOCKED
03-12 09:06:56.862   582  3334 I AppsFilter: interaction: PackageSetting{779df3 com.partesdetrabajo.app/10216} -> PackageSetting{23c2e13 com.android.internal.emulation.pixel_8a/10026} BLOCKED
03-12 09:06:56.862   582  3334 I AppsFilter: interaction: PackageSetting{779df3 com.partesdetrabajo.app/10216} -> PackageSetting{f5b9850 com.google.android.overlay.googlewebview/10033} BLOCKED
03-12 09:06:56.862   582  3334 I AppsFilter: interaction: PackageSetting{779df3 com.partesdetrabajo.app/10216} -> PackageSetting{486a49 com.google.android.hotspot2.osulogin/10190} BLOCKED
03-12 09:06:56.862   582  3334 I AppsFilter: interaction: PackageSetting{779df3 com.partesdetrabajo.app/10216} -> PackageSetting{cadaf4e com.android.simappdialog/10115} BLOCKED
03-12 09:06:56.862   582  3334 I AppsFilter: interaction: PackageSetting{779df3 com.partesdetrabajo.app/10216} -> PackageSetting{5b1986f com.android.internal.display.cutout.emulation.hole/10004} BLOCKED
03-12 09:06:56.862   582  3334 I AppsFilter: interaction: PackageSetting{779df3 com.partesdetrabajo.app/10216} -> PackageSetting{de9e97c com.android.internal.display.cutout.emulation.tall/10005} BLOCKED
03-12 09:06:56.862   582  3334 I AppsFilter: interaction: PackageSetting{779df3 com.partesdetrabajo.app/10216} -> PackageSetting{3a46205 com.android.internal.systemui.navbar.threebutton/10035} BLOCKED
03-12 09:06:56.862   582  3334 I AppsFilter: interaction: PackageSetting{779df3 com.partesdetrabajo.app/10216} -> PackageSetting{7b9725a com.android.hotwordenrollment.xgoogle/10129} BLOCKED
03-12 09:06:56.862   582  3334 I AppsFilter: interaction: PackageSetting{779df3 com.partesdetrabajo.app/10216} -> PackageSetting{6694c8b com.android.internal.ranchu.commonoverlay/10041} BLOCKED
03-12 09:06:56.862   582  3334 I AppsFilter: interaction: PackageSetting{779df3 com.partesdetrabajo.app/10216} -> PackageSetting{eaa2168 com.google.android.docksetup.auto_generated_rro_product__/10007} BLOCKED
03-12 09:06:56.862   582  3334 I AppsFilter: interaction: PackageSetting{779df3 com.partesdetrabajo.app/10216} -> PackageSetting{30e1981 com.google.android.deskclock/10159} BLOCKED
03-12 09:06:56.862   582  3334 I AppsFilter: interaction: PackageSetting{779df3 com.partesdetrabajo.app/10216} -> PackageSetting{38c5a26 com.android.internal.systemui.navbar.twobutton/10037} BLOCKED
03-12 09:06:56.862   582  3334 I AppsFilter: interaction: PackageSetting{779df3 com.partesdetrabajo.app/10216} -> PackageSetting{59e2667 com.google.android.gm/10172} BLOCKED
03-12 09:06:56.862   582  3334 I AppsFilter: interaction: PackageSetting{779df3 com.partesdetrabajo.app/10216} -> PackageSetting{eb3ec14 com.android.systemui.emulation.pixel_3/10044} BLOCKED
03-12 09:06:56.862   582  3334 I AppsFilter: interaction: PackageSetting{779df3 com.partesdetrabajo.app/10216} -> PackageSetting{1ccbd com.android.systemui.emulation.pixel_4/10048} BLOCKED
