03-12 09:06:58.099  2913  2928 I artd    : Successfully loaded /data/app/~~QbfMBCHN6AWoZYT3f3Kpqw==/com.google.android.gms-oHHfKXZhPUL0eAmwN3RZhw==/oat/x86_64/split_AdsDynamite_installtime.odex with executable: 0
03-12 09:06:58.099  2913  2928 I artd    : /data/app/~~QbfMBCHN6AWoZYT3f3Kpqw==/com.google.android.gms-oHHfKXZhPUL0eAmwN3RZhw==/oat/x86_64/split_AdsDynamite_installtime.odex is kOatUpToDate with filter speed
03-12 09:06:58.101  2913  2928 I artd    : Dex parent of /data/app/~~QbfMBCHN6AWoZYT3f3Kpqw==/com.google.android.gms-oHHfKXZhPUL0eAmwN3RZhw==/split_CronetDynamite_installtime.apk is not writable: Permission denied
03-12 09:06:58.101  2913  2928 I artd    : GetBestInfo checking odex in dalvik-cache (/data/dalvik-cache/x86_64/data@app@~~QbfMBCHN6AWoZYT3f3Kpqw==@com.google.android.gms-oHHfKXZhPUL0eAmwN3RZhw==@split_CronetDynamite_installtime.apk@classes.dex)
03-12 09:06:58.101  2913  2928 I artd    : Loading /data/dalvik-cache/x86_64/data@app@~~QbfMBCHN6AWoZYT3f3Kpqw==@com.google.android.gms-oHHfKXZhPUL0eAmwN3RZhw==@split_CronetDynamite_installtime.apk@classes.dex with executable: 0
03-12 09:06:58.101  2913  2928 I artd    : OatFileAssistant test for existing oat file /data/dalvik-cache/x86_64/data@app@~~QbfMBCHN6AWoZYT3f3Kpqw==@com.google.android.gms-oHHfKXZhPUL0eAmwN3RZhw==@split_CronetDynamite_installtime.apk@classes.dex: File /data/dalvik-cache/x86_64/data@app@~~QbfMBCHN6AWoZYT3f3Kpqw==@com.google.android.gms-oHHfKXZhPUL0eAmwN3RZhw==@split_CronetDynamite_installtime.apk@classes.vdex does not exist.
03-12 09:06:58.101  2913  2928 I artd    : GetBestInfo checking odex next to the dex file (/data/app/~~QbfMBCHN6AWoZYT3f3Kpqw==/com.google.android.gms-oHHfKXZhPUL0eAmwN3RZhw==/oat/x86_64/split_CronetDynamite_installtime.odex)
03-12 09:06:58.101  2913  2928 I artd    : Loading /data/app/~~QbfMBCHN6AWoZYT3f3Kpqw==/com.google.android.gms-oHHfKXZhPUL0eAmwN3RZhw==/oat/x86_64/split_CronetDynamite_installtime.odex with executable: 0
03-12 09:06:58.101  2913  2928 I artd    : Successfully loaded /data/app/~~QbfMBCHN6AWoZYT3f3Kpqw==/com.google.android.gms-oHHfKXZhPUL0eAmwN3RZhw==/oat/x86_64/split_CronetDynamite_installtime.odex with executable: 0
03-12 09:06:58.101  2913  2928 I artd    : /data/app/~~QbfMBCHN6AWoZYT3f3Kpqw==/com.google.android.gms-oHHfKXZhPUL0eAmwN3RZhw==/oat/x86_64/split_CronetDynamite_installtime.odex is kOatUpToDate with filter speed
03-12 09:06:58.102  2913  2928 I artd    : Dex parent of /data/app/~~QbfMBCHN6AWoZYT3f3Kpqw==/com.google.android.gms-oHHfKXZhPUL0eAmwN3RZhw==/split_DynamiteLoader_installtime.apk is not writable: Permission denied
03-12 09:06:58.102  2913  2928 I artd    : GetBestInfo checking odex in dalvik-cache (/data/dalvik-cache/x86_64/data@app@~~QbfMBCHN6AWoZYT3f3Kpqw==@com.google.android.gms-oHHfKXZhPUL0eAmwN3RZhw==@split_DynamiteLoader_installtime.apk@classes.dex)
03-12 09:06:58.102  2913  2928 I artd    : Loading /data/dalvik-cache/x86_64/data@app@~~QbfMBCHN6AWoZYT3f3Kpqw==@com.google.android.gms-oHHfKXZhPUL0eAmwN3RZhw==@split_DynamiteLoader_installtime.apk@classes.dex with executable: 0
03-12 09:06:58.102  2913  2928 I artd    : OatFileAssistant test for existing oat file /data/dalvik-cache/x86_64/data@app@~~QbfMBCHN6AWoZYT3f3Kpqw==@com.google.android.gms-oHHfKXZhPUL0eAmwN3RZhw==@split_DynamiteLoader_installtime.apk@classes.dex: File /data/dalvik-cache/x86_64/data@app@~~QbfMBCHN6AWoZYT3f3Kpqw==@com.google.android.gms-oHHfKXZhPUL0eAmwN3RZhw==@split_DynamiteLoader_installtime.apk@classes.vdex does not exist.
03-12 09:06:58.103  2913  2928 I artd    : GetBestInfo checking odex next to the dex file (/data/app/~~QbfMBCHN6AWoZYT3f3Kpqw==/com.google.android.gms-oHHfKXZhPUL0eAmwN3RZhw==/oat/x86_64/split_DynamiteLoader_installtime.odex)
03-12 09:06:58.103  2913  2928 I artd    : Loading /data/app/~~QbfMBCHN6AWoZYT3f3Kpqw==/com.google.android.gms-oHHfKXZhPUL0eAmwN3RZhw==/oat/x86_64/split_DynamiteLoader_installtime.odex with executable: 0
03-12 09:06:58.103  2913  2928 I artd    : Successfully loaded /data/app/~~QbfMBCHN6AWoZYT3f3Kpqw==/com.google.android.gms-oHHfKXZhPUL0eAmwN3RZhw==/oat/x86_64/split_DynamiteLoader_installtime.odex with executable: 0
03-12 09:06:58.103  2913  2928 I artd    : /data/app/~~QbfMBCHN6AWoZYT3f3Kpqw==/com.google.android.gms-oHHfKXZhPUL0eAmwN3RZhw==/oat/x86_64/split_DynamiteLoader_installtime.odex is kOatUpToDate with filter speed
03-12 09:06:58.104  2913  2928 I artd    : Dex parent of /data/app/~~QbfMBCHN6AWoZYT3f3Kpqw==/com.google.android.gms-oHHfKXZhPUL0eAmwN3RZhw==/split_DynamiteModulesA_installtime.apk is not writable: Permission denied
03-12 09:06:58.104  2913  2928 I artd    : GetBestInfo checking odex in dalvik-cache (/data/dalvik-cache/x86_64/data@app@~~QbfMBCHN6AWoZYT3f3Kpqw==@com.google.android.gms-oHHfKXZhPUL0eAmwN3RZhw==@split_DynamiteModulesA_installtime.apk@classes.dex)
03-12 09:06:58.104  2913  2928 I artd    : Loading /data/dalvik-cache/x86_64/data@app@~~QbfMBCHN6AWoZYT3f3Kpqw==@com.google.android.gms-oHHfKXZhPUL0eAmwN3RZhw==@split_DynamiteModulesA_installtime.apk@classes.dex with executable: 0
03-12 09:06:58.104  2913  2928 I artd    : OatFileAssistant test for existing oat file /data/dalvik-cache/x86_64/data@app@~~QbfMBCHN6AWoZYT3f3Kpqw==@com.google.android.gms-oHHfKXZhPUL0eAmwN3RZhw==@split_DynamiteModulesA_installtime.apk@classes.dex: File /data/dalvik-cache/x86_64/data@app@~~QbfMBCHN6AWoZYT3f3Kpqw==@com.google.android.gms-oHHfKXZhPUL0eAmwN3RZhw==@split_DynamiteModulesA_installtime.apk@classes.vdex does not exist.
03-12 09:06:58.104  2913  2928 I artd    : GetBestInfo checking odex next to the dex file (/data/app/~~QbfMBCHN6AWoZYT3f3Kpqw==/com.google.android.gms-oHHfKXZhPUL0eAmwN3RZhw==/oat/x86_64/split_DynamiteModulesA_installtime.odex)
03-12 09:06:58.104  2913  2928 I artd    : Loading /data/app/~~QbfMBCHN6AWoZYT3f3Kpqw==/com.google.android.gms-oHHfKXZhPUL0eAmwN3RZhw==/oat/x86_64/split_DynamiteModulesA_installtime.odex with executable: 0
03-12 09:06:58.104  2913  2928 I artd    : Successfully loaded /data/app/~~QbfMBCHN6AWoZYT3f3Kpqw==/com.google.android.gms-oHHfKXZhPUL0eAmwN3RZhw==/oat/x86_64/split_DynamiteModulesA_installtime.odex with executable: 0
03-12 09:06:58.105  2913  2928 I artd    : /data/app/~~QbfMBCHN6AWoZYT3f3Kpqw==/com.google.android.gms-oHHfKXZhPUL0eAmwN3RZhw==/oat/x86_64/split_DynamiteModulesA_installtime.odex is kOatUpToDate with filter speed
03-12 09:06:58.108  2913  2928 I artd    : Dex parent of /data/app/~~QbfMBCHN6AWoZYT3f3Kpqw==/com.google.android.gms-oHHfKXZhPUL0eAmwN3RZhw==/split_DynamiteModulesC_installtime.apk is not writable: Permission denied
03-12 09:06:58.108  2913  2928 I artd    : GetBestInfo checking odex in dalvik-cache (/data/dalvik-cache/x86_64/data@app@~~QbfMBCHN6AWoZYT3f3Kpqw==@com.google.android.gms-oHHfKXZhPUL0eAmwN3RZhw==@split_DynamiteModulesC_installtime.apk@classes.dex)
03-12 09:06:58.108  2913  2928 I artd    : Loading /data/dalvik-cache/x86_64/data@app@~~QbfMBCHN6AWoZYT3f3Kpqw==@com.google.android.gms-oHHfKXZhPUL0eAmwN3RZhw==@split_DynamiteModulesC_installtime.apk@classes.dex with executable: 0
03-12 09:06:58.108  2913  2928 I artd    : OatFileAssistant test for existing oat file /data/dalvik-cache/x86_64/data@app@~~QbfMBCHN6AWoZYT3f3Kpqw==@com.google.android.gms-oHHfKXZhPUL0eAmwN3RZhw==@split_DynamiteModulesC_installtime.apk@classes.dex: File /data/dalvik-cache/x86_64/data@app@~~QbfMBCHN6AWoZYT3f3Kpqw==@com.google.android.gms-oHHfKXZhPUL0eAmwN3RZhw==@split_DynamiteModulesC_installtime.apk@classes.vdex does not exist.
03-12 09:06:58.108  2913  2928 I artd    : GetBestInfo checking odex next to the dex file (/data/app/~~QbfMBCHN6AWoZYT3f3Kpqw==/com.google.android.gms-oHHfKXZhPUL0eAmwN3RZhw==/oat/x86_64/split_DynamiteModulesC_installtime.odex)
03-12 09:06:58.108  2913  2928 I artd    : Loading /data/app/~~QbfMBCHN6AWoZYT3f3Kpqw==/com.google.android.gms-oHHfKXZhPUL0eAmwN3RZhw==/oat/x86_64/split_DynamiteModulesC_installtime.odex with executable: 0
03-12 09:06:58.108  2913  2928 I artd    : Successfully loaded /data/app/~~QbfMBCHN6AWoZYT3f3Kpqw==/com.google.android.gms-oHHfKXZhPUL0eAmwN3RZhw==/oat/x86_64/split_DynamiteModulesC_installtime.odex with executable: 0
03-12 09:06:58.108  2913  2928 I artd    : /data/app/~~QbfMBCHN6AWoZYT3f3Kpqw==/com.google.android.gms-oHHfKXZhPUL0eAmwN3RZhw==/oat/x86_64/split_DynamiteModulesC_installtime.odex is kOatUpToDate with filter speed
03-12 09:06:58.112  2913  2928 I artd    : Dex parent of /data/app/~~QbfMBCHN6AWoZYT3f3Kpqw==/com.google.android.gms-oHHfKXZhPUL0eAmwN3RZhw==/split_GoogleCertificates_installtime.apk is not writable: Permission denied
03-12 09:06:58.112  2913  2928 I artd    : GetBestInfo checking odex in dalvik-cache (/data/dalvik-cache/x86_64/data@app@~~QbfMBCHN6AWoZYT3f3Kpqw==@com.google.android.gms-oHHfKXZhPUL0eAmwN3RZhw==@split_GoogleCertificates_installtime.apk@classes.dex)
03-12 09:06:58.112  2913  2928 I artd    : Loading /data/dalvik-cache/x86_64/data@app@~~QbfMBCHN6AWoZYT3f3Kpqw==@com.google.android.gms-oHHfKXZhPUL0eAmwN3RZhw==@split_GoogleCertificates_installtime.apk@classes.dex with executable: 0
03-12 09:06:58.112  2913  2928 I artd    : OatFileAssistant test for existing oat file /data/dalvik-cache/x86_64/data@app@~~QbfMBCHN6AWoZYT3f3Kpqw==@com.google.android.gms-oHHfKXZhPUL0eAmwN3RZhw==@split_GoogleCertificates_installtime.apk@classes.dex: File /data/dalvik-cache/x86_64/data@app@~~QbfMBCHN6AWoZYT3f3Kpqw==@com.google.android.gms-oHHfKXZhPUL0eAmwN3RZhw==@split_GoogleCertificates_installtime.apk@classes.vdex does not exist.
03-12 09:06:58.112  2913  2928 I artd    : GetBestInfo checking odex next to the dex file (/data/app/~~QbfMBCHN6AWoZYT3f3Kpqw==/com.google.android.gms-oHHfKXZhPUL0eAmwN3RZhw==/oat/x86_64/split_GoogleCertificates_installtime.odex)
03-12 09:06:58.113  2913  2928 I artd    : Loading /data/app/~~QbfMBCHN6AWoZYT3f3Kpqw==/com.google.android.gms-oHHfKXZhPUL0eAmwN3RZhw==/oat/x86_64/split_GoogleCertificates_installtime.odex with executable: 0
03-12 09:06:58.113  2913  2928 I artd    : Successfully loaded /data/app/~~QbfMBCHN6AWoZYT3f3Kpqw==/com.google.android.gms-oHHfKXZhPUL0eAmwN3RZhw==/oat/x86_64/split_GoogleCertificates_installtime.odex with executable: 0
03-12 09:06:58.113  2913  2928 I artd    : /data/app/~~QbfMBCHN6AWoZYT3f3Kpqw==/com.google.android.gms-oHHfKXZhPUL0eAmwN3RZhw==/oat/x86_64/split_GoogleCertificates_installtime.odex is kOatUpToDate with filter speed
03-12 09:06:58.115  2913  2928 I artd    : Dex parent of /data/app/~~QbfMBCHN6AWoZYT3f3Kpqw==/com.google.android.gms-oHHfKXZhPUL0eAmwN3RZhw==/split_MapsDynamite_installtime.apk is not writable: Permission denied
03-12 09:06:58.115  2913  2928 I artd    : GetBestInfo checking odex in dalvik-cache (/data/dalvik-cache/x86_64/data@app@~~QbfMBCHN6AWoZYT3f3Kpqw==@com.google.android.gms-oHHfKXZhPUL0eAmwN3RZhw==@split_MapsDynamite_installtime.apk@classes.dex)
03-12 09:06:58.115  2913  2928 I artd    : Loading /data/dalvik-cache/x86_64/data@app@~~QbfMBCHN6AWoZYT3f3Kpqw==@com.google.android.gms-oHHfKXZhPUL0eAmwN3RZhw==@split_MapsDynamite_installtime.apk@classes.dex with executable: 0
03-12 09:06:58.115  2913  2928 I artd    : OatFileAssistant test for existing oat file /data/dalvik-cache/x86_64/data@app@~~QbfMBCHN6AWoZYT3f3Kpqw==@com.google.android.gms-oHHfKXZhPUL0eAmwN3RZhw==@split_MapsDynamite_installtime.apk@classes.dex: File /data/dalvik-cache/x86_64/data@app@~~QbfMBCHN6AWoZYT3f3Kpqw==@com.google.android.gms-oHHfKXZhPUL0eAmwN3RZhw==@split_MapsDynamite_installtime.apk@classes.vdex does not exist.
03-12 09:06:58.115  2913  2928 I artd    : GetBestInfo checking odex next to the dex file (/data/app/~~QbfMBCHN6AWoZYT3f3Kpqw==/com.google.android.gms-oHHfKXZhPUL0eAmwN3RZhw==/oat/x86_64/split_MapsDynamite_installtime.odex)
03-12 09:06:58.115  2913  2928 I artd    : Loading /data/app/~~QbfMBCHN6AWoZYT3f3Kpqw==/com.google.android.gms-oHHfKXZhPUL0eAmwN3RZhw==/oat/x86_64/split_MapsDynamite_installtime.odex with executable: 0
03-12 09:06:58.115  2913  2928 I artd    : Successfully loaded /data/app/~~QbfMBCHN6AWoZYT3f3Kpqw==/com.google.android.gms-oHHfKXZhPUL0eAmwN3RZhw==/oat/x86_64/split_MapsDynamite_installtime.odex with executable: 0
03-12 09:06:58.115  2913  2928 I artd    : /data/app/~~QbfMBCHN6AWoZYT3f3Kpqw==/com.google.android.gms-oHHfKXZhPUL0eAmwN3RZhw==/oat/x86_64/split_MapsDynamite_installtime.odex is kOatUpToDate with filter speed
03-12 09:06:58.120  2913  2928 I artd    : Dex parent of /data/app/~~QbfMBCHN6AWoZYT3f3Kpqw==/com.google.android.gms-oHHfKXZhPUL0eAmwN3RZhw==/split_MeasurementDynamite_installtime.apk is not writable: Permission denied
03-12 09:06:58.120  2913  2928 I artd    : GetBestInfo checking odex in dalvik-cache (/data/dalvik-cache/x86_64/data@app@~~QbfMBCHN6AWoZYT3f3Kpqw==@com.google.android.gms-oHHfKXZhPUL0eAmwN3RZhw==@split_MeasurementDynamite_installtime.apk@classes.dex)
03-12 09:06:58.120  2913  2928 I artd    : Loading /data/dalvik-cache/x86_64/data@app@~~QbfMBCHN6AWoZYT3f3Kpqw==@com.google.android.gms-oHHfKXZhPUL0eAmwN3RZhw==@split_MeasurementDynamite_installtime.apk@classes.dex with executable: 0
03-12 09:06:58.120  2913  2928 I artd    : OatFileAssistant test for existing oat file /data/dalvik-cache/x86_64/data@app@~~QbfMBCHN6AWoZYT3f3Kpqw==@com.google.android.gms-oHHfKXZhPUL0eAmwN3RZhw==@split_MeasurementDynamite_installtime.apk@classes.dex: File /data/dalvik-cache/x86_64/data@app@~~QbfMBCHN6AWoZYT3f3Kpqw==@com.google.android.gms-oHHfKXZhPUL0eAmwN3RZhw==@split_MeasurementDynamite_installtime.apk@classes.vdex does not exist.
03-12 09:06:58.120  2913  2928 I artd    : GetBestInfo checking odex next to the dex file (/data/app/~~QbfMBCHN6AWoZYT3f3Kpqw==/com.google.android.gms-oHHfKXZhPUL0eAmwN3RZhw==/oat/x86_64/split_MeasurementDynamite_installtime.odex)
03-12 09:06:58.120  2913  2928 I artd    : Loading /data/app/~~QbfMBCHN6AWoZYT3f3Kpqw==/com.google.android.gms-oHHfKXZhPUL0eAmwN3RZhw==/oat/x86_64/split_MeasurementDynamite_installtime.odex with executable: 0
03-12 09:06:58.120  2913  2928 I artd    : Successfully loaded /data/app/~~QbfMBCHN6AWoZYT3f3Kpqw==/com.google.android.gms-oHHfKXZhPUL0eAmwN3RZhw==/oat/x86_64/split_MeasurementDynamite_installtime.odex with executable: 0
03-12 09:06:58.121  2913  2928 I artd    : /data/app/~~QbfMBCHN6AWoZYT3f3Kpqw==/com.google.android.gms-oHHfKXZhPUL0eAmwN3RZhw==/oat/x86_64/split_MeasurementDynamite_installtime.odex is kOatUpToDate with filter speed
03-12 09:06:58.124  2913  2928 I artd    : Dex parent of /data/app/~~QbfMBCHN6AWoZYT3f3Kpqw==/com.google.android.gms-oHHfKXZhPUL0eAmwN3RZhw==/split_all_locale_splits.apk is not writable: Permission denied
03-12 09:06:58.124  2913  2928 I artd    : GetBestInfo checking odex in dalvik-cache (/data/dalvik-cache/x86_64/data@app@~~QbfMBCHN6AWoZYT3f3Kpqw==@com.google.android.gms-oHHfKXZhPUL0eAmwN3RZhw==@split_all_locale_splits.apk@classes.dex)
03-12 09:06:58.124  2913  2928 I artd    : Loading /data/dalvik-cache/x86_64/data@app@~~QbfMBCHN6AWoZYT3f3Kpqw==@com.google.android.gms-oHHfKXZhPUL0eAmwN3RZhw==@split_all_locale_splits.apk@classes.dex with executable: 0
03-12 09:06:58.124  2913  2928 I artd    : OatFileAssistant test for existing oat file /data/dalvik-cache/x86_64/data@app@~~QbfMBCHN6AWoZYT3f3Kpqw==@com.google.android.gms-oHHfKXZhPUL0eAmwN3RZhw==@split_all_locale_splits.apk@classes.dex: File /data/dalvik-cache/x86_64/data@app@~~QbfMBCHN6AWoZYT3f3Kpqw==@com.google.android.gms-oHHfKXZhPUL0eAmwN3RZhw==@split_all_locale_splits.apk@classes.vdex does not exist.
03-12 09:06:58.124  2913  2928 I artd    : GetBestInfo checking odex next to the dex file (/data/app/~~QbfMBCHN6AWoZYT3f3Kpqw==/com.google.android.gms-oHHfKXZhPUL0eAmwN3RZhw==/oat/x86_64/split_all_locale_splits.odex)
03-12 09:06:58.124  2913  2928 I artd    : Loading /data/app/~~QbfMBCHN6AWoZYT3f3Kpqw==/com.google.android.gms-oHHfKXZhPUL0eAmwN3RZhw==/oat/x86_64/split_all_locale_splits.odex with executable: 0
03-12 09:06:58.125  2913  2928 I artd    : Successfully loaded /data/app/~~QbfMBCHN6AWoZYT3f3Kpqw==/com.google.android.gms-oHHfKXZhPUL0eAmwN3RZhw==/oat/x86_64/split_all_locale_splits.odex with executable: 0
03-12 09:06:58.125  2913  2928 I artd    : /data/app/~~QbfMBCHN6AWoZYT3f3Kpqw==/com.google.android.gms-oHHfKXZhPUL0eAmwN3RZhw==/oat/x86_64/split_all_locale_splits.odex is kOatUpToDate with filter speed
03-12 09:06:58.126  2913  2928 I artd    : Dex parent of /data/app/~~QbfMBCHN6AWoZYT3f3Kpqw==/com.google.android.gms-oHHfKXZhPUL0eAmwN3RZhw==/split_maps_core_dynamite_ondemand.apk is not writable: Permission denied
03-12 09:06:58.126  2913  2928 I artd    : GetBestInfo checking odex in dalvik-cache (/data/dalvik-cache/x86_64/data@app@~~QbfMBCHN6AWoZYT3f3Kpqw==@com.google.android.gms-oHHfKXZhPUL0eAmwN3RZhw==@split_maps_core_dynamite_ondemand.apk@classes.dex)
03-12 09:06:58.126  2913  2928 I artd    : Loading /data/dalvik-cache/x86_64/data@app@~~QbfMBCHN6AWoZYT3f3Kpqw==@com.google.android.gms-oHHfKXZhPUL0eAmwN3RZhw==@split_maps_core_dynamite_ondemand.apk@classes.dex with executable: 0
03-12 09:06:58.126  2913  2928 I artd    : OatFileAssistant test for existing oat file /data/dalvik-cache/x86_64/data@app@~~QbfMBCHN6AWoZYT3f3Kpqw==@com.google.android.gms-oHHfKXZhPUL0eAmwN3RZhw==@split_maps_core_dynamite_ondemand.apk@classes.dex: File /data/dalvik-cache/x86_64/data@app@~~QbfMBCHN6AWoZYT3f3Kpqw==@com.google.android.gms-oHHfKXZhPUL0eAmwN3RZhw==@split_maps_core_dynamite_ondemand.apk@classes.vdex does not exist.
03-12 09:06:58.127  2913  2928 I artd    : GetBestInfo checking odex next to the dex file (/data/app/~~QbfMBCHN6AWoZYT3f3Kpqw==/com.google.android.gms-oHHfKXZhPUL0eAmwN3RZhw==/oat/x86_64/split_maps_core_dynamite_ondemand.odex)
03-12 09:06:58.127  2913  2928 I artd    : Loading /data/app/~~QbfMBCHN6AWoZYT3f3Kpqw==/com.google.android.gms-oHHfKXZhPUL0eAmwN3RZhw==/oat/x86_64/split_maps_core_dynamite_ondemand.odex with executable: 0
03-12 09:06:58.127  2913  2928 I artd    : OatFileAssistant test for existing oat file /data/app/~~QbfMBCHN6AWoZYT3f3Kpqw==/com.google.android.gms-oHHfKXZhPUL0eAmwN3RZhw==/oat/x86_64/split_maps_core_dynamite_ondemand.odex: File /data/app/~~QbfMBCHN6AWoZYT3f3Kpqw==/com.google.android.gms-oHHfKXZhPUL0eAmwN3RZhw==/oat/x86_64/split_maps_core_dynamite_ondemand.vdex does not exist.
03-12 09:06:58.127  2913  2928 I artd    : GetBestInfo checking vdex in dalvik-cache (/data/dalvik-cache/x86_64/data@app@~~QbfMBCHN6AWoZYT3f3Kpqw==@com.google.android.gms-oHHfKXZhPUL0eAmwN3RZhw==@split_maps_core_dynamite_ondemand.apk@classes.vdex)
03-12 09:06:58.127  2913  2928 I artd    : unable to open vdex file /data/dalvik-cache/x86_64/data@app@~~QbfMBCHN6AWoZYT3f3Kpqw==@com.google.android.gms-oHHfKXZhPUL0eAmwN3RZhw==@split_maps_core_dynamite_ondemand.apk@classes.vdex: File /data/dalvik-cache/x86_64/data@app@~~QbfMBCHN6AWoZYT3f3Kpqw==@com.google.android.gms-oHHfKXZhPUL0eAmwN3RZhw==@split_maps_core_dynamite_ondemand.apk@classes.vdex does not exist.
03-12 09:06:58.127  2913  2928 I artd    : OatFileAssistant test for existing oat file /data/dalvik-cache/x86_64/data@app@~~QbfMBCHN6AWoZYT3f3Kpqw==@com.google.android.gms-oHHfKXZhPUL0eAmwN3RZhw==@split_maps_core_dynamite_ondemand.apk@classes.vdex: File /data/dalvik-cache/x86_64/data@app@~~QbfMBCHN6AWoZYT3f3Kpqw==@com.google.android.gms-oHHfKXZhPUL0eAmwN3RZhw==@split_maps_core_dynamite_ondemand.apk@classes.vdex does not exist.
03-12 09:06:58.127  2913  2928 I artd    : GetBestInfo checking vdex next to the dex file (/data/app/~~QbfMBCHN6AWoZYT3f3Kpqw==/com.google.android.gms-oHHfKXZhPUL0eAmwN3RZhw==/oat/x86_64/split_maps_core_dynamite_ondemand.vdex)
03-12 09:06:58.127  2913  2928 I artd    : unable to open vdex file /data/app/~~QbfMBCHN6AWoZYT3f3Kpqw==/com.google.android.gms-oHHfKXZhPUL0eAmwN3RZhw==/oat/x86_64/split_maps_core_dynamite_ondemand.vdex: File /data/app/~~QbfMBCHN6AWoZYT3f3Kpqw==/com.google.android.gms-oHHfKXZhPUL0eAmwN3RZhw==/oat/x86_64/split_maps_core_dynamite_ondemand.vdex does not exist.
03-12 09:06:58.127  2913  2928 I artd    : OatFileAssistant test for existing oat file /data/app/~~QbfMBCHN6AWoZYT3f3Kpqw==/com.google.android.gms-oHHfKXZhPUL0eAmwN3RZhw==/oat/x86_64/split_maps_core_dynamite_ondemand.vdex: File /data/app/~~QbfMBCHN6AWoZYT3f3Kpqw==/com.google.android.gms-oHHfKXZhPUL0eAmwN3RZhw==/oat/x86_64/split_maps_core_dynamite_ondemand.vdex does not exist.
03-12 09:06:58.127  2913  2928 I artd    : GetBestInfo checking dm (/data/app/~~QbfMBCHN6AWoZYT3f3Kpqw==/com.google.android.gms-oHHfKXZhPUL0eAmwN3RZhw==/split_maps_core_dynamite_ondemand.dm)
03-12 09:06:58.127  2913  2928 W ziparchive: Unable to open '/data/app/~~QbfMBCHN6AWoZYT3f3Kpqw==/com.google.android.gms-oHHfKXZhPUL0eAmwN3RZhw==/split_maps_core_dynamite_ondemand.dm': No such file or directory
03-12 09:06:58.127  2913  2928 I artd    : OatFileAssistant test for existing oat file /data/app/~~QbfMBCHN6AWoZYT3f3Kpqw==/com.google.android.gms-oHHfKXZhPUL0eAmwN3RZhw==/split_maps_core_dynamite_ondemand.dm: I/O error
03-12 09:06:58.127  2913  2928 I artd    : GetBestInfo checking dm (/data/app/~~QbfMBCHN6AWoZYT3f3Kpqw==/com.google.android.gms-oHHfKXZhPUL0eAmwN3RZhw==/split_maps_core_dynamite_ondemand.dm)
03-12 09:06:58.127  2913  2928 W ziparchive: Unable to open '/data/app/~~QbfMBCHN6AWoZYT3f3Kpqw==/com.google.android.gms-oHHfKXZhPUL0eAmwN3RZhw==/split_maps_core_dynamite_ondemand.dm': No such file or directory
03-12 09:06:58.127  2913  2928 I artd    : OatFileAssistant test for existing oat file /data/app/~~QbfMBCHN6AWoZYT3f3Kpqw==/com.google.android.gms-oHHfKXZhPUL0eAmwN3RZhw==/split_maps_core_dynamite_ondemand.dm: I/O error
03-12 09:06:58.127  2913  2928 I artd    : GetBestInfo no usable artifacts
03-12 09:06:58.127  2913  2928 W artd    : Could not get dex checksums for location /data/app/~~1azbo1qXoso9xw9HV7gyJw==/com.google.android.gms-aPLvMBhtpwrp8SSvzyluUA==/base.apk, fd=-1
03-12 09:06:58.129  2913  2928 I artd    : Dex parent of /data/user_de/0/com.google.android.gms/app_chimera/m/00000007/GoogleCertificates.apk is not writable: No such file or directory
03-12 09:06:58.129  2913  2928 I artd    : GetBestInfo checking odex in dalvik-cache (/data/dalvik-cache/x86_64/data@user_de@0@com.google.android.gms@app_chimera@m@00000007@GoogleCertificates.apk@classes.dex)
03-12 09:06:58.129  2913  2928 I artd    : Loading /data/dalvik-cache/x86_64/data@user_de@0@com.google.android.gms@app_chimera@m@00000007@GoogleCertificates.apk@classes.dex with executable: 0
03-12 09:06:58.129  2913  2928 I artd    : OatFileAssistant test for existing oat file /data/dalvik-cache/x86_64/data@user_de@0@com.google.android.gms@app_chimera@m@00000007@GoogleCertificates.apk@classes.dex: File /data/dalvik-cache/x86_64/data@user_de@0@com.google.android.gms@app_chimera@m@00000007@GoogleCertificates.apk@classes.vdex does not exist.
03-12 09:06:58.129  2913  2928 I artd    : GetBestInfo checking odex next to the dex file (/data/user_de/0/com.google.android.gms/app_chimera/m/00000007/oat/x86_64/GoogleCertificates.odex)
03-12 09:06:58.129  2913  2928 I artd    : Loading /data/user_de/0/com.google.android.gms/app_chimera/m/00000007/oat/x86_64/GoogleCertificates.odex with executable: 0
03-12 09:06:58.129  2913  2928 I artd    : OatFileAssistant test for existing oat file /data/user_de/0/com.google.android.gms/app_chimera/m/00000007/oat/x86_64/GoogleCertificates.odex: File /data/user_de/0/com.google.android.gms/app_chimera/m/00000007/oat/x86_64/GoogleCertificates.vdex does not exist.
03-12 09:06:58.129  2913  2928 I artd    : GetBestInfo checking vdex in dalvik-cache (/data/dalvik-cache/x86_64/data@user_de@0@com.google.android.gms@app_chimera@m@00000007@GoogleCertificates.apk@classes.vdex)
03-12 09:06:58.129  2913  2928 I artd    : unable to open vdex file /data/dalvik-cache/x86_64/data@user_de@0@com.google.android.gms@app_chimera@m@00000007@GoogleCertificates.apk@classes.vdex: File /data/dalvik-cache/x86_64/data@user_de@0@com.google.android.gms@app_chimera@m@00000007@GoogleCertificates.apk@classes.vdex does not exist.
03-12 09:06:58.129  2913  2928 I artd    : OatFileAssistant test for existing oat file /data/dalvik-cache/x86_64/data@user_de@0@com.google.android.gms@app_chimera@m@00000007@GoogleCertificates.apk@classes.vdex: File /data/dalvik-cache/x86_64/data@user_de@0@com.google.android.gms@app_chimera@m@00000007@GoogleCertificates.apk@classes.vdex does not exist.
03-12 09:06:58.129  2913  2928 I artd    : GetBestInfo checking vdex next to the dex file (/data/user_de/0/com.google.android.gms/app_chimera/m/00000007/oat/x86_64/GoogleCertificates.vdex)
03-12 09:06:58.129  2913  2928 I artd    : unable to open vdex file /data/user_de/0/com.google.android.gms/app_chimera/m/00000007/oat/x86_64/GoogleCertificates.vdex: File /data/user_de/0/com.google.android.gms/app_chimera/m/00000007/oat/x86_64/GoogleCertificates.vdex does not exist.
03-12 09:06:58.129  2913  2928 I artd    : OatFileAssistant test for existing oat file /data/user_de/0/com.google.android.gms/app_chimera/m/00000007/oat/x86_64/GoogleCertificates.vdex: File /data/user_de/0/com.google.android.gms/app_chimera/m/00000007/oat/x86_64/GoogleCertificates.vdex does not exist.
03-12 09:06:58.129  2913  2928 I artd    : GetBestInfo checking dm (/data/user_de/0/com.google.android.gms/app_chimera/m/00000007/GoogleCertificates.dm)
03-12 09:06:58.129  2913  2928 W ziparchive: Unable to open '/data/user_de/0/com.google.android.gms/app_chimera/m/00000007/GoogleCertificates.dm': No such file or directory
03-12 09:06:58.129  2913  2928 I artd    : OatFileAssistant test for existing oat file /data/user_de/0/com.google.android.gms/app_chimera/m/00000007/GoogleCertificates.dm: I/O error
03-12 09:06:58.129  2913  2928 I artd    : GetBestInfo checking dm (/data/user_de/0/com.google.android.gms/app_chimera/m/00000007/GoogleCertificates.dm)
03-12 09:06:58.129  2913  2928 W ziparchive: Unable to open '/data/user_de/0/com.google.android.gms/app_chimera/m/00000007/GoogleCertificates.dm': No such file or directory
03-12 09:06:58.129  2913  2928 I artd    : OatFileAssistant test for existing oat file /data/user_de/0/com.google.android.gms/app_chimera/m/00000007/GoogleCertificates.dm: I/O error
03-12 09:06:58.129  2913  2928 I artd    : GetBestInfo no usable artifacts
03-12 09:06:58.129  2913  2928 W artd    : Could not get dex checksums for location /data/app/~~1azbo1qXoso9xw9HV7gyJw==/com.google.android.gms-aPLvMBhtpwrp8SSvzyluUA==/base.apk, fd=-1
03-12 09:06:58.130  2913  2928 W artd    : Could not get dex checksums for location /data/app/~~1azbo1qXoso9xw9HV7gyJw==/com.google.android.gms-aPLvMBhtpwrp8SSvzyluUA==/base.apk, fd=-1
03-12 09:06:58.131  2913  2928 W artd    : Could not get dex checksums for location /data/app/~~1azbo1qXoso9xw9HV7gyJw==/com.google.android.gms-aPLvMBhtpwrp8SSvzyluUA==/base.apk, fd=-1
03-12 09:06:58.131  2913  2928 W artd    : Could not get dex checksums for location /data/app/~~1azbo1qXoso9xw9HV7gyJw==/com.google.android.gms-aPLvMBhtpwrp8SSvzyluUA==/base.apk, fd=-1
03-12 09:06:58.132  2913  2928 W artd    : Could not get dex checksums for location /data/app/~~1azbo1qXoso9xw9HV7gyJw==/com.google.android.gms-aPLvMBhtpwrp8SSvzyluUA==/base.apk, fd=-1
03-12 09:06:58.132  2913  2928 W artd    : Could not get dex checksums for location /data/app/~~1azbo1qXoso9xw9HV7gyJw==/com.google.android.gms-aPLvMBhtpwrp8SSvzyluUA==/base.apk, fd=-1
03-12 09:06:58.133  4006  4018 I HWUI    : Davey! duration=1692ms; Flags=1, FrameTimelineVsyncId=28520, IntendedVsync=326046669460, Vsync=327563336066, InputEventId=0, HandleInputStart=327567971800, AnimationStart=327567991600, PerformTraversalsStart=327570286400, DrawStart=327656719500, FrameDeadline=326063336126, FrameInterval=327567584600, FrameStartTime=16666666, SyncQueued=327658954300, SyncStart=327659498300, IssueDrawCommandsStart=327660744300, SwapBuffers=327685820300, FrameCompleted=327739413500, DequeueBufferDuration=30000, QueueBufferDuration=254700, GpuCompleted=327739314600, SwapBuffersCompleted=327739413500, DisplayPresentTime=0, CommandSubmissionCompleted=327685820300, 
03-12 09:06:58.133  2913  2928 W artd    : Could not get dex checksums for location /data/app/~~1azbo1qXoso9xw9HV7gyJw==/com.google.android.gms-aPLvMBhtpwrp8SSvzyluUA==/base.apk, fd=-1
03-12 09:06:58.134  2913  2928 I artd    : Dex parent of /data/user_de/0/com.google.android.gms/app_chimera/m/00000003/CronetDynamite.uncompressed.apk is not writable: No such file or directory
03-12 09:06:58.134  2913  2928 I artd    : GetBestInfo checking odex in dalvik-cache (/data/dalvik-cache/x86_64/data@user_de@0@com.google.android.gms@app_chimera@m@00000003@CronetDynamite.uncompressed.apk@classes.dex)
03-12 09:06:58.134  2913  2928 I artd    : Loading /data/dalvik-cache/x86_64/data@user_de@0@com.google.android.gms@app_chimera@m@00000003@CronetDynamite.uncompressed.apk@classes.dex with executable: 0
03-12 09:06:58.135  2913  2928 I artd    : OatFileAssistant test for existing oat file /data/dalvik-cache/x86_64/data@user_de@0@com.google.android.gms@app_chimera@m@00000003@CronetDynamite.uncompressed.apk@classes.dex: File /data/dalvik-cache/x86_64/data@user_de@0@com.google.android.gms@app_chimera@m@00000003@CronetDynamite.uncompressed.apk@classes.vdex does not exist.
03-12 09:06:58.135  2913  2928 I artd    : GetBestInfo checking odex next to the dex file (/data/user_de/0/com.google.android.gms/app_chimera/m/00000003/oat/x86_64/CronetDynamite.uncompressed.odex)
03-12 09:06:58.135  2913  2928 I artd    : Loading /data/user_de/0/com.google.android.gms/app_chimera/m/00000003/oat/x86_64/CronetDynamite.uncompressed.odex with executable: 0
03-12 09:06:58.135  2913  2928 I artd    : OatFileAssistant test for existing oat file /data/user_de/0/com.google.android.gms/app_chimera/m/00000003/oat/x86_64/CronetDynamite.uncompressed.odex: File /data/user_de/0/com.google.android.gms/app_chimera/m/00000003/oat/x86_64/CronetDynamite.uncompressed.vdex does not exist.
03-12 09:06:58.135  2913  2928 I artd    : GetBestInfo checking vdex in dalvik-cache (/data/dalvik-cache/x86_64/data@user_de@0@com.google.android.gms@app_chimera@m@00000003@CronetDynamite.uncompressed.apk@classes.vdex)
03-12 09:06:58.135  2913  2928 I artd    : unable to open vdex file /data/dalvik-cache/x86_64/data@user_de@0@com.google.android.gms@app_chimera@m@00000003@CronetDynamite.uncompressed.apk@classes.vdex: File /data/dalvik-cache/x86_64/data@user_de@0@com.google.android.gms@app_chimera@m@00000003@CronetDynamite.uncompressed.apk@classes.vdex does not exist.
03-12 09:06:58.135  2913  2928 I artd    : OatFileAssistant test for existing oat file /data/dalvik-cache/x86_64/data@user_de@0@com.google.android.gms@app_chimera@m@00000003@CronetDynamite.uncompressed.apk@classes.vdex: File /data/dalvik-cache/x86_64/data@user_de@0@com.google.android.gms@app_chimera@m@00000003@CronetDynamite.uncompressed.apk@classes.vdex does not exist.
03-12 09:06:58.135  2913  2928 I artd    : GetBestInfo checking vdex next to the dex file (/data/user_de/0/com.google.android.gms/app_chimera/m/00000003/oat/x86_64/CronetDynamite.uncompressed.vdex)
03-12 09:06:58.135  2913  2928 I artd    : unable to open vdex file /data/user_de/0/com.google.android.gms/app_chimera/m/00000003/oat/x86_64/CronetDynamite.uncompressed.vdex: File /data/user_de/0/com.google.android.gms/app_chimera/m/00000003/oat/x86_64/CronetDynamite.uncompressed.vdex does not exist.
03-12 09:06:58.135  2913  2928 I artd    : OatFileAssistant test for existing oat file /data/user_de/0/com.google.android.gms/app_chimera/m/00000003/oat/x86_64/CronetDynamite.uncompressed.vdex: File /data/user_de/0/com.google.android.gms/app_chimera/m/00000003/oat/x86_64/CronetDynamite.uncompressed.vdex does not exist.
03-12 09:06:58.135  2913  2928 I artd    : GetBestInfo checking dm (/data/user_de/0/com.google.android.gms/app_chimera/m/00000003/CronetDynamite.uncompressed.dm)
03-12 09:06:58.135  2913  2928 W ziparchive: Unable to open '/data/user_de/0/com.google.android.gms/app_chimera/m/00000003/CronetDynamite.uncompressed.dm': No such file or directory
03-12 09:06:58.135  2913  2928 I artd    : OatFileAssistant test for existing oat file /data/user_de/0/com.google.android.gms/app_chimera/m/00000003/CronetDynamite.uncompressed.dm: I/O error
03-12 09:06:58.135  2913  2928 I artd    : GetBestInfo checking dm (/data/user_de/0/com.google.android.gms/app_chimera/m/00000003/CronetDynamite.uncompressed.dm)
03-12 09:06:58.135  2913  2928 W ziparchive: Unable to open '/data/user_de/0/com.google.android.gms/app_chimera/m/00000003/CronetDynamite.uncompressed.dm': No such file or directory
03-12 09:06:58.135  2913  2928 I artd    : OatFileAssistant test for existing oat file /data/user_de/0/com.google.android.gms/app_chimera/m/00000003/CronetDynamite.uncompressed.dm: I/O error
03-12 09:06:58.135  2913  2928 I artd    : GetBestInfo no usable artifacts
03-12 09:06:58.139  2913  2928 I artd    : Dex parent of /data/user_de/0/com.google.android.gms/app_chimera/m/00000004/DynamiteLoader.uncompressed.apk is not writable: No such file or directory
03-12 09:06:58.139  2913  2928 I artd    : GetBestInfo checking odex in dalvik-cache (/data/dalvik-cache/x86_64/data@user_de@0@com.google.android.gms@app_chimera@m@00000004@DynamiteLoader.uncompressed.apk@classes.dex)
03-12 09:06:58.139  2913  2928 I artd    : Loading /data/dalvik-cache/x86_64/data@user_de@0@com.google.android.gms@app_chimera@m@00000004@DynamiteLoader.uncompressed.apk@classes.dex with executable: 0
03-12 09:06:58.139  2913  2928 I artd    : OatFileAssistant test for existing oat file /data/dalvik-cache/x86_64/data@user_de@0@com.google.android.gms@app_chimera@m@00000004@DynamiteLoader.uncompressed.apk@classes.dex: File /data/dalvik-cache/x86_64/data@user_de@0@com.google.android.gms@app_chimera@m@00000004@DynamiteLoader.uncompressed.apk@classes.vdex does not exist.
03-12 09:06:58.139  2913  2928 I artd    : GetBestInfo checking odex next to the dex file (/data/user_de/0/com.google.android.gms/app_chimera/m/00000004/oat/x86_64/DynamiteLoader.uncompressed.odex)
03-12 09:06:58.139  2913  2928 I artd    : Loading /data/user_de/0/com.google.android.gms/app_chimera/m/00000004/oat/x86_64/DynamiteLoader.uncompressed.odex with executable: 0
03-12 09:06:58.139  2913  2928 I artd    : OatFileAssistant test for existing oat file /data/user_de/0/com.google.android.gms/app_chimera/m/00000004/oat/x86_64/DynamiteLoader.uncompressed.odex: File /data/user_de/0/com.google.android.gms/app_chimera/m/00000004/oat/x86_64/DynamiteLoader.uncompressed.vdex does not exist.
03-12 09:06:58.139  2913  2928 I artd    : GetBestInfo checking vdex in dalvik-cache (/data/dalvik-cache/x86_64/data@user_de@0@com.google.android.gms@app_chimera@m@00000004@DynamiteLoader.uncompressed.apk@classes.vdex)
03-12 09:06:58.139  2913  2928 I artd    : unable to open vdex file /data/dalvik-cache/x86_64/data@user_de@0@com.google.android.gms@app_chimera@m@00000004@DynamiteLoader.uncompressed.apk@classes.vdex: File /data/dalvik-cache/x86_64/data@user_de@0@com.google.android.gms@app_chimera@m@00000004@DynamiteLoader.uncompressed.apk@classes.vdex does not exist.
03-12 09:06:58.139  2913  2928 I artd    : OatFileAssistant test for existing oat file /data/dalvik-cache/x86_64/data@user_de@0@com.google.android.gms@app_chimera@m@00000004@DynamiteLoader.uncompressed.apk@classes.vdex: File /data/dalvik-cache/x86_64/data@user_de@0@com.google.android.gms@app_chimera@m@00000004@DynamiteLoader.uncompressed.apk@classes.vdex does not exist.
03-12 09:06:58.139  2913  2928 I artd    : GetBestInfo checking vdex next to the dex file (/data/user_de/0/com.google.android.gms/app_chimera/m/00000004/oat/x86_64/DynamiteLoader.uncompressed.vdex)
03-12 09:06:58.139  2913  2928 I artd    : unable to open vdex file /data/user_de/0/com.google.android.gms/app_chimera/m/00000004/oat/x86_64/DynamiteLoader.uncompressed.vdex: File /data/user_de/0/com.google.android.gms/app_chimera/m/00000004/oat/x86_64/DynamiteLoader.uncompressed.vdex does not exist.
03-12 09:06:58.139  2913  2928 I artd    : OatFileAssistant test for existing oat file /data/user_de/0/com.google.android.gms/app_chimera/m/00000004/oat/x86_64/DynamiteLoader.uncompressed.vdex: File /data/user_de/0/com.google.android.gms/app_chimera/m/00000004/oat/x86_64/DynamiteLoader.uncompressed.vdex does not exist.
03-12 09:06:58.139  2913  2928 I artd    : GetBestInfo checking dm (/data/user_de/0/com.google.android.gms/app_chimera/m/00000004/DynamiteLoader.uncompressed.dm)
03-12 09:06:58.139  2913  2928 W ziparchive: Unable to open '/data/user_de/0/com.google.android.gms/app_chimera/m/00000004/DynamiteLoader.uncompressed.dm': No such file or directory
03-12 09:06:58.139  2913  2928 I artd    : OatFileAssistant test for existing oat file /data/user_de/0/com.google.android.gms/app_chimera/m/00000004/DynamiteLoader.uncompressed.dm: I/O error
03-12 09:06:58.139  2913  2928 I artd    : GetBestInfo checking dm (/data/user_de/0/com.google.android.gms/app_chimera/m/00000004/DynamiteLoader.uncompressed.dm)
03-12 09:06:58.139  2913  2928 W ziparchive: Unable to open '/data/user_de/0/com.google.android.gms/app_chimera/m/00000004/DynamiteLoader.uncompressed.dm': No such file or directory
03-12 09:06:58.139  2913  2928 I artd    : OatFileAssistant test for existing oat file /data/user_de/0/com.google.android.gms/app_chimera/m/00000004/DynamiteLoader.uncompressed.dm: I/O error
03-12 09:06:58.140  2913  2928 I artd    : GetBestInfo no usable artifacts
03-12 09:06:58.145  2913  2928 I artd    : Dex parent of /data/user_de/0/com.google.android.gms/app_chimera/m/00000009/MeasurementDynamite.apk is not writable: No such file or directory
03-12 09:06:58.145  2913  2928 I artd    : GetBestInfo checking odex in dalvik-cache (/data/dalvik-cache/x86_64/data@user_de@0@com.google.android.gms@app_chimera@m@00000009@MeasurementDynamite.apk@classes.dex)
03-12 09:06:58.145  2913  2928 I artd    : Loading /data/dalvik-cache/x86_64/data@user_de@0@com.google.android.gms@app_chimera@m@00000009@MeasurementDynamite.apk@classes.dex with executable: 0
03-12 09:06:58.145  2913  2928 I artd    : OatFileAssistant test for existing oat file /data/dalvik-cache/x86_64/data@user_de@0@com.google.android.gms@app_chimera@m@00000009@MeasurementDynamite.apk@classes.dex: File /data/dalvik-cache/x86_64/data@user_de@0@com.google.android.gms@app_chimera@m@00000009@MeasurementDynamite.apk@classes.vdex does not exist.
03-12 09:06:58.145  2913  2928 I artd    : GetBestInfo checking odex next to the dex file (/data/user_de/0/com.google.android.gms/app_chimera/m/00000009/oat/x86_64/MeasurementDynamite.odex)
03-12 09:06:58.145  2913  2928 I artd    : Loading /data/user_de/0/com.google.android.gms/app_chimera/m/00000009/oat/x86_64/MeasurementDynamite.odex with executable: 0
03-12 09:06:58.145  2913  2928 I artd    : OatFileAssistant test for existing oat file /data/user_de/0/com.google.android.gms/app_chimera/m/00000009/oat/x86_64/MeasurementDynamite.odex: File /data/user_de/0/com.google.android.gms/app_chimera/m/00000009/oat/x86_64/MeasurementDynamite.vdex does not exist.
03-12 09:06:58.145  2913  2928 I artd    : GetBestInfo checking vdex in dalvik-cache (/data/dalvik-cache/x86_64/data@user_de@0@com.google.android.gms@app_chimera@m@00000009@MeasurementDynamite.apk@classes.vdex)
03-12 09:06:58.145  2913  2928 I artd    : unable to open vdex file /data/dalvik-cache/x86_64/data@user_de@0@com.google.android.gms@app_chimera@m@00000009@MeasurementDynamite.apk@classes.vdex: File /data/dalvik-cache/x86_64/data@user_de@0@com.google.android.gms@app_chimera@m@00000009@MeasurementDynamite.apk@classes.vdex does not exist.
03-12 09:06:58.145  2913  2928 I artd    : OatFileAssistant test for existing oat file /data/dalvik-cache/x86_64/data@user_de@0@com.google.android.gms@app_chimera@m@00000009@MeasurementDynamite.apk@classes.vdex: File /data/dalvik-cache/x86_64/data@user_de@0@com.google.android.gms@app_chimera@m@00000009@MeasurementDynamite.apk@classes.vdex does not exist.
03-12 09:06:58.145  2913  2928 I artd    : GetBestInfo checking vdex next to the dex file (/data/user_de/0/com.google.android.gms/app_chimera/m/00000009/oat/x86_64/MeasurementDynamite.vdex)
03-12 09:06:58.146  2913  2928 I artd    : unable to open vdex file /data/user_de/0/com.google.android.gms/app_chimera/m/00000009/oat/x86_64/MeasurementDynamite.vdex: File /data/user_de/0/com.google.android.gms/app_chimera/m/00000009/oat/x86_64/MeasurementDynamite.vdex does not exist.
03-12 09:06:58.146  2913  2928 I artd    : OatFileAssistant test for existing oat file /data/user_de/0/com.google.android.gms/app_chimera/m/00000009/oat/x86_64/MeasurementDynamite.vdex: File /data/user_de/0/com.google.android.gms/app_chimera/m/00000009/oat/x86_64/MeasurementDynamite.vdex does not exist.
03-12 09:06:58.146  2913  2928 I artd    : GetBestInfo checking dm (/data/user_de/0/com.google.android.gms/app_chimera/m/00000009/MeasurementDynamite.dm)
03-12 09:06:58.146  2913  2928 W ziparchive: Unable to open '/data/user_de/0/com.google.android.gms/app_chimera/m/00000009/MeasurementDynamite.dm': No such file or directory
03-12 09:06:58.146  2913  2928 I artd    : OatFileAssistant test for existing oat file /data/user_de/0/com.google.android.gms/app_chimera/m/00000009/MeasurementDynamite.dm: I/O error
03-12 09:06:58.146  2913  2928 I artd    : GetBestInfo checking dm (/data/user_de/0/com.google.android.gms/app_chimera/m/00000009/MeasurementDynamite.dm)
03-12 09:06:58.146  2913  2928 W ziparchive: Unable to open '/data/user_de/0/com.google.android.gms/app_chimera/m/00000009/MeasurementDynamite.dm': No such file or directory
03-12 09:06:58.146  2913  2928 I artd    : OatFileAssistant test for existing oat file /data/user_de/0/com.google.android.gms/app_chimera/m/00000009/MeasurementDynamite.dm: I/O error
03-12 09:06:58.146  2913  2928 I artd    : GetBestInfo no usable artifacts
03-12 09:06:58.148  4006  4050 D Capacitor: Handling local request: http://localhost/assets/pdf-vendor-BPlhiaOl.js
03-12 09:06:58.152  4006  4053 D Capacitor: Handling local request: http://localhost/assets/capacitor-vendor-C4OV8TSt.js
03-12 09:06:58.168   830   878 D EGL_emulation: app_time_stats: avg=917.84ms min=99.52ms max=1736.16ms count=2
03-12 09:06:58.169  4006  4049 D Capacitor: Handling local request: http://localhost/assets/index-CHPTDGsH.js
03-12 09:06:58.180  4006  4006 I Capacitor/SpeechRecognition: Instantiated SpeechRecognizer in load()
03-12 09:06:58.241   582   703 I ImeTracker: com.partesdetrabajo.app:5a840897: onRequestHide at ORIGIN_SERVER reason HIDE_UNSPECIFIED_WINDOW fromUser false
03-12 09:06:58.241   582   703 I ImeTracker: com.partesdetrabajo.app:5a840897: onCancelled at PHASE_SERVER_SHOULD_HIDE
03-12 09:06:58.243  1218  1218 I GoogleInputMethodService: GoogleInputMethodService.onFinishInput():3157 
03-12 09:06:58.254  4062  4076 I chromium: [INFO:viewport_data.cc(133)] E2E_Used ViewportFitCover
03-12 09:06:58.264  1012  1012 D BaseDepthController: setSurface:
03-12 09:06:58.264  1012  1012 D BaseDepthController: 	mWaitingOnSurfaceValidity: false
03-12 09:06:58.264  1012  1012 D BaseDepthController: 	mSurface: null
03-12 09:06:58.264  1012  1012 D BaseDepthController: mSurface is null and mCurrentBlur is: 0
03-12 09:06:58.264  1012  1012 D StateManager: goToState - fromState: Normal, toState: Normal, partial trace:
03-12 09:06:58.264  1012  1012 D StateManager: 	at com.android.launcher3.statemanager.StateManager.moveToRestState(go/retraceme 6880898d8cae178d08f8c6e9adec44ea003840882148de9d3f2387cda32e2ac9:4)
03-12 09:06:58.264  1012  1012 D StateManager: 	at com.android.launcher3.statemanager.StateManager.moveToRestState(go/retraceme 6880898d8cae178d08f8c6e9adec44ea003840882148de9d3f2387cda32e2ac9:1)
03-12 09:06:58.264  1012  1012 D StateManager: 	at com.android.launcher3.statemanager.StatefulActivity.onStop(go/retraceme 6880898d8cae178d08f8c6e9adec44ea003840882148de9d3f2387cda32e2ac9:34)
03-12 09:06:58.273  1012  1012 D StatsLog: LAUNCHER_ONSTOP
03-12 09:06:58.283  1012  1012 D StatsLog: LAUNCHER_GOOGLE_SEARCH_RESTORE_LIST_SIZE_AFTER_ACTIVITY_RESTART
03-12 09:06:58.284  1012  1451 D OneSearchSuggestProvider: Shut down the binder channel
03-12 09:06:58.286  1012  3979 I IPCThreadState: oneway function results for code 2 on binder at 0x7449fb3cdd60 will be dropped but finished with status UNKNOWN_TRANSACTION
03-12 09:06:58.328  1218  1218 I GoogleInputMethodService: GoogleInputMethodService.updateDeviceLockedStatus():2248 repeatCheckTimes = 0, locked = false
03-12 09:06:58.328  1218  1218 I GoogleInputMethodService: GoogleInputMethodService.onStartInput():1986 onStartInput(EditorInfo{EditorInfo{packageName=com.partesdetrabajo.app, inputType=0, inputTypeString=NULL, enableLearning=false, autoCorrection=false, autoComplete=false, imeOptions=12000000, privateImeOptions=null, actionName=UNSPECIFIED, actionLabel=null, initialSelStart=-1, initialSelEnd=-1, initialCapsMode=0, label=null, fieldId=0, fieldName=null, extras=null, hintText=null, hintLocales=[]}}, false)
03-12 09:06:58.328  1218  1218 I GoogleInputMethodService: GoogleInputMethodService.updateDeviceLockedStatus():2248 repeatCheckTimes = 1, locked = false
03-12 09:06:58.328  1218  1218 I AndroidIME: InputBundleManager.loadActiveInputBundleId():450 loadActiveInputBundleId: und-Latn-x-password, password
03-12 09:06:58.329   582  2674 W PackageConfigPersister: App-specific configuration not found for packageName: com.partesdetrabajo.app and userId: 0
03-12 09:06:58.450  1101  2178 I FontLog : (REDACTED) Received query %s, URI %s
03-12 09:06:58.450  1101  2178 I FontLog : (REDACTED) Query [%s] resolved to %s
03-12 09:06:58.456  1101  2178 I FontLog : (REDACTED) Fetch %s end status %s
03-12 09:06:58.493  1101  2178 I FontLog : (REDACTED) Pulling font file for id = %d, cache size = %d
03-12 09:06:58.498  1101  2178 I FontLog : (REDACTED) Pulling font file for id = %d, cache size = %d
03-12 09:06:58.578   830   865 W WindowOnBackDispatcher: sendCancelIfRunning: isInProgress=false callback=android.view.ViewRootImpl$$ExternalSyntheticLambda11@d956bd8
03-12 09:06:58.579   582  1896 D CoreBackPreview: Window{a88c08d u0 Splash Screen com.partesdetrabajo.app EXITING}: Setting back callback null
03-12 09:06:58.594   582   602 W InputManager-JNI: Input channel object 'a88c08d Splash Screen com.partesdetrabajo.app (client)' was disposed without first being removed with the input manager!
03-12 09:06:58.862  4006  4049 D Capacitor: Handling local request: http://localhost/assets/main-DQPsmcHE.js
03-12 09:06:58.865  4006  4049 D Capacitor: Handling local request: http://localhost/assets/radix-vendor-DtsyXmqv.js
03-12 09:06:58.868  4006  4050 D Capacitor: Handling local request: http://localhost/assets/react-vendor-CyZVTyUY.js
03-12 09:06:58.870  4006  4051 D Capacitor: Handling local request: http://localhost/assets/charts-vendor-Dua-14fb.js
03-12 09:06:58.872  4006  4049 D Capacitor: Handling local request: http://localhost/assets/icons-vendor-CULf3g0i.js
03-12 09:06:58.872  4006  4050 D Capacitor: Handling local request: http://localhost/assets/excel-vendor-omiUEQN2.js
03-12 09:06:58.875  4006  4051 D Capacitor: Handling local request: http://localhost/assets/query-vendor-BFIBw4L4.js
03-12 09:06:58.878  4006  4051 D Capacitor: Handling local request: http://localhost/assets/i18n-vendor-CdjCG9R-.js
03-12 09:06:58.881  4006  4050 D Capacitor: Handling local request: http://localhost/assets/main-CvxFfV-k.css
03-12 09:06:59.021  4006  4010 I esdetrabajo.app: Compiler allocated 5174KB to compile void android.view.ViewRootImpl.performTraversals()
03-12 09:06:59.023  1388  2628 W A       : (REDACTED) [%s] response code: %d
03-12 09:06:59.172  4006  4006 I Capacitor/Console: File: http://localhost/assets/index-CHPTDGsH.js - Line 2 - Msg: [Boot] boot.ts cargado | platform=android | isNative=true
03-12 09:06:59.172  4006  4006 I Capacitor/Console: File: http://localhost/assets/index-CHPTDGsH.js - Line 2 - Msg: [Boot] Importando main.tsx...
03-12 09:06:59.176  4006  4006 I Choreographer: Skipped 46 frames!  The application may be doing too much work on its main thread.
03-12 09:06:59.210  4006  4015 I HWUI    : Davey! duration=817ms; Flags=0, FrameTimelineVsyncId=29526, IntendedVsync=328013336048, Vsync=328013336048, InputEventId=0, HandleInputStart=328014524000, AnimationStart=328014548200, PerformTraversalsStart=328036302200, DrawStart=328036489000, FrameDeadline=328030002714, FrameInterval=328014480600, FrameStartTime=16666666, SyncQueued=328037014000, SyncStart=328037582800, IssueDrawCommandsStart=328037637600, SwapBuffers=328781325300, FrameCompleted=328831129100, DequeueBufferDuration=16000, QueueBufferDuration=443600, GpuCompleted=328831129100, SwapBuffersCompleted=328821763100, DisplayPresentTime=0, CommandSubmissionCompleted=328781325300, 
03-12 09:06:59.234  4062  4076 I chromium: [INFO:document_style_environment_variables.cc(104)] E2E_Used SafeAreaInsetBottom
03-12 09:06:59.240  4006  4033 D EGL_emulation: app_time_stats: avg=272.10ms min=30.07ms max=845.23ms count=4
03-12 09:06:59.275  4006  4049 D Capacitor: Handling local request: http://localhost/favicon.png
03-12 09:06:59.317  4006  4018 I HWUI    : Davey! duration=807ms; Flags=0, FrameTimelineVsyncId=29547, IntendedVsync=328063336046, Vsync=328830002682, InputEventId=0, HandleInputStart=328830923100, AnimationStart=328831056400, PerformTraversalsStart=328833525100, DrawStart=328833837900, FrameDeadline=328913336012, FrameInterval=328830530800, FrameStartTime=16666666, SyncQueued=328834628900, SyncStart=328896015800, IssueDrawCommandsStart=328896096900, SwapBuffers=328907818900, FrameCompleted=328932140600, DequeueBufferDuration=17407700, QueueBufferDuration=192900, GpuCompleted=328931858000, SwapBuffersCompleted=328932140600, DisplayPresentTime=0, CommandSubmissionCompleted=328907818900, 
03-12 09:06:59.363  1296  1793 I BistoHotwordHelper: (REDACTED) getHotwordActive::active query: %s, watch: %s, devices connected: %s
03-12 09:06:59.428  4006  4006 I Capacitor/Console: File: http://localhost/assets/main-DQPsmcHE.js - Line 170 - Msg: [AppBoot] Script main.tsx iniciando...
