03-12 08:50:13.887 12170 12170 V Capacitor: callback: 93208671, pluginId: Preferences, methodName: get, methodData: {"key":"api_token_expires_at"}
03-12 08:50:13.900 12170 12170 V Capacitor/Plugin: To native (Capacitor plugin): callbackId: 93208672, pluginId: Preferences, methodName: get
03-12 08:50:13.900 12170 12170 V Capacitor: callback: 93208672, pluginId: Preferences, methodName: get, methodData: {"key":"api_access_token"}
03-12 08:50:13.924 12170 12170 V Capacitor/Plugin: To native (Capacitor plugin): callbackId: 93208673, pluginId: Preferences, methodName: get
03-12 08:50:13.925 12170 12170 V Capacitor: callback: 93208673, pluginId: Preferences, methodName: get, methodData: {"key":"api_token_type"}
03-12 08:50:13.933 12170 12170 V Capacitor/Plugin: To native (Capacitor plugin): callbackId: 93208674, pluginId: Preferences, methodName: get
03-12 08:50:13.933 12170 12170 V Capacitor: callback: 93208674, pluginId: Preferences, methodName: get, methodData: {"key":"api_token_expires_at"}
03-12 08:50:13.964 12170 12170 V Capacitor/Plugin: To native (Capacitor plugin): callbackId: 93208675, pluginId: Preferences, methodName: get
03-12 08:50:13.964 12170 12170 V Capacitor: callback: 93208675, pluginId: Preferences, methodName: get, methodData: {"key":"api_cached_users_v1"}
03-12 08:50:13.969 12170 12170 V Capacitor/Plugin: To native (Capacitor plugin): callbackId: 93208676, pluginId: Preferences, methodName: set
03-12 08:50:13.969 12170 12170 V Capacitor: callback: 93208676, pluginId: Preferences, methodName: set, methodData: {"key":"api_cached_users_v1","value":"{\"dios@cortecelestial.god\":{\"email\":\"dios@cortecelestial.god\",\"full_name\":\"Super Admin\",\"is_active\":true,\"is_super_admin\":true,\"id\":1,\"tenant_id\":null,\"role_id\":1,\"role_name\":\"super_admin\",\"permissions\":[\"audit:read\",\"can_create_time_reports\",\"contracts:approve\",\"contracts:create\",\"contracts:edit\",\"contracts:read\",\"contracts:reject\",\"erp:manage\",\"erp:read\",\"erp:reports:read\",\"erp:track\",\"hr:manage\",\"hr:read\",\"hr:reports\",\"tenants:create\",\"tenants:delete\",\"tenants:read\",\"tenants:update\",\"tickets:create\",\"tickets:manage\",\"tickets:read_own\",\"tickets:read_tenant\",\"tools:configure\",\"tools:launch\",\"tools:read\",\"users:create\",\"users:delete\",\"users:read\",\"users:update\"],\"language\":\"es\",\"avatar_url\":null,\"avatar_data\":null,\"created_at\":\"2026-02-09T10:45:54.932766\",\"roles\":[\"super_admin\"]}}"}
03-12 08:50:13.972 12170 12170 I Capacitor/Console: File:  - Line 333 - Msg: undefined
03-12 08:50:13.985 12170 12170 V Capacitor/Plugin: To native (Capacitor plugin): callbackId: 93208677, pluginId: Preferences, methodName: set
03-12 08:50:13.985 12170 12170 V Capacitor: callback: 93208677, pluginId: Preferences, methodName: set, methodData: {"key":"api_cached_user_v1","value":"{\"email\":\"dios@cortecelestial.god\",\"full_name\":\"Super Admin\",\"is_active\":true,\"is_super_admin\":true,\"id\":1,\"tenant_id\":null,\"role_id\":1,\"role_name\":\"super_admin\",\"permissions\":[\"audit:read\",\"can_create_time_reports\",\"contracts:approve\",\"contracts:create\",\"contracts:edit\",\"contracts:read\",\"contracts:reject\",\"erp:manage\",\"erp:read\",\"erp:reports:read\",\"erp:track\",\"hr:manage\",\"hr:read\",\"hr:reports\",\"tenants:create\",\"tenants:delete\",\"tenants:read\",\"tenants:update\",\"tickets:create\",\"tickets:manage\",\"tickets:read_own\",\"tickets:read_tenant\",\"tools:configure\",\"tools:launch\",\"tools:read\",\"users:create\",\"users:delete\",\"users:read\",\"users:update\"],\"language\":\"es\",\"avatar_url\":null,\"avatar_data\":null,\"created_at\":\"2026-02-09T10:45:54.932766\",\"roles\":[\"super_admin\"]}"}
03-12 08:50:13.990 12170 12170 I Capacitor/Console: File:  - Line 333 - Msg: undefined
03-12 08:50:13.995 12170 12212 D Capacitor: Handling local request: http://localhost/assets/Index-Dbxu_haW.js
03-12 08:50:13.995 12170 12212 D Capacitor: Handling local request: http://localhost/assets/card-Dg70DahT.js
03-12 08:50:13.999 12170 12212 D Capacitor: Handling local request: http://localhost/assets/textarea-B2cvyEwE.js
03-12 08:50:14.000 12170 12212 D Capacitor: Handling local request: http://localhost/assets/checkbox-C3eZYuk-.js
03-12 08:50:14.001 12170 12212 D Capacitor: Handling local request: http://localhost/assets/zip-vendor-JjlMduLD.js
03-12 08:50:14.018 12170 12212 D Capacitor: Handling local request: http://localhost/assets/useWorks-D0cBMqzD.js
03-12 08:50:14.029  1254  1573 D EGL_emulation: app_time_stats: avg=1696.65ms min=9.44ms max=3383.87ms count=2
03-12 08:50:14.116 12170 12212 D Capacitor: Handling local request: http://localhost/assets/icon-option-4-C_8_yXpn.png
03-12 08:50:14.207  6128  7344 I NullBinder: NullBinder for android.net.action.RECOMMEND_NETWORKS triggering remote TransactionTooLargeException due to Service without Chimera impl, calling uid: 1000, calling pid: 0
03-12 08:50:14.207  6128  7344 W .gms.persistent: Large reply transaction of 1056768 bytes, interface descriptor , code 1
03-12 08:50:14.328 12170 12170 V Capacitor/Plugin: To native (Capacitor plugin): callbackId: 93208678, pluginId: Preferences, methodName: get
03-12 08:50:14.328 12170 12170 V Capacitor: callback: 93208678, pluginId: Preferences, methodName: get, methodData: {"key":"activeTenant::1::http:\/\/192.168.1.18:8000"}
03-12 08:50:14.328 12170 12170 V Capacitor/Plugin: To native (Capacitor plugin): callbackId: 93208679, pluginId: App, methodName: addListener
03-12 08:50:14.329 12170 12170 V Capacitor: callback: 93208679, pluginId: App, methodName: addListener, methodData: {"eventName":"appStateChange"}
03-12 08:50:14.346 12170 12170 V Capacitor/Plugin: To native (Capacitor plugin): callbackId: 93208680, pluginId: Preferences, methodName: get
03-12 08:50:14.346 12170 12170 V Capacitor: callback: 93208680, pluginId: Preferences, methodName: get, methodData: {"key":"activeTenant::1::http:\/\/192.168.1.18:8000__chunked"}
03-12 08:50:14.372 12170 12212 D Capacitor: Handling local request: http://localhost/assets/sql-wasm-V5jTDcrT.js
03-12 08:50:14.387 12170 12212 D Capacitor: Handling local request: http://localhost/assets/sql-wasm-C1U8OeUW.wasm
03-12 08:50:15.366 12170 12200 D EGL_emulation: app_time_stats: avg=136.40ms min=6.51ms max=1030.92ms count=19
03-12 08:50:15.371 12170 12170 I Choreographer: Skipped 58 frames!  The application may be doing too much work on its main thread.
03-12 08:50:15.414 12170 12262 I HWUI    : Davey! duration=1014ms; Flags=0, FrameTimelineVsyncId=133803, IntendedVsync=5472335030052, Vsync=5472335030052, InputEventId=0, HandleInputStart=5472336847100, AnimationStart=5472336863900, PerformTraversalsStart=5472337730900, DrawStart=5472337848300, FrameDeadline=5472351696718, FrameInterval=5472336832800, FrameStartTime=16666666, SyncQueued=5472338001000, SyncStart=5472338290900, IssueDrawCommandsStart=5472338346400, SwapBuffers=5473290891200, FrameCompleted=5473349550500, DequeueBufferDuration=23600, QueueBufferDuration=313800, GpuCompleted=5473349550500, SwapBuffersCompleted=5473335214800, DisplayPresentTime=0, CommandSubmissionCompleted=5473290891200, 
03-12 08:50:15.484 12170 12271 I HWUI    : Davey! duration=1011ms; Flags=0, FrameTimelineVsyncId=133817, IntendedVsync=5472368363384, Vsync=5473335030012, InputEventId=0, HandleInputStart=5473340830700, AnimationStart=5473340843900, PerformTraversalsStart=5473346162700, DrawStart=5473346289300, FrameDeadline=5473385030010, FrameInterval=5473339776600, FrameStartTime=16666666, SyncQueued=5473346447400, SyncStart=5473383551000, IssueDrawCommandsStart=5473383617800, SwapBuffers=5473396450500, FrameCompleted=5473417261900, DequeueBufferDuration=10526600, QueueBufferDuration=353600, GpuCompleted=5473406630000, SwapBuffersCompleted=5473417261900, DisplayPresentTime=0, CommandSubmissionCompleted=5473396450500, 
03-12 08:50:15.486 12170 12170 V Capacitor/Plugin: To native (Capacitor plugin): callbackId: 93208681, pluginId: Preferences, methodName: get
03-12 08:50:15.487 12170 12170 V Capacitor: callback: 93208681, pluginId: Preferences, methodName: get, methodData: {"key":"offline_db_sqlite_file_b64_v2_scope_tenant-1"}
03-12 08:50:15.651 12170 12170 V Capacitor/Plugin: To native (Capacitor plugin): callbackId: 93208682, pluginId: Preferences, methodName: set
03-12 08:50:15.659 12170 12170 V Capacitor: callback: 93208682, pluginId: Preferences, methodName: set, methodData: {"key":"offline_db_sqlite_file_b64_v2_scope_tenant-1","value":"U1FMaXRlIGZvcm1hdCAzABAAAQEAQCAgAAAACgAAAA0AAAAAAAAAAAAAAAkAAAAEAAAAAAAAAAAAAAABAAAAAAAAAAAAAAAAAAAAAAAAAAAAAAAAAAAAAAAAAAAAAAAKAC6GKQ0P+AAMCLsAD1cPww1hDx4M2AxMC80LUQmcCyQJHgi7AAAAAAAAAAAAAAAAAAAAAAAAAAAAAAAAAAAAAAAAAAAAAAAAAAAAAAAAAAAAAAAAAAAAAAAAAAAAAAAAAAAAAAAAAAAAAAAAAAAAAAAAAAAAAAAAAAAAAAAAAAAAAAAAAAAAAAAAAAAAAAAAAAAAAAAAAAAAAAAAAAAAAAAAAAAAAAAAAAAAAAAAAAAAAAAAAAAAAAAAAAAAAAAAAAAAAAAAAAAAAAAAAAAAAAAAAAAAAAAAAAAAAAAAAAAAAAAAAAAAAAAAAAAAAAAAAAAAAAAAAAAAAAAAAAAAAAAAAAAAAAAAAAAAAAAAAAAAAAAAAAAAAAAAAAAAAAAAAAAAAAAAAAAAAAAAAAAAAAAAAAAAAAAAAAAAAAAAAAAAAAAAAAAAAAAAAAAAAAAAAAAAAAAAAAAAAAAAAAAAAAAAAAAAAAAAAAAAAAAAAAAAAAAAAAAAAAAAAAAAAAAAAAAAAAAAAAAAAAAAAAAAAAAAAAAAAAAAAAAAAAAAAAAAAAAAAAAAAAAAAAAAAAAAAAAAAAAAAAAAAAAAAAAAAAAAAAAAAAAAAAAAAAAAAAAAAAAAAAAAAAAAAAAAAAAAAAAAAAAAAAAAAAAAAAAAAAAAAAAAAAAAAAAAAAAAAAAAAAAAAAAAAAAAAAAAAAAAAAAAAAAAAAAAAAAAAAAAAAAAAAAAAAAAAAAAAAAAAAAAAAAAAAAAAAAAAAAAAAAAAAAAAAAAAAAAAAAAAAAAAAAAAAAAAAAAAAAAAAAAAAAAAAAAAAAAAAAAAAAAAAAAAAAAAAAAAAAAAAAAAAAAAAAAAAAAAAAAAAAAAAAAAAAAAAAAAAAAAAAAAAAAAAAAAAAAAAAAAAAAAAAAAAAAAAAAAAAAAAAAAAAAAAAAAAAAAAAAAAAAAAAAAAAAAAAAAAAAAAAAAAAAAAAAAAAAAAAAAAAAAAAAAAAAAAAAAAAAAAAAAAAAAAAAAAAAAAAAAAAAAAAAAAAAAAAAAAAAAAAAAAAAAAAAAAAAAAAAAAAAAAAAAAAAAAAAAAAAAAAAAAAAAAAAAAAAAAAAAAAAAAAAAAAAAAAAAAAAAAAAAAAAAAAAAAAAAAAAAAAAAAAAAAAAAAAAAAAAAAAAAAAAAAAAAAAAAAAAAAAAAAAAAAAAAAAAAAAAAAAAAAAAAAAAAAAAAAAAAAAAAAAAAAAAAAAAAAAAAAAAAAAAAAAAAAAAAAAAAAAAAAAAAAAAAAAAAAAAAAAAAAAAAAAAAAAAAAAAAAAAAAAAAAAAAAAAAAAAAAAAAAAAAAAAAAAAAAAAAAAAAAAAAAAAAAAAAAAAAAAAAAAAAAAAAAAAAAAAAAAAAAAAAAAAAAAAAAAAAAAAAAAAAAAAAAAAAAAAAAAAAAAAAAAAAAAAAAAAAAAAAAAAAAAAAAAAAAAAAAAAAAAAAAAAAAAAAAAAAAAAAAAAAAAAAAAAAAAAAAAAAAAAAAAAAAAAAAAAAAAAAAAAAAAAAAAAAAAAAAAAAAAAAAAAAAAAAAAAAAAAAAAAAAAAAAAAAAAAAAAAAAAAAAAAAAAAAAAAAAAAAAAAAAAAAAAAAAAAAAAAAAAAAAAAAAAAAAAAAAAAAAAAAAAAAAAAAAAAAAAAAAAAAAAAAAAAAAAAAAAAAAAAAAAAAAAAAAAAAAAAAAAAAAAAAAAAAAAAAAAAAAAAAAAAAAAAAAAAAAAAAAAAAAAAAAAAAAAAAAAAAAAAAAAAAAAAAAAAAAAAAAAAAAAAAAAAAAAAAAAAAAAAAAAAAAAAAAAAAAAAAAAAAAAAAAAAAAAAAAAAAAAAAAAAAAAAAAAAAAAAAAAAAAAAAAAAAAAAAAAAAAAAAAAAAAAAAAAAAAAAAAAAAAAAAAAAAAAAAAAAAAAAAAAAAAAAAAAAAAAAAAAAAAAAAAAAAAAAAAAAAAAAAAAAAAAAAAAAAAAAAAAAAAAAAAAAAAAAAAAAAAAAAAAAAAAAAAAAAAAAAAAAAAAAAAAAAAAAAAAAAAAAAAAAAAAAAAAAAAAAAAAAAAAAAAAAAAAAAAAAAAAAAAAAAAAAAAAAAAAAAAAAAAAAAAAAAAAAAAAAAAAAAAAAAAAAAAAAAAAAAAAAAAAAAAAAAAAAAAAAAAAAAAAAAAAAAAAAAAAAAAAAAAAAAAAAAAAAAAAAAAAAAAAAAAAAAAAAAAAAAAAAAAAAAAAAAAAAAAAAAAAAAAAAAAAAAAAAAAAAAAAAAAAAAAAAAAAAAAAAAAAAAAAAAAAAAAAAAAAAAAAAAAAAAAAAAAAAAAAAAAAAAAAAAAAAAAAAAAAAAAAAAAAAAAAAAAAAAAAAAAAAAAAAAAAAAAAAAAAAAAAAAAAAAAAAAAAAAAAAAAAAAAAAAAAAAAAAAAAAAAAAAAAAAAAAAAAAAAAAAAAAAAAAAAAAAAAAAAAAAAAAAAAAAAAAAAAAAAAAAAAAAAAAAAAAAAAAAAAAAAAAAAAAAAAAAAAAAAAAAAAAAAAAAAAAAAAAAAAAAAAAAAAAAAAAAAAAAAAAAAAAAAAAAAAAAAAAAAAAAAAAAAAAAAAAAAAAAAAAAAAAAAAAAAAAAAAAAAAAAAAAAAAAAAAAAAAAAAAAAAAAAAAAAAAAAAAAAAAAAAAAAAAAAAAAAAAAAAAAAAAAAAAAAAAAAAAAAAAAAAAAAAAAAAAAAAAAAAAAAAAAAAAAAAAAAAAAAAAAAAAAAAAAAAAAAAAAAAAAAAAAAAAAAAAAAAAAAAAAAAAAAAAAAAAAAAAAAAAAAAAAAAAAAAAAAAAAAAAAAAAAAAAAAAAAAAAAAAAAAAAAYQwHFy8ZAYEHaW5kZXhpZHhfb3V0Ym94X2VudGl0eW91dGJveA1DUkVBVEUgSU5ERVggaWR4X291dGJveF9lbnRpdHkKICBPTiBvdXRib3goZW50aXR5LCBlbnRpdHlfaWQpfAsHF0UZAYEnaW5kZXhpZHhfb3V0Ym94X3N0YXR1c19jcmVhdGVkX2F0b3V0Ym94DENSRUFURSBJTkRFWCBpZHhfb3V0Ym94X3N0YXR1c19jcmVhdGVkX2F0CiAgT04gb3V0Ym94KHN0YXR1cywgY3JlYXRlZF9hdCBBU0MpgwUJBxcZGQGFZXRhYmxlb3V0Ym94b3V0Ym94CkNSRUFURSBUQUJMRSBvdXRib3ggKAogIGlkIFRFWFQgUFJJTUFSWSBLRVksCiAgZW50aXR5IFRFWFQgTk9UIE5VTEwsIC0tIGUuZy4gJ3dvcmtfcmVwb3J0JwogIGVudGl0eV9pZCBURVhUIE5PVCBOVUxMLAogIG9wIFRFWFQgTk9UIE5VTEwsIC0tICdjcmVhdGUnfCd1cGRhdGUnfCdkZWxldGUnCiAgcGF5bG9hZF9qc29uIFRFWFQgTk9UIE5VTEwsCiAgY3JlYXRlZF9hdCBJTlRFR0VSIE5PVCBOVUxMLAogIGF0dGVtcHRzIElOVEVHRVIgTk9UIE5VTEwgREVGQVVMVCAwLAogIGxhc3RfZXJyb3IgVEVYVCBOVUxMLAogIHN0YXR1cyBURVhUIE5PVCBOVUxMIERFRkFVTFQgJ3BlbmRpbmcnIC0tICdwZW5kaW5nJ3wnc3luY2VkJ3wnZXJyb3InCikrCgYXPxkBAGluZGV4c3FsaXRlX2F1dG9pbmRleF9vdXRib3hfMW91dGJveAt6CAcXQyUBgRlpbmRleGlkeF93b3JrX3JlcG9ydHNfZGVsZXRlZF9hdHdvc
03-12 08:50:15.664 12170 12170 I Capacitor/Console: File:  - Line 333 - Msg: undefined
03-12 08:50:15.666 12170 12170 I Capacitor/Console: File: http://localhost/assets/main-DQPsmcHE.js - Line 66 - Msg: [offline-db] Ready | platform=android | scope=tenant-1 | bytes=53248
03-12 08:50:15.682 12170 12170 V Capacitor/Plugin: To native (Capacitor plugin): callbackId: 93208683, pluginId: Preferences, methodName: get
03-12 08:50:15.682 12170 12170 V Capacitor: callback: 93208683, pluginId: Preferences, methodName: get, methodData: {"key":"offline_migrated_v2::1"}
03-12 08:50:16.380 12170 12200 D EGL_emulation: app_time_stats: avg=23.73ms min=14.43ms max=88.24ms count=28
03-12 08:50:16.400 12170 12272 D ProfileInstaller: Installing profile for com.partesdetrabajo.app
03-12 08:50:16.892   578   694 D ActivityManager: freezing 9920 com.google.android.packageinstaller
03-12 08:50:16.893   578   694 D ActivityManager: freezing 8851 com.google.android.documentsui
03-12 08:50:16.894   578   694 D ActivityManager: freezing 11253 com.google.android.partnersetup
03-12 08:50:16.895   578   694 D ActivityManager: freezing 6434 com.google.android.gms.unstable
03-12 08:50:16.896   578   694 D ActivityManager: freezing 11855 com.google.android.configupdater
03-12 08:50:16.897   578   694 D ActivityManager: freezing 9803 com.android.keychain
03-12 08:50:16.898   578   694 D ActivityManager: freezing 5175 com.android.vending:background
03-12 08:50:16.900   578   694 D ActivityManager: freezing 992 com.google.android.permissioncontroller
03-12 08:50:16.901   578   694 D ActivityManager: freezing 6300 com.android.vending
03-12 08:50:16.909   578   694 D ActivityManager: freezing 9511 com.google.android.apps.nest.castauth
03-12 08:50:16.910   578   694 D ActivityManager: freezing 6856 com.google.android.googlequicksearchbox:search
03-12 08:50:16.912   578   694 D ActivityManager: freezing 8906 android.process.media
03-12 08:50:16.919   578   694 D ActivityManager: freezing 8345 com.google.android.apps.wellbeing
03-12 08:50:16.921   578   900 D InetDiagMessage: Destroyed 0 sockets, proto=IPPROTO_TCP, family=AF_INET, states=14
03-12 08:50:16.922   578   900 D InetDiagMessage: Destroyed 0 sockets, proto=IPPROTO_TCP, family=AF_INET6, states=14
03-12 08:50:16.922   578   900 D InetDiagMessage: Destroyed live tcp sockets for uids={10091} in 1ms
03-12 08:50:16.922   578   900 D InetDiagMessage: Destroyed 0 sockets, proto=IPPROTO_TCP, family=AF_INET, states=14
03-12 08:50:16.924   578   900 D InetDiagMessage: Destroyed 0 sockets, proto=IPPROTO_TCP, family=AF_INET6, states=14
03-12 08:50:16.924   578   900 D InetDiagMessage: Destroyed live tcp sockets for uids={10093} in 2ms
03-12 08:50:16.925   578   900 D InetDiagMessage: Destroyed 0 sockets, proto=IPPROTO_TCP, family=AF_INET, states=14
03-12 08:50:16.925   578   900 D InetDiagMessage: Destroyed 0 sockets, proto=IPPROTO_TCP, family=AF_INET6, states=14
03-12 08:50:16.925   578   900 D InetDiagMessage: Destroyed live tcp sockets for uids={10134} in 2ms
03-12 08:50:16.966   578   900 D InetDiagMessage: Destroyed 0 sockets, proto=IPPROTO_TCP, family=AF_INET, states=14
03-12 08:50:16.966   578   900 D InetDiagMessage: Destroyed 0 sockets, proto=IPPROTO_TCP, family=AF_INET6, states=14
03-12 08:50:16.967   578   900 D InetDiagMessage: Destroyed live tcp sockets for uids={10122} in 3ms
03-12 08:50:16.968   578   900 D InetDiagMessage: Destroyed 0 sockets, proto=IPPROTO_TCP, family=AF_INET, states=14
03-12 08:50:16.969   578   900 D InetDiagMessage: Destroyed 0 sockets, proto=IPPROTO_TCP, family=AF_INET6, states=14
03-12 08:50:16.969   578   900 D InetDiagMessage: Destroyed live tcp sockets for uids={10206} in 1ms
03-12 08:50:16.970   578   900 D InetDiagMessage: Destroyed 0 sockets, proto=IPPROTO_TCP, family=AF_INET, states=14
03-12 08:50:16.974   578   900 D InetDiagMessage: Destroyed 0 sockets, proto=IPPROTO_TCP, family=AF_INET6, states=14
03-12 08:50:16.974   578   900 D InetDiagMessage: Destroyed live tcp sockets for uids={10141} in 5ms
03-12 08:50:16.981   578   900 D InetDiagMessage: Destroyed 0 sockets, proto=IPPROTO_TCP, family=AF_INET, states=14
03-12 08:50:16.984   578   900 D InetDiagMessage: Destroyed 0 sockets, proto=IPPROTO_TCP, family=AF_INET6, states=14
03-12 08:50:16.985   578   900 D InetDiagMessage: Destroyed live tcp sockets for uids={10120} in 11ms
03-12 08:50:17.013   578   900 D InetDiagMessage: Destroyed 0 sockets, proto=IPPROTO_TCP, family=AF_INET, states=14
03-12 08:50:17.013   578   900 D InetDiagMessage: Destroyed 0 sockets, proto=IPPROTO_TCP, family=AF_INET6, states=14
03-12 08:50:17.014   578   900 D InetDiagMessage: Destroyed live tcp sockets for uids={10088} in 2ms
03-12 08:50:17.014   578   900 D InetDiagMessage: Destroyed 0 sockets, proto=IPPROTO_TCP, family=AF_INET, states=14
03-12 08:50:17.014   578   900 D InetDiagMessage: Destroyed 0 sockets, proto=IPPROTO_TCP, family=AF_INET6, states=14
03-12 08:50:17.014   578   900 D InetDiagMessage: Destroyed live tcp sockets for uids={10142} in 0ms
03-12 08:50:17.408 12170 12200 D EGL_emulation: app_time_stats: avg=21.13ms min=8.29ms max=37.09ms count=29
03-12 08:50:17.428  6128  6128 D BoundBrokerSvc: onUnbind: Intent { act=com.google.android.gms.common.telemetry.service.START dat=chimera-action:/... cmp=com.google.android.gms/.chimera.PersistentApiService }
03-12 08:50:17.593   578   900 D InetDiagMessage: Destroyed 0 sockets, proto=IPPROTO_TCP, family=AF_INET, states=14
03-12 08:50:17.594   578   900 D InetDiagMessage: Destroyed 0 sockets, proto=IPPROTO_TCP, family=AF_INET6, states=14
03-12 08:50:17.594   578   900 D InetDiagMessage: Destroyed live tcp sockets for uids={10165} in 1ms
03-12 08:50:17.595   578   900 D InetDiagMessage: Destroyed 0 sockets, proto=IPPROTO_TCP, family=AF_INET, states=14
03-12 08:50:17.597   578   900 D InetDiagMessage: Destroyed 0 sockets, proto=IPPROTO_TCP, family=AF_INET6, states=14
03-12 08:50:17.597   578   900 D InetDiagMessage: Destroyed live tcp sockets for uids={20165} in 3ms
03-12 08:50:17.725   733   865 I artd    : Dex parent of /data/app/~~QbfMBCHN6AWoZYT3f3Kpqw==/com.google.android.gms-oHHfKXZhPUL0eAmwN3RZhw==/base.apk is not writable: Permission denied
03-12 08:50:17.725   733   865 I artd    : GetBestInfo checking odex in dalvik-cache (/data/dalvik-cache/x86_64/data@app@~~QbfMBCHN6AWoZYT3f3Kpqw==@com.google.android.gms-oHHfKXZhPUL0eAmwN3RZhw==@base.apk@classes.dex)
03-12 08:50:17.725   733   865 I artd    : Loading /data/dalvik-cache/x86_64/data@app@~~QbfMBCHN6AWoZYT3f3Kpqw==@com.google.android.gms-oHHfKXZhPUL0eAmwN3RZhw==@base.apk@classes.dex with executable: 0
03-12 08:50:17.725   733   865 I artd    : OatFileAssistant test for existing oat file /data/dalvik-cache/x86_64/data@app@~~QbfMBCHN6AWoZYT3f3Kpqw==@com.google.android.gms-oHHfKXZhPUL0eAmwN3RZhw==@base.apk@classes.dex: File /data/dalvik-cache/x86_64/data@app@~~QbfMBCHN6AWoZYT3f3Kpqw==@com.google.android.gms-oHHfKXZhPUL0eAmwN3RZhw==@base.apk@classes.vdex does not exist.
03-12 08:50:17.725   733   865 I artd    : GetBestInfo checking odex next to the dex file (/data/app/~~QbfMBCHN6AWoZYT3f3Kpqw==/com.google.android.gms-oHHfKXZhPUL0eAmwN3RZhw==/oat/x86_64/base.odex)
03-12 08:50:17.725   733   865 I artd    : Loading /data/app/~~QbfMBCHN6AWoZYT3f3Kpqw==/com.google.android.gms-oHHfKXZhPUL0eAmwN3RZhw==/oat/x86_64/base.odex with executable: 0
03-12 08:50:17.730   733   865 I artd    : Successfully loaded /data/app/~~QbfMBCHN6AWoZYT3f3Kpqw==/com.google.android.gms-oHHfKXZhPUL0eAmwN3RZhw==/oat/x86_64/base.odex with executable: 0
03-12 08:50:17.730   733   865 I artd    : /data/app/~~QbfMBCHN6AWoZYT3f3Kpqw==/com.google.android.gms-oHHfKXZhPUL0eAmwN3RZhw==/oat/x86_64/base.odex is kOatUpToDate with filter speed-profile
03-12 08:50:17.736   733   748 I artd    : Dex parent of /data/app/~~QbfMBCHN6AWoZYT3f3Kpqw==/com.google.android.gms-oHHfKXZhPUL0eAmwN3RZhw==/split_AdsDynamite_installtime.apk is not writable: Permission denied
03-12 08:50:17.736   733   748 I artd    : GetBestInfo checking odex in dalvik-cache (/data/dalvik-cache/x86_64/data@app@~~QbfMBCHN6AWoZYT3f3Kpqw==@com.google.android.gms-oHHfKXZhPUL0eAmwN3RZhw==@split_AdsDynamite_installtime.apk@classes.dex)
03-12 08:50:17.736   733   748 I artd    : Loading /data/dalvik-cache/x86_64/data@app@~~QbfMBCHN6AWoZYT3f3Kpqw==@com.google.android.gms-oHHfKXZhPUL0eAmwN3RZhw==@split_AdsDynamite_installtime.apk@classes.dex with executable: 0
03-12 08:50:17.736   733   748 I artd    : OatFileAssistant test for existing oat file /data/dalvik-cache/x86_64/data@app@~~QbfMBCHN6AWoZYT3f3Kpqw==@com.google.android.gms-oHHfKXZhPUL0eAmwN3RZhw==@split_AdsDynamite_installtime.apk@classes.dex: File /data/dalvik-cache/x86_64/data@app@~~QbfMBCHN6AWoZYT3f3Kpqw==@com.google.android.gms-oHHfKXZhPUL0eAmwN3RZhw==@split_AdsDynamite_installtime.apk@classes.vdex does not exist.
03-12 08:50:17.736   733   748 I artd    : GetBestInfo checking odex next to the dex file (/data/app/~~QbfMBCHN6AWoZYT3f3Kpqw==/com.google.android.gms-oHHfKXZhPUL0eAmwN3RZhw==/oat/x86_64/split_AdsDynamite_installtime.odex)
03-12 08:50:17.736   733   748 I artd    : Loading /data/app/~~QbfMBCHN6AWoZYT3f3Kpqw==/com.google.android.gms-oHHfKXZhPUL0eAmwN3RZhw==/oat/x86_64/split_AdsDynamite_installtime.odex with executable: 0
03-12 08:50:17.737   733   748 I artd    : Successfully loaded /data/app/~~QbfMBCHN6AWoZYT3f3Kpqw==/com.google.android.gms-oHHfKXZhPUL0eAmwN3RZhw==/oat/x86_64/split_AdsDynamite_installtime.odex with executable: 0
03-12 08:50:17.737   733   748 I artd    : /data/app/~~QbfMBCHN6AWoZYT3f3Kpqw==/com.google.android.gms-oHHfKXZhPUL0eAmwN3RZhw==/oat/x86_64/split_AdsDynamite_installtime.odex is kOatUpToDate with filter speed
03-12 08:50:17.741   733   748 I artd    : Dex parent of /data/app/~~QbfMBCHN6AWoZYT3f3Kpqw==/com.google.android.gms-oHHfKXZhPUL0eAmwN3RZhw==/split_CronetDynamite_installtime.apk is not writable: Permission denied
03-12 08:50:17.741   733   748 I artd    : GetBestInfo checking odex in dalvik-cache (/data/dalvik-cache/x86_64/data@app@~~QbfMBCHN6AWoZYT3f3Kpqw==@com.google.android.gms-oHHfKXZhPUL0eAmwN3RZhw==@split_CronetDynamite_installtime.apk@classes.dex)
03-12 08:50:17.741   733   748 I artd    : Loading /data/dalvik-cache/x86_64/data@app@~~QbfMBCHN6AWoZYT3f3Kpqw==@com.google.android.gms-oHHfKXZhPUL0eAmwN3RZhw==@split_CronetDynamite_installtime.apk@classes.dex with executable: 0
03-12 08:50:17.741   733   748 I artd    : OatFileAssistant test for existing oat file /data/dalvik-cache/x86_64/data@app@~~QbfMBCHN6AWoZYT3f3Kpqw==@com.google.android.gms-oHHfKXZhPUL0eAmwN3RZhw==@split_CronetDynamite_installtime.apk@classes.dex: File /data/dalvik-cache/x86_64/data@app@~~QbfMBCHN6AWoZYT3f3Kpqw==@com.google.android.gms-oHHfKXZhPUL0eAmwN3RZhw==@split_CronetDynamite_installtime.apk@classes.vdex does not exist.
03-12 08:50:17.741   733   748 I artd    : GetBestInfo checking odex next to the dex file (/data/app/~~QbfMBCHN6AWoZYT3f3Kpqw==/com.google.android.gms-oHHfKXZhPUL0eAmwN3RZhw==/oat/x86_64/split_CronetDynamite_installtime.odex)
03-12 08:50:17.741   733   748 I artd    : Loading /data/app/~~QbfMBCHN6AWoZYT3f3Kpqw==/com.google.android.gms-oHHfKXZhPUL0eAmwN3RZhw==/oat/x86_64/split_CronetDynamite_installtime.odex with executable: 0
03-12 08:50:17.745   733   748 I artd    : Successfully loaded /data/app/~~QbfMBCHN6AWoZYT3f3Kpqw==/com.google.android.gms-oHHfKXZhPUL0eAmwN3RZhw==/oat/x86_64/split_CronetDynamite_installtime.odex with executable: 0
03-12 08:50:17.745   733   748 I artd    : /data/app/~~QbfMBCHN6AWoZYT3f3Kpqw==/com.google.android.gms-oHHfKXZhPUL0eAmwN3RZhw==/oat/x86_64/split_CronetDynamite_installtime.odex is kOatUpToDate with filter speed
03-12 08:50:17.747   733   748 I artd    : Dex parent of /data/app/~~QbfMBCHN6AWoZYT3f3Kpqw==/com.google.android.gms-oHHfKXZhPUL0eAmwN3RZhw==/split_DynamiteLoader_installtime.apk is not writable: Permission denied
03-12 08:50:17.747   733   748 I artd    : GetBestInfo checking odex in dalvik-cache (/data/dalvik-cache/x86_64/data@app@~~QbfMBCHN6AWoZYT3f3Kpqw==@com.google.android.gms-oHHfKXZhPUL0eAmwN3RZhw==@split_DynamiteLoader_installtime.apk@classes.dex)
03-12 08:50:17.747   733   748 I artd    : Loading /data/dalvik-cache/x86_64/data@app@~~QbfMBCHN6AWoZYT3f3Kpqw==@com.google.android.gms-oHHfKXZhPUL0eAmwN3RZhw==@split_DynamiteLoader_installtime.apk@classes.dex with executable: 0
03-12 08:50:17.747   733   748 I artd    : OatFileAssistant test for existing oat file /data/dalvik-cache/x86_64/data@app@~~QbfMBCHN6AWoZYT3f3Kpqw==@com.google.android.gms-oHHfKXZhPUL0eAmwN3RZhw==@split_DynamiteLoader_installtime.apk@classes.dex: File /data/dalvik-cache/x86_64/data@app@~~QbfMBCHN6AWoZYT3f3Kpqw==@com.google.android.gms-oHHfKXZhPUL0eAmwN3RZhw==@split_DynamiteLoader_installtime.apk@classes.vdex does not exist.
03-12 08:50:17.747   733   748 I artd    : GetBestInfo checking odex next to the dex file (/data/app/~~QbfMBCHN6AWoZYT3f3Kpqw==/com.google.android.gms-oHHfKXZhPUL0eAmwN3RZhw==/oat/x86_64/split_DynamiteLoader_installtime.odex)
03-12 08:50:17.747   733   748 I artd    : Loading /data/app/~~QbfMBCHN6AWoZYT3f3Kpqw==/com.google.android.gms-oHHfKXZhPUL0eAmwN3RZhw==/oat/x86_64/split_DynamiteLoader_installtime.odex with executable: 0
03-12 08:50:17.747   733   748 I artd    : Successfully loaded /data/app/~~QbfMBCHN6AWoZYT3f3Kpqw==/com.google.android.gms-oHHfKXZhPUL0eAmwN3RZhw==/oat/x86_64/split_DynamiteLoader_installtime.odex with executable: 0
03-12 08:50:17.747   733   748 I artd    : /data/app/~~QbfMBCHN6AWoZYT3f3Kpqw==/com.google.android.gms-oHHfKXZhPUL0eAmwN3RZhw==/oat/x86_64/split_DynamiteLoader_installtime.odex is kOatUpToDate with filter speed
03-12 08:50:17.753   733   748 I artd    : Dex parent of /data/app/~~QbfMBCHN6AWoZYT3f3Kpqw==/com.google.android.gms-oHHfKXZhPUL0eAmwN3RZhw==/split_DynamiteModulesA_installtime.apk is not writable: Permission denied
03-12 08:50:17.753   733   748 I artd    : GetBestInfo checking odex in dalvik-cache (/data/dalvik-cache/x86_64/data@app@~~QbfMBCHN6AWoZYT3f3Kpqw==@com.google.android.gms-oHHfKXZhPUL0eAmwN3RZhw==@split_DynamiteModulesA_installtime.apk@classes.dex)
03-12 08:50:17.754   733   748 I artd    : Loading /data/dalvik-cache/x86_64/data@app@~~QbfMBCHN6AWoZYT3f3Kpqw==@com.google.android.gms-oHHfKXZhPUL0eAmwN3RZhw==@split_DynamiteModulesA_installtime.apk@classes.dex with executable: 0
03-12 08:50:17.754   733   748 I artd    : OatFileAssistant test for existing oat file /data/dalvik-cache/x86_64/data@app@~~QbfMBCHN6AWoZYT3f3Kpqw==@com.google.android.gms-oHHfKXZhPUL0eAmwN3RZhw==@split_DynamiteModulesA_installtime.apk@classes.dex: File /data/dalvik-cache/x86_64/data@app@~~QbfMBCHN6AWoZYT3f3Kpqw==@com.google.android.gms-oHHfKXZhPUL0eAmwN3RZhw==@split_DynamiteModulesA_installtime.apk@classes.vdex does not exist.
03-12 08:50:17.755   733   748 I artd    : GetBestInfo checking odex next to the dex file (/data/app/~~QbfMBCHN6AWoZYT3f3Kpqw==/com.google.android.gms-oHHfKXZhPUL0eAmwN3RZhw==/oat/x86_64/split_DynamiteModulesA_installtime.odex)
03-12 08:50:17.755   733   748 I artd    : Loading /data/app/~~QbfMBCHN6AWoZYT3f3Kpqw==/com.google.android.gms-oHHfKXZhPUL0eAmwN3RZhw==/oat/x86_64/split_DynamiteModulesA_installtime.odex with executable: 0
03-12 08:50:17.756   733   748 I artd    : Successfully loaded /data/app/~~QbfMBCHN6AWoZYT3f3Kpqw==/com.google.android.gms-oHHfKXZhPUL0eAmwN3RZhw==/oat/x86_64/split_DynamiteModulesA_installtime.odex with executable: 0
03-12 08:50:17.756   733   748 I artd    : /data/app/~~QbfMBCHN6AWoZYT3f3Kpqw==/com.google.android.gms-oHHfKXZhPUL0eAmwN3RZhw==/oat/x86_64/split_DynamiteModulesA_installtime.odex is kOatUpToDate with filter speed
03-12 08:50:17.757   733   748 I artd    : Dex parent of /data/app/~~QbfMBCHN6AWoZYT3f3Kpqw==/com.google.android.gms-oHHfKXZhPUL0eAmwN3RZhw==/split_DynamiteModulesC_installtime.apk is not writable: Permission denied
03-12 08:50:17.757   733   748 I artd    : GetBestInfo checking odex in dalvik-cache (/data/dalvik-cache/x86_64/data@app@~~QbfMBCHN6AWoZYT3f3Kpqw==@com.google.android.gms-oHHfKXZhPUL0eAmwN3RZhw==@split_DynamiteModulesC_installtime.apk@classes.dex)
03-12 08:50:17.757   733   748 I artd    : Loading /data/dalvik-cache/x86_64/data@app@~~QbfMBCHN6AWoZYT3f3Kpqw==@com.google.android.gms-oHHfKXZhPUL0eAmwN3RZhw==@split_DynamiteModulesC_installtime.apk@classes.dex with executable: 0
03-12 08:50:17.757   733   748 I artd    : OatFileAssistant test for existing oat file /data/dalvik-cache/x86_64/data@app@~~QbfMBCHN6AWoZYT3f3Kpqw==@com.google.android.gms-oHHfKXZhPUL0eAmwN3RZhw==@split_DynamiteModulesC_installtime.apk@classes.dex: File /data/dalvik-cache/x86_64/data@app@~~QbfMBCHN6AWoZYT3f3Kpqw==@com.google.android.gms-oHHfKXZhPUL0eAmwN3RZhw==@split_DynamiteModulesC_installtime.apk@classes.vdex does not exist.
03-12 08:50:17.757   733   748 I artd    : GetBestInfo checking odex next to the dex file (/data/app/~~QbfMBCHN6AWoZYT3f3Kpqw==/com.google.android.gms-oHHfKXZhPUL0eAmwN3RZhw==/oat/x86_64/split_DynamiteModulesC_installtime.odex)
03-12 08:50:17.757   733   748 I artd    : Loading /data/app/~~QbfMBCHN6AWoZYT3f3Kpqw==/com.google.android.gms-oHHfKXZhPUL0eAmwN3RZhw==/oat/x86_64/split_DynamiteModulesC_installtime.odex with executable: 0
03-12 08:50:17.758   733   748 I artd    : Successfully loaded /data/app/~~QbfMBCHN6AWoZYT3f3Kpqw==/com.google.android.gms-oHHfKXZhPUL0eAmwN3RZhw==/oat/x86_64/split_DynamiteModulesC_installtime.odex with executable: 0
03-12 08:50:17.758   733   748 I artd    : /data/app/~~QbfMBCHN6AWoZYT3f3Kpqw==/com.google.android.gms-oHHfKXZhPUL0eAmwN3RZhw==/oat/x86_64/split_DynamiteModulesC_installtime.odex is kOatUpToDate with filter speed
03-12 08:50:17.759   733   865 I artd    : Dex parent of /data/app/~~QbfMBCHN6AWoZYT3f3Kpqw==/com.google.android.gms-oHHfKXZhPUL0eAmwN3RZhw==/split_GoogleCertificates_installtime.apk is not writable: Permission denied
03-12 08:50:17.759   733   865 I artd    : GetBestInfo checking odex in dalvik-cache (/data/dalvik-cache/x86_64/data@app@~~QbfMBCHN6AWoZYT3f3Kpqw==@com.google.android.gms-oHHfKXZhPUL0eAmwN3RZhw==@split_GoogleCertificates_installtime.apk@classes.dex)
03-12 08:50:17.759   733   865 I artd    : Loading /data/dalvik-cache/x86_64/data@app@~~QbfMBCHN6AWoZYT3f3Kpqw==@com.google.android.gms-oHHfKXZhPUL0eAmwN3RZhw==@split_GoogleCertificates_installtime.apk@classes.dex with executable: 0
03-12 08:50:17.759   733   865 I artd    : OatFileAssistant test for existing oat file /data/dalvik-cache/x86_64/data@app@~~QbfMBCHN6AWoZYT3f3Kpqw==@com.google.android.gms-oHHfKXZhPUL0eAmwN3RZhw==@split_GoogleCertificates_installtime.apk@classes.dex: File /data/dalvik-cache/x86_64/data@app@~~QbfMBCHN6AWoZYT3f3Kpqw==@com.google.android.gms-oHHfKXZhPUL0eAmwN3RZhw==@split_GoogleCertificates_installtime.apk@classes.vdex does not exist.
03-12 08:50:17.759   733   865 I artd    : GetBestInfo checking odex next to the dex file (/data/app/~~QbfMBCHN6AWoZYT3f3Kpqw==/com.google.android.gms-oHHfKXZhPUL0eAmwN3RZhw==/oat/x86_64/split_GoogleCertificates_installtime.odex)
03-12 08:50:17.759   733   865 I artd    : Loading /data/app/~~QbfMBCHN6AWoZYT3f3Kpqw==/com.google.android.gms-oHHfKXZhPUL0eAmwN3RZhw==/oat/x86_64/split_GoogleCertificates_installtime.odex with executable: 0
03-12 08:50:17.760   733   865 I artd    : Successfully loaded /data/app/~~QbfMBCHN6AWoZYT3f3Kpqw==/com.google.android.gms-oHHfKXZhPUL0eAmwN3RZhw==/oat/x86_64/split_GoogleCertificates_installtime.odex with executable: 0
03-12 08:50:17.760   733   865 I artd    : /data/app/~~QbfMBCHN6AWoZYT3f3Kpqw==/com.google.android.gms-oHHfKXZhPUL0eAmwN3RZhw==/oat/x86_64/split_GoogleCertificates_installtime.odex is kOatUpToDate with filter speed
03-12 08:50:17.761   733   865 I artd    : Dex parent of /data/app/~~QbfMBCHN6AWoZYT3f3Kpqw==/com.google.android.gms-oHHfKXZhPUL0eAmwN3RZhw==/split_MapsDynamite_installtime.apk is not writable: Permission denied
03-12 08:50:17.761   733   865 I artd    : GetBestInfo checking odex in dalvik-cache (/data/dalvik-cache/x86_64/data@app@~~QbfMBCHN6AWoZYT3f3Kpqw==@com.google.android.gms-oHHfKXZhPUL0eAmwN3RZhw==@split_MapsDynamite_installtime.apk@classes.dex)
03-12 08:50:17.761   733   865 I artd    : Loading /data/dalvik-cache/x86_64/data@app@~~QbfMBCHN6AWoZYT3f3Kpqw==@com.google.android.gms-oHHfKXZhPUL0eAmwN3RZhw==@split_MapsDynamite_installtime.apk@classes.dex with executable: 0
03-12 08:50:17.761   733   865 I artd    : OatFileAssistant test for existing oat file /data/dalvik-cache/x86_64/data@app@~~QbfMBCHN6AWoZYT3f3Kpqw==@com.google.android.gms-oHHfKXZhPUL0eAmwN3RZhw==@split_MapsDynamite_installtime.apk@classes.dex: File /data/dalvik-cache/x86_64/data@app@~~QbfMBCHN6AWoZYT3f3Kpqw==@com.google.android.gms-oHHfKXZhPUL0eAmwN3RZhw==@split_MapsDynamite_installtime.apk@classes.vdex does not exist.
03-12 08:50:17.761   733   865 I artd    : GetBestInfo checking odex next to the dex file (/data/app/~~QbfMBCHN6AWoZYT3f3Kpqw==/com.google.android.gms-oHHfKXZhPUL0eAmwN3RZhw==/oat/x86_64/split_MapsDynamite_installtime.odex)
03-12 08:50:17.761   733   865 I artd    : Loading /data/app/~~QbfMBCHN6AWoZYT3f3Kpqw==/com.google.android.gms-oHHfKXZhPUL0eAmwN3RZhw==/oat/x86_64/split_MapsDynamite_installtime.odex with executable: 0
03-12 08:50:17.762   733   865 I artd    : Successfully loaded /data/app/~~QbfMBCHN6AWoZYT3f3Kpqw==/com.google.android.gms-oHHfKXZhPUL0eAmwN3RZhw==/oat/x86_64/split_MapsDynamite_installtime.odex with executable: 0
03-12 08:50:17.762   733   865 I artd    : /data/app/~~QbfMBCHN6AWoZYT3f3Kpqw==/com.google.android.gms-oHHfKXZhPUL0eAmwN3RZhw==/oat/x86_64/split_MapsDynamite_installtime.odex is kOatUpToDate with filter speed
03-12 08:50:17.763   733   748 I artd    : Dex parent of /data/app/~~QbfMBCHN6AWoZYT3f3Kpqw==/com.google.android.gms-oHHfKXZhPUL0eAmwN3RZhw==/split_MeasurementDynamite_installtime.apk is not writable: Permission denied
03-12 08:50:17.763   733   748 I artd    : GetBestInfo checking odex in dalvik-cache (/data/dalvik-cache/x86_64/data@app@~~QbfMBCHN6AWoZYT3f3Kpqw==@com.google.android.gms-oHHfKXZhPUL0eAmwN3RZhw==@split_MeasurementDynamite_installtime.apk@classes.dex)
03-12 08:50:17.763   733   748 I artd    : Loading /data/dalvik-cache/x86_64/data@app@~~QbfMBCHN6AWoZYT3f3Kpqw==@com.google.android.gms-oHHfKXZhPUL0eAmwN3RZhw==@split_MeasurementDynamite_installtime.apk@classes.dex with executable: 0
03-12 08:50:17.763   733   748 I artd    : OatFileAssistant test for existing oat file /data/dalvik-cache/x86_64/data@app@~~QbfMBCHN6AWoZYT3f3Kpqw==@com.google.android.gms-oHHfKXZhPUL0eAmwN3RZhw==@split_MeasurementDynamite_installtime.apk@classes.dex: File /data/dalvik-cache/x86_64/data@app@~~QbfMBCHN6AWoZYT3f3Kpqw==@com.google.android.gms-oHHfKXZhPUL0eAmwN3RZhw==@split_MeasurementDynamite_installtime.apk@classes.vdex does not exist.
03-12 08:50:17.763   733   748 I artd    : GetBestInfo checking odex next to the dex file (/data/app/~~QbfMBCHN6AWoZYT3f3Kpqw==/com.google.android.gms-oHHfKXZhPUL0eAmwN3RZhw==/oat/x86_64/split_MeasurementDynamite_installtime.odex)
03-12 08:50:17.763   733   748 I artd    : Loading /data/app/~~QbfMBCHN6AWoZYT3f3Kpqw==/com.google.android.gms-oHHfKXZhPUL0eAmwN3RZhw==/oat/x86_64/split_MeasurementDynamite_installtime.odex with executable: 0
03-12 08:50:17.763   733   748 I artd    : Successfully loaded /data/app/~~QbfMBCHN6AWoZYT3f3Kpqw==/com.google.android.gms-oHHfKXZhPUL0eAmwN3RZhw==/oat/x86_64/split_MeasurementDynamite_installtime.odex with executable: 0
03-12 08:50:17.763   733   748 I artd    : /data/app/~~QbfMBCHN6AWoZYT3f3Kpqw==/com.google.android.gms-oHHfKXZhPUL0eAmwN3RZhw==/oat/x86_64/split_MeasurementDynamite_installtime.odex is kOatUpToDate with filter speed
03-12 08:50:17.765   733   865 I artd    : Dex parent of /data/app/~~QbfMBCHN6AWoZYT3f3Kpqw==/com.google.android.gms-oHHfKXZhPUL0eAmwN3RZhw==/split_all_locale_splits.apk is not writable: Permission denied
03-12 08:50:17.765   733   865 I artd    : GetBestInfo checking odex in dalvik-cache (/data/dalvik-cache/x86_64/data@app@~~QbfMBCHN6AWoZYT3f3Kpqw==@com.google.android.gms-oHHfKXZhPUL0eAmwN3RZhw==@split_all_locale_splits.apk@classes.dex)
03-12 08:50:17.765   733   865 I artd    : Loading /data/dalvik-cache/x86_64/data@app@~~QbfMBCHN6AWoZYT3f3Kpqw==@com.google.android.gms-oHHfKXZhPUL0eAmwN3RZhw==@split_all_locale_splits.apk@classes.dex with executable: 0
03-12 08:50:17.765   733   865 I artd    : OatFileAssistant test for existing oat file /data/dalvik-cache/x86_64/data@app@~~QbfMBCHN6AWoZYT3f3Kpqw==@com.google.android.gms-oHHfKXZhPUL0eAmwN3RZhw==@split_all_locale_splits.apk@classes.dex: File /data/dalvik-cache/x86_64/data@app@~~QbfMBCHN6AWoZYT3f3Kpqw==@com.google.android.gms-oHHfKXZhPUL0eAmwN3RZhw==@split_all_locale_splits.apk@classes.vdex does not exist.
03-12 08:50:17.765   733   865 I artd    : GetBestInfo checking odex next to the dex file (/data/app/~~QbfMBCHN6AWoZYT3f3Kpqw==/com.google.android.gms-oHHfKXZhPUL0eAmwN3RZhw==/oat/x86_64/split_all_locale_splits.odex)
03-12 08:50:17.765   733   865 I artd    : Loading /data/app/~~QbfMBCHN6AWoZYT3f3Kpqw==/com.google.android.gms-oHHfKXZhPUL0eAmwN3RZhw==/oat/x86_64/split_all_locale_splits.odex with executable: 0
03-12 08:50:17.766   733   865 I artd    : Successfully loaded /data/app/~~QbfMBCHN6AWoZYT3f3Kpqw==/com.google.android.gms-oHHfKXZhPUL0eAmwN3RZhw==/oat/x86_64/split_all_locale_splits.odex with executable: 0
03-12 08:50:17.766   733   865 I artd    : /data/app/~~QbfMBCHN6AWoZYT3f3Kpqw==/com.google.android.gms-oHHfKXZhPUL0eAmwN3RZhw==/oat/x86_64/split_all_locale_splits.odex is kOatUpToDate with filter speed
03-12 08:50:17.767   733   865 I artd    : Dex parent of /data/app/~~QbfMBCHN6AWoZYT3f3Kpqw==/com.google.android.gms-oHHfKXZhPUL0eAmwN3RZhw==/split_maps_core_dynamite_ondemand.apk is not writable: Permission denied
03-12 08:50:17.767   733   865 I artd    : GetBestInfo checking odex in dalvik-cache (/data/dalvik-cache/x86_64/data@app@~~QbfMBCHN6AWoZYT3f3Kpqw==@com.google.android.gms-oHHfKXZhPUL0eAmwN3RZhw==@split_maps_core_dynamite_ondemand.apk@classes.dex)
03-12 08:50:17.767   733   865 I artd    : Loading /data/dalvik-cache/x86_64/data@app@~~QbfMBCHN6AWoZYT3f3Kpqw==@com.google.android.gms-oHHfKXZhPUL0eAmwN3RZhw==@split_maps_core_dynamite_ondemand.apk@classes.dex with executable: 0
03-12 08:50:17.767   733   865 I artd    : OatFileAssistant test for existing oat file /data/dalvik-cache/x86_64/data@app@~~QbfMBCHN6AWoZYT3f3Kpqw==@com.google.android.gms-oHHfKXZhPUL0eAmwN3RZhw==@split_maps_core_dynamite_ondemand.apk@classes.dex: File /data/dalvik-cache/x86_64/data@app@~~QbfMBCHN6AWoZYT3f3Kpqw==@com.google.android.gms-oHHfKXZhPUL0eAmwN3RZhw==@split_maps_core_dynamite_ondemand.apk@classes.vdex does not exist.
03-12 08:50:17.767   733   865 I artd    : GetBestInfo checking odex next to the dex file (/data/app/~~QbfMBCHN6AWoZYT3f3Kpqw==/com.google.android.gms-oHHfKXZhPUL0eAmwN3RZhw==/oat/x86_64/split_maps_core_dynamite_ondemand.odex)
03-12 08:50:17.767   733   865 I artd    : Loading /data/app/~~QbfMBCHN6AWoZYT3f3Kpqw==/com.google.android.gms-oHHfKXZhPUL0eAmwN3RZhw==/oat/x86_64/split_maps_core_dynamite_ondemand.odex with executable: 0
03-12 08:50:17.767   733   865 I artd    : OatFileAssistant test for existing oat file /data/app/~~QbfMBCHN6AWoZYT3f3Kpqw==/com.google.android.gms-oHHfKXZhPUL0eAmwN3RZhw==/oat/x86_64/split_maps_core_dynamite_ondemand.odex: File /data/app/~~QbfMBCHN6AWoZYT3f3Kpqw==/com.google.android.gms-oHHfKXZhPUL0eAmwN3RZhw==/oat/x86_64/split_maps_core_dynamite_ondemand.vdex does not exist.
03-12 08:50:17.767   733   865 I artd    : GetBestInfo checking vdex in dalvik-cache (/data/dalvik-cache/x86_64/data@app@~~QbfMBCHN6AWoZYT3f3Kpqw==@com.google.android.gms-oHHfKXZhPUL0eAmwN3RZhw==@split_maps_core_dynamite_ondemand.apk@classes.vdex)
03-12 08:50:17.767   733   865 I artd    : unable to open vdex file /data/dalvik-cache/x86_64/data@app@~~QbfMBCHN6AWoZYT3f3Kpqw==@com.google.android.gms-oHHfKXZhPUL0eAmwN3RZhw==@split_maps_core_dynamite_ondemand.apk@classes.vdex: File /data/dalvik-cache/x86_64/data@app@~~QbfMBCHN6AWoZYT3f3Kpqw==@com.google.android.gms-oHHfKXZhPUL0eAmwN3RZhw==@split_maps_core_dynamite_ondemand.apk@classes.vdex does not exist.
03-12 08:50:17.767   733   865 I artd    : OatFileAssistant test for existing oat file /data/dalvik-cache/x86_64/data@app@~~QbfMBCHN6AWoZYT3f3Kpqw==@com.google.android.gms-oHHfKXZhPUL0eAmwN3RZhw==@split_maps_core_dynamite_ondemand.apk@classes.vdex: File /data/dalvik-cache/x86_64/data@app@~~QbfMBCHN6AWoZYT3f3Kpqw==@com.google.android.gms-oHHfKXZhPUL0eAmwN3RZhw==@split_maps_core_dynamite_ondemand.apk@classes.vdex does not exist.
03-12 08:50:17.767   733   865 I artd    : GetBestInfo checking vdex next to the dex file (/data/app/~~QbfMBCHN6AWoZYT3f3Kpqw==/com.google.android.gms-oHHfKXZhPUL0eAmwN3RZhw==/oat/x86_64/split_maps_core_dynamite_ondemand.vdex)
03-12 08:50:17.767   733   865 I artd    : unable to open vdex file /data/app/~~QbfMBCHN6AWoZYT3f3Kpqw==/com.google.android.gms-oHHfKXZhPUL0eAmwN3RZhw==/oat/x86_64/split_maps_core_dynamite_ondemand.vdex: File /data/app/~~QbfMBCHN6AWoZYT3f3Kpqw==/com.google.android.gms-oHHfKXZhPUL0eAmwN3RZhw==/oat/x86_64/split_maps_core_dynamite_ondemand.vdex does not exist.
03-12 08:50:17.767   733   865 I artd    : OatFileAssistant test for existing oat file /data/app/~~QbfMBCHN6AWoZYT3f3Kpqw==/com.google.android.gms-oHHfKXZhPUL0eAmwN3RZhw==/oat/x86_64/split_maps_core_dynamite_ondemand.vdex: File /data/app/~~QbfMBCHN6AWoZYT3f3Kpqw==/com.google.android.gms-oHHfKXZhPUL0eAmwN3RZhw==/oat/x86_64/split_maps_core_dynamite_ondemand.vdex does not exist.
03-12 08:50:17.767   733   865 I artd    : GetBestInfo checking dm (/data/app/~~QbfMBCHN6AWoZYT3f3Kpqw==/com.google.android.gms-oHHfKXZhPUL0eAmwN3RZhw==/split_maps_core_dynamite_ondemand.dm)
03-12 08:50:17.767   733   865 W ziparchive: Unable to open '/data/app/~~QbfMBCHN6AWoZYT3f3Kpqw==/com.google.android.gms-oHHfKXZhPUL0eAmwN3RZhw==/split_maps_core_dynamite_ondemand.dm': No such file or directory
03-12 08:50:17.767   733   865 I artd    : OatFileAssistant test for existing oat file /data/app/~~QbfMBCHN6AWoZYT3f3Kpqw==/com.google.android.gms-oHHfKXZhPUL0eAmwN3RZhw==/split_maps_core_dynamite_ondemand.dm: I/O error
03-12 08:50:17.767   733   865 I artd    : GetBestInfo checking dm (/data/app/~~QbfMBCHN6AWoZYT3f3Kpqw==/com.google.android.gms-oHHfKXZhPUL0eAmwN3RZhw==/split_maps_core_dynamite_ondemand.dm)
03-12 08:50:17.767   733   865 W ziparchive: Unable to open '/data/app/~~QbfMBCHN6AWoZYT3f3Kpqw==/com.google.android.gms-oHHfKXZhPUL0eAmwN3RZhw==/split_maps_core_dynamite_ondemand.dm': No such file or directory
03-12 08:50:17.767   733   865 I artd    : OatFileAssistant test for existing oat file /data/app/~~QbfMBCHN6AWoZYT3f3Kpqw==/com.google.android.gms-oHHfKXZhPUL0eAmwN3RZhw==/split_maps_core_dynamite_ondemand.dm: I/O error
03-12 08:50:17.767   733   865 I artd    : GetBestInfo no usable artifacts
03-12 08:50:17.773   733   865 I artd    : Dex parent of /data/user_de/0/com.google.android.gms/app_chimera/m/00000013/dl-MlkitBarcodeUi.optional_260931100800.apk is not writable: Permission denied
03-12 08:50:17.774   733   865 I artd    : GetBestInfo checking odex in dalvik-cache (/data/dalvik-cache/x86_64/data@user_de@0@com.google.android.gms@app_chimera@m@00000013@dl-MlkitBarcodeUi.optional_260931100800.apk@classes.dex)
03-12 08:50:17.774   733   865 I artd    : Loading /data/dalvik-cache/x86_64/data@user_de@0@com.google.android.gms@app_chimera@m@00000013@dl-MlkitBarcodeUi.optional_260931100800.apk@classes.dex with executable: 0
03-12 08:50:17.774   733   865 I artd    : OatFileAssistant test for existing oat file /data/dalvik-cache/x86_64/data@user_de@0@com.google.android.gms@app_chimera@m@00000013@dl-MlkitBarcodeUi.optional_260931100800.apk@classes.dex: File /data/dalvik-cache/x86_64/data@user_de@0@com.google.android.gms@app_chimera@m@00000013@dl-MlkitBarcodeUi.optional_260931100800.apk@classes.vdex does not exist.
03-12 08:50:17.774   733   865 I artd    : GetBestInfo checking odex next to the dex file (/data/user_de/0/com.google.android.gms/app_chimera/m/00000013/oat/x86_64/dl-MlkitBarcodeUi.optional_260931100800.odex)
03-12 08:50:17.774   733   865 I artd    : Loading /data/user_de/0/com.google.android.gms/app_chimera/m/00000013/oat/x86_64/dl-MlkitBarcodeUi.optional_260931100800.odex with executable: 0
03-12 08:50:17.774   733   865 I artd    : OatFileAssistant test for existing oat file /data/user_de/0/com.google.android.gms/app_chimera/m/00000013/oat/x86_64/dl-MlkitBarcodeUi.optional_260931100800.odex: File /data/user_de/0/com.google.android.gms/app_chimera/m/00000013/oat/x86_64/dl-MlkitBarcodeUi.optional_260931100800.vdex does not exist.
03-12 08:50:17.774   733   865 I artd    : GetBestInfo checking vdex in dalvik-cache (/data/dalvik-cache/x86_64/data@user_de@0@com.google.android.gms@app_chimera@m@00000013@dl-MlkitBarcodeUi.optional_260931100800.apk@classes.vdex)
03-12 08:50:17.774   733   865 I artd    : unable to open vdex file /data/dalvik-cache/x86_64/data@user_de@0@com.google.android.gms@app_chimera@m@00000013@dl-MlkitBarcodeUi.optional_260931100800.apk@classes.vdex: File /data/dalvik-cache/x86_64/data@user_de@0@com.google.android.gms@app_chimera@m@00000013@dl-MlkitBarcodeUi.optional_260931100800.apk@classes.vdex does not exist.
03-12 08:50:17.774   733   865 I artd    : OatFileAssistant test for existing oat file /data/dalvik-cache/x86_64/data@user_de@0@com.google.android.gms@app_chimera@m@00000013@dl-MlkitBarcodeUi.optional_260931100800.apk@classes.vdex: File /data/dalvik-cache/x86_64/data@user_de@0@com.google.android.gms@app_chimera@m@00000013@dl-MlkitBarcodeUi.optional_260931100800.apk@classes.vdex does not exist.
03-12 08:50:17.774   733   865 I artd    : GetBestInfo checking vdex next to the dex file (/data/user_de/0/com.google.android.gms/app_chimera/m/00000013/oat/x86_64/dl-MlkitBarcodeUi.optional_260931100800.vdex)
03-12 08:50:17.774   733   865 I artd    : unable to open vdex file /data/user_de/0/com.google.android.gms/app_chimera/m/00000013/oat/x86_64/dl-MlkitBarcodeUi.optional_260931100800.vdex: File /data/user_de/0/com.google.android.gms/app_chimera/m/00000013/oat/x86_64/dl-MlkitBarcodeUi.optional_260931100800.vdex does not exist.
03-12 08:50:17.774   733   865 I artd    : OatFileAssistant test for existing oat file /data/user_de/0/com.google.android.gms/app_chimera/m/00000013/oat/x86_64/dl-MlkitBarcodeUi.optional_260931100800.vdex: File /data/user_de/0/com.google.android.gms/app_chimera/m/00000013/oat/x86_64/dl-MlkitBarcodeUi.optional_260931100800.vdex does not exist.
03-12 08:50:17.774   733   865 I artd    : GetBestInfo checking dm (/data/user_de/0/com.google.android.gms/app_chimera/m/00000013/dl-MlkitBarcodeUi.optional_260931100800.dm)
03-12 08:50:17.774   733   865 W ziparchive: Unable to open '/data/user_de/0/com.google.android.gms/app_chimera/m/00000013/dl-MlkitBarcodeUi.optional_260931100800.dm': No such file or directory
03-12 08:50:17.774   733   865 I artd    : OatFileAssistant test for existing oat file /data/user_de/0/com.google.android.gms/app_chimera/m/00000013/dl-MlkitBarcodeUi.optional_260931100800.dm: I/O error
03-12 08:50:17.774   733   865 I artd    : GetBestInfo checking dm (/data/user_de/0/com.google.android.gms/app_chimera/m/00000013/dl-MlkitBarcodeUi.optional_260931100800.dm)
03-12 08:50:17.774   733   865 W ziparchive: Unable to open '/data/user_de/0/com.google.android.gms/app_chimera/m/00000013/dl-MlkitBarcodeUi.optional_260931100800.dm': No such file or directory
03-12 08:50:17.774   733   865 I artd    : OatFileAssistant test for existing oat file /data/user_de/0/com.google.android.gms/app_chimera/m/00000013/dl-MlkitBarcodeUi.optional_260931100800.dm: I/O error
03-12 08:50:17.774   733   865 I artd    : GetBestInfo no usable artifacts
03-12 08:50:17.775   733   865 I artd    : Dex parent of /data/user_de/0/com.google.android.gms/app_chimera/m/00000007/GoogleCertificates.apk is not writable: No such file or directory
03-12 08:50:17.775   733   865 I artd    : GetBestInfo checking odex in dalvik-cache (/data/dalvik-cache/x86_64/data@user_de@0@com.google.android.gms@app_chimera@m@00000007@GoogleCertificates.apk@classes.dex)
03-12 08:50:17.776   733   865 I artd    : Loading /data/dalvik-cache/x86_64/data@user_de@0@com.google.android.gms@app_chimera@m@00000007@GoogleCertificates.apk@classes.dex with executable: 0
03-12 08:50:17.776   733   865 I artd    : OatFileAssistant test for existing oat file /data/dalvik-cache/x86_64/data@user_de@0@com.google.android.gms@app_chimera@m@00000007@GoogleCertificates.apk@classes.dex: File /data/dalvik-cache/x86_64/data@user_de@0@com.google.android.gms@app_chimera@m@00000007@GoogleCertificates.apk@classes.vdex does not exist.
03-12 08:50:17.776   733   865 I artd    : GetBestInfo checking odex next to the dex file (/data/user_de/0/com.google.android.gms/app_chimera/m/00000007/oat/x86_64/GoogleCertificates.odex)
03-12 08:50:17.776   733   865 I artd    : Loading /data/user_de/0/com.google.android.gms/app_chimera/m/00000007/oat/x86_64/GoogleCertificates.odex with executable: 0
03-12 08:50:17.776   733   865 I artd    : OatFileAssistant test for existing oat file /data/user_de/0/com.google.android.gms/app_chimera/m/00000007/oat/x86_64/GoogleCertificates.odex: File /data/user_de/0/com.google.android.gms/app_chimera/m/00000007/oat/x86_64/GoogleCertificates.vdex does not exist.
03-12 08:50:17.776   733   865 I artd    : GetBestInfo checking vdex in dalvik-cache (/data/dalvik-cache/x86_64/data@user_de@0@com.google.android.gms@app_chimera@m@00000007@GoogleCertificates.apk@classes.vdex)
