03-12 08:50:07.648   733   748 I artd    : OatFileAssistant test for existing oat file /data/user_de/0/com.google.android.gms/app_chimera/m/0000000e/oat/x86_64/dl-Homegraph.optional_260931100000.odex: File /data/user_de/0/com.google.android.gms/app_chimera/m/0000000e/oat/x86_64/dl-Homegraph.optional_260931100000.vdex does not exist.
03-12 08:50:07.648   733   748 I artd    : GetBestInfo checking vdex in dalvik-cache (/data/dalvik-cache/x86_64/data@user_de@0@com.google.android.gms@app_chimera@m@0000000e@dl-Homegraph.optional_260931100000.apk@classes.vdex)
03-12 08:50:07.648   733   748 I artd    : unable to open vdex file /data/dalvik-cache/x86_64/data@user_de@0@com.google.android.gms@app_chimera@m@0000000e@dl-Homegraph.optional_260931100000.apk@classes.vdex: File /data/dalvik-cache/x86_64/data@user_de@0@com.google.android.gms@app_chimera@m@0000000e@dl-Homegraph.optional_260931100000.apk@classes.vdex does not exist.
03-12 08:50:07.648   733   748 I artd    : OatFileAssistant test for existing oat file /data/dalvik-cache/x86_64/data@user_de@0@com.google.android.gms@app_chimera@m@0000000e@dl-Homegraph.optional_260931100000.apk@classes.vdex: File /data/dalvik-cache/x86_64/data@user_de@0@com.google.android.gms@app_chimera@m@0000000e@dl-Homegraph.optional_260931100000.apk@classes.vdex does not exist.
03-12 08:50:07.648   733   748 I artd    : GetBestInfo checking vdex next to the dex file (/data/user_de/0/com.google.android.gms/app_chimera/m/0000000e/oat/x86_64/dl-Homegraph.optional_260931100000.vdex)
03-12 08:50:07.648   733   748 I artd    : unable to open vdex file /data/user_de/0/com.google.android.gms/app_chimera/m/0000000e/oat/x86_64/dl-Homegraph.optional_260931100000.vdex: File /data/user_de/0/com.google.android.gms/app_chimera/m/0000000e/oat/x86_64/dl-Homegraph.optional_260931100000.vdex does not exist.
03-12 08:50:07.648   733   748 I artd    : OatFileAssistant test for existing oat file /data/user_de/0/com.google.android.gms/app_chimera/m/0000000e/oat/x86_64/dl-Homegraph.optional_260931100000.vdex: File /data/user_de/0/com.google.android.gms/app_chimera/m/0000000e/oat/x86_64/dl-Homegraph.optional_260931100000.vdex does not exist.
03-12 08:50:07.648   733   748 I artd    : GetBestInfo checking dm (/data/user_de/0/com.google.android.gms/app_chimera/m/0000000e/dl-Homegraph.optional_260931100000.dm)
03-12 08:50:07.648   733   748 W ziparchive: Unable to open '/data/user_de/0/com.google.android.gms/app_chimera/m/0000000e/dl-Homegraph.optional_260931100000.dm': No such file or directory
03-12 08:50:07.648   733   748 I artd    : OatFileAssistant test for existing oat file /data/user_de/0/com.google.android.gms/app_chimera/m/0000000e/dl-Homegraph.optional_260931100000.dm: I/O error
03-12 08:50:07.648   733   748 I artd    : GetBestInfo checking dm (/data/user_de/0/com.google.android.gms/app_chimera/m/0000000e/dl-Homegraph.optional_260931100000.dm)
03-12 08:50:07.648   733   748 W ziparchive: Unable to open '/data/user_de/0/com.google.android.gms/app_chimera/m/0000000e/dl-Homegraph.optional_260931100000.dm': No such file or directory
03-12 08:50:07.648   733   748 I artd    : OatFileAssistant test for existing oat file /data/user_de/0/com.google.android.gms/app_chimera/m/0000000e/dl-Homegraph.optional_260931100000.dm: I/O error
03-12 08:50:07.648   733   748 I artd    : GetBestInfo no usable artifacts
03-12 08:50:07.650   733   748 I artd    : Dex parent of /data/user_de/0/com.google.android.gms/app_chimera/m/00000011/dl-Appsearch.optional_260931100800.apk is not writable: Permission denied
03-12 08:50:07.650   733   748 I artd    : GetBestInfo checking odex in dalvik-cache (/data/dalvik-cache/x86_64/data@user_de@0@com.google.android.gms@app_chimera@m@00000011@dl-Appsearch.optional_260931100800.apk@classes.dex)
03-12 08:50:07.650   733   748 I artd    : Loading /data/dalvik-cache/x86_64/data@user_de@0@com.google.android.gms@app_chimera@m@00000011@dl-Appsearch.optional_260931100800.apk@classes.dex with executable: 0
03-12 08:50:07.650   733   748 I artd    : OatFileAssistant test for existing oat file /data/dalvik-cache/x86_64/data@user_de@0@com.google.android.gms@app_chimera@m@00000011@dl-Appsearch.optional_260931100800.apk@classes.dex: File /data/dalvik-cache/x86_64/data@user_de@0@com.google.android.gms@app_chimera@m@00000011@dl-Appsearch.optional_260931100800.apk@classes.vdex does not exist.
03-12 08:50:07.650   733   748 I artd    : GetBestInfo checking odex next to the dex file (/data/user_de/0/com.google.android.gms/app_chimera/m/00000011/oat/x86_64/dl-Appsearch.optional_260931100800.odex)
03-12 08:50:07.650   733   748 I artd    : Loading /data/user_de/0/com.google.android.gms/app_chimera/m/00000011/oat/x86_64/dl-Appsearch.optional_260931100800.odex with executable: 0
03-12 08:50:07.650   733   748 I artd    : OatFileAssistant test for existing oat file /data/user_de/0/com.google.android.gms/app_chimera/m/00000011/oat/x86_64/dl-Appsearch.optional_260931100800.odex: File /data/user_de/0/com.google.android.gms/app_chimera/m/00000011/oat/x86_64/dl-Appsearch.optional_260931100800.vdex does not exist.
03-12 08:50:07.650   733   748 I artd    : GetBestInfo checking vdex in dalvik-cache (/data/dalvik-cache/x86_64/data@user_de@0@com.google.android.gms@app_chimera@m@00000011@dl-Appsearch.optional_260931100800.apk@classes.vdex)
03-12 08:50:07.650   733   748 I artd    : unable to open vdex file /data/dalvik-cache/x86_64/data@user_de@0@com.google.android.gms@app_chimera@m@00000011@dl-Appsearch.optional_260931100800.apk@classes.vdex: File /data/dalvik-cache/x86_64/data@user_de@0@com.google.android.gms@app_chimera@m@00000011@dl-Appsearch.optional_260931100800.apk@classes.vdex does not exist.
03-12 08:50:07.650   733   748 I artd    : OatFileAssistant test for existing oat file /data/dalvik-cache/x86_64/data@user_de@0@com.google.android.gms@app_chimera@m@00000011@dl-Appsearch.optional_260931100800.apk@classes.vdex: File /data/dalvik-cache/x86_64/data@user_de@0@com.google.android.gms@app_chimera@m@00000011@dl-Appsearch.optional_260931100800.apk@classes.vdex does not exist.
03-12 08:50:07.650   733   748 I artd    : GetBestInfo checking vdex next to the dex file (/data/user_de/0/com.google.android.gms/app_chimera/m/00000011/oat/x86_64/dl-Appsearch.optional_260931100800.vdex)
03-12 08:50:07.650   733   748 I artd    : unable to open vdex file /data/user_de/0/com.google.android.gms/app_chimera/m/00000011/oat/x86_64/dl-Appsearch.optional_260931100800.vdex: File /data/user_de/0/com.google.android.gms/app_chimera/m/00000011/oat/x86_64/dl-Appsearch.optional_260931100800.vdex does not exist.
03-12 08:50:07.650   733   748 I artd    : OatFileAssistant test for existing oat file /data/user_de/0/com.google.android.gms/app_chimera/m/00000011/oat/x86_64/dl-Appsearch.optional_260931100800.vdex: File /data/user_de/0/com.google.android.gms/app_chimera/m/00000011/oat/x86_64/dl-Appsearch.optional_260931100800.vdex does not exist.
03-12 08:50:07.650   733   748 I artd    : GetBestInfo checking dm (/data/user_de/0/com.google.android.gms/app_chimera/m/00000011/dl-Appsearch.optional_260931100800.dm)
03-12 08:50:07.650   733   748 W ziparchive: Unable to open '/data/user_de/0/com.google.android.gms/app_chimera/m/00000011/dl-Appsearch.optional_260931100800.dm': No such file or directory
03-12 08:50:07.650   733   748 I artd    : OatFileAssistant test for existing oat file /data/user_de/0/com.google.android.gms/app_chimera/m/00000011/dl-Appsearch.optional_260931100800.dm: I/O error
03-12 08:50:07.650   733   748 I artd    : GetBestInfo checking dm (/data/user_de/0/com.google.android.gms/app_chimera/m/00000011/dl-Appsearch.optional_260931100800.dm)
03-12 08:50:07.650   733   748 W ziparchive: Unable to open '/data/user_de/0/com.google.android.gms/app_chimera/m/00000011/dl-Appsearch.optional_260931100800.dm': No such file or directory
03-12 08:50:07.650   733   748 I artd    : OatFileAssistant test for existing oat file /data/user_de/0/com.google.android.gms/app_chimera/m/00000011/dl-Appsearch.optional_260931100800.dm: I/O error
03-12 08:50:07.650   733   748 I artd    : GetBestInfo no usable artifacts
03-12 08:50:07.652   733   748 I artd    : Dex parent of /data/user/0/com.google.android.gms/app_dg_cache/E893C01D331CD1FBE6F076D28A1BA871F16A1DEC/the.apk is not writable: Permission denied
03-12 08:50:07.652   733   748 I artd    : GetBestInfo checking odex in dalvik-cache (/data/dalvik-cache/x86_64/data@user@0@com.google.android.gms@app_dg_cache@E893C01D331CD1FBE6F076D28A1BA871F16A1DEC@the.apk@classes.dex)
03-12 08:50:07.652   733   748 I artd    : Loading /data/dalvik-cache/x86_64/data@user@0@com.google.android.gms@app_dg_cache@E893C01D331CD1FBE6F076D28A1BA871F16A1DEC@the.apk@classes.dex with executable: 0
03-12 08:50:07.652   733   748 I artd    : OatFileAssistant test for existing oat file /data/dalvik-cache/x86_64/data@user@0@com.google.android.gms@app_dg_cache@E893C01D331CD1FBE6F076D28A1BA871F16A1DEC@the.apk@classes.dex: File /data/dalvik-cache/x86_64/data@user@0@com.google.android.gms@app_dg_cache@E893C01D331CD1FBE6F076D28A1BA871F16A1DEC@the.apk@classes.vdex does not exist.
03-12 08:50:07.652   733   748 I artd    : GetBestInfo checking odex next to the dex file (/data/user/0/com.google.android.gms/app_dg_cache/E893C01D331CD1FBE6F076D28A1BA871F16A1DEC/oat/x86_64/the.odex)
03-12 08:50:07.652   733   748 I artd    : Loading /data/user/0/com.google.android.gms/app_dg_cache/E893C01D331CD1FBE6F076D28A1BA871F16A1DEC/oat/x86_64/the.odex with executable: 0
03-12 08:50:07.653   733   748 I artd    : OatFileAssistant test for existing oat file /data/user/0/com.google.android.gms/app_dg_cache/E893C01D331CD1FBE6F076D28A1BA871F16A1DEC/oat/x86_64/the.odex: Failed to open oat filename for reading: No such file or directory
03-12 08:50:07.653   733   748 I artd    : GetBestInfo checking vdex in dalvik-cache (/data/dalvik-cache/x86_64/data@user@0@com.google.android.gms@app_dg_cache@E893C01D331CD1FBE6F076D28A1BA871F16A1DEC@the.apk@classes.vdex)
03-12 08:50:07.653   733   748 I artd    : unable to open vdex file /data/dalvik-cache/x86_64/data@user@0@com.google.android.gms@app_dg_cache@E893C01D331CD1FBE6F076D28A1BA871F16A1DEC@the.apk@classes.vdex: File /data/dalvik-cache/x86_64/data@user@0@com.google.android.gms@app_dg_cache@E893C01D331CD1FBE6F076D28A1BA871F16A1DEC@the.apk@classes.vdex does not exist.
03-12 08:50:07.653   733   748 I artd    : OatFileAssistant test for existing oat file /data/dalvik-cache/x86_64/data@user@0@com.google.android.gms@app_dg_cache@E893C01D331CD1FBE6F076D28A1BA871F16A1DEC@the.apk@classes.vdex: File /data/dalvik-cache/x86_64/data@user@0@com.google.android.gms@app_dg_cache@E893C01D331CD1FBE6F076D28A1BA871F16A1DEC@the.apk@classes.vdex does not exist.
03-12 08:50:07.653   733   748 I artd    : GetBestInfo checking vdex next to the dex file (/data/user/0/com.google.android.gms/app_dg_cache/E893C01D331CD1FBE6F076D28A1BA871F16A1DEC/oat/x86_64/the.vdex)
03-12 08:50:07.653   733   748 I artd    : Successfully loaded /data/user/0/com.google.android.gms/app_dg_cache/E893C01D331CD1FBE6F076D28A1BA871F16A1DEC/oat/x86_64/the.vdex with executable: 0
03-12 08:50:07.653   733   748 I artd    : Image checksum test skipped for vdex file /data/user/0/com.google.android.gms/app_dg_cache/E893C01D331CD1FBE6F076D28A1BA871F16A1DEC/oat/x86_64/the.vdex
03-12 08:50:07.653   733   748 I artd    : /data/user/0/com.google.android.gms/app_dg_cache/E893C01D331CD1FBE6F076D28A1BA871F16A1DEC/oat/x86_64/the.vdex is kOatUpToDate with filter verify
03-12 08:50:07.654   733   748 I artd    : Dex parent of /data/user_de/0/com.google.android.gms/app_chimera/m/00000003/CronetDynamite.uncompressed.apk is not writable: No such file or directory
03-12 08:50:07.654   733   748 I artd    : GetBestInfo checking odex in dalvik-cache (/data/dalvik-cache/x86_64/data@user_de@0@com.google.android.gms@app_chimera@m@00000003@CronetDynamite.uncompressed.apk@classes.dex)
03-12 08:50:07.654   733   748 I artd    : Loading /data/dalvik-cache/x86_64/data@user_de@0@com.google.android.gms@app_chimera@m@00000003@CronetDynamite.uncompressed.apk@classes.dex with executable: 0
03-12 08:50:07.655   733   748 I artd    : OatFileAssistant test for existing oat file /data/dalvik-cache/x86_64/data@user_de@0@com.google.android.gms@app_chimera@m@00000003@CronetDynamite.uncompressed.apk@classes.dex: File /data/dalvik-cache/x86_64/data@user_de@0@com.google.android.gms@app_chimera@m@00000003@CronetDynamite.uncompressed.apk@classes.vdex does not exist.
03-12 08:50:07.655   733   748 I artd    : GetBestInfo checking odex next to the dex file (/data/user_de/0/com.google.android.gms/app_chimera/m/00000003/oat/x86_64/CronetDynamite.uncompressed.odex)
03-12 08:50:07.655   733   748 I artd    : Loading /data/user_de/0/com.google.android.gms/app_chimera/m/00000003/oat/x86_64/CronetDynamite.uncompressed.odex with executable: 0
03-12 08:50:07.655   733   748 I artd    : OatFileAssistant test for existing oat file /data/user_de/0/com.google.android.gms/app_chimera/m/00000003/oat/x86_64/CronetDynamite.uncompressed.odex: File /data/user_de/0/com.google.android.gms/app_chimera/m/00000003/oat/x86_64/CronetDynamite.uncompressed.vdex does not exist.
03-12 08:50:07.655   733   748 I artd    : GetBestInfo checking vdex in dalvik-cache (/data/dalvik-cache/x86_64/data@user_de@0@com.google.android.gms@app_chimera@m@00000003@CronetDynamite.uncompressed.apk@classes.vdex)
03-12 08:50:07.655   733   748 I artd    : unable to open vdex file /data/dalvik-cache/x86_64/data@user_de@0@com.google.android.gms@app_chimera@m@00000003@CronetDynamite.uncompressed.apk@classes.vdex: File /data/dalvik-cache/x86_64/data@user_de@0@com.google.android.gms@app_chimera@m@00000003@CronetDynamite.uncompressed.apk@classes.vdex does not exist.
03-12 08:50:07.655   733   748 I artd    : OatFileAssistant test for existing oat file /data/dalvik-cache/x86_64/data@user_de@0@com.google.android.gms@app_chimera@m@00000003@CronetDynamite.uncompressed.apk@classes.vdex: File /data/dalvik-cache/x86_64/data@user_de@0@com.google.android.gms@app_chimera@m@00000003@CronetDynamite.uncompressed.apk@classes.vdex does not exist.
03-12 08:50:07.655   733   748 I artd    : GetBestInfo checking vdex next to the dex file (/data/user_de/0/com.google.android.gms/app_chimera/m/00000003/oat/x86_64/CronetDynamite.uncompressed.vdex)
03-12 08:50:07.655   733   748 I artd    : unable to open vdex file /data/user_de/0/com.google.android.gms/app_chimera/m/00000003/oat/x86_64/CronetDynamite.uncompressed.vdex: File /data/user_de/0/com.google.android.gms/app_chimera/m/00000003/oat/x86_64/CronetDynamite.uncompressed.vdex does not exist.
03-12 08:50:07.655   733   748 I artd    : OatFileAssistant test for existing oat file /data/user_de/0/com.google.android.gms/app_chimera/m/00000003/oat/x86_64/CronetDynamite.uncompressed.vdex: File /data/user_de/0/com.google.android.gms/app_chimera/m/00000003/oat/x86_64/CronetDynamite.uncompressed.vdex does not exist.
03-12 08:50:07.655   733   748 I artd    : GetBestInfo checking dm (/data/user_de/0/com.google.android.gms/app_chimera/m/00000003/CronetDynamite.uncompressed.dm)
03-12 08:50:07.655   733   748 W ziparchive: Unable to open '/data/user_de/0/com.google.android.gms/app_chimera/m/00000003/CronetDynamite.uncompressed.dm': No such file or directory
03-12 08:50:07.655   733   748 I artd    : OatFileAssistant test for existing oat file /data/user_de/0/com.google.android.gms/app_chimera/m/00000003/CronetDynamite.uncompressed.dm: I/O error
03-12 08:50:07.655   733   748 I artd    : GetBestInfo checking dm (/data/user_de/0/com.google.android.gms/app_chimera/m/00000003/CronetDynamite.uncompressed.dm)
03-12 08:50:07.655   733   748 W ziparchive: Unable to open '/data/user_de/0/com.google.android.gms/app_chimera/m/00000003/CronetDynamite.uncompressed.dm': No such file or directory
03-12 08:50:07.655   733   748 I artd    : OatFileAssistant test for existing oat file /data/user_de/0/com.google.android.gms/app_chimera/m/00000003/CronetDynamite.uncompressed.dm: I/O error
03-12 08:50:07.655   733   748 I artd    : GetBestInfo no usable artifacts
03-12 08:50:07.656   733   865 I artd    : Dex parent of /data/user_de/0/com.google.android.gms/app_chimera/m/00000004/DynamiteLoader.uncompressed.apk is not writable: No such file or directory
03-12 08:50:07.656   733   865 I artd    : GetBestInfo checking odex in dalvik-cache (/data/dalvik-cache/x86_64/data@user_de@0@com.google.android.gms@app_chimera@m@00000004@DynamiteLoader.uncompressed.apk@classes.dex)
03-12 08:50:07.656   733   865 I artd    : Loading /data/dalvik-cache/x86_64/data@user_de@0@com.google.android.gms@app_chimera@m@00000004@DynamiteLoader.uncompressed.apk@classes.dex with executable: 0
03-12 08:50:07.656   733   865 I artd    : OatFileAssistant test for existing oat file /data/dalvik-cache/x86_64/data@user_de@0@com.google.android.gms@app_chimera@m@00000004@DynamiteLoader.uncompressed.apk@classes.dex: File /data/dalvik-cache/x86_64/data@user_de@0@com.google.android.gms@app_chimera@m@00000004@DynamiteLoader.uncompressed.apk@classes.vdex does not exist.
03-12 08:50:07.656   733   865 I artd    : GetBestInfo checking odex next to the dex file (/data/user_de/0/com.google.android.gms/app_chimera/m/00000004/oat/x86_64/DynamiteLoader.uncompressed.odex)
03-12 08:50:07.656   733   865 I artd    : Loading /data/user_de/0/com.google.android.gms/app_chimera/m/00000004/oat/x86_64/DynamiteLoader.uncompressed.odex with executable: 0
03-12 08:50:07.656   733   865 I artd    : OatFileAssistant test for existing oat file /data/user_de/0/com.google.android.gms/app_chimera/m/00000004/oat/x86_64/DynamiteLoader.uncompressed.odex: File /data/user_de/0/com.google.android.gms/app_chimera/m/00000004/oat/x86_64/DynamiteLoader.uncompressed.vdex does not exist.
03-12 08:50:07.656   733   865 I artd    : GetBestInfo checking vdex in dalvik-cache (/data/dalvik-cache/x86_64/data@user_de@0@com.google.android.gms@app_chimera@m@00000004@DynamiteLoader.uncompressed.apk@classes.vdex)
03-12 08:50:07.656   733   865 I artd    : unable to open vdex file /data/dalvik-cache/x86_64/data@user_de@0@com.google.android.gms@app_chimera@m@00000004@DynamiteLoader.uncompressed.apk@classes.vdex: File /data/dalvik-cache/x86_64/data@user_de@0@com.google.android.gms@app_chimera@m@00000004@DynamiteLoader.uncompressed.apk@classes.vdex does not exist.
03-12 08:50:07.656   733   865 I artd    : OatFileAssistant test for existing oat file /data/dalvik-cache/x86_64/data@user_de@0@com.google.android.gms@app_chimera@m@00000004@DynamiteLoader.uncompressed.apk@classes.vdex: File /data/dalvik-cache/x86_64/data@user_de@0@com.google.android.gms@app_chimera@m@00000004@DynamiteLoader.uncompressed.apk@classes.vdex does not exist.
03-12 08:50:07.657   733   865 I artd    : GetBestInfo checking vdex next to the dex file (/data/user_de/0/com.google.android.gms/app_chimera/m/00000004/oat/x86_64/DynamiteLoader.uncompressed.vdex)
03-12 08:50:07.657   733   865 I artd    : unable to open vdex file /data/user_de/0/com.google.android.gms/app_chimera/m/00000004/oat/x86_64/DynamiteLoader.uncompressed.vdex: File /data/user_de/0/com.google.android.gms/app_chimera/m/00000004/oat/x86_64/DynamiteLoader.uncompressed.vdex does not exist.
03-12 08:50:07.657   733   865 I artd    : OatFileAssistant test for existing oat file /data/user_de/0/com.google.android.gms/app_chimera/m/00000004/oat/x86_64/DynamiteLoader.uncompressed.vdex: File /data/user_de/0/com.google.android.gms/app_chimera/m/00000004/oat/x86_64/DynamiteLoader.uncompressed.vdex does not exist.
03-12 08:50:07.657   733   865 I artd    : GetBestInfo checking dm (/data/user_de/0/com.google.android.gms/app_chimera/m/00000004/DynamiteLoader.uncompressed.dm)
03-12 08:50:07.657   733   865 W ziparchive: Unable to open '/data/user_de/0/com.google.android.gms/app_chimera/m/00000004/DynamiteLoader.uncompressed.dm': No such file or directory
03-12 08:50:07.657   733   865 I artd    : OatFileAssistant test for existing oat file /data/user_de/0/com.google.android.gms/app_chimera/m/00000004/DynamiteLoader.uncompressed.dm: I/O error
03-12 08:50:07.657   733   865 I artd    : GetBestInfo checking dm (/data/user_de/0/com.google.android.gms/app_chimera/m/00000004/DynamiteLoader.uncompressed.dm)
03-12 08:50:07.657   733   865 W ziparchive: Unable to open '/data/user_de/0/com.google.android.gms/app_chimera/m/00000004/DynamiteLoader.uncompressed.dm': No such file or directory
03-12 08:50:07.657   733   865 I artd    : OatFileAssistant test for existing oat file /data/user_de/0/com.google.android.gms/app_chimera/m/00000004/DynamiteLoader.uncompressed.dm: I/O error
03-12 08:50:07.657   733   865 I artd    : GetBestInfo no usable artifacts
03-12 08:50:07.658   733   865 I artd    : Dex parent of /data/user_de/0/com.google.android.gms/app_chimera/m/00000009/MeasurementDynamite.apk is not writable: No such file or directory
03-12 08:50:07.658   733   865 I artd    : GetBestInfo checking odex in dalvik-cache (/data/dalvik-cache/x86_64/data@user_de@0@com.google.android.gms@app_chimera@m@00000009@MeasurementDynamite.apk@classes.dex)
03-12 08:50:07.658   733   865 I artd    : Loading /data/dalvik-cache/x86_64/data@user_de@0@com.google.android.gms@app_chimera@m@00000009@MeasurementDynamite.apk@classes.dex with executable: 0
03-12 08:50:07.658   733   865 I artd    : OatFileAssistant test for existing oat file /data/dalvik-cache/x86_64/data@user_de@0@com.google.android.gms@app_chimera@m@00000009@MeasurementDynamite.apk@classes.dex: File /data/dalvik-cache/x86_64/data@user_de@0@com.google.android.gms@app_chimera@m@00000009@MeasurementDynamite.apk@classes.vdex does not exist.
03-12 08:50:07.658   733   865 I artd    : GetBestInfo checking odex next to the dex file (/data/user_de/0/com.google.android.gms/app_chimera/m/00000009/oat/x86_64/MeasurementDynamite.odex)
03-12 08:50:07.658   733   865 I artd    : Loading /data/user_de/0/com.google.android.gms/app_chimera/m/00000009/oat/x86_64/MeasurementDynamite.odex with executable: 0
03-12 08:50:07.658   733   865 I artd    : OatFileAssistant test for existing oat file /data/user_de/0/com.google.android.gms/app_chimera/m/00000009/oat/x86_64/MeasurementDynamite.odex: File /data/user_de/0/com.google.android.gms/app_chimera/m/00000009/oat/x86_64/MeasurementDynamite.vdex does not exist.
03-12 08:50:07.658   733   865 I artd    : GetBestInfo checking vdex in dalvik-cache (/data/dalvik-cache/x86_64/data@user_de@0@com.google.android.gms@app_chimera@m@00000009@MeasurementDynamite.apk@classes.vdex)
03-12 08:50:07.658   733   865 I artd    : unable to open vdex file /data/dalvik-cache/x86_64/data@user_de@0@com.google.android.gms@app_chimera@m@00000009@MeasurementDynamite.apk@classes.vdex: File /data/dalvik-cache/x86_64/data@user_de@0@com.google.android.gms@app_chimera@m@00000009@MeasurementDynamite.apk@classes.vdex does not exist.
03-12 08:50:07.658   733   865 I artd    : OatFileAssistant test for existing oat file /data/dalvik-cache/x86_64/data@user_de@0@com.google.android.gms@app_chimera@m@00000009@MeasurementDynamite.apk@classes.vdex: File /data/dalvik-cache/x86_64/data@user_de@0@com.google.android.gms@app_chimera@m@00000009@MeasurementDynamite.apk@classes.vdex does not exist.
03-12 08:50:07.658   733   865 I artd    : GetBestInfo checking vdex next to the dex file (/data/user_de/0/com.google.android.gms/app_chimera/m/00000009/oat/x86_64/MeasurementDynamite.vdex)
03-12 08:50:07.658   733   865 I artd    : unable to open vdex file /data/user_de/0/com.google.android.gms/app_chimera/m/00000009/oat/x86_64/MeasurementDynamite.vdex: File /data/user_de/0/com.google.android.gms/app_chimera/m/00000009/oat/x86_64/MeasurementDynamite.vdex does not exist.
03-12 08:50:07.658   733   865 I artd    : OatFileAssistant test for existing oat file /data/user_de/0/com.google.android.gms/app_chimera/m/00000009/oat/x86_64/MeasurementDynamite.vdex: File /data/user_de/0/com.google.android.gms/app_chimera/m/00000009/oat/x86_64/MeasurementDynamite.vdex does not exist.
03-12 08:50:07.658   733   865 I artd    : GetBestInfo checking dm (/data/user_de/0/com.google.android.gms/app_chimera/m/00000009/MeasurementDynamite.dm)
03-12 08:50:07.658   733   865 W ziparchive: Unable to open '/data/user_de/0/com.google.android.gms/app_chimera/m/00000009/MeasurementDynamite.dm': No such file or directory
03-12 08:50:07.658   733   865 I artd    : OatFileAssistant test for existing oat file /data/user_de/0/com.google.android.gms/app_chimera/m/00000009/MeasurementDynamite.dm: I/O error
03-12 08:50:07.658   733   865 I artd    : GetBestInfo checking dm (/data/user_de/0/com.google.android.gms/app_chimera/m/00000009/MeasurementDynamite.dm)
03-12 08:50:07.658   733   865 W ziparchive: Unable to open '/data/user_de/0/com.google.android.gms/app_chimera/m/00000009/MeasurementDynamite.dm': No such file or directory
03-12 08:50:07.658   733   865 I artd    : OatFileAssistant test for existing oat file /data/user_de/0/com.google.android.gms/app_chimera/m/00000009/MeasurementDynamite.dm: I/O error
03-12 08:50:07.658   733   865 I artd    : GetBestInfo no usable artifacts
03-12 08:50:08.023  1254  1573 D EGL_emulation: app_time_stats: avg=1000.38ms min=1000.38ms max=1000.38ms count=1
03-12 08:50:09.193 12159 12159 D AndroidRuntime: >>>>>> START com.android.internal.os.RuntimeInit uid 2000 <<<<<<
03-12 08:50:09.201 12159 12159 I AndroidRuntime: Using default boot image
03-12 08:50:09.201 12159 12159 I AndroidRuntime: Leaving lock profiling enabled
03-12 08:50:09.205 12159 12159 I app_process: Using CollectorTypeCMC GC.
03-12 08:50:09.290 12159 12159 D nativeloader: InitDefaultPublicLibraries for_preload=1: libandroid.so:libaaudio.so:libamidi.so:libbinder_ndk.so:libc.so:libcamera2ndk.so:libdl.so:libEGL.so:libGLESv1_CM.so:libGLESv2.so:libGLESv3.so:libicu.so:libicui18n.so:libicuuc.so:libjnigraphics.so:liblog.so:libmediandk.so:libm.so:libnativehelper.so:libnativewindow.so:libOpenMAXAL.so:libOpenSLES.so:libRS.so:libstdc++.so:libsync.so:libvulkan.so:libwebviewchromium_plat_support.so:libz.so
03-12 08:50:09.299 12159 12159 D nativeloader: Load libicu_jni.so using APEX ns com_android_art for caller /apex/com.android.art/javalib/core-oj.jar: ok
03-12 08:50:09.299 12159 12159 D app_process: u_setTimeZoneFilesDirectory("/apex/com.android.tzdata/etc/tz/versioned/8/icu") succeeded. 
03-12 08:50:09.299 12159 12159 D app_process: I18n APEX ICU file found: /apex/com.android.i18n/etc/icu/icudt75l.dat
03-12 08:50:09.302 12159 12159 D nativeloader: Load libjavacore.so using APEX ns com_android_art for caller /apex/com.android.art/javalib/core-oj.jar: ok
03-12 08:50:09.304 12159 12159 D nativeloader: Load libopenjdk.so using APEX ns com_android_art for caller /apex/com.android.art/javalib/core-oj.jar: ok
03-12 08:50:09.306 12159 12159 W app_process: Unexpected CPU variant for x86: x86_64.
03-12 08:50:09.306 12159 12159 W app_process: Known variants: atom, sandybridge, silvermont, goldmont, goldmont-plus, goldmont-without-sha-xsaves, tremont, kabylake, default
03-12 08:50:09.323 12159 12159 D nativeloader: Load libframework-connectivity-tiramisu-jni.so using APEX ns com_android_tethering for caller /apex/com.android.tethering/javalib/framework-connectivity-t.jar: ok
03-12 08:50:09.324 12159 12159 D AndroidRuntime: Calling main entry com.android.commands.monkey.Monkey
03-12 08:50:09.325 12159 12159 W Monkey  : args: [-p, com.partesdetrabajo.app, -c, android.intent.category.LAUNCHER, 1]
03-12 08:50:09.326 12159 12159 W Monkey  :  arg: "-p"
03-12 08:50:09.326 12159 12159 W Monkey  :  arg: "com.partesdetrabajo.app"
03-12 08:50:09.326 12159 12159 W Monkey  :  arg: "-c"
03-12 08:50:09.326 12159 12159 W Monkey  :  arg: "android.intent.category.LAUNCHER"
03-12 08:50:09.326 12159 12159 W Monkey  :  arg: "1"
03-12 08:50:09.326 12159 12159 W Monkey  : data="com.partesdetrabajo.app"
03-12 08:50:09.326 12159 12159 W Monkey  : data="android.intent.category.LAUNCHER"
--------- beginning of system
03-12 08:50:09.342   578  1243 W ActivityManager: registerReceiverWithFeature: no app for null
03-12 08:50:09.351   578  1243 W ActivityTaskManager: callingPackage for (uid=2000, pid=12159) has no WPC
03-12 08:50:09.353   578  1243 W OptProp : Cannot read opt property android.window.PROPERTY_COMPAT_ALLOW_USER_ASPECT_RATIO_OVERRIDE
03-12 08:50:09.353   578  1243 W OptProp : Cannot read opt property android.window.PROPERTY_COMPAT_ALLOW_USER_ASPECT_RATIO_FULLSCREEN_OVERRIDE
03-12 08:50:09.353   578  1243 W OptProp : Cannot read opt property android.window.PROPERTY_COMPAT_ALLOW_ORIENTATION_OVERRIDE
03-12 08:50:09.354   578  1243 V GrammaticalInflectionUtils: AttributionSource: android.content.AttributionSource@c41207c5 does not have READ_SYSTEM_GRAMMATICAL_GENDER permission.
03-12 08:50:09.355   578  1243 W OptProp : Cannot read opt property android.window.PROPERTY_COMPAT_ALLOW_RESIZEABLE_ACTIVITY_OVERRIDES
03-12 08:50:09.355   578  1243 W OptProp : Cannot read opt property android.window.PROPERTY_COMPAT_ALLOW_MIN_ASPECT_RATIO_OVERRIDE
03-12 08:50:09.361   988  1021 V WindowManagerShell: Transition requested (#44): android.os.BinderProxy@c97640d TransitionRequestInfo { type = OPEN, triggerTask = TaskInfo{userId=0 taskId=16 displayId=0 isRunning=true baseIntent=Intent { act=android.intent.action.MAIN cat=[android.intent.category.LAUNCHER] flg=0x10200000 cmp=com.partesdetrabajo.app/.MainActivity } baseActivity=ComponentInfo{com.partesdetrabajo.app/com.partesdetrabajo.app.MainActivity} topActivity=ComponentInfo{com.partesdetrabajo.app/com.partesdetrabajo.app.MainActivity} origActivity=null realActivity=ComponentInfo{com.partesdetrabajo.app/com.partesdetrabajo.app.MainActivity} numActivities=1 lastActiveTime=5467329 supportsMultiWindow=true resizeMode=1 isResizeable=true minWidth=-1 minHeight=-1 defaultMinSize=220 token=WCT{android.window.IWindowContainerToken$Stub$Proxy@bffbfc2} topActivityType=1 pictureInPictureParams=null shouldDockBigOverlays=false launchIntoPipHostTaskId=-1 lastParentTaskIdBeforePip=-1 displayCutoutSafeInsets=null topActivityInfo=ActivityInfo{a5df1d3 com.partesdetrabajo.app.MainActivity} launchCookies=[] positionInParent=Point(0, 0) parentTaskId=-1 isFocused=false isVisible=false isVisibleRequested=false isSleeping=false locusId=null displayAreaFeatureId=1 isTopActivityTransparent=false appCompatTaskInfo=AppCompatTaskInfo { topActivityInSizeCompat=false topActivityEligibleForLetterboxEducation= falseisLetterboxEducationEnabled= true isLetterboxDoubleTapEnabled= false topActivityEligibleForUserAspectRatioButton= true topActivityBoundsLetterboxed= false isFromLetterboxDoubleTap= false topActivityLetterboxVerticalPosition= -1 topActivityLetterboxHorizontalPosition= -1 topActivityLetterboxWidth=1600 topActivityLetterboxHeight=2560 isUserFullscreenOverrideEnabled=false isSystemFullscreenOverrideEnabled=false cameraCompatTaskInfo=CameraCompatTaskInfo { cameraCompatControlState=hidden freeformCameraCompatMode=inactive}}}, pipTask = null, remoteTransition = null, displayChange = null, flags = 0, debugId = 44 }
03-12 08:50:09.362   988  1021 D ShellDesktopMode: DesktopTaskRepo: visibleTaskCount= 0
03-12 08:50:09.362   578  1243 I ActivityTaskManager: START u0 {act=android.intent.action.MAIN cat=[android.intent.category.LAUNCHER] flg=0x10200000 cmp=com.partesdetrabajo.app/.MainActivity} with LAUNCH_SINGLE_TASK from uid 2000 (BAL_ALLOW_PERMISSION) result code=0
03-12 08:50:09.362   578  2520 D CompatChangeReporter: Compat change id reported: 309578419; UID 10215; state: ENABLED
03-12 08:50:09.362 12159 12159 I Monkey  : Events injected: 1
03-12 08:50:09.363   578   600 V GrammaticalInflectionUtils: AttributionSource: android.content.AttributionSource@c41207c5 does not have READ_SYSTEM_GRAMMATICAL_GENDER permission.
03-12 08:50:09.396  1254  1254 W SplitSelectStateCtor: Missing session instanceIds
03-12 08:50:09.396  1254  1254 D StatsLog: LAUNCHER_SPLIT_SELECTION_EXIT_INTERRUPTED
03-12 08:50:09.405   988  1021 D WindowManagerShell: setLauncherKeepClearAreaHeight: visible=false, height=360
03-12 08:50:09.405   387   387 D Zygote  : Forked child process 12170
03-12 08:50:09.407   578   609 I ActivityManager: Start proc 12170:com.partesdetrabajo.app/u0a215 for next-top-activity {com.partesdetrabajo.app/com.partesdetrabajo.app.MainActivity}
03-12 08:50:09.418  1254  1254 I TopTaskTracker: onTaskMovedToFront: (moved taskInfo to front) taskId=16, baseIntent=Intent { act=android.intent.action.MAIN cat=[android.intent.category.LAUNCHER] flg=0x10200000 cmp=com.partesdetrabajo.app/.MainActivity }
03-12 08:50:09.423   578  2520 D CoreBackPreview: Window{5336c90 u0 Splash Screen com.partesdetrabajo.app}: Setting back callback OnBackInvokedCallbackInfo{mCallback=android.window.IOnBackInvokedCallback$Stub$Proxy@ca03da8, mPriority=0, mIsAnimationCallback=false}
03-12 08:50:09.425   578   609 W ActivityManager: Slow operation: 62ms so far, now at startProcess: done updating pids map
03-12 08:50:09.427 12170 12170 I esdetrabajo.app: Late-enabling -Xcheck:jni
03-12 08:50:09.427 12159 12159 I Monkey  : ## Network stats: elapsed time=76ms (0ms mobile, 0ms wifi, 76ms not connected)
03-12 08:50:09.428 12159 12159 I app_process: System.exit called, status: 0
03-12 08:50:09.428 12159 12159 I AndroidRuntime: VM exiting with result code 0.
03-12 08:50:09.432   458   458 I BpBinder: onLastStrongRef automatically unlinking death recipients: 
03-12 08:50:09.445   578  2522 W OptProp : Cannot read opt property android.window.PROPERTY_COMPAT_ALLOW_DISPLAY_ORIENTATION_OVERRIDE
03-12 08:50:09.460   578   628 D BrightnessThermalClamper: Thermal status observer already started
03-12 08:50:09.468 12170 12170 I esdetrabajo.app: Using CollectorTypeCMC GC.
03-12 08:50:09.468   578   600 I ActivityTaskManager: Config changes=20000480 {1.0 ?mcc0mnc [en_US] ldltr sw800dp w1280dp h800dp 320dpi xlrg land finger qwerty/v/v dpad/v winConfig={ mBounds=Rect(0, 0 - 2560, 1600) mAppBounds=Rect(0, 0 - 2560, 1600) mMaxBounds=Rect(0, 0 - 2560, 1600) mDisplayRotation=ROTATION_0 mWindowingMode=fullscreen mActivityType=undefined mAlwaysOnTop=undefined mRotation=ROTATION_0} as.2 s.74 fontWeightAdjustment=0}
03-12 08:50:09.468 12170 12170 W esdetrabajo.app: Unexpected CPU variant for x86: x86_64.
03-12 08:50:09.468 12170 12170 W esdetrabajo.app: Known variants: atom, sandybridge, silvermont, goldmont, goldmont-plus, goldmont-without-sha-xsaves, tremont, kabylake, default
03-12 08:50:09.475  2040  2048 I adbd    : jdwp connection from 12170
03-12 08:50:09.475 12170 12170 D nativeloader: Load libframework-connectivity-tiramisu-jni.so using APEX ns com_android_tethering for caller /apex/com.android.tethering/javalib/framework-connectivity-t.jar: ok
03-12 08:50:09.488   578   600 D CompatChangeReporter: Compat change id reported: 151861875; UID 10091; state: ENABLED
03-12 08:50:09.488   578   600 D CompatChangeReporter: Compat change id reported: 151861875; UID 1000; state: ENABLED
03-12 08:50:09.490   578   600 D CompatChangeReporter: Compat change id reported: 151861875; UID 10088; state: ENABLED
03-12 08:50:09.491   578   600 D CompatChangeReporter: Compat change id reported: 151861875; UID 10093; state: ENABLED
03-12 08:50:09.495   578   600 D CompatChangeReporter: Compat change id reported: 151861875; UID 10203; state: ENABLED
03-12 08:50:09.514   578   600 I WindowManager: Override config changes=20000480 {1.0 ?mcc0mnc [en_US] ldltr sw800dp w1280dp h800dp 320dpi xlrg land finger qwerty/v/v dpad/v winConfig={ mBounds=Rect(0, 0 - 2560, 1600) mAppBounds=Rect(0, 0 - 2560, 1600) mMaxBounds=Rect(0, 0 - 2560, 1600) mDisplayRotation=ROTATION_0 mWindowingMode=fullscreen mActivityType=undefined mAlwaysOnTop=undefined mRotation=ROTATION_0} as.2 s.74 fontWeightAdjustment=0} for displayId=0
03-12 08:50:09.537  1254  1573 D EGL_emulation: app_time_stats: avg=757.30ms min=515.47ms max=999.13ms count=2
03-12 08:50:09.587   578   600 W ImageReader_JNI: Unable to acquire a buffer item, very likely client tried to acquire more than maxImages buffers
03-12 08:50:09.634   578   578 W WindowTokenClientController: Can't find attached WindowTokenClient for android.window.WindowTokenClient@3eb0579
03-12 08:50:09.644   578  1243 I WindowManager: finishDrawing of orientation change: Window{5336c90 u0 Splash Screen com.partesdetrabajo.app} 5ms
03-12 08:50:09.645   578  2078 W ActivityManager: Slow operation: 62ms so far, now at attachApplicationLocked: immediately before bindApplication
03-12 08:50:09.646   578  2078 W ActivityManager: Slow operation: 63ms so far, now at attachApplicationLocked: immediately after bindApplication
03-12 08:50:09.646   578  2078 W ActivityManager: Slow operation: 63ms so far, now at attachApplicationLocked: after updateLruProcessLocked
03-12 08:50:09.660   578  2078 W ActivityManager: Slow operation: 77ms so far, now at attachApplicationLocked: after updateOomAdjLocked
03-12 08:50:09.672   988  1021 V ShellDragAndDrop: Display changed: 0
03-12 08:50:09.689   988  1021 D ShellSplitScreen: onTaskInfoChanged: taskId=3 taskAct=null
03-12 08:50:09.699   988   988 I NoBackGesture: Config changed: newConfig={1.0 ?mcc0mnc [en_US] ldltr sw800dp w1280dp h800dp 320dpi xlrg land finger qwerty/v/v dpad/v winConfig={ mBounds=Rect(0, 0 - 2560, 1600) mAppBounds=Rect(0, 0 - 2560, 1600) mMaxBounds=Rect(0, 0 - 2560, 1600) mDisplayRotation=ROTATION_0 mWindowingMode=fullscreen mActivityType=undefined mAlwaysOnTop=undefined mRotation=ROTATION_0} as.2 s.103 fontWeightAdjustment=0} lastReportedConfig={1.0 ?mcc0mnc [en_US] ldltr sw800dp w800dp h1280dp 320dpi xlrg port finger qwerty/v/v dpad/v winConfig={ mBounds=Rect(0, 0 - 1600, 2560) mAppBounds=Rect(0, 0 - 1600, 2560) mMaxBounds=Rect(0, 0 - 1600, 2560) mDisplayRotation=ROTATION_270 mWindowingMode=fullscreen mActivityType=undefined mAlwaysOnTop=undefined mRotation=ROTATION_270} as.2 s.70 fontWeightAdjustment=0}
03-12 08:50:09.704  1254  1254 D b/254119092: TaskbarManager#mComponentCallbacks.onConfigurationChanged: {1.0 ?mcc0mnc [en_US] ldltr sw800dp w1280dp h800dp 320dpi xlrg land finger qwerty/v/v dpad/v winConfig={ mBounds=Rect(0, 0 - 2560, 1600) mAppBounds=Rect(0, 0 - 2560, 1600) mMaxBounds=Rect(0, 0 - 2560, 1600) mDisplayRotation=ROTATION_0 mWindowingMode=fullscreen mActivityType=undefined mAlwaysOnTop=undefined mRotation=ROTATION_0} as.2 s.74 fontWeightAdjustment=0}
03-12 08:50:09.704  1254  1254 D b/254119092: mActivity and mContext agree taskbarIsPresent=true
03-12 08:50:09.704  1254  1254 D b/254119092: ComponentCallbacks#onConfigurationChanged() configDiff={}
03-12 08:50:09.704  1254  1254 D b/254119092: mActivity and mContext agree taskbarIsPresent=true
03-12 08:50:09.705   988   988 I NoBackGesture: NavbarController: newConfig={1.0 ?mcc0mnc [en_US] ldltr sw800dp w1280dp h800dp 320dpi xlrg land finger qwerty/v/v dpad/v winConfig={ mBounds=Rect(0, 0 - 2560, 1600) mAppBounds=Rect(0, 0 - 2560, 1600) mMaxBounds=Rect(0, 0 - 2560, 1600) mDisplayRotation=ROTATION_0 mWindowingMode=fullscreen mActivityType=undefined mAlwaysOnTop=undefined mRotation=ROTATION_0} as.2 s.103 fontWeightAdjustment=0} mTaskbarDelegate initialized=true willApplyConfigToNavbars=false navBarCount=0
03-12 08:50:09.720  6691  6691 I AppBase : AppBase.onConfigurationChanged():419 onConfigurationChanged() : NewConfig = {1.0 ?mcc0mnc [en_US] ldltr sw800dp w1280dp h768dp 320dpi xlrg land finger qwerty/v/v dpad/v winConfig={ mBounds=Rect(0, 0 - 2560, 1600) mAppBounds=Rect(0, 0 - 2560, 1536) mMaxBounds=Rect(0, 0 - 2560, 1600) mDisplayRotation=ROTATION_0 mWindowingMode=fullscreen mActivityType=undefined mAlwaysOnTop=undefined mRotation=ROTATION_0} as.2 s.86 fontWeightAdjustment=0}
03-12 08:50:09.720   578   600 I InputManager-JNI: Viewport [0] to add: local:4619827259835644672, isActive: true
03-12 08:50:09.725   578   705 I InputReader: Reconfiguring input devices, changes=DISPLAY_INFO
03-12 08:50:09.727  6691  6691 W GoogleInputMethodService: GoogleInputMethodService.onConfigurationChanged():1644 onConfigurationChanged() : NewConfig = {1.0 ?mcc0mnc [en_US] ldltr sw800dp w1280dp h800dp 320dpi xlrg land finger qwerty/v/v dpad/v winConfig={ mBounds=Rect(0, 0 - 2560, 1600) mAppBounds=Rect(0, 0 - 2560, 1600) mMaxBounds=Rect(0, 0 - 2560, 1600) mDisplayRotation=ROTATION_0 mWindowingMode=fullscreen mActivityType=undefined mAlwaysOnTop=undefined mRotation=ROTATION_0} as.2 s.74 fontWeightAdjustment=0}
03-12 08:50:09.728  6691  6691 I GoogleInputMethodService: GoogleInputMethodService.onConfigurationChanged():1645 device real metrics: DisplayMetrics{density=2.0, width=2560, height=1600, scaledDensity=2.0, xdpi=320.0, ydpi=320.0}
03-12 08:50:09.728   578   705 I InputReader: Touch device 'virtio_input_multi_touch_2' could not query the properties of its associated display.  The device will be inoperable until the display size becomes available.
03-12 08:50:09.728   578   705 I InputReader: Touch device 'virtio_input_multi_touch_3' could not query the properties of its associated display.  The device will be inoperable until the display size becomes available.
03-12 08:50:09.728   578   705 I InputReader: Touch device 'virtio_input_multi_touch_4' could not query the properties of its associated display.  The device will be inoperable until the display size becomes available.
03-12 08:50:09.728   578   705 I InputReader: Touch device 'virtio_input_multi_touch_5' could not query the properties of its associated display.  The device will be inoperable until the display size becomes available.
03-12 08:50:09.728   578   705 I InputReader: Touch device 'virtio_input_multi_touch_6' could not query the properties of its associated display.  The device will be inoperable until the display size becomes available.
03-12 08:50:09.728   578   705 I InputReader: Touch device 'virtio_input_multi_touch_7' could not query the properties of its associated display.  The device will be inoperable until the display size becomes available.
03-12 08:50:09.728   578   705 I InputReader: Touch device 'virtio_input_multi_touch_8' could not query the properties of its associated display.  The device will be inoperable until the display size becomes available.
03-12 08:50:09.728   578   705 I InputReader: Touch device 'virtio_input_multi_touch_9' could not query the properties of its associated display.  The device will be inoperable until the display size becomes available.
03-12 08:50:09.729   578   705 I InputReader: Touch device 'virtio_input_multi_touch_10' could not query the properties of its associated display.  The device will be inoperable until the display size becomes available.
03-12 08:50:09.729   578   705 I InputReader: Touch device 'virtio_input_multi_touch_11' could not query the properties of its associated display.  The device will be inoperable until the display size becomes available.
03-12 08:50:09.730  6691  6691 I InputMethodEntryManager: InputMethodEntryManager.notifyCurrentInputMethodEntryOnContextChanged():521 notifyCurrentInputMethodEntryOnContextChanged()
03-12 08:50:09.730  6691  6691 I InputMethodEntryManager: InputMethodEntryManager.notifyCurrentInputMethodEntryOnContextChanged():542 Notify current input method entry changed on context change
03-12 08:50:09.733  6691  6691 I SystemSubtypesReportModule: SystemSubtypesReportModule$3.onCurrentInputMethodEntryChanged():136 entry: en-US, source: UNSPECIFIED
03-12 08:50:09.733  6691  6691 I KeyboardContextProvider: KeyboardContextProvider$KeyboardContextCache.createKeyboardContext():173 createKeyboardContext(): en-US, jgg@3e6a091(com.android.inputmethod.latin.LatinIME@8feb3f2), {1.0 ?mcc0mnc [en_US] ldltr sw800dp w1280dp h800dp 320dpi xlrg land finger qwerty/v/v dpad/v winConfig={ mBounds=Rect(0, 0 - 2560, 1600) mAppBounds=Rect(0, 0 - 2560, 1600) mMaxBounds=Rect(0, 0 - 2560, 1600) mDisplayRotation=ROTATION_0 mWindowingMode=fullscreen mActivityType=undefined mAlwaysOnTop=undefined mRotation=ROTATION_0} as.2 s.74 fontWeightAdjustment=0}
03-12 08:50:09.733  6691  6691 I GoogleInputMethodService: GoogleInputMethodService.onCurrentInputMethodEntryChanged():3655 onCurrentInputMethodEntryChanged(): imeDefsChanged=false, initializedEntryChanged=false, keyboardContextChanged=true
03-12 08:50:09.734  6691  6691 I GoogleInputMethodService: GoogleInputMethodService.clearInputMethodServiceData():1613 clearInputMethodServiceData for entryChange
03-12 08:50:09.735  6691  6691 I AbstractOpenableExtension: AbstractOpenableExtension.maybeDestroyExistingKeyboardGroupManager():538 Destroy existing keyboard group manager in fvq
03-12 08:50:09.735  6691  6691 I AbstractOpenableExtension: AbstractOpenableExtension.createKeyboardGroupManagerListenableFuture():120 Create keyboard group manager listenable future in fvq
03-12 08:50:09.735  6691  6691 I AbstractOpenableExtension: AbstractOpenableExtension.maybeDestroyExistingKeyboardGroupManager():538 Destroy existing keyboard group manager in fxu
03-12 08:50:09.735  6691  6691 I AbstractOpenableExtension: AbstractOpenableExtension.createKeyboardGroupManagerListenableFuture():120 Create keyboard group manager listenable future in fxu
03-12 08:50:09.740  6691 12186 I KeyboardGroupDefParser: KeyboardGroupDefParser.parseKeyboardGroupDef():83 parseKeyboardGroupDef() 2132214040 -> 0_resource_name_obfuscated : WaitTime = 1 ms : RunTime = 4 ms
03-12 08:50:09.746  6691  6691 I KeyboardModeManager: KeyboardModeManager.onCurrentInputMethodEntryChanged():1133 Reload data for context change
03-12 08:50:09.746  6691  6691 I GoogleInputMethodService: GoogleInputMethodService.initializeInputMethodServiceData():1382 initializeInputMethodServiceData for kct{languageTag=en-US, variant=qwerty, hasLocalizedResources=true, conditionCacheKey=_cache_additional_ime_defs_for_condition_change=false_cache_ime_defs_for_condition_change=false_device=tablet_device_size=large_enable_flick_symbols=false_enable_more_candidates_view_for_multilingual=false_enable_number_row=false_enable_preemptive_decode=true_enable_secondary_digits=true_enable_secondary_symbols=false_enable_show_foldable_layout_on_small_tablet=true_expressions=normal_four_or_more_letter_rows=false_keyboard_mode=floating_language=en-US_orientation=portrait_physical_keyboard=qwerty_rtl_layout=false_show_secondary_digits=true_show_suggestions=true_split_with_duplicate_keys=true_variant=qwerty, imeDef.stringId=ime_english_united_states, imeDef.className=com.google.android.apps.inputmethod.libs.latin5.LatinIme, imeDef.languageTag=en-US}
03-12 08:50:09.749  6691  6691 I StyledKeyboardThemeBuilder: StyledKeyboardThemeBuilder.build():132 Pref: [], themeName: [silk:], darkMode: [false], cacheKey: [overlay_builtin_dynamic_color_light_base.binarypb:dynamic-gm3-light-fffefbff-ff495d92-88aedfe362701b9d56ce578190f21130]
03-12 08:50:09.750  6691  6691 I KeyboardThemeProvider: KeyboardThemeProvider.applyKeyboardTheme():27 Apply keyboard theme: theme_border_floating_keyboard2_floating_v2_height_stylesheet_noshadow_pgsans_pillkey_silkpopup_hover_light_tablet_large_navredesign_768_overlay_builtin_dynamic_color_light_base.binarypb:dynamic-gm3-light-fffefbff-ff495d92-88aedfe362701b9d56ce578190f21130_port
03-12 08:50:09.756  6691  6691 I AndroidIME: InputBundleManager.loadActiveInputBundleId():450 loadActiveInputBundleId: und-Latn-x-password, password
03-12 08:50:09.757  6691  6691 W NotificationCenter: NotificationCenter$ListenerData.notifyOnExecutor():672 Heavy notify work detected on UI thread: |kcd->kff| takes 24ms
03-12 08:50:09.757  6691  6691 I KeyboardContextProvider: KeyboardContextProvider.setBaseContextAndInvalidKeyboardContextCache():88 setBaseContextAndInvalidKeyboardContextCache(): com.android.inputmethod.latin.LatinIME@8feb3f2
03-12 08:50:09.757  6691  6691 I InputMethodEntryManager: InputMethodEntryManager.resetLanguages():2621 resetLanguages(): languages=null, conditionName=orientation
03-12 08:50:09.757  6691  6691 I ImeDefCache: ImeDefCache.clearCacheForLanguages():387 clearCacheForLanguages(): []
03-12 08:50:09.757  6691  6691 I AdditionalImeDefCache: AdditionalImeDefCache.clearAdditionalImeDefsForCondition():435 clearAdditionalImeDefsForCondition() clear additional ImeDefs: []
03-12 08:50:09.757  6691  6691 I InputMethodEntryManager: InputMethodEntryManager.resetLanguages():2634 Clear cache for languages: null, changed=false
03-12 08:50:09.757  6691  6691 I InputMethodEntryManager: InputMethodEntryManager.startLoadingInputMethodEntrySettings():700 Start loading input method entry settings: [LanguageTagVariantTuple{languageTag=en-US, variant=qwerty}]
03-12 08:50:09.758  6691  6691 I InputMethodEntryManager: InputMethodEntryManager.updateInputMethodEntrySettingsLoadingTask():787 update loading task with resetImplicitlyEnabledEntries is false
03-12 08:50:09.758  6691  6691 I InputMethodEntryManager: InputMethodEntryManager$4.onSuccess():806 Success load entries: [LanguageTagVariantTuple{languageTag=en-US, variant=qwerty}], resetImplicitlyEnabledEntries=false, initialized=true
03-12 08:50:09.759  6691  6691 I SystemSubtypesReportModule: SystemSubtypesReportModule$2.onEnabledInputMethodEntriesChanged():122 1 entries
03-12 08:50:09.760  6691 12187 I KeyboardGroupDefParser: KeyboardGroupDefParser.parseKeyboardGroupDef():83 parseKeyboardGroupDef() 2132214033 -> 0_resource_name_obfuscated : WaitTime = 24 ms : RunTime = 1 ms
03-12 08:50:09.810  1254  1254 D b/254119092: DisplayController#onConfigurationChanged: {1.0 ?mcc0mnc [en_US] ldltr sw800dp w1280dp h800dp 320dpi xlrg land finger qwerty/v/v dpad/v winConfig={ mBounds=Rect(0, 0 - 2560, 1600) mAppBounds=Rect(0, 0 - 2560, 1600) mMaxBounds=Rect(0, 0 - 2560, 1600) mDisplayRotation=ROTATION_0 mWindowingMode=fullscreen mActivityType=undefined mAlwaysOnTop=undefined mRotation=ROTATION_0} as.2 s.74 fontWeightAdjustment=0}
03-12 08:50:09.824  6691  6691 W NotificationCenter: NotificationCenter$ListenerData.notifyOnExecutor():672 Heavy notify work detected on UI thread: |kck->lrc| takes 65ms
