03-12 08:54:27.827   733   865 I artd    : OatFileAssistant test for existing oat file /data/user_de/0/com.google.android.gms/app_chimera/m/00000007/GoogleCertificates.dm: I/O error
03-12 08:54:27.827   733   865 I artd    : GetBestInfo no usable artifacts
03-12 08:54:27.830   733   865 I artd    : Dex parent of /data/user_de/0/com.google.android.gms/app_chimera/m/0000000c/dl-VisionOcr.optional_260931100000.apk is not writable: Permission denied
03-12 08:54:27.830   733   865 I artd    : GetBestInfo checking odex in dalvik-cache (/data/dalvik-cache/x86_64/data@user_de@0@com.google.android.gms@app_chimera@m@0000000c@dl-VisionOcr.optional_260931100000.apk@classes.dex)
03-12 08:54:27.830   733   865 I artd    : Loading /data/dalvik-cache/x86_64/data@user_de@0@com.google.android.gms@app_chimera@m@0000000c@dl-VisionOcr.optional_260931100000.apk@classes.dex with executable: 0
03-12 08:54:27.830   733   865 I artd    : OatFileAssistant test for existing oat file /data/dalvik-cache/x86_64/data@user_de@0@com.google.android.gms@app_chimera@m@0000000c@dl-VisionOcr.optional_260931100000.apk@classes.dex: File /data/dalvik-cache/x86_64/data@user_de@0@com.google.android.gms@app_chimera@m@0000000c@dl-VisionOcr.optional_260931100000.apk@classes.vdex does not exist.
03-12 08:54:27.830   733   865 I artd    : GetBestInfo checking odex next to the dex file (/data/user_de/0/com.google.android.gms/app_chimera/m/0000000c/oat/x86_64/dl-VisionOcr.optional_260931100000.odex)
03-12 08:54:27.830   733   865 I artd    : Loading /data/user_de/0/com.google.android.gms/app_chimera/m/0000000c/oat/x86_64/dl-VisionOcr.optional_260931100000.odex with executable: 0
03-12 08:54:27.830   733   865 I artd    : OatFileAssistant test for existing oat file /data/user_de/0/com.google.android.gms/app_chimera/m/0000000c/oat/x86_64/dl-VisionOcr.optional_260931100000.odex: File /data/user_de/0/com.google.android.gms/app_chimera/m/0000000c/oat/x86_64/dl-VisionOcr.optional_260931100000.vdex does not exist.
03-12 08:54:27.830   733   865 I artd    : GetBestInfo checking vdex in dalvik-cache (/data/dalvik-cache/x86_64/data@user_de@0@com.google.android.gms@app_chimera@m@0000000c@dl-VisionOcr.optional_260931100000.apk@classes.vdex)
03-12 08:54:27.831   733   865 I artd    : unable to open vdex file /data/dalvik-cache/x86_64/data@user_de@0@com.google.android.gms@app_chimera@m@0000000c@dl-VisionOcr.optional_260931100000.apk@classes.vdex: File /data/dalvik-cache/x86_64/data@user_de@0@com.google.android.gms@app_chimera@m@0000000c@dl-VisionOcr.optional_260931100000.apk@classes.vdex does not exist.
03-12 08:54:27.831   733   865 I artd    : OatFileAssistant test for existing oat file /data/dalvik-cache/x86_64/data@user_de@0@com.google.android.gms@app_chimera@m@0000000c@dl-VisionOcr.optional_260931100000.apk@classes.vdex: File /data/dalvik-cache/x86_64/data@user_de@0@com.google.android.gms@app_chimera@m@0000000c@dl-VisionOcr.optional_260931100000.apk@classes.vdex does not exist.
03-12 08:54:27.831   733   865 I artd    : GetBestInfo checking vdex next to the dex file (/data/user_de/0/com.google.android.gms/app_chimera/m/0000000c/oat/x86_64/dl-VisionOcr.optional_260931100000.vdex)
03-12 08:54:27.831   733   865 I artd    : unable to open vdex file /data/user_de/0/com.google.android.gms/app_chimera/m/0000000c/oat/x86_64/dl-VisionOcr.optional_260931100000.vdex: File /data/user_de/0/com.google.android.gms/app_chimera/m/0000000c/oat/x86_64/dl-VisionOcr.optional_260931100000.vdex does not exist.
03-12 08:54:27.831   733   865 I artd    : OatFileAssistant test for existing oat file /data/user_de/0/com.google.android.gms/app_chimera/m/0000000c/oat/x86_64/dl-VisionOcr.optional_260931100000.vdex: File /data/user_de/0/com.google.android.gms/app_chimera/m/0000000c/oat/x86_64/dl-VisionOcr.optional_260931100000.vdex does not exist.
03-12 08:54:27.831   733   865 I artd    : GetBestInfo checking dm (/data/user_de/0/com.google.android.gms/app_chimera/m/0000000c/dl-VisionOcr.optional_260931100000.dm)
03-12 08:54:27.831   733   865 W ziparchive: Unable to open '/data/user_de/0/com.google.android.gms/app_chimera/m/0000000c/dl-VisionOcr.optional_260931100000.dm': No such file or directory
03-12 08:54:27.831   733   865 I artd    : OatFileAssistant test for existing oat file /data/user_de/0/com.google.android.gms/app_chimera/m/0000000c/dl-VisionOcr.optional_260931100000.dm: I/O error
03-12 08:54:27.831   733   865 I artd    : GetBestInfo checking dm (/data/user_de/0/com.google.android.gms/app_chimera/m/0000000c/dl-VisionOcr.optional_260931100000.dm)
03-12 08:54:27.831   733   865 W ziparchive: Unable to open '/data/user_de/0/com.google.android.gms/app_chimera/m/0000000c/dl-VisionOcr.optional_260931100000.dm': No such file or directory
03-12 08:54:27.831   733   865 I artd    : OatFileAssistant test for existing oat file /data/user_de/0/com.google.android.gms/app_chimera/m/0000000c/dl-VisionOcr.optional_260931100000.dm: I/O error
03-12 08:54:27.831   733   865 I artd    : GetBestInfo no usable artifacts
03-12 08:54:27.834   733   865 I artd    : Dex parent of /data/user_de/0/com.google.android.gms/app_chimera/m/0000000f/dl-Usonia.optional_260931100000.apk is not writable: Permission denied
03-12 08:54:27.834   733   865 I artd    : GetBestInfo checking odex in dalvik-cache (/data/dalvik-cache/x86_64/data@user_de@0@com.google.android.gms@app_chimera@m@0000000f@dl-Usonia.optional_260931100000.apk@classes.dex)
03-12 08:54:27.834   733   865 I artd    : Loading /data/dalvik-cache/x86_64/data@user_de@0@com.google.android.gms@app_chimera@m@0000000f@dl-Usonia.optional_260931100000.apk@classes.dex with executable: 0
03-12 08:54:27.834   733   865 I artd    : OatFileAssistant test for existing oat file /data/dalvik-cache/x86_64/data@user_de@0@com.google.android.gms@app_chimera@m@0000000f@dl-Usonia.optional_260931100000.apk@classes.dex: File /data/dalvik-cache/x86_64/data@user_de@0@com.google.android.gms@app_chimera@m@0000000f@dl-Usonia.optional_260931100000.apk@classes.vdex does not exist.
03-12 08:54:27.834   733   865 I artd    : GetBestInfo checking odex next to the dex file (/data/user_de/0/com.google.android.gms/app_chimera/m/0000000f/oat/x86_64/dl-Usonia.optional_260931100000.odex)
03-12 08:54:27.834   733   865 I artd    : Loading /data/user_de/0/com.google.android.gms/app_chimera/m/0000000f/oat/x86_64/dl-Usonia.optional_260931100000.odex with executable: 0
03-12 08:54:27.834   733   865 I artd    : OatFileAssistant test for existing oat file /data/user_de/0/com.google.android.gms/app_chimera/m/0000000f/oat/x86_64/dl-Usonia.optional_260931100000.odex: File /data/user_de/0/com.google.android.gms/app_chimera/m/0000000f/oat/x86_64/dl-Usonia.optional_260931100000.vdex does not exist.
03-12 08:54:27.834   733   865 I artd    : GetBestInfo checking vdex in dalvik-cache (/data/dalvik-cache/x86_64/data@user_de@0@com.google.android.gms@app_chimera@m@0000000f@dl-Usonia.optional_260931100000.apk@classes.vdex)
03-12 08:54:27.835   733   865 I artd    : unable to open vdex file /data/dalvik-cache/x86_64/data@user_de@0@com.google.android.gms@app_chimera@m@0000000f@dl-Usonia.optional_260931100000.apk@classes.vdex: File /data/dalvik-cache/x86_64/data@user_de@0@com.google.android.gms@app_chimera@m@0000000f@dl-Usonia.optional_260931100000.apk@classes.vdex does not exist.
03-12 08:54:27.835   733   865 I artd    : OatFileAssistant test for existing oat file /data/dalvik-cache/x86_64/data@user_de@0@com.google.android.gms@app_chimera@m@0000000f@dl-Usonia.optional_260931100000.apk@classes.vdex: File /data/dalvik-cache/x86_64/data@user_de@0@com.google.android.gms@app_chimera@m@0000000f@dl-Usonia.optional_260931100000.apk@classes.vdex does not exist.
03-12 08:54:27.835   733   865 I artd    : GetBestInfo checking vdex next to the dex file (/data/user_de/0/com.google.android.gms/app_chimera/m/0000000f/oat/x86_64/dl-Usonia.optional_260931100000.vdex)
03-12 08:54:27.835   733   865 I artd    : unable to open vdex file /data/user_de/0/com.google.android.gms/app_chimera/m/0000000f/oat/x86_64/dl-Usonia.optional_260931100000.vdex: File /data/user_de/0/com.google.android.gms/app_chimera/m/0000000f/oat/x86_64/dl-Usonia.optional_260931100000.vdex does not exist.
03-12 08:54:27.835   733   865 I artd    : OatFileAssistant test for existing oat file /data/user_de/0/com.google.android.gms/app_chimera/m/0000000f/oat/x86_64/dl-Usonia.optional_260931100000.vdex: File /data/user_de/0/com.google.android.gms/app_chimera/m/0000000f/oat/x86_64/dl-Usonia.optional_260931100000.vdex does not exist.
03-12 08:54:27.835   733   865 I artd    : GetBestInfo checking dm (/data/user_de/0/com.google.android.gms/app_chimera/m/0000000f/dl-Usonia.optional_260931100000.dm)
03-12 08:54:27.835   733   865 W ziparchive: Unable to open '/data/user_de/0/com.google.android.gms/app_chimera/m/0000000f/dl-Usonia.optional_260931100000.dm': No such file or directory
03-12 08:54:27.835   733   865 I artd    : OatFileAssistant test for existing oat file /data/user_de/0/com.google.android.gms/app_chimera/m/0000000f/dl-Usonia.optional_260931100000.dm: I/O error
03-12 08:54:27.835   733   865 I artd    : GetBestInfo checking dm (/data/user_de/0/com.google.android.gms/app_chimera/m/0000000f/dl-Usonia.optional_260931100000.dm)
03-12 08:54:27.835   733   865 W ziparchive: Unable to open '/data/user_de/0/com.google.android.gms/app_chimera/m/0000000f/dl-Usonia.optional_260931100000.dm': No such file or directory
03-12 08:54:27.835   733   865 I artd    : OatFileAssistant test for existing oat file /data/user_de/0/com.google.android.gms/app_chimera/m/0000000f/dl-Usonia.optional_260931100000.dm: I/O error
03-12 08:54:27.835   733   865 I artd    : GetBestInfo no usable artifacts
03-12 08:54:27.837   733   865 I artd    : Dex parent of /data/user_de/0/com.google.android.gms/app_chimera/m/0000000d/dl-MlkitOcrCommon.optional_260931100800.apk is not writable: Permission denied
03-12 08:54:27.837   733   865 I artd    : GetBestInfo checking odex in dalvik-cache (/data/dalvik-cache/x86_64/data@user_de@0@com.google.android.gms@app_chimera@m@0000000d@dl-MlkitOcrCommon.optional_260931100800.apk@classes.dex)
03-12 08:54:27.837   733   865 I artd    : Loading /data/dalvik-cache/x86_64/data@user_de@0@com.google.android.gms@app_chimera@m@0000000d@dl-MlkitOcrCommon.optional_260931100800.apk@classes.dex with executable: 0
03-12 08:54:27.837   733   865 I artd    : OatFileAssistant test for existing oat file /data/dalvik-cache/x86_64/data@user_de@0@com.google.android.gms@app_chimera@m@0000000d@dl-MlkitOcrCommon.optional_260931100800.apk@classes.dex: File /data/dalvik-cache/x86_64/data@user_de@0@com.google.android.gms@app_chimera@m@0000000d@dl-MlkitOcrCommon.optional_260931100800.apk@classes.vdex does not exist.
03-12 08:54:27.837   733   865 I artd    : GetBestInfo checking odex next to the dex file (/data/user_de/0/com.google.android.gms/app_chimera/m/0000000d/oat/x86_64/dl-MlkitOcrCommon.optional_260931100800.odex)
03-12 08:54:27.837   733   865 I artd    : Loading /data/user_de/0/com.google.android.gms/app_chimera/m/0000000d/oat/x86_64/dl-MlkitOcrCommon.optional_260931100800.odex with executable: 0
03-12 08:54:27.837   733   865 I artd    : OatFileAssistant test for existing oat file /data/user_de/0/com.google.android.gms/app_chimera/m/0000000d/oat/x86_64/dl-MlkitOcrCommon.optional_260931100800.odex: File /data/user_de/0/com.google.android.gms/app_chimera/m/0000000d/oat/x86_64/dl-MlkitOcrCommon.optional_260931100800.vdex does not exist.
03-12 08:54:27.837   733   865 I artd    : GetBestInfo checking vdex in dalvik-cache (/data/dalvik-cache/x86_64/data@user_de@0@com.google.android.gms@app_chimera@m@0000000d@dl-MlkitOcrCommon.optional_260931100800.apk@classes.vdex)
03-12 08:54:27.838   733   865 I artd    : unable to open vdex file /data/dalvik-cache/x86_64/data@user_de@0@com.google.android.gms@app_chimera@m@0000000d@dl-MlkitOcrCommon.optional_260931100800.apk@classes.vdex: File /data/dalvik-cache/x86_64/data@user_de@0@com.google.android.gms@app_chimera@m@0000000d@dl-MlkitOcrCommon.optional_260931100800.apk@classes.vdex does not exist.
03-12 08:54:27.838   733   865 I artd    : OatFileAssistant test for existing oat file /data/dalvik-cache/x86_64/data@user_de@0@com.google.android.gms@app_chimera@m@0000000d@dl-MlkitOcrCommon.optional_260931100800.apk@classes.vdex: File /data/dalvik-cache/x86_64/data@user_de@0@com.google.android.gms@app_chimera@m@0000000d@dl-MlkitOcrCommon.optional_260931100800.apk@classes.vdex does not exist.
03-12 08:54:27.838   733   865 I artd    : GetBestInfo checking vdex next to the dex file (/data/user_de/0/com.google.android.gms/app_chimera/m/0000000d/oat/x86_64/dl-MlkitOcrCommon.optional_260931100800.vdex)
03-12 08:54:27.838   733   865 I artd    : unable to open vdex file /data/user_de/0/com.google.android.gms/app_chimera/m/0000000d/oat/x86_64/dl-MlkitOcrCommon.optional_260931100800.vdex: File /data/user_de/0/com.google.android.gms/app_chimera/m/0000000d/oat/x86_64/dl-MlkitOcrCommon.optional_260931100800.vdex does not exist.
03-12 08:54:27.838   733   865 I artd    : OatFileAssistant test for existing oat file /data/user_de/0/com.google.android.gms/app_chimera/m/0000000d/oat/x86_64/dl-MlkitOcrCommon.optional_260931100800.vdex: File /data/user_de/0/com.google.android.gms/app_chimera/m/0000000d/oat/x86_64/dl-MlkitOcrCommon.optional_260931100800.vdex does not exist.
03-12 08:54:27.838   733   865 I artd    : GetBestInfo checking dm (/data/user_de/0/com.google.android.gms/app_chimera/m/0000000d/dl-MlkitOcrCommon.optional_260931100800.dm)
03-12 08:54:27.838   733   865 W ziparchive: Unable to open '/data/user_de/0/com.google.android.gms/app_chimera/m/0000000d/dl-MlkitOcrCommon.optional_260931100800.dm': No such file or directory
03-12 08:54:27.838   733   865 I artd    : OatFileAssistant test for existing oat file /data/user_de/0/com.google.android.gms/app_chimera/m/0000000d/dl-MlkitOcrCommon.optional_260931100800.dm: I/O error
03-12 08:54:27.838   733   865 I artd    : GetBestInfo checking dm (/data/user_de/0/com.google.android.gms/app_chimera/m/0000000d/dl-MlkitOcrCommon.optional_260931100800.dm)
03-12 08:54:27.838   733   865 W ziparchive: Unable to open '/data/user_de/0/com.google.android.gms/app_chimera/m/0000000d/dl-MlkitOcrCommon.optional_260931100800.dm': No such file or directory
03-12 08:54:27.838   733   865 I artd    : OatFileAssistant test for existing oat file /data/user_de/0/com.google.android.gms/app_chimera/m/0000000d/dl-MlkitOcrCommon.optional_260931100800.dm: I/O error
03-12 08:54:27.838   733   865 I artd    : GetBestInfo no usable artifacts
03-12 08:54:27.839   733   865 I artd    : Dex parent of /data/user_de/0/com.google.android.gms/app_chimera/m/0000000e/dl-Homegraph.optional_260931100000.apk is not writable: Permission denied
03-12 08:54:27.840   733   865 I artd    : GetBestInfo checking odex in dalvik-cache (/data/dalvik-cache/x86_64/data@user_de@0@com.google.android.gms@app_chimera@m@0000000e@dl-Homegraph.optional_260931100000.apk@classes.dex)
03-12 08:54:27.840   733   865 I artd    : Loading /data/dalvik-cache/x86_64/data@user_de@0@com.google.android.gms@app_chimera@m@0000000e@dl-Homegraph.optional_260931100000.apk@classes.dex with executable: 0
03-12 08:54:27.840   733   865 I artd    : OatFileAssistant test for existing oat file /data/dalvik-cache/x86_64/data@user_de@0@com.google.android.gms@app_chimera@m@0000000e@dl-Homegraph.optional_260931100000.apk@classes.dex: File /data/dalvik-cache/x86_64/data@user_de@0@com.google.android.gms@app_chimera@m@0000000e@dl-Homegraph.optional_260931100000.apk@classes.vdex does not exist.
03-12 08:54:27.840   733   865 I artd    : GetBestInfo checking odex next to the dex file (/data/user_de/0/com.google.android.gms/app_chimera/m/0000000e/oat/x86_64/dl-Homegraph.optional_260931100000.odex)
03-12 08:54:27.840   733   865 I artd    : Loading /data/user_de/0/com.google.android.gms/app_chimera/m/0000000e/oat/x86_64/dl-Homegraph.optional_260931100000.odex with executable: 0
03-12 08:54:27.840   733   865 I artd    : OatFileAssistant test for existing oat file /data/user_de/0/com.google.android.gms/app_chimera/m/0000000e/oat/x86_64/dl-Homegraph.optional_260931100000.odex: File /data/user_de/0/com.google.android.gms/app_chimera/m/0000000e/oat/x86_64/dl-Homegraph.optional_260931100000.vdex does not exist.
03-12 08:54:27.840   733   865 I artd    : GetBestInfo checking vdex in dalvik-cache (/data/dalvik-cache/x86_64/data@user_de@0@com.google.android.gms@app_chimera@m@0000000e@dl-Homegraph.optional_260931100000.apk@classes.vdex)
03-12 08:54:27.840   733   865 I artd    : unable to open vdex file /data/dalvik-cache/x86_64/data@user_de@0@com.google.android.gms@app_chimera@m@0000000e@dl-Homegraph.optional_260931100000.apk@classes.vdex: File /data/dalvik-cache/x86_64/data@user_de@0@com.google.android.gms@app_chimera@m@0000000e@dl-Homegraph.optional_260931100000.apk@classes.vdex does not exist.
03-12 08:54:27.840   733   865 I artd    : OatFileAssistant test for existing oat file /data/dalvik-cache/x86_64/data@user_de@0@com.google.android.gms@app_chimera@m@0000000e@dl-Homegraph.optional_260931100000.apk@classes.vdex: File /data/dalvik-cache/x86_64/data@user_de@0@com.google.android.gms@app_chimera@m@0000000e@dl-Homegraph.optional_260931100000.apk@classes.vdex does not exist.
03-12 08:54:27.841   733   865 I artd    : GetBestInfo checking vdex next to the dex file (/data/user_de/0/com.google.android.gms/app_chimera/m/0000000e/oat/x86_64/dl-Homegraph.optional_260931100000.vdex)
03-12 08:54:27.841   733   865 I artd    : unable to open vdex file /data/user_de/0/com.google.android.gms/app_chimera/m/0000000e/oat/x86_64/dl-Homegraph.optional_260931100000.vdex: File /data/user_de/0/com.google.android.gms/app_chimera/m/0000000e/oat/x86_64/dl-Homegraph.optional_260931100000.vdex does not exist.
03-12 08:54:27.841   733   865 I artd    : OatFileAssistant test for existing oat file /data/user_de/0/com.google.android.gms/app_chimera/m/0000000e/oat/x86_64/dl-Homegraph.optional_260931100000.vdex: File /data/user_de/0/com.google.android.gms/app_chimera/m/0000000e/oat/x86_64/dl-Homegraph.optional_260931100000.vdex does not exist.
03-12 08:54:27.841   733   865 I artd    : GetBestInfo checking dm (/data/user_de/0/com.google.android.gms/app_chimera/m/0000000e/dl-Homegraph.optional_260931100000.dm)
03-12 08:54:27.841   733   865 W ziparchive: Unable to open '/data/user_de/0/com.google.android.gms/app_chimera/m/0000000e/dl-Homegraph.optional_260931100000.dm': No such file or directory
03-12 08:54:27.841   733   865 I artd    : OatFileAssistant test for existing oat file /data/user_de/0/com.google.android.gms/app_chimera/m/0000000e/dl-Homegraph.optional_260931100000.dm: I/O error
03-12 08:54:27.841   733   865 I artd    : GetBestInfo checking dm (/data/user_de/0/com.google.android.gms/app_chimera/m/0000000e/dl-Homegraph.optional_260931100000.dm)
03-12 08:54:27.841   733   865 W ziparchive: Unable to open '/data/user_de/0/com.google.android.gms/app_chimera/m/0000000e/dl-Homegraph.optional_260931100000.dm': No such file or directory
03-12 08:54:27.841   733   865 I artd    : OatFileAssistant test for existing oat file /data/user_de/0/com.google.android.gms/app_chimera/m/0000000e/dl-Homegraph.optional_260931100000.dm: I/O error
03-12 08:54:27.841   733   865 I artd    : GetBestInfo no usable artifacts
03-12 08:54:27.843   733   865 I artd    : Dex parent of /data/user_de/0/com.google.android.gms/app_chimera/m/00000011/dl-Appsearch.optional_260931100800.apk is not writable: Permission denied
03-12 08:54:27.843   733   865 I artd    : GetBestInfo checking odex in dalvik-cache (/data/dalvik-cache/x86_64/data@user_de@0@com.google.android.gms@app_chimera@m@00000011@dl-Appsearch.optional_260931100800.apk@classes.dex)
03-12 08:54:27.843   733   865 I artd    : Loading /data/dalvik-cache/x86_64/data@user_de@0@com.google.android.gms@app_chimera@m@00000011@dl-Appsearch.optional_260931100800.apk@classes.dex with executable: 0
03-12 08:54:27.843   733   865 I artd    : OatFileAssistant test for existing oat file /data/dalvik-cache/x86_64/data@user_de@0@com.google.android.gms@app_chimera@m@00000011@dl-Appsearch.optional_260931100800.apk@classes.dex: File /data/dalvik-cache/x86_64/data@user_de@0@com.google.android.gms@app_chimera@m@00000011@dl-Appsearch.optional_260931100800.apk@classes.vdex does not exist.
03-12 08:54:27.843   733   865 I artd    : GetBestInfo checking odex next to the dex file (/data/user_de/0/com.google.android.gms/app_chimera/m/00000011/oat/x86_64/dl-Appsearch.optional_260931100800.odex)
03-12 08:54:27.843   733   865 I artd    : Loading /data/user_de/0/com.google.android.gms/app_chimera/m/00000011/oat/x86_64/dl-Appsearch.optional_260931100800.odex with executable: 0
03-12 08:54:27.843   733   865 I artd    : OatFileAssistant test for existing oat file /data/user_de/0/com.google.android.gms/app_chimera/m/00000011/oat/x86_64/dl-Appsearch.optional_260931100800.odex: File /data/user_de/0/com.google.android.gms/app_chimera/m/00000011/oat/x86_64/dl-Appsearch.optional_260931100800.vdex does not exist.
03-12 08:54:27.843   733   865 I artd    : GetBestInfo checking vdex in dalvik-cache (/data/dalvik-cache/x86_64/data@user_de@0@com.google.android.gms@app_chimera@m@00000011@dl-Appsearch.optional_260931100800.apk@classes.vdex)
03-12 08:54:27.843   733   865 I artd    : unable to open vdex file /data/dalvik-cache/x86_64/data@user_de@0@com.google.android.gms@app_chimera@m@00000011@dl-Appsearch.optional_260931100800.apk@classes.vdex: File /data/dalvik-cache/x86_64/data@user_de@0@com.google.android.gms@app_chimera@m@00000011@dl-Appsearch.optional_260931100800.apk@classes.vdex does not exist.
03-12 08:54:27.843   733   865 I artd    : OatFileAssistant test for existing oat file /data/dalvik-cache/x86_64/data@user_de@0@com.google.android.gms@app_chimera@m@00000011@dl-Appsearch.optional_260931100800.apk@classes.vdex: File /data/dalvik-cache/x86_64/data@user_de@0@com.google.android.gms@app_chimera@m@00000011@dl-Appsearch.optional_260931100800.apk@classes.vdex does not exist.
03-12 08:54:27.843   733   865 I artd    : GetBestInfo checking vdex next to the dex file (/data/user_de/0/com.google.android.gms/app_chimera/m/00000011/oat/x86_64/dl-Appsearch.optional_260931100800.vdex)
03-12 08:54:27.843   733   865 I artd    : unable to open vdex file /data/user_de/0/com.google.android.gms/app_chimera/m/00000011/oat/x86_64/dl-Appsearch.optional_260931100800.vdex: File /data/user_de/0/com.google.android.gms/app_chimera/m/00000011/oat/x86_64/dl-Appsearch.optional_260931100800.vdex does not exist.
03-12 08:54:27.843   733   865 I artd    : OatFileAssistant test for existing oat file /data/user_de/0/com.google.android.gms/app_chimera/m/00000011/oat/x86_64/dl-Appsearch.optional_260931100800.vdex: File /data/user_de/0/com.google.android.gms/app_chimera/m/00000011/oat/x86_64/dl-Appsearch.optional_260931100800.vdex does not exist.
03-12 08:54:27.843   733   865 I artd    : GetBestInfo checking dm (/data/user_de/0/com.google.android.gms/app_chimera/m/00000011/dl-Appsearch.optional_260931100800.dm)
03-12 08:54:27.844   733   865 W ziparchive: Unable to open '/data/user_de/0/com.google.android.gms/app_chimera/m/00000011/dl-Appsearch.optional_260931100800.dm': No such file or directory
03-12 08:54:27.844   733   865 I artd    : OatFileAssistant test for existing oat file /data/user_de/0/com.google.android.gms/app_chimera/m/00000011/dl-Appsearch.optional_260931100800.dm: I/O error
03-12 08:54:27.844   733   865 I artd    : GetBestInfo checking dm (/data/user_de/0/com.google.android.gms/app_chimera/m/00000011/dl-Appsearch.optional_260931100800.dm)
03-12 08:54:27.844   733   865 W ziparchive: Unable to open '/data/user_de/0/com.google.android.gms/app_chimera/m/00000011/dl-Appsearch.optional_260931100800.dm': No such file or directory
03-12 08:54:27.844   733   865 I artd    : OatFileAssistant test for existing oat file /data/user_de/0/com.google.android.gms/app_chimera/m/00000011/dl-Appsearch.optional_260931100800.dm: I/O error
03-12 08:54:27.844   733   865 I artd    : GetBestInfo no usable artifacts
03-12 08:54:27.845   733   865 I artd    : Dex parent of /data/user/0/com.google.android.gms/app_dg_cache/E893C01D331CD1FBE6F076D28A1BA871F16A1DEC/the.apk is not writable: Permission denied
03-12 08:54:27.845   733   865 I artd    : GetBestInfo checking odex in dalvik-cache (/data/dalvik-cache/x86_64/data@user@0@com.google.android.gms@app_dg_cache@E893C01D331CD1FBE6F076D28A1BA871F16A1DEC@the.apk@classes.dex)
03-12 08:54:27.845   733   865 I artd    : Loading /data/dalvik-cache/x86_64/data@user@0@com.google.android.gms@app_dg_cache@E893C01D331CD1FBE6F076D28A1BA871F16A1DEC@the.apk@classes.dex with executable: 0
03-12 08:54:27.845   733   865 I artd    : OatFileAssistant test for existing oat file /data/dalvik-cache/x86_64/data@user@0@com.google.android.gms@app_dg_cache@E893C01D331CD1FBE6F076D28A1BA871F16A1DEC@the.apk@classes.dex: File /data/dalvik-cache/x86_64/data@user@0@com.google.android.gms@app_dg_cache@E893C01D331CD1FBE6F076D28A1BA871F16A1DEC@the.apk@classes.vdex does not exist.
03-12 08:54:27.845   733   865 I artd    : GetBestInfo checking odex next to the dex file (/data/user/0/com.google.android.gms/app_dg_cache/E893C01D331CD1FBE6F076D28A1BA871F16A1DEC/oat/x86_64/the.odex)
03-12 08:54:27.846   733   865 I artd    : Loading /data/user/0/com.google.android.gms/app_dg_cache/E893C01D331CD1FBE6F076D28A1BA871F16A1DEC/oat/x86_64/the.odex with executable: 0
03-12 08:54:27.846   733   865 I artd    : OatFileAssistant test for existing oat file /data/user/0/com.google.android.gms/app_dg_cache/E893C01D331CD1FBE6F076D28A1BA871F16A1DEC/oat/x86_64/the.odex: Failed to open oat filename for reading: No such file or directory
03-12 08:54:27.846   733   865 I artd    : GetBestInfo checking vdex in dalvik-cache (/data/dalvik-cache/x86_64/data@user@0@com.google.android.gms@app_dg_cache@E893C01D331CD1FBE6F076D28A1BA871F16A1DEC@the.apk@classes.vdex)
03-12 08:54:27.846   733   865 I artd    : unable to open vdex file /data/dalvik-cache/x86_64/data@user@0@com.google.android.gms@app_dg_cache@E893C01D331CD1FBE6F076D28A1BA871F16A1DEC@the.apk@classes.vdex: File /data/dalvik-cache/x86_64/data@user@0@com.google.android.gms@app_dg_cache@E893C01D331CD1FBE6F076D28A1BA871F16A1DEC@the.apk@classes.vdex does not exist.
03-12 08:54:27.846   733   865 I artd    : OatFileAssistant test for existing oat file /data/dalvik-cache/x86_64/data@user@0@com.google.android.gms@app_dg_cache@E893C01D331CD1FBE6F076D28A1BA871F16A1DEC@the.apk@classes.vdex: File /data/dalvik-cache/x86_64/data@user@0@com.google.android.gms@app_dg_cache@E893C01D331CD1FBE6F076D28A1BA871F16A1DEC@the.apk@classes.vdex does not exist.
03-12 08:54:27.846   733   865 I artd    : GetBestInfo checking vdex next to the dex file (/data/user/0/com.google.android.gms/app_dg_cache/E893C01D331CD1FBE6F076D28A1BA871F16A1DEC/oat/x86_64/the.vdex)
03-12 08:54:27.846   733   865 I artd    : Successfully loaded /data/user/0/com.google.android.gms/app_dg_cache/E893C01D331CD1FBE6F076D28A1BA871F16A1DEC/oat/x86_64/the.vdex with executable: 0
03-12 08:54:27.846   733   865 I artd    : Image checksum test skipped for vdex file /data/user/0/com.google.android.gms/app_dg_cache/E893C01D331CD1FBE6F076D28A1BA871F16A1DEC/oat/x86_64/the.vdex
03-12 08:54:27.846   733   865 I artd    : /data/user/0/com.google.android.gms/app_dg_cache/E893C01D331CD1FBE6F076D28A1BA871F16A1DEC/oat/x86_64/the.vdex is kOatUpToDate with filter verify
03-12 08:54:27.848   733   865 I artd    : Dex parent of /data/user_de/0/com.google.android.gms/app_chimera/m/00000003/CronetDynamite.uncompressed.apk is not writable: No such file or directory
03-12 08:54:27.848   733   865 I artd    : GetBestInfo checking odex in dalvik-cache (/data/dalvik-cache/x86_64/data@user_de@0@com.google.android.gms@app_chimera@m@00000003@CronetDynamite.uncompressed.apk@classes.dex)
03-12 08:54:27.848   733   865 I artd    : Loading /data/dalvik-cache/x86_64/data@user_de@0@com.google.android.gms@app_chimera@m@00000003@CronetDynamite.uncompressed.apk@classes.dex with executable: 0
03-12 08:54:27.848   733   865 I artd    : OatFileAssistant test for existing oat file /data/dalvik-cache/x86_64/data@user_de@0@com.google.android.gms@app_chimera@m@00000003@CronetDynamite.uncompressed.apk@classes.dex: File /data/dalvik-cache/x86_64/data@user_de@0@com.google.android.gms@app_chimera@m@00000003@CronetDynamite.uncompressed.apk@classes.vdex does not exist.
03-12 08:54:27.848   733   865 I artd    : GetBestInfo checking odex next to the dex file (/data/user_de/0/com.google.android.gms/app_chimera/m/00000003/oat/x86_64/CronetDynamite.uncompressed.odex)
03-12 08:54:27.848   733   865 I artd    : Loading /data/user_de/0/com.google.android.gms/app_chimera/m/00000003/oat/x86_64/CronetDynamite.uncompressed.odex with executable: 0
03-12 08:54:27.848   733   865 I artd    : OatFileAssistant test for existing oat file /data/user_de/0/com.google.android.gms/app_chimera/m/00000003/oat/x86_64/CronetDynamite.uncompressed.odex: File /data/user_de/0/com.google.android.gms/app_chimera/m/00000003/oat/x86_64/CronetDynamite.uncompressed.vdex does not exist.
03-12 08:54:27.848   733   865 I artd    : GetBestInfo checking vdex in dalvik-cache (/data/dalvik-cache/x86_64/data@user_de@0@com.google.android.gms@app_chimera@m@00000003@CronetDynamite.uncompressed.apk@classes.vdex)
03-12 08:54:27.849   733   865 I artd    : unable to open vdex file /data/dalvik-cache/x86_64/data@user_de@0@com.google.android.gms@app_chimera@m@00000003@CronetDynamite.uncompressed.apk@classes.vdex: File /data/dalvik-cache/x86_64/data@user_de@0@com.google.android.gms@app_chimera@m@00000003@CronetDynamite.uncompressed.apk@classes.vdex does not exist.
03-12 08:54:27.849   733   865 I artd    : OatFileAssistant test for existing oat file /data/dalvik-cache/x86_64/data@user_de@0@com.google.android.gms@app_chimera@m@00000003@CronetDynamite.uncompressed.apk@classes.vdex: File /data/dalvik-cache/x86_64/data@user_de@0@com.google.android.gms@app_chimera@m@00000003@CronetDynamite.uncompressed.apk@classes.vdex does not exist.
03-12 08:54:27.849   733   865 I artd    : GetBestInfo checking vdex next to the dex file (/data/user_de/0/com.google.android.gms/app_chimera/m/00000003/oat/x86_64/CronetDynamite.uncompressed.vdex)
03-12 08:54:27.849   733   865 I artd    : unable to open vdex file /data/user_de/0/com.google.android.gms/app_chimera/m/00000003/oat/x86_64/CronetDynamite.uncompressed.vdex: File /data/user_de/0/com.google.android.gms/app_chimera/m/00000003/oat/x86_64/CronetDynamite.uncompressed.vdex does not exist.
03-12 08:54:27.849   733   865 I artd    : OatFileAssistant test for existing oat file /data/user_de/0/com.google.android.gms/app_chimera/m/00000003/oat/x86_64/CronetDynamite.uncompressed.vdex: File /data/user_de/0/com.google.android.gms/app_chimera/m/00000003/oat/x86_64/CronetDynamite.uncompressed.vdex does not exist.
03-12 08:54:27.849   733   865 I artd    : GetBestInfo checking dm (/data/user_de/0/com.google.android.gms/app_chimera/m/00000003/CronetDynamite.uncompressed.dm)
03-12 08:54:27.849   733   865 W ziparchive: Unable to open '/data/user_de/0/com.google.android.gms/app_chimera/m/00000003/CronetDynamite.uncompressed.dm': No such file or directory
03-12 08:54:27.849   733   865 I artd    : OatFileAssistant test for existing oat file /data/user_de/0/com.google.android.gms/app_chimera/m/00000003/CronetDynamite.uncompressed.dm: I/O error
03-12 08:54:27.849   733   865 I artd    : GetBestInfo checking dm (/data/user_de/0/com.google.android.gms/app_chimera/m/00000003/CronetDynamite.uncompressed.dm)
03-12 08:54:27.849   733   865 W ziparchive: Unable to open '/data/user_de/0/com.google.android.gms/app_chimera/m/00000003/CronetDynamite.uncompressed.dm': No such file or directory
03-12 08:54:27.849   733   865 I artd    : OatFileAssistant test for existing oat file /data/user_de/0/com.google.android.gms/app_chimera/m/00000003/CronetDynamite.uncompressed.dm: I/O error
03-12 08:54:27.849   733   865 I artd    : GetBestInfo no usable artifacts
03-12 08:54:27.851   733   865 I artd    : Dex parent of /data/user_de/0/com.google.android.gms/app_chimera/m/00000004/DynamiteLoader.uncompressed.apk is not writable: No such file or directory
03-12 08:54:27.851   733   865 I artd    : GetBestInfo checking odex in dalvik-cache (/data/dalvik-cache/x86_64/data@user_de@0@com.google.android.gms@app_chimera@m@00000004@DynamiteLoader.uncompressed.apk@classes.dex)
03-12 08:54:27.851   733   865 I artd    : Loading /data/dalvik-cache/x86_64/data@user_de@0@com.google.android.gms@app_chimera@m@00000004@DynamiteLoader.uncompressed.apk@classes.dex with executable: 0
03-12 08:54:27.851   733   865 I artd    : OatFileAssistant test for existing oat file /data/dalvik-cache/x86_64/data@user_de@0@com.google.android.gms@app_chimera@m@00000004@DynamiteLoader.uncompressed.apk@classes.dex: File /data/dalvik-cache/x86_64/data@user_de@0@com.google.android.gms@app_chimera@m@00000004@DynamiteLoader.uncompressed.apk@classes.vdex does not exist.
03-12 08:54:27.851   733   865 I artd    : GetBestInfo checking odex next to the dex file (/data/user_de/0/com.google.android.gms/app_chimera/m/00000004/oat/x86_64/DynamiteLoader.uncompressed.odex)
03-12 08:54:27.851   733   865 I artd    : Loading /data/user_de/0/com.google.android.gms/app_chimera/m/00000004/oat/x86_64/DynamiteLoader.uncompressed.odex with executable: 0
03-12 08:54:27.851   733   865 I artd    : OatFileAssistant test for existing oat file /data/user_de/0/com.google.android.gms/app_chimera/m/00000004/oat/x86_64/DynamiteLoader.uncompressed.odex: File /data/user_de/0/com.google.android.gms/app_chimera/m/00000004/oat/x86_64/DynamiteLoader.uncompressed.vdex does not exist.
03-12 08:54:27.851   733   865 I artd    : GetBestInfo checking vdex in dalvik-cache (/data/dalvik-cache/x86_64/data@user_de@0@com.google.android.gms@app_chimera@m@00000004@DynamiteLoader.uncompressed.apk@classes.vdex)
03-12 08:54:27.851   733   865 I artd    : unable to open vdex file /data/dalvik-cache/x86_64/data@user_de@0@com.google.android.gms@app_chimera@m@00000004@DynamiteLoader.uncompressed.apk@classes.vdex: File /data/dalvik-cache/x86_64/data@user_de@0@com.google.android.gms@app_chimera@m@00000004@DynamiteLoader.uncompressed.apk@classes.vdex does not exist.
03-12 08:54:27.851   733   865 I artd    : OatFileAssistant test for existing oat file /data/dalvik-cache/x86_64/data@user_de@0@com.google.android.gms@app_chimera@m@00000004@DynamiteLoader.uncompressed.apk@classes.vdex: File /data/dalvik-cache/x86_64/data@user_de@0@com.google.android.gms@app_chimera@m@00000004@DynamiteLoader.uncompressed.apk@classes.vdex does not exist.
03-12 08:54:27.851   733   865 I artd    : GetBestInfo checking vdex next to the dex file (/data/user_de/0/com.google.android.gms/app_chimera/m/00000004/oat/x86_64/DynamiteLoader.uncompressed.vdex)
03-12 08:54:27.851   733   865 I artd    : unable to open vdex file /data/user_de/0/com.google.android.gms/app_chimera/m/00000004/oat/x86_64/DynamiteLoader.uncompressed.vdex: File /data/user_de/0/com.google.android.gms/app_chimera/m/00000004/oat/x86_64/DynamiteLoader.uncompressed.vdex does not exist.
03-12 08:54:27.851   733   865 I artd    : OatFileAssistant test for existing oat file /data/user_de/0/com.google.android.gms/app_chimera/m/00000004/oat/x86_64/DynamiteLoader.uncompressed.vdex: File /data/user_de/0/com.google.android.gms/app_chimera/m/00000004/oat/x86_64/DynamiteLoader.uncompressed.vdex does not exist.
03-12 08:54:27.852   733   865 I artd    : GetBestInfo checking dm (/data/user_de/0/com.google.android.gms/app_chimera/m/00000004/DynamiteLoader.uncompressed.dm)
03-12 08:54:27.852   733   865 W ziparchive: Unable to open '/data/user_de/0/com.google.android.gms/app_chimera/m/00000004/DynamiteLoader.uncompressed.dm': No such file or directory
03-12 08:54:27.852   733   865 I artd    : OatFileAssistant test for existing oat file /data/user_de/0/com.google.android.gms/app_chimera/m/00000004/DynamiteLoader.uncompressed.dm: I/O error
03-12 08:54:27.852   733   865 I artd    : GetBestInfo checking dm (/data/user_de/0/com.google.android.gms/app_chimera/m/00000004/DynamiteLoader.uncompressed.dm)
03-12 08:54:27.852   733   865 W ziparchive: Unable to open '/data/user_de/0/com.google.android.gms/app_chimera/m/00000004/DynamiteLoader.uncompressed.dm': No such file or directory
03-12 08:54:27.852   733   865 I artd    : OatFileAssistant test for existing oat file /data/user_de/0/com.google.android.gms/app_chimera/m/00000004/DynamiteLoader.uncompressed.dm: I/O error
03-12 08:54:27.852   733   865 I artd    : GetBestInfo no usable artifacts
03-12 08:54:27.854   733   865 I artd    : Dex parent of /data/user_de/0/com.google.android.gms/app_chimera/m/00000009/MeasurementDynamite.apk is not writable: No such file or directory
03-12 08:54:27.854   733   865 I artd    : GetBestInfo checking odex in dalvik-cache (/data/dalvik-cache/x86_64/data@user_de@0@com.google.android.gms@app_chimera@m@00000009@MeasurementDynamite.apk@classes.dex)
03-12 08:54:27.854   733   865 I artd    : Loading /data/dalvik-cache/x86_64/data@user_de@0@com.google.android.gms@app_chimera@m@00000009@MeasurementDynamite.apk@classes.dex with executable: 0
03-12 08:54:27.854   733   865 I artd    : OatFileAssistant test for existing oat file /data/dalvik-cache/x86_64/data@user_de@0@com.google.android.gms@app_chimera@m@00000009@MeasurementDynamite.apk@classes.dex: File /data/dalvik-cache/x86_64/data@user_de@0@com.google.android.gms@app_chimera@m@00000009@MeasurementDynamite.apk@classes.vdex does not exist.
03-12 08:54:27.854   733   865 I artd    : GetBestInfo checking odex next to the dex file (/data/user_de/0/com.google.android.gms/app_chimera/m/00000009/oat/x86_64/MeasurementDynamite.odex)
03-12 08:54:27.855   733   865 I artd    : Loading /data/user_de/0/com.google.android.gms/app_chimera/m/00000009/oat/x86_64/MeasurementDynamite.odex with executable: 0
03-12 08:54:27.855   733   865 I artd    : OatFileAssistant test for existing oat file /data/user_de/0/com.google.android.gms/app_chimera/m/00000009/oat/x86_64/MeasurementDynamite.odex: File /data/user_de/0/com.google.android.gms/app_chimera/m/00000009/oat/x86_64/MeasurementDynamite.vdex does not exist.
03-12 08:54:27.855   733   865 I artd    : GetBestInfo checking vdex in dalvik-cache (/data/dalvik-cache/x86_64/data@user_de@0@com.google.android.gms@app_chimera@m@00000009@MeasurementDynamite.apk@classes.vdex)
03-12 08:54:27.855   733   865 I artd    : unable to open vdex file /data/dalvik-cache/x86_64/data@user_de@0@com.google.android.gms@app_chimera@m@00000009@MeasurementDynamite.apk@classes.vdex: File /data/dalvik-cache/x86_64/data@user_de@0@com.google.android.gms@app_chimera@m@00000009@MeasurementDynamite.apk@classes.vdex does not exist.
03-12 08:54:27.855   733   865 I artd    : OatFileAssistant test for existing oat file /data/dalvik-cache/x86_64/data@user_de@0@com.google.android.gms@app_chimera@m@00000009@MeasurementDynamite.apk@classes.vdex: File /data/dalvik-cache/x86_64/data@user_de@0@com.google.android.gms@app_chimera@m@00000009@MeasurementDynamite.apk@classes.vdex does not exist.
03-12 08:54:27.855   733   865 I artd    : GetBestInfo checking vdex next to the dex file (/data/user_de/0/com.google.android.gms/app_chimera/m/00000009/oat/x86_64/MeasurementDynamite.vdex)
03-12 08:54:27.855   733   865 I artd    : unable to open vdex file /data/user_de/0/com.google.android.gms/app_chimera/m/00000009/oat/x86_64/MeasurementDynamite.vdex: File /data/user_de/0/com.google.android.gms/app_chimera/m/00000009/oat/x86_64/MeasurementDynamite.vdex does not exist.
03-12 08:54:27.855   733   865 I artd    : OatFileAssistant test for existing oat file /data/user_de/0/com.google.android.gms/app_chimera/m/00000009/oat/x86_64/MeasurementDynamite.vdex: File /data/user_de/0/com.google.android.gms/app_chimera/m/00000009/oat/x86_64/MeasurementDynamite.vdex does not exist.
03-12 08:54:27.855   733   865 I artd    : GetBestInfo checking dm (/data/user_de/0/com.google.android.gms/app_chimera/m/00000009/MeasurementDynamite.dm)
03-12 08:54:27.855   733   865 W ziparchive: Unable to open '/data/user_de/0/com.google.android.gms/app_chimera/m/00000009/MeasurementDynamite.dm': No such file or directory
03-12 08:54:27.855   733   865 I artd    : OatFileAssistant test for existing oat file /data/user_de/0/com.google.android.gms/app_chimera/m/00000009/MeasurementDynamite.dm: I/O error
03-12 08:54:27.855   733   865 I artd    : GetBestInfo checking dm (/data/user_de/0/com.google.android.gms/app_chimera/m/00000009/MeasurementDynamite.dm)
03-12 08:54:27.855   733   865 W ziparchive: Unable to open '/data/user_de/0/com.google.android.gms/app_chimera/m/00000009/MeasurementDynamite.dm': No such file or directory
03-12 08:54:27.855   733   865 I artd    : OatFileAssistant test for existing oat file /data/user_de/0/com.google.android.gms/app_chimera/m/00000009/MeasurementDynamite.dm: I/O error
03-12 08:54:27.855   733   865 I artd    : GetBestInfo no usable artifacts
03-12 08:54:28.546  1254  1264 D OverviewCommandHelper: adding command type: 4
03-12 08:54:28.547  1254  1254 D OverviewCommandHelper: executeCommand: CommandInfo(type=4, createTime=5726514, mActiveCallbacks=null) - visibleRecentsView: null
03-12 08:54:28.559   988   988 I vol.VolumeDialogImpl: mDialog.dismiss() reason: volume_controller from: com.android.systemui.volume.VolumeDialogImpl$7.onDismissRequested:3
03-12 08:54:28.566  1254  1254 D ActivityTracker: Registering callback: com.android.launcher3.LauncherInitListener@64c4062, reason=OverviewCommandHelper: cmd.type=4
03-12 08:54:28.567  1254  1254 D RecentsView: onGestureAnimationStart - runningTasks: [[id=17 windowingMode=1 user=0 lastActiveTime=5701354] null]
03-12 08:54:28.567  1254  1254 D RecentsView: showCurrentTask - runningTasks: [[id=17 windowingMode=1 user=0 lastActiveTime=5701354] null]
03-12 08:54:28.573  1254  1254 D OverviewActionsView: updateForGroupedTask() called with: isGroupedTask = [false], canSaveAppPair = [false]
03-12 08:54:28.574  1254  1254 D OverviewActionsView: updateActionButtonsVisibility() called: showSingleTaskActions = [true], showGroupActions = [false]
03-12 08:54:28.576  1254  1254 D RecentsView: onGestureAnimationStart - runningTasks: [[id=17 windowingMode=1 user=0 lastActiveTime=5701354] null]
03-12 08:54:28.577  1254  1254 D RecentsView: showCurrentTask - runningTasks: [[id=17 windowingMode=1 user=0 lastActiveTime=5701354] null]
03-12 08:54:28.577  1254  1254 D OverviewCommandHelper: switching via recents animation - onGestureStarted: CommandInfo(type=4, createTime=5726514, mActiveCallbacks=com.android.quickstep.RecentsAnimationCallbacks@e126a4)
03-12 08:54:28.577  1254  1254 D OverviewCommandHelper: executeNext cmd type: CommandInfo(type=4, createTime=5726514, mActiveCallbacks=com.android.quickstep.RecentsAnimationCallbacks@e126a4), result: false
03-12 08:54:28.577   988  1021 V ShellRecents: RecentsTransitionHandler.startRecentsTransition
03-12 08:54:28.579   988  1021 D ShellDesktopMode: DesktopTaskRepo: visibleTaskCount= 0
03-12 08:54:28.579   988  1021 V WindowManagerShell: Directly starting a new transition type=3 wct=WindowContainerTransaction { changes = {} hops = [{PendingIntent: options=Bundle[mParcelledData.dataSize=412]}] errorCallbackToken=null taskFragmentOrganizer=null } handler=com.android.wm.shell.recents.RecentsTransitionHandler@d6a40be
03-12 08:54:28.585   458   458 I BpBinder: onLastStrongRef automatically unlinking death recipients: 
03-12 08:54:28.586  1254  1254 D RecentsView: applyLoadPlan - taskGroups: [type=1 task1=[id=17 windowingMode=1 user=0 lastActiveTime=5702490] null task2=null]
03-12 08:54:28.586  1254  1254 D OverviewActionsView: updateForGroupedTask() called with: isGroupedTask = [false], canSaveAppPair = [false]
03-12 08:54:28.586  1254  1254 D OverviewActionsView: updateActionButtonsVisibility() called: showSingleTaskActions = [true], showGroupActions = [false]
03-12 08:54:28.587  1254  1254 D OverviewActionsView: updateForGroupedTask() called with: isGroupedTask = [false], canSaveAppPair = [false]
03-12 08:54:28.587  1254  1254 D OverviewActionsView: updateActionButtonsVisibility() called: showSingleTaskActions = [true], showGroupActions = [false]
03-12 08:54:28.594   988  1021 V ShellRecents: [177990206] RecentsController.setTransition: id=android.os.BinderProxy@fb5d09f
03-12 08:54:28.595   988   988 I vol.VolumeDialogImpl: mDialog.dismiss() reason: volume_controller from: com.android.systemui.volume.VolumeDialogImpl$7.onDismissRequested:3
03-12 08:54:28.595   988   988 D vol.VolumeDialogImpl: dismissH: skipping dismiss because isAnimatingDismiss is true and showingStateInconsistent is false
03-12 08:54:28.622  1254  1254 D b/254119092: mActivity onDeviceProfileChanged
03-12 08:54:28.622  1254  1254 D b/254119092: mActivity and mContext agree taskbarIsPresent=true
03-12 08:54:28.629   578   687 D ActivityManager: sync unfroze 6856 com.google.android.googlequicksearchbox:search for 6
03-12 08:54:28.646  1254  1254 D b/254119092: QuickstepLauncher#onDeviceProfileChanged
03-12 08:54:28.646  1254  1254 D b/254119092: mActivity and mContext agree taskbarIsPresent=true
03-12 08:54:28.646  1254  1254 D OverviewActionsView: updateForGroupedTask() called with: isGroupedTask = [false], canSaveAppPair = [false]
03-12 08:54:28.647  1254  1254 D OverviewActionsView: updateActionButtonsVisibility() called: showSingleTaskActions = [true], showGroupActions = [false]
03-12 08:54:28.647  1254  1254 D OverviewActionsView: updateActionButtonsVisibility() called: showSingleTaskActions = [true], showGroupActions = [false]
03-12 08:54:28.647  1254  1277 D b/267448330: provider: ComponentInfo{com.google.android.deskclock/com.android.alarmclock.AnalogAppWidgetProvider}, paddedSizes: [220.0x309.0, 220.0x309.0, 304.0x233.0, 304.0x233.0], getMinMaxSizes: Rect(220, 233 - 304, 309)
03-12 08:54:28.650   578  1244 W ProcessStats: Tracking association SourceState{be9eb01 system/1000 ImpBg #14827} whose proc state 6 is better than process ProcessState{2623cfa com.google.android.googlequicksearchbox:search/10144 pkg=com.google.android.googlequicksearchbox} proc state 14 (3 skipped)
03-12 08:54:28.652  1254  1277 D b/267448330: provider: ComponentInfo{com.google.android.calendar/com.android.calendar.widget.CalendarAppWidgetProvider}, paddedSizes: [220.0x309.0, 220.0x309.0, 304.0x233.0, 304.0x233.0], getMinMaxSizes: Rect(220, 233 - 304, 309)
03-12 08:54:28.653  1254  1254 D StatsLog: LAUNCHER_GOOGLE_SEARCH_RESTORE_LIST_SIZE_AFTER_ACTIVITY_RESTART
03-12 08:54:28.663  1254  1254 D ModelCallbacks: startBinding: hotseat layout was vertical: false and is setting to false
03-12 08:54:28.668  6856  6856 I PCP.LocalCalendarWorker: Local calendar periodic scheduler worker starts.
03-12 08:54:28.668  1254  1254 D Launcher.Workspace: addInScreenFromBind: hotseat inflation with x = 0 and y = 0
03-12 08:54:28.668  1254  1254 D Launcher.Workspace: addInScreenFromBind: hotseat inflation with x = 1 and y = 0
03-12 08:54:28.668  1254  1254 D Launcher.Workspace: addInScreenFromBind: hotseat inflation with x = 2 and y = 0
03-12 08:54:28.668  1254  1254 D Launcher.Workspace: addInScreenFromBind: hotseat inflation with x = 3 and y = 0
03-12 08:54:28.668  6856  6856 I A       : Scheduling the PCP local calendar update worker.
03-12 08:54:28.671  1254  1254 I LauncherAppWidgetHostView: App widget created with id: 2
03-12 08:54:28.671  1254  1254 I LauncherAppWidgetHostView: App widget with id: 2 loaded
03-12 08:54:28.674  6856  6887 I A       : Calendar refresh worker found. Do not schedule new one.
03-12 08:54:28.676  6856  6893 I WM-WorkerWrapper: Worker result SUCCESS for Work [ id=c6bc0f15-00fb-4e5c-8060-b5fdcef3b6a9, tags={ com.google.apps.tiktok.contrib.work.TikTokListenableWorker,TikTokWorker#com.google.android.apps.search.assistant.platform.pcp.featuredata.localcalendar.LocalCalendarPeriodicSchedulerWorker } ]
03-12 08:54:28.686  1254  1254 I LauncherAppWidgetHostView: App widget created with id: 3
03-12 08:54:28.686  1254  1254 I LauncherAppWidgetHostView: App widget with id: 3 loaded
03-12 08:54:28.698  1254  1254 D Launcher.Workspace: addInScreenFromBind: hotseat inflation with x = 4 and y = 0
03-12 08:54:28.701  1254  1254 D Launcher.Workspace: addInScreenFromBind: hotseat inflation with x = 5 and y = 0
03-12 08:54:28.712  1254  1254 D StateManager: goToState - fromState: Normal, toState: Background, partial trace:
03-12 08:54:28.712  1254  1254 D StateManager: 	at com.android.quickstep.BaseActivityInterface$DefaultAnimationFactory.initBackgroundStateUI(go/retraceme 6880898d8cae178d08f8c6e9adec44ea003840882148de9d3f2387cda32e2ac9:41)
03-12 08:54:28.712  1254  1254 D StateManager: 	at com.android.quickstep.LauncherActivityInterface.prepareRecentsUI(go/retraceme 6880898d8cae178d08f8c6e9adec44ea003840882148de9d3f2387cda32e2ac9:13)
03-12 08:54:28.712  1254  1254 D StateManager: 	at com.android.quickstep.AbsSwipeUpHandler.lambda$onLauncherStart$7(go/retraceme 6880898d8cae178d08f8c6e9adec44ea003840882148de9d3f2387cda32e2ac9:13)
03-12 08:54:28.712   988  1021 D WindowManagerShell: setLauncherKeepClearAreaHeight: visible=false, height=202
03-12 08:54:28.717  1254  1261 W s.nexuslauncher: ApkAssets: Deleting an ApkAssets object '<empty> and /data/app/~~pTaHc-4tI3adsfrxHj14Mg==/com.partesdetrabajo.app-29qjBFZxWU2xy6BvjVcuPw==/base.apk' with 1 weak references
03-12 08:54:28.719  1254  1254 D StateManager: onStateTransitionStart - state: Background
03-12 08:54:28.722  1254  1261 W s.nexuslauncher: ApkAssets: Deleting an ApkAssets object '<empty> and /product/priv-app/Velvet/Velvet.apk' with 1 weak references
03-12 08:54:28.724  1254  1261 W System  : A resource failed to call release. 
03-12 08:54:28.724  1254  1261 W System  : A resource failed to call release. 
03-12 08:54:28.724  1254  1261 W System  : A resource failed to call release. 
