--------- beginning of main
03-12 08:54:01.052  1254  1278 D QuickstepModelDelegate: notifyAppTargetEvent action=1 launchLocation=workspace/0/[-1,-1]/[1,1]
03-12 08:54:01.080   387   387 I Zygote  : Process 12371 exited due to signal 9 (Killed)
03-12 08:54:01.081   387   387 I Zygote  : Process 11253 exited due to signal 9 (Killed)
03-12 08:54:01.082  1051  1051 I Zygote  : Process 12214 exited cleanly (0)
03-12 08:54:01.092  1254  1254 I TopTaskTracker: onTaskMovedToFront: (moved taskInfo to front) taskId=7, baseIntent=Intent { act=android.intent.action.MAIN cat=[android.intent.category.HOME] flg=0x10000100 cmp=com.google.android.apps.nexuslauncher/.NexusLauncherActivity }
--------- beginning of system
03-12 08:54:01.107   578   598 W Looper  : Slow dispatch took 117ms android.ui h=com.android.server.am.ActivityManagerService$UiHandler c=com.android.server.am.UidObserverController$$ExternalSyntheticLambda0@b748ece m=0
03-12 08:54:01.110   578   598 D DisplayManagerService: Drop pending events for gone uid 99009
03-12 08:54:01.120 12322 12329 W .intentresolver: ApkAssets: Deleting an ApkAssets object '<empty> and /apex/com.android.btservices/app/BluetoothGoogle@342010060/BluetoothGoogle.apk' with 1 weak references
03-12 08:54:01.123 12322 12329 W .intentresolver: ApkAssets: Deleting an ApkAssets object '<empty> and /product/app/Drive/Drive.apk' with 1 weak references
03-12 08:54:01.125 12322 12329 W .intentresolver: ApkAssets: Deleting an ApkAssets object '<empty> and /product/app/PrebuiltGmail/PrebuiltGmail.apk' with 1 weak references
03-12 08:54:01.127 12322 12329 W .intentresolver: ApkAssets: Deleting an ApkAssets object '<empty> and /data/app/~~QbfMBCHN6AWoZYT3f3Kpqw==/com.google.android.gms-oHHfKXZhPUL0eAmwN3RZhw==/base.apk' with 1 weak references
03-12 08:54:01.130   578   598 D DisplayManagerService: Drop pending events for gone uid 10134
03-12 08:54:01.145 12322 12329 W .intentresolver: ApkAssets: Deleting an ApkAssets object '<empty> and /data/app/~~QbfMBCHN6AWoZYT3f3Kpqw==/com.google.android.gms-oHHfKXZhPUL0eAmwN3RZhw==/split_AdsDynamite_installtime.apk' with 1 weak references
03-12 08:54:01.145 12322 12329 W .intentresolver: ApkAssets: Deleting an ApkAssets object '<empty> and /data/app/~~QbfMBCHN6AWoZYT3f3Kpqw==/com.google.android.gms-oHHfKXZhPUL0eAmwN3RZhw==/split_CronetDynamite_installtime.apk' with 1 weak references
03-12 08:54:01.145 12322 12329 W .intentresolver: ApkAssets: Deleting an ApkAssets object '<empty> and /data/app/~~QbfMBCHN6AWoZYT3f3Kpqw==/com.google.android.gms-oHHfKXZhPUL0eAmwN3RZhw==/split_DynamiteLoader_installtime.apk' with 1 weak references
03-12 08:54:01.145 12322 12329 W .intentresolver: ApkAssets: Deleting an ApkAssets object '<empty> and /data/app/~~QbfMBCHN6AWoZYT3f3Kpqw==/com.google.android.gms-oHHfKXZhPUL0eAmwN3RZhw==/split_DynamiteModulesA_installtime.apk' with 1 weak references
03-12 08:54:01.145 12322 12329 W .intentresolver: ApkAssets: Deleting an ApkAssets object '<empty> and /data/app/~~QbfMBCHN6AWoZYT3f3Kpqw==/com.google.android.gms-oHHfKXZhPUL0eAmwN3RZhw==/split_DynamiteModulesC_installtime.apk' with 1 weak references
03-12 08:54:01.145 12322 12329 W .intentresolver: ApkAssets: Deleting an ApkAssets object '<empty> and /data/app/~~QbfMBCHN6AWoZYT3f3Kpqw==/com.google.android.gms-oHHfKXZhPUL0eAmwN3RZhw==/split_GoogleCertificates_installtime.apk' with 1 weak references
03-12 08:54:01.145 12322 12329 W .intentresolver: ApkAssets: Deleting an ApkAssets object '<empty> and /data/app/~~QbfMBCHN6AWoZYT3f3Kpqw==/com.google.android.gms-oHHfKXZhPUL0eAmwN3RZhw==/split_MapsDynamite_installtime.apk' with 1 weak references
03-12 08:54:01.145 12322 12329 W .intentresolver: ApkAssets: Deleting an ApkAssets object '<empty> and /data/app/~~QbfMBCHN6AWoZYT3f3Kpqw==/com.google.android.gms-oHHfKXZhPUL0eAmwN3RZhw==/split_MeasurementDynamite_installtime.apk' with 1 weak references
03-12 08:54:01.145 12322 12329 W .intentresolver: ApkAssets: Deleting an ApkAssets object '<empty> and /data/app/~~QbfMBCHN6AWoZYT3f3Kpqw==/com.google.android.gms-oHHfKXZhPUL0eAmwN3RZhw==/split_all_locale_splits.apk' with 1 weak references
03-12 08:54:01.145 12322 12329 W .intentresolver: ApkAssets: Deleting an ApkAssets object '<empty> and /data/app/~~QbfMBCHN6AWoZYT3f3Kpqw==/com.google.android.gms-oHHfKXZhPUL0eAmwN3RZhw==/split_config.en.apk' with 1 weak references
03-12 08:54:01.145 12322 12329 W .intentresolver: ApkAssets: Deleting an ApkAssets object '<empty> and /data/app/~~QbfMBCHN6AWoZYT3f3Kpqw==/com.google.android.gms-oHHfKXZhPUL0eAmwN3RZhw==/split_config.xhdpi.apk' with 1 weak references
03-12 08:54:01.146 12322 12329 W .intentresolver: ApkAssets: Deleting an ApkAssets object '<empty> and /data/app/~~QbfMBCHN6AWoZYT3f3Kpqw==/com.google.android.gms-oHHfKXZhPUL0eAmwN3RZhw==/split_maps_core_dynamite_ondemand.apk' with 1 weak references
03-12 08:54:01.159   988  1004 V WindowManagerShell: onTransitionReady(transaction=2482491098994)
03-12 08:54:01.160   988  1021 V WindowManagerShell: onTransitionReady (#49) android.os.BinderProxy@3dd60f8: {id=49 t=CLOSE f=0x0 trk=0 r=[0@Point(0, 0)] c=[{WCT{android.window.IWindowContainerToken$Stub$Proxy@d86b5c2} m=TO_FRONT f=SHOW_WALLPAPER|MOVE_TO_TOP leash=Surface(name=Task=1)/@0x2ee0c36 sb=Rect(0, 0 - 1600, 2560) eb=Rect(0, 0 - 1600, 2560) d=0 taskParent=-1},{WCT{android.window.IWindowContainerToken$Stub$Proxy@3c8afd3} m=CLOSE f=NONE leash=Surface(name=Task=16)/@0xed7d737 sb=Rect(0, 0 - 1600, 2560) eb=Rect(0, 0 - 1600, 2560) d=0 taskParent=-1},{null m=TO_FRONT f=IS_WALLPAPER leash=Surface(name=WallpaperWindowToken{21cab99 token=android.os.Binder@2ddcce0})/@0x10394a4 sb=Rect(0, 0 - 1600, 2560) eb=Rect(0, 0 - 1600, 2560) d=0}]}
03-12 08:54:01.162   988  1021 V WindowManagerShell: Playing animation for (#49) android.os.BinderProxy@3dd60f8@0
03-12 08:54:01.162   988  1021 V WindowManagerShell:  try handler com.android.wm.shell.transition.DefaultMixedHandler@dbb1ad4
03-12 08:54:01.162   988  1021 V WindowManagerShell:  try handler com.android.wm.shell.keyguard.KeyguardTransitionHandler@ecf347d
03-12 08:54:01.162   988  1021 V WindowManagerShell:  try handler com.android.wm.shell.pip.PipTransition@5e59f72
03-12 08:54:01.162   988  1021 V WindowManagerShell:  try handler com.android.wm.shell.activityembedding.ActivityEmbeddingController@d85cfc3
03-12 08:54:01.162   988  1021 V WindowManagerShell:  try handler com.android.wm.shell.splitscreen.StageCoordinator@b191040
03-12 08:54:01.162   988  1021 V WindowManagerShell:  try handler com.android.wm.shell.desktopmode.DesktopTasksController@e1f9b79
03-12 08:54:01.162   988  1021 V WindowManagerShell:  try handler com.android.wm.shell.recents.RecentsTransitionHandler@d6a40be
03-12 08:54:01.162   988  1021 V ShellRecents: RecentsTransitionHandler.startAnimation: no controller found
03-12 08:54:01.162   988  1021 V WindowManagerShell:  try handler com.android.wm.shell.transition.RemoteTransitionHandler@6eba51f
03-12 08:54:01.162   988  1021 V WindowManagerShell: Transition doesn't have explicit remote, search filters for match for {id=49 t=CLOSE f=0x0 trk=0 r=[0@Point(0, 0)] c=[{WCT{android.window.IWindowContainerToken$Stub$Proxy@d86b5c2} m=TO_FRONT f=SHOW_WALLPAPER|MOVE_TO_TOP leash=Surface(name=Task=1)/@0x2ee0c36 sb=Rect(0, 0 - 1600, 2560) eb=Rect(0, 0 - 1600, 2560) d=0 taskParent=-1},{WCT{android.window.IWindowContainerToken$Stub$Proxy@3c8afd3} m=CLOSE f=NONE leash=Surface(name=Task=16)/@0xed7d737 sb=Rect(0, 0 - 1600, 2560) eb=Rect(0, 0 - 1600, 2560) d=0 taskParent=-1},{null m=TO_FRONT f=IS_WALLPAPER leash=Surface(name=WallpaperWindowToken{21cab99 token=android.os.Binder@2ddcce0})/@0x10394a4 sb=Rect(0, 0 - 1600, 2560) eb=Rect(0, 0 - 1600, 2560) d=0}]}
03-12 08:54:01.162   988  1021 V WindowManagerShell:  Checking filter Pair{{types=[] flags=0x0] notFlags=0x0 checks=[{atype=undefined independent=true modes=[OPEN,TO_FRONT] flags=IN_TASK_WITH_EMBEDDED_ACTIVITY mustBeTask=false order=ANY topActivity=ComponentInfo{com.google.android.apps.nexuslauncher/com.google.android.apps.nexuslauncher.NexusLauncherActivity} launchCookie=null},{atype=undefined independent=true modes=[CLOSE,TO_BACK] flags=IN_TASK_WITH_EMBEDDED_ACTIVITY mustBeTask=false order=ANY topActivity=null launchCookie=null}]} RemoteTransition { remoteTransition = android.window.IRemoteTransition$Stub$Proxy@25277cb, appThread = android.app.IApplicationThread$Stub$Proxy@f9f0ba8, debugName = OverlaySwipeBack }}
03-12 08:54:01.162   988  1021 V WindowManagerShell:  Checking filter Pair{{types=[] flags=0x0] notFlags=0x0 checks=[{atype=dream independent=true modes=[OPEN,TO_FRONT] flags=NONE mustBeTask=false order=ANY topActivity=null launchCookie=null},{atype=home independent=true modes=[CLOSE,TO_BACK] flags=NONE mustBeTask=false order=ANY topActivity=null launchCookie=null}]} RemoteTransition { remoteTransition = android.window.IRemoteTransition$Stub$Proxy@83556c1, appThread = android.app.IApplicationThread$Stub$Proxy@96aee66, debugName = LauncherToDream }}
03-12 08:54:01.162   988  1021 V WindowManagerShell:  Checking filter Pair{{types=[] flags=0x0] notFlags=0x100 checks=[{atype=home independent=true modes=[OPEN,TO_FRONT] flags=NONE mustBeTask=false order=TOP topActivity=ComponentInfo{com.google.android.apps.nexuslauncher/com.google.android.apps.nexuslauncher.NexusLauncherActivity} launchCookie=null},{atype=standard independent=true modes=[CLOSE,TO_BACK] flags=NONE mustBeTask=false order=ANY topActivity=null launchCookie=null}]} RemoteTransition { remoteTransition = android.window.IRemoteTransition$Stub$Proxy@ec5a7, appThread = android.app.IApplicationThread$Stub$Proxy@cad3a54, debugName = QuickstepLaunchHome }}
03-12 08:54:01.162   988  1021 D RemoteTransitionHandler: Found filterPair{{types=[] flags=0x0] notFlags=0x100 checks=[{atype=home independent=true modes=[OPEN,TO_FRONT] flags=NONE mustBeTask=false order=TOP topActivity=ComponentInfo{com.google.android.apps.nexuslauncher/com.google.android.apps.nexuslauncher.NexusLauncherActivity} launchCookie=null},{atype=standard independent=true modes=[CLOSE,TO_BACK] flags=NONE mustBeTask=false order=ANY topActivity=null launchCookie=null}]} RemoteTransition { remoteTransition = android.window.IRemoteTransition$Stub$Proxy@ec5a7, appThread = android.app.IApplicationThread$Stub$Proxy@cad3a54, debugName = QuickstepLaunchHome }}
03-12 08:54:01.162   988  1021 V WindowManagerShell:  Delegate animation for (#49) to RemoteTransition { remoteTransition = android.window.IRemoteTransition$Stub$Proxy@ec5a7, appThread = android.app.IApplicationThread$Stub$Proxy@cad3a54, debugName = QuickstepLaunchHome }
03-12 08:54:01.168   578   597 V WindowManager: Sent Transition (#49) createdAt=03-12 08:54:00.974 via request=TransitionRequestInfo { type = CLOSE, triggerTask = TaskInfo{userId=0 taskId=16 displayId=0 isRunning=false baseIntent=Intent { act=android.intent.action.MAIN cat=[android.intent.category.LAUNCHER] flg=0x10200000 cmp=com.partesdetrabajo.app/.MainActivity } baseActivity=null topActivity=null origActivity=null realActivity=ComponentInfo{com.partesdetrabajo.app/com.partesdetrabajo.app.MainActivity} numActivities=0 lastActiveTime=5574191 supportsMultiWindow=true resizeMode=1 isResizeable=true minWidth=-1 minHeight=-1 defaultMinSize=220 token=WCT{RemoteToken{f2c93a1 Task{4081ab7 #16 type=standard A=10215:com.partesdetrabajo.app}}} topActivityType=1 pictureInPictureParams=null shouldDockBigOverlays=false launchIntoPipHostTaskId=-1 lastParentTaskIdBeforePip=-1 displayCutoutSafeInsets=null topActivityInfo=null launchCookies=[] positionInParent=Point(0, 0) parentTaskId=-1 isFocused=true isVisible=true isVisibleRequested=true isSleeping=false locusId=null displayAreaFeatureId=1 isTopActivityTransparent=false appCompatTaskInfo=AppCompatTaskInfo { topActivityInSizeCompat=false topActivityEligibleForLetterboxEducation= falseisLetterboxEducationEnabled= false isLetterboxDoubleTapEnabled= false topActivityEligibleForUserAspectRatioButton= false topActivityBoundsLetterboxed= false isFromLetterboxDoubleTap= false topActivityLetterboxVerticalPosition= -1 topActivityLetterboxHorizontalPosition= -1 topActivityLetterboxWidth=-1 topActivityLetterboxHeight=-1 isUserFullscreenOverrideEnabled=false isSystemFullscreenOverrideEnabled=false cameraCompatTaskInfo=CameraCompatTaskInfo { cameraCompatControlState=hidden freeformCameraCompatMode=inactive}}}, pipTask = null, remoteTransition = null, displayChange = null, flags = 0, debugId = 49 }
03-12 08:54:01.171   458   632 I BpBinder: onLastStrongRef automatically unlinking death recipients: 
03-12 08:54:01.171   578   597 V WindowManager:     startWCT=WindowContainerTransaction { changes = {} hops = [] errorCallbackToken=null taskFragmentOrganizer=null }
03-12 08:54:01.171   578   597 V WindowManager:     info={id=49 t=CLOSE f=0x0 trk=0 r=[0@Point(0, 0)] c=[
03-12 08:54:01.171   578   597 V WindowManager:         {WCT{RemoteToken{6733a57 Task{2cac29 #1 type=home}}} m=TO_FRONT f=SHOW_WALLPAPER|MOVE_TO_TOP leash=Surface(name=Task=1)/@0x5d6c6db sb=Rect(0, 0 - 1600, 2560) eb=Rect(0, 0 - 1600, 2560) d=0 taskParent=-1},
03-12 08:54:01.171   578   597 V WindowManager:         {WCT{RemoteToken{f2c93a1 Task{4081ab7 #16 type=standard A=10215:com.partesdetrabajo.app}}} m=CLOSE f=NONE leash=Surface(name=Task=16)/@0xed371ab sb=Rect(0, 0 - 1600, 2560) eb=Rect(0, 0 - 1600, 2560) d=0 taskParent=-1},
03-12 08:54:01.171   578   597 V WindowManager:         {null m=TO_FRONT f=IS_WALLPAPER leash=Surface(name=WallpaperWindowToken{21cab99 token=android.os.Binder@2ddcce0})/@0x2e6a39a sb=Rect(0, 0 - 1600, 2560) eb=Rect(0, 0 - 1600, 2560) d=0}
03-12 08:54:01.171   578   597 V WindowManager:     ]}
03-12 08:54:01.171  1481  1783 I AiAiEcho: Predicting[0]:  [CONTEXT sampling_count=5 ]
03-12 08:54:01.171  1481  1783 I AiAiEcho: EchoTargets: 
03-12 08:54:01.171  1481  1783 I AiAiEcho: Filtered by AiAi flag check: 
03-12 08:54:01.171  1481  1783 I AiAiEcho: [CONTEXT ratelimit_period="10 SECONDS" ]
03-12 08:54:01.171  1481  1783 I AiAiEcho: Ranked targets strategy: SORT, count: 0, ranking metadata:  [CONTEXT ratelimit_period="10 SECONDS" ]
03-12 08:54:01.171  1481  1783 I AiAiEcho: #remoteViewsTwiddler: feature disabled.
03-12 08:54:01.172  1481  1783 I AiAiEcho: #postPredictionTargets: Sending updates to UISurface home with targets# 0 (types=[])
03-12 08:54:01.174  1254  1254 D StateManager: createAtomicAnimation - fromState: Background, toState: Normal, partial trace:
03-12 08:54:01.174  1254  1254 D StateManager: 	at com.android.quickstep.util.StaggeredWorkspaceAnim.prepareToAnimate(go/retraceme 6880898d8cae178d08f8c6e9adec44ea003840882148de9d3f2387cda32e2ac9:22)
03-12 08:54:01.174  1254  1254 D StateManager: 	at com.android.quickstep.util.StaggeredWorkspaceAnim.<init>(go/retraceme 6880898d8cae178d08f8c6e9adec44ea003840882148de9d3f2387cda32e2ac9:4)
03-12 08:54:01.174  1254  1254 D StateManager: 	at com.android.quickstep.util.StaggeredWorkspaceAnim.<init>(go/retraceme 6880898d8cae178d08f8c6e9adec44ea003840882148de9d3f2387cda32e2ac9:1)
03-12 08:54:01.176   988  1021 V WindowManagerShell:  animated by com.android.wm.shell.transition.RemoteTransitionHandler@6eba51f
03-12 08:54:01.182   578   600 W ActivityManager: setHasOverlayUi called on unknown pid: 12371
03-12 08:54:01.185   578   594 W UserManagerService: Requested status bar icon for non-badged user 0
03-12 08:54:01.186   578  1244 V ActivityManager: Got obituary of 12170:com.partesdetrabajo.app
03-12 08:54:01.189   578  2078 I ImeTracker: com.partesdetrabajo.app:57b41c76: onRequestHide at ORIGIN_SERVER reason HIDE_REMOVE_CLIENT fromUser false
03-12 08:54:01.189   578  2078 I ImeTracker: com.partesdetrabajo.app:57b41c76: onCancelled at PHASE_SERVER_SHOULD_HIDE
03-12 08:54:01.190   578   900 D ConnectivityService: releasing NetworkRequest [ REQUEST id=258, [ Capabilities: INTERNET&NOT_RESTRICTED&TRUSTED&NOT_VCN_MANAGED&NOT_BANDWIDTH_CONSTRAINED Uid: 10215 RequestorUid: 10215 RequestorPkg: com.partesdetrabajo.app UnderlyingNetworks: Null] ] (release request)
03-12 08:54:01.191  2040  2040 I adbd    : Remote process closed the socket (on MSG_PEEK)
03-12 08:54:01.195   387   387 I Zygote  : Process 12170 exited due to signal 9 (Killed)
03-12 08:54:01.206  6856  6856 I A       : (REDACTED) Created gRPC endpoint for service %s
03-12 08:54:01.220  1254  1573 D EGL_emulation: app_time_stats: avg=10903.02ms min=1.68ms max=130467.23ms count=12
03-12 08:54:01.223   578   595 I WindowManager: WIN DEATH: Window{2a6eda5 u0 com.partesdetrabajo.app/com.partesdetrabajo.app.MainActivity}
03-12 08:54:01.228   578   595 W InputManager-JNI: Input channel object '2a6eda5 com.partesdetrabajo.app/com.partesdetrabajo.app.MainActivity (client)' was disposed without first being removed with the input manager!
03-12 08:54:01.230   578   600 W ActivityManager: setHasOverlayUi called on unknown pid: 12170
03-12 08:54:01.230   578   610 I libprocessgroup: Removed cgroup /sys/fs/cgroup/uid_10215/pid_12170
03-12 08:54:01.231   578   610 I libprocessgroup: Removed cgroup /sys/fs/cgroup/uid_10143/pid_12371
03-12 08:54:01.245   578   610 I libprocessgroup: Removed cgroup /sys/fs/cgroup/uid_99009/pid_12214
03-12 08:54:01.265   578   610 I libprocessgroup: Removed cgroup /sys/fs/cgroup/uid_10134/pid_11253
03-12 08:54:01.275 12546 12546 I perfetto:    perfetto_cmd.cc:1100 Connected to the Perfetto traced service, TTL: 90s
03-12 08:54:01.275   472   472 I perfetto: ng_service_impl.cc:1125 Configured tracing session 6, #sources:3, duration:90000 ms, #buffers:1, total buffer size:32768 KB, total sessions:1, uid:2000 session name: ""
03-12 08:54:01.289   470   470 I perfetto:  probes_producer.cc:132 Ftrace setup (target_buf=6)
03-12 08:54:01.292   470   470 I perfetto:    ftrace_procfs.cc:441 disabled ftrace in /sys/kernel/tracing/
03-12 08:54:01.289   470   470 W traced_probes: type=1400 audit(0.0:359): avc:  denied  { read } for  name="current_tracer" dev="tracefs" ino=2055 scontext=u:r:traced_probes:s0 tcontext=u:object_r:debugfs_tracing_debug:s0 tclass=file permissive=0
03-12 08:54:01.308  1504  1504 I A       : (REDACTED) Created gRPC endpoint for service %s
03-12 08:54:01.340   413   440 I RanchuHwc: logCompositionFallbackIfChanged: layer 91 CompositionType fallback from 2 to 1
03-12 08:54:01.340   413   440 I RanchuHwc: logCompositionFallbackIfChanged: layer 92 CompositionType fallback from 2 to 1
03-12 08:54:01.412   578  2523 D FileUtils: Rounded bytes from 3121192960 to 4000000000
03-12 08:54:01.428   578   712 I ImeTracker: com.google.android.apps.nexuslauncher:8c4b9c35: onRequestHide at ORIGIN_SERVER reason HIDE_UNSPECIFIED_WINDOW fromUser false
03-12 08:54:01.428   578   712 I ImeTracker: com.google.android.apps.nexuslauncher:8c4b9c35: onCancelled at PHASE_SERVER_SHOULD_HIDE
03-12 08:54:01.472  6691  6691 I GoogleInputMethodService: GoogleInputMethodService.onFinishInput():3157 
03-12 08:54:01.475  6691  6691 I GoogleInputMethodService: GoogleInputMethodService.updateDeviceLockedStatus():2248 repeatCheckTimes = 0, locked = false
03-12 08:54:01.475  6691  6691 I GoogleInputMethodService: GoogleInputMethodService.onStartInput():1986 onStartInput(EditorInfo{EditorInfo{packageName=com.google.android.apps.nexuslauncher, inputType=0, inputTypeString=NULL, enableLearning=false, autoCorrection=false, autoComplete=false, imeOptions=0, privateImeOptions=null, actionName=UNSPECIFIED, actionLabel=null, initialSelStart=-1, initialSelEnd=-1, initialCapsMode=0, label=null, fieldId=0, fieldName=null, extras=null, hintText=null, hintLocales=[]}}, false)
03-12 08:54:01.477  6691  6691 I GoogleInputMethodService: GoogleInputMethodService.updateDeviceLockedStatus():2248 repeatCheckTimes = 1, locked = false
03-12 08:54:01.478  6691  6691 I AndroidIME: InputBundleManager.loadActiveInputBundleId():450 loadActiveInputBundleId: und-Latn-x-password, password
03-12 08:54:01.479   578  2523 W PackageConfigPersister: App-specific configuration not found for packageName: com.google.android.apps.nexuslauncher and userId: 0
03-12 08:54:01.511  6856  7336 V ClearcutMetricXmitter: Transmission is done.
03-12 08:54:01.615   470   470 I perfetto:    ftrace_procfs.cc:438 enabled ftrace in /sys/kernel/tracing/
03-12 08:54:01.616   470   470 W libc    : Unable to set property "security.lower_kptr_restrict" to "1": connection failed: Permission denied
03-12 08:54:01.609   470   470 W traced_probes: type=1400 audit(0.0:360): avc:  denied  { write } for  name="property_service" dev="tmpfs" ino=384 scontext=u:r:traced_probes:s0 tcontext=u:object_r:property_socket:s0 tclass=sock_file permissive=0
03-12 08:54:01.625   458   566 W VsyncModulator: setTransactionSchedule: Unexpected EarlyEnd
03-12 08:54:01.642  1254  1254 D SearchTargetUtil: queryLength=0 size=0
03-12 08:54:01.758  1254  1254 D SsBaseTemplateCard: No text view can be set up
03-12 08:54:01.758  1254  1254 D SsBaseTemplateCard: Passed-in item info is null
03-12 08:54:01.758  1254  1254 D SsBaseTemplateCard: Passed-in item info is null
03-12 08:54:01.758  1254  1254 D SsBaseTemplateCard: Passed-in item info is null
03-12 08:54:01.758  1254  1254 I SsBaseTemplateCard: Secondary card pane is null
03-12 08:54:01.764   578  2522 W WindowManager: Failed looking up window session=Session{877cc67 988:u0a10186} callers=com.android.server.wm.WindowManagerService.removeClientToken:2058 com.android.server.wm.Session.remove:274 android.view.IWindowSession$Stub.onTransact:685 
03-12 08:54:01.772   988  1021 V WindowManagerShell: Transition animation finished (aborted=false), notifying core (#49) android.os.BinderProxy@3dd60f8@0
03-12 08:54:01.777   578  2522 E IPCThreadState: Binder transaction failure. id: 1258276, BR_*: 29189, error: -22 (Invalid argument)
03-12 08:54:01.778   578  2522 W ActivityManager: pid 578 system sent binder code 7 with flags 1 to frozen apps and got error -32
03-12 08:54:01.778   578  2522 W WindowManager: Exception thrown during dispatchAppVisibility Window{2a6eda5 u0 com.partesdetrabajo.app/com.partesdetrabajo.app.MainActivity EXITING}
03-12 08:54:01.778   578  2522 W WindowManager: android.os.DeadObjectException
03-12 08:54:01.778   578  2522 W WindowManager: 	at android.os.BinderProxy.transactNative(Native Method)
03-12 08:54:01.778   578  2522 W WindowManager: 	at android.os.BinderProxy.transact(BinderProxy.java:586)
03-12 08:54:01.778   578  2522 W WindowManager: 	at android.view.IWindow$Stub$Proxy.dispatchAppVisibility(IWindow.java:553)
03-12 08:54:01.778   578  2522 W WindowManager: 	at com.android.server.wm.WindowState.sendAppVisibilityToClients(WindowState.java:3253)
03-12 08:54:01.778   578  2522 W WindowManager: 	at com.android.server.wm.WindowContainer.sendAppVisibilityToClients(WindowContainer.java:1289)
03-12 08:54:01.778   578  2522 W WindowManager: 	at com.android.server.wm.WindowToken.setClientVisible(WindowToken.java:403)
03-12 08:54:01.778   578  2522 W WindowManager: 	at com.android.server.wm.ActivityRecord.setClientVisible(ActivityRecord.java:7166)
03-12 08:54:01.778   578  2522 W WindowManager: 	at com.android.server.wm.ActivityRecord.postApplyAnimation(ActivityRecord.java:5881)
03-12 08:54:01.778   578  2522 W WindowManager: 	at com.android.server.wm.ActivityRecord.commitVisibility(ActivityRecord.java:5823)
03-12 08:54:01.778   578  2522 W WindowManager: 	at com.android.server.wm.Transition.finishTransition(Transition.java:1286)
03-12 08:54:01.778   578  2522 W WindowManager: 	at com.android.server.wm.TransitionController.finishTransition(TransitionController.java:937)
03-12 08:54:01.778   578  2522 W WindowManager: 	at com.android.server.wm.WindowOrganizerController.finishTransition(WindowOrganizerController.java:494)
03-12 08:54:01.778   578  2522 W WindowManager: 	at android.window.IWindowOrganizerController$Stub.onTransact(IWindowOrganizerController.java:289)
03-12 08:54:01.778   578  2522 W WindowManager: 	at com.android.server.wm.WindowOrganizerController.onTransact(WindowOrganizerController.java:204)
03-12 08:54:01.778   578  2522 W WindowManager: 	at android.os.Binder.execTransactInternal(Binder.java:1500)
03-12 08:54:01.778   578  2522 W WindowManager: 	at android.os.Binder.execTransact(Binder.java:1444)
03-12 08:54:01.778   578  2522 W Process : Unable to open /proc/12170/status
03-12 08:54:01.788   578   597 V WindowManager: Finish Transition (#49): created at 03-12 08:54:00.974 collect-started=0.069ms request-sent=0.151ms started=11.396ms ready=20.882ms sent=140.495ms finished=799.163ms
03-12 08:54:01.796   988  1021 V WindowManagerShell: Track 0 became idle
03-12 08:54:01.798   988  1021 V WindowManagerShell: All active transition animations finished
03-12 08:54:01.805   988  1021 V ShellDesktopMode: Task Vanished: #16 closed=true
03-12 08:54:01.835   578  1244 W UserManagerService: Requested status bar icon for non-badged user 0
03-12 08:54:01.840   578  1244 W UserManagerService: Requested status bar icon for non-badged user 0
03-12 08:54:01.892   458   458 E BpTransactionCompletedListener: Failed to transact (-32)
03-12 08:54:01.954  1254  1254 I TopTaskTracker: onTaskRemoved: taskId=16
03-12 08:54:01.954  1254  1254 I TopTaskTracker: onTaskRemoved: taskId=16
03-12 08:54:01.956   470   470 E perfetto: ernel_symbolizer.cc:106 kallsyms addresses are still masked after setting security.lower_kptr_restrict
03-12 08:54:02.119   470   470 E perfetto: ernel_symbol_map.cc:391 Failed to parse kallsyms. Kernel functions will not be symbolized. On Linux this requires either running traced_probes as root or manually lowering /proc/sys/kernel/kptr_restrict
03-12 08:54:02.120   470   470 W libc    : Unable to set property "security.lower_kptr_restrict" to "0": connection failed: Permission denied
03-12 08:54:02.117   470   470 W traced_probes: type=1400 audit(0.0:361): avc:  denied  { write } for  name="property_service" dev="tmpfs" ino=384 scontext=u:r:traced_probes:s0 tcontext=u:object_r:property_socket:s0 tclass=sock_file permissive=0
03-12 08:54:03.023  1254  1573 D EGL_emulation: app_time_stats: avg=175.79ms min=23.90ms max=854.09ms count=10
03-12 08:54:03.261 12553 12553 D AndroidRuntime: >>>>>> START com.android.internal.os.RuntimeInit uid 2000 <<<<<<
03-12 08:54:03.263 12553 12553 I AndroidRuntime: Using default boot image
03-12 08:54:03.263 12553 12553 I AndroidRuntime: Leaving lock profiling enabled
03-12 08:54:03.265 12553 12553 I app_process: Using CollectorTypeCMC GC.
03-12 08:54:03.326 12553 12553 D nativeloader: InitDefaultPublicLibraries for_preload=1: libandroid.so:libaaudio.so:libamidi.so:libbinder_ndk.so:libc.so:libcamera2ndk.so:libdl.so:libEGL.so:libGLESv1_CM.so:libGLESv2.so:libGLESv3.so:libicu.so:libicui18n.so:libicuuc.so:libjnigraphics.so:liblog.so:libmediandk.so:libm.so:libnativehelper.so:libnativewindow.so:libOpenMAXAL.so:libOpenSLES.so:libRS.so:libstdc++.so:libsync.so:libvulkan.so:libwebviewchromium_plat_support.so:libz.so
03-12 08:54:03.333 12553 12553 D nativeloader: Load libicu_jni.so using APEX ns com_android_art for caller /apex/com.android.art/javalib/core-oj.jar: ok
03-12 08:54:03.333 12553 12553 D app_process: u_setTimeZoneFilesDirectory("/apex/com.android.tzdata/etc/tz/versioned/8/icu") succeeded. 
03-12 08:54:03.333 12553 12553 D app_process: I18n APEX ICU file found: /apex/com.android.i18n/etc/icu/icudt75l.dat
03-12 08:54:03.334 12553 12553 D nativeloader: Load libjavacore.so using APEX ns com_android_art for caller /apex/com.android.art/javalib/core-oj.jar: ok
03-12 08:54:03.334 12553 12553 D nativeloader: Load libopenjdk.so using APEX ns com_android_art for caller /apex/com.android.art/javalib/core-oj.jar: ok
03-12 08:54:03.336 12553 12553 W app_process: Unexpected CPU variant for x86: x86_64.
03-12 08:54:03.336 12553 12553 W app_process: Known variants: atom, sandybridge, silvermont, goldmont, goldmont-plus, goldmont-without-sha-xsaves, tremont, kabylake, default
03-12 08:54:03.352 12553 12553 D nativeloader: Load libframework-connectivity-tiramisu-jni.so using APEX ns com_android_tethering for caller /apex/com.android.tethering/javalib/framework-connectivity-t.jar: ok
03-12 08:54:03.353 12553 12553 D AndroidRuntime: Calling main entry com.android.commands.monkey.Monkey
03-12 08:54:03.353 12553 12553 W Monkey  : args: [-p, com.partesdetrabajo.app, -c, android.intent.category.LAUNCHER, 1]
03-12 08:54:03.354 12553 12553 W Monkey  :  arg: "-p"
03-12 08:54:03.354 12553 12553 W Monkey  :  arg: "com.partesdetrabajo.app"
03-12 08:54:03.354 12553 12553 W Monkey  :  arg: "-c"
03-12 08:54:03.354 12553 12553 W Monkey  :  arg: "android.intent.category.LAUNCHER"
03-12 08:54:03.354 12553 12553 W Monkey  :  arg: "1"
03-12 08:54:03.354 12553 12553 W Monkey  : data="com.partesdetrabajo.app"
03-12 08:54:03.354 12553 12553 W Monkey  : data="android.intent.category.LAUNCHER"
03-12 08:54:03.367   578  1244 W ActivityManager: registerReceiverWithFeature: no app for null
03-12 08:54:03.377   578  1244 W ActivityTaskManager: callingPackage for (uid=2000, pid=12553) has no WPC
03-12 08:54:03.381   578  1244 W OptProp : Cannot read opt property android.window.PROPERTY_COMPAT_ALLOW_USER_ASPECT_RATIO_OVERRIDE
03-12 08:54:03.381   578  1244 W OptProp : Cannot read opt property android.window.PROPERTY_COMPAT_ALLOW_USER_ASPECT_RATIO_FULLSCREEN_OVERRIDE
03-12 08:54:03.381   578  1244 W OptProp : Cannot read opt property android.window.PROPERTY_COMPAT_ALLOW_ORIENTATION_OVERRIDE
03-12 08:54:03.383   578  1244 V GrammaticalInflectionUtils: AttributionSource: android.content.AttributionSource@c41207c5 does not have READ_SYSTEM_GRAMMATICAL_GENDER permission.
03-12 08:54:03.383   578  1244 W OptProp : Cannot read opt property android.window.PROPERTY_COMPAT_ALLOW_RESIZEABLE_ACTIVITY_OVERRIDES
03-12 08:54:03.383   578  1244 W OptProp : Cannot read opt property android.window.PROPERTY_COMPAT_ALLOW_MIN_ASPECT_RATIO_OVERRIDE
03-12 08:54:03.392   578  2522 D CompatChangeReporter: Compat change id reported: 309578419; UID 10215; state: ENABLED
03-12 08:54:03.393   988  1021 V WindowManagerShell: Transition requested (#50): android.os.BinderProxy@14c464b TransitionRequestInfo { type = OPEN, triggerTask = TaskInfo{userId=0 taskId=17 displayId=0 isRunning=true baseIntent=Intent { act=android.intent.action.MAIN cat=[android.intent.category.LAUNCHER] flg=0x10200000 cmp=com.partesdetrabajo.app/.MainActivity } baseActivity=ComponentInfo{com.partesdetrabajo.app/com.partesdetrabajo.app.MainActivity} topActivity=ComponentInfo{com.partesdetrabajo.app/com.partesdetrabajo.app.MainActivity} origActivity=null realActivity=ComponentInfo{com.partesdetrabajo.app/com.partesdetrabajo.app.MainActivity} numActivities=1 lastActiveTime=5701360 supportsMultiWindow=true resizeMode=1 isResizeable=true minWidth=-1 minHeight=-1 defaultMinSize=220 token=WCT{android.window.IWindowContainerToken$Stub$Proxy@3e6f828} topActivityType=1 pictureInPictureParams=null shouldDockBigOverlays=false launchIntoPipHostTaskId=-1 lastParentTaskIdBeforePip=-1 displayCutoutSafeInsets=null topActivityInfo=ActivityInfo{fe40941 com.partesdetrabajo.app.MainActivity} launchCookies=[] positionInParent=Point(0, 0) parentTaskId=-1 isFocused=false isVisible=false isVisibleRequested=false isSleeping=false locusId=null displayAreaFeatureId=1 isTopActivityTransparent=false appCompatTaskInfo=AppCompatTaskInfo { topActivityInSizeCompat=false topActivityEligibleForLetterboxEducation= falseisLetterboxEducationEnabled= true isLetterboxDoubleTapEnabled= false topActivityEligibleForUserAspectRatioButton= true topActivityBoundsLetterboxed= false isFromLetterboxDoubleTap= false topActivityLetterboxVerticalPosition= -1 topActivityLetterboxHorizontalPosition= -1 topActivityLetterboxWidth=1600 topActivityLetterboxHeight=2560 isUserFullscreenOverrideEnabled=false isSystemFullscreenOverrideEnabled=false cameraCompatTaskInfo=CameraCompatTaskInfo { cameraCompatControlState=hidden freeformCameraCompatMode=inactive}}}, pipTask = null, remoteTransition = null, displayChange = null, flags = 0, debugId = 50 }
03-12 08:54:03.394   988  1021 D ShellDesktopMode: DesktopTaskRepo: visibleTaskCount= 0
03-12 08:54:03.394   578  1244 I ActivityTaskManager: START u0 {act=android.intent.action.MAIN cat=[android.intent.category.LAUNCHER] flg=0x10200000 cmp=com.partesdetrabajo.app/.MainActivity} with LAUNCH_SINGLE_TASK from uid 2000 (BAL_ALLOW_PERMISSION) result code=0
03-12 08:54:03.396  1254  1254 W SplitSelectStateCtor: Missing session instanceIds
03-12 08:54:03.396  1254  1254 D StatsLog: LAUNCHER_SPLIT_SELECTION_EXIT_INTERRUPTED
03-12 08:54:03.399 12553 12553 I Monkey  : Events injected: 1
03-12 08:54:03.404   578   600 V GrammaticalInflectionUtils: AttributionSource: android.content.AttributionSource@c41207c5 does not have READ_SYSTEM_GRAMMATICAL_GENDER permission.
03-12 08:54:03.410  1254  1254 I TopTaskTracker: onTaskMovedToFront: (moved taskInfo to front) taskId=17, baseIntent=Intent { act=android.intent.action.MAIN cat=[android.intent.category.LAUNCHER] flg=0x10200000 cmp=com.partesdetrabajo.app/.MainActivity }
03-12 08:54:03.413   578  1241 W OptProp : Cannot read opt property android.window.PROPERTY_COMPAT_ALLOW_DISPLAY_ORIENTATION_OVERRIDE
03-12 08:54:03.426   988  1021 D WindowManagerShell: setLauncherKeepClearAreaHeight: visible=false, height=360
03-12 08:54:03.433   578   595 D CoreBackPreview: Window{75d3eff u0 Splash Screen com.partesdetrabajo.app}: Setting back callback OnBackInvokedCallbackInfo{mCallback=android.window.IOnBackInvokedCallback$Stub$Proxy@bf951b8, mPriority=0, mIsAnimationCallback=false}
03-12 08:54:03.445   387   387 D Zygote  : Forked child process 12564
03-12 08:54:03.458   578   628 D BrightnessThermalClamper: Thermal status observer already started
03-12 08:54:03.459   578   609 I ActivityManager: Start proc 12564:com.partesdetrabajo.app/u0a215 for next-top-activity {com.partesdetrabajo.app/com.partesdetrabajo.app.MainActivity}
03-12 08:54:03.459   578   600 I ActivityTaskManager: Config changes=20000480 {1.0 ?mcc0mnc [en_US] ldltr sw800dp w1280dp h800dp 320dpi xlrg land finger qwerty/v/v dpad/v winConfig={ mBounds=Rect(0, 0 - 2560, 1600) mAppBounds=Rect(0, 0 - 2560, 1600) mMaxBounds=Rect(0, 0 - 2560, 1600) mDisplayRotation=ROTATION_0 mWindowingMode=fullscreen mActivityType=undefined mAlwaysOnTop=undefined mRotation=ROTATION_0} as.2 s.139 fontWeightAdjustment=0}
03-12 08:54:03.463   578   600 D CompatChangeReporter: Compat change id reported: 151861875; UID 10092; state: ENABLED
03-12 08:54:03.465 12564 12564 I esdetrabajo.app: Late-enabling -Xcheck:jni
03-12 08:54:03.479   578   600 I WindowManager: Override config changes=20000480 {1.0 ?mcc0mnc [en_US] ldltr sw800dp w1280dp h800dp 320dpi xlrg land finger qwerty/v/v dpad/v winConfig={ mBounds=Rect(0, 0 - 2560, 1600) mAppBounds=Rect(0, 0 - 2560, 1600) mMaxBounds=Rect(0, 0 - 2560, 1600) mDisplayRotation=ROTATION_0 mWindowingMode=fullscreen mActivityType=undefined mAlwaysOnTop=undefined mRotation=ROTATION_0} as.2 s.139 fontWeightAdjustment=0} for displayId=0
03-12 08:54:03.506 12564 12564 I esdetrabajo.app: Using CollectorTypeCMC GC.
03-12 08:54:03.508 12564 12564 W esdetrabajo.app: Unexpected CPU variant for x86: x86_64.
03-12 08:54:03.508 12564 12564 W esdetrabajo.app: Known variants: atom, sandybridge, silvermont, goldmont, goldmont-plus, goldmont-without-sha-xsaves, tremont, kabylake, default
03-12 08:54:03.511  2040  2048 I adbd    : jdwp connection from 12564
03-12 08:54:03.515 12564 12564 D nativeloader: Load libframework-connectivity-tiramisu-jni.so using APEX ns com_android_tethering for caller /apex/com.android.tethering/javalib/framework-connectivity-t.jar: ok
03-12 08:54:03.584   458   458 I BpBinder: onLastStrongRef automatically unlinking death recipients: 
03-12 08:54:03.631   578   600 W ImageReader_JNI: Unable to acquire a buffer item, very likely client tried to acquire more than maxImages buffers
03-12 08:54:03.646   578   578 W WindowTokenClientController: Can't find attached WindowTokenClient for android.window.WindowTokenClient@3eb0579
03-12 08:54:03.660  6691  6691 I AppBase : AppBase.onConfigurationChanged():419 onConfigurationChanged() : NewConfig = {1.0 ?mcc0mnc [en_US] ldltr sw800dp w1280dp h768dp 320dpi xlrg land finger qwerty/v/v dpad/v winConfig={ mBounds=Rect(0, 0 - 2560, 1600) mAppBounds=Rect(0, 0 - 2560, 1536) mMaxBounds=Rect(0, 0 - 2560, 1600) mDisplayRotation=ROTATION_0 mWindowingMode=fullscreen mActivityType=undefined mAlwaysOnTop=undefined mRotation=ROTATION_0} as.2 s.151 fontWeightAdjustment=0}
03-12 08:54:03.661   578   600 I InputManager-JNI: Viewport [0] to add: local:4619827259835644672, isActive: true
03-12 08:54:03.663   578   705 I InputReader: Reconfiguring input devices, changes=DISPLAY_INFO
03-12 08:54:03.663   578   705 I InputReader: Touch device 'virtio_input_multi_touch_2' could not query the properties of its associated display.  The device will be inoperable until the display size becomes available.
03-12 08:54:03.663   578   705 I InputReader: Touch device 'virtio_input_multi_touch_3' could not query the properties of its associated display.  The device will be inoperable until the display size becomes available.
03-12 08:54:03.663   578   705 I InputReader: Touch device 'virtio_input_multi_touch_4' could not query the properties of its associated display.  The device will be inoperable until the display size becomes available.
03-12 08:54:03.663   578   705 I InputReader: Touch device 'virtio_input_multi_touch_5' could not query the properties of its associated display.  The device will be inoperable until the display size becomes available.
03-12 08:54:03.663   578   705 I InputReader: Touch device 'virtio_input_multi_touch_6' could not query the properties of its associated display.  The device will be inoperable until the display size becomes available.
03-12 08:54:03.663   578   705 I InputReader: Touch device 'virtio_input_multi_touch_7' could not query the properties of its associated display.  The device will be inoperable until the display size becomes available.
03-12 08:54:03.663   578   705 I InputReader: Touch device 'virtio_input_multi_touch_8' could not query the properties of its associated display.  The device will be inoperable until the display size becomes available.
03-12 08:54:03.663   578   705 I InputReader: Touch device 'virtio_input_multi_touch_9' could not query the properties of its associated display.  The device will be inoperable until the display size becomes available.
03-12 08:54:03.663   578   705 I InputReader: Touch device 'virtio_input_multi_touch_10' could not query the properties of its associated display.  The device will be inoperable until the display size becomes available.
03-12 08:54:03.663   578   705 I InputReader: Touch device 'virtio_input_multi_touch_11' could not query the properties of its associated display.  The device will be inoperable until the display size becomes available.
03-12 08:54:03.674   578   609 W ActivityManager: Slow operation: 242ms so far, now at startProcess: done updating pids map
03-12 08:54:03.676   578   595 I WindowManager: finishDrawing of orientation change: Window{75d3eff u0 Splash Screen com.partesdetrabajo.app} 24ms
03-12 08:54:03.679   988   988 I NoBackGesture: Config changed: newConfig={1.0 ?mcc0mnc [en_US] ldltr sw800dp w1280dp h800dp 320dpi xlrg land finger qwerty/v/v dpad/v winConfig={ mBounds=Rect(0, 0 - 2560, 1600) mAppBounds=Rect(0, 0 - 2560, 1600) mMaxBounds=Rect(0, 0 - 2560, 1600) mDisplayRotation=ROTATION_0 mWindowingMode=fullscreen mActivityType=undefined mAlwaysOnTop=undefined mRotation=ROTATION_0} as.2 s.168 fontWeightAdjustment=0} lastReportedConfig={1.0 ?mcc0mnc [en_US] ldltr sw800dp w800dp h1280dp 320dpi xlrg port finger qwerty/v/v dpad/v winConfig={ mBounds=Rect(0, 0 - 1600, 2560) mAppBounds=Rect(0, 0 - 1600, 2560) mMaxBounds=Rect(0, 0 - 1600, 2560) mDisplayRotation=ROTATION_270 mWindowingMode=fullscreen mActivityType=undefined mAlwaysOnTop=undefined mRotation=ROTATION_270} as.2 s.135 fontWeightAdjustment=0}
03-12 08:54:03.693   578   600 D DisplayManagerService: Ignore redundant display event 0/2 to 10141/6300
03-12 08:54:03.679   988   988 I NoBackGesture: NavbarController: newConfig={1.0 ?mcc0mnc [en_US] ldltr sw800dp w1280dp h800dp 320dpi xlrg land finger qwerty/v/v dpad/v winConfig={ mBounds=Rect(0, 0 - 2560, 1600) mAppBounds=Rect(0, 0 - 2560, 1600) mMaxBounds=Rect(0, 0 - 2560, 1600) mDisplayRotation=ROTATION_0 mWindowingMode=fullscreen mActivityType=undefined mAlwaysOnTop=undefined mRotation=ROTATION_0} as.2 s.168 fontWeightAdjustment=0} mTaskbarDelegate initialized=true willApplyConfigToNavbars=false navBarCount=0
03-12 08:54:03.711   988  1021 V ShellDragAndDrop: Display changed: 0
03-12 08:54:03.718 12564 12564 W ziparchive: Unable to open '/data/app/~~pTaHc-4tI3adsfrxHj14Mg==/com.partesdetrabajo.app-29qjBFZxWU2xy6BvjVcuPw==/base.dm': No such file or directory
03-12 08:54:03.719 12564 12564 W ziparchive: Unable to open '/data/app/~~pTaHc-4tI3adsfrxHj14Mg==/com.partesdetrabajo.app-29qjBFZxWU2xy6BvjVcuPw==/base.dm': No such file or directory
03-12 08:54:03.719   988  1021 D ShellSplitScreen: onTaskInfoChanged: taskId=3 taskAct=null
03-12 08:54:03.723  6691  6691 W GoogleInputMethodService: GoogleInputMethodService.onConfigurationChanged():1644 onConfigurationChanged() : NewConfig = {1.0 ?mcc0mnc [en_US] ldltr sw800dp w1280dp h800dp 320dpi xlrg land finger qwerty/v/v dpad/v winConfig={ mBounds=Rect(0, 0 - 2560, 1600) mAppBounds=Rect(0, 0 - 2560, 1600) mMaxBounds=Rect(0, 0 - 2560, 1600) mDisplayRotation=ROTATION_0 mWindowingMode=fullscreen mActivityType=undefined mAlwaysOnTop=undefined mRotation=ROTATION_0} as.2 s.139 fontWeightAdjustment=0}
03-12 08:54:03.728  6691  6691 I GoogleInputMethodService: GoogleInputMethodService.onConfigurationChanged():1645 device real metrics: DisplayMetrics{density=2.0, width=2560, height=1600, scaledDensity=2.0, xdpi=320.0, ydpi=320.0}
03-12 08:54:03.728  6691  6691 I InputMethodEntryManager: InputMethodEntryManager.notifyCurrentInputMethodEntryOnContextChanged():521 notifyCurrentInputMethodEntryOnContextChanged()
03-12 08:54:03.728  6691  6691 I InputMethodEntryManager: InputMethodEntryManager.notifyCurrentInputMethodEntryOnContextChanged():542 Notify current input method entry changed on context change
03-12 08:54:03.730  6691  6691 I SystemSubtypesReportModule: SystemSubtypesReportModule$3.onCurrentInputMethodEntryChanged():136 entry: en-US, source: UNSPECIFIED
03-12 08:54:03.731  6691  6691 I KeyboardContextProvider: KeyboardContextProvider$KeyboardContextCache.createKeyboardContext():173 createKeyboardContext(): en-US, jgg@4c568d1(com.android.inputmethod.latin.LatinIME@8feb3f2), {1.0 ?mcc0mnc [en_US] ldltr sw800dp w1280dp h800dp 320dpi xlrg land finger qwerty/v/v dpad/v winConfig={ mBounds=Rect(0, 0 - 2560, 1600) mAppBounds=Rect(0, 0 - 2560, 1600) mMaxBounds=Rect(0, 0 - 2560, 1600) mDisplayRotation=ROTATION_0 mWindowingMode=fullscreen mActivityType=undefined mAlwaysOnTop=undefined mRotation=ROTATION_0} as.2 s.74 fontWeightAdjustment=0}
03-12 08:54:03.731  6691  6691 I GoogleInputMethodService: GoogleInputMethodService.onCurrentInputMethodEntryChanged():3655 onCurrentInputMethodEntryChanged(): imeDefsChanged=false, initializedEntryChanged=false, keyboardContextChanged=true
03-12 08:54:03.732  6691  6691 I GoogleInputMethodService: GoogleInputMethodService.clearInputMethodServiceData():1613 clearInputMethodServiceData for entryChange
03-12 08:54:03.732  6691  6691 I AbstractOpenableExtension: AbstractOpenableExtension.maybeDestroyExistingKeyboardGroupManager():538 Destroy existing keyboard group manager in fvq
03-12 08:54:03.734  6691  6691 I AbstractOpenableExtension: AbstractOpenableExtension.createKeyboardGroupManagerListenableFuture():120 Create keyboard group manager listenable future in fvq
03-12 08:54:03.737  6691  6691 I AbstractOpenableExtension: AbstractOpenableExtension.maybeDestroyExistingKeyboardGroupManager():538 Destroy existing keyboard group manager in fxu
03-12 08:54:03.737  6691  6691 I AbstractOpenableExtension: AbstractOpenableExtension.createKeyboardGroupManagerListenableFuture():120 Create keyboard group manager listenable future in fxu
03-12 08:54:03.739  6691 12581 I KeyboardGroupDefParser: KeyboardGroupDefParser.parseKeyboardGroupDef():83 parseKeyboardGroupDef() 2132214033 -> 0_resource_name_obfuscated : WaitTime = 3 ms : RunTime = 1 ms
03-12 08:54:03.742 12553 12553 I Monkey  : ## Network stats: elapsed time=305ms (0ms mobile, 0ms wifi, 305ms not connected)
03-12 08:54:03.743 12553 12553 I app_process: System.exit called, status: 0
03-12 08:54:03.743 12553 12553 I AndroidRuntime: VM exiting with result code 0.
03-12 08:54:03.749  6691 12581 I KeyboardGroupDefParser: KeyboardGroupDefParser.parseKeyboardGroupDef():83 parseKeyboardGroupDef() 2132214040 -> 0_resource_name_obfuscated : WaitTime = 11 ms : RunTime = 1 ms
03-12 08:54:03.753  6691  6691 I KeyboardModeManager: KeyboardModeManager.onCurrentInputMethodEntryChanged():1133 Reload data for context change
03-12 08:54:03.753  6691  6691 I GoogleInputMethodService: GoogleInputMethodService.initializeInputMethodServiceData():1382 initializeInputMethodServiceData for kct{languageTag=en-US, variant=qwerty, hasLocalizedResources=true, conditionCacheKey=_cache_additional_ime_defs_for_condition_change=false_cache_ime_defs_for_condition_change=false_device=tablet_device_size=large_enable_flick_symbols=false_enable_more_candidates_view_for_multilingual=false_enable_number_row=false_enable_preemptive_decode=true_enable_secondary_digits=true_enable_secondary_symbols=false_enable_show_foldable_layout_on_small_tablet=true_expressions=normal_four_or_more_letter_rows=false_keyboard_mode=floating_language=en-US_orientation=portrait_physical_keyboard=qwerty_rtl_layout=false_show_secondary_digits=true_show_suggestions=true_split_with_duplicate_keys=true_variant=qwerty, imeDef.stringId=ime_english_united_states, imeDef.className=com.google.android.apps.inputmethod.libs.latin5.LatinIme, imeDef.languageTag=en-US}
03-12 08:54:03.756  6691  6691 I StyledKeyboardThemeBuilder: StyledKeyboardThemeBuilder.build():132 Pref: [], themeName: [silk:], darkMode: [false], cacheKey: [overlay_builtin_dynamic_color_light_base.binarypb:dynamic-gm3-light-fffefbff-ff495d92-88aedfe362701b9d56ce578190f21130]
03-12 08:54:03.758  6691  6691 I KeyboardThemeProvider: KeyboardThemeProvider.applyKeyboardTheme():27 Apply keyboard theme: theme_border_floating_keyboard2_floating_v2_height_stylesheet_noshadow_pgsans_pillkey_silkpopup_hover_light_tablet_large_navredesign_768_overlay_builtin_dynamic_color_light_base.binarypb:dynamic-gm3-light-fffefbff-ff495d92-88aedfe362701b9d56ce578190f21130_port
03-12 08:54:03.766  6691  6691 I AndroidIME: InputBundleManager.loadActiveInputBundleId():450 loadActiveInputBundleId: und-Latn-x-password, password
03-12 08:54:03.766  6691  6691 W NotificationCenter: NotificationCenter$ListenerData.notifyOnExecutor():672 Heavy notify work detected on UI thread: |kcd->kff| takes 35ms
03-12 08:54:03.766  6691  6691 I KeyboardContextProvider: KeyboardContextProvider.setBaseContextAndInvalidKeyboardContextCache():88 setBaseContextAndInvalidKeyboardContextCache(): com.android.inputmethod.latin.LatinIME@8feb3f2
03-12 08:54:03.767  6691  6691 I InputMethodEntryManager: InputMethodEntryManager.resetLanguages():2621 resetLanguages(): languages=null, conditionName=orientation
03-12 08:54:03.767  6691  6691 I ImeDefCache: ImeDefCache.clearCacheForLanguages():387 clearCacheForLanguages(): []
03-12 08:54:03.768  6691  6691 I AdditionalImeDefCache: AdditionalImeDefCache.clearAdditionalImeDefsForCondition():435 clearAdditionalImeDefsForCondition() clear additional ImeDefs: []
03-12 08:54:03.768  6691  6691 I InputMethodEntryManager: InputMethodEntryManager.resetLanguages():2634 Clear cache for languages: null, changed=false
03-12 08:54:03.768  6691  6691 I InputMethodEntryManager: InputMethodEntryManager.startLoadingInputMethodEntrySettings():700 Start loading input method entry settings: [LanguageTagVariantTuple{languageTag=en-US, variant=qwerty}]
03-12 08:54:03.768  6691  6691 I InputMethodEntryManager: InputMethodEntryManager.updateInputMethodEntrySettingsLoadingTask():787 update loading task with resetImplicitlyEnabledEntries is false
03-12 08:54:03.768  6691  6691 I InputMethodEntryManager: InputMethodEntryManager$4.onSuccess():806 Success load entries: [LanguageTagVariantTuple{languageTag=en-US, variant=qwerty}], resetImplicitlyEnabledEntries=false, initialized=true
03-12 08:54:03.770  6691  6691 I SystemSubtypesReportModule: SystemSubtypesReportModule$2.onEnabledInputMethodEntriesChanged():122 1 entries
03-12 08:54:03.780  6691 12584 I DelightKLPDownloader: DelightKLPDownloader.downloadKLPInternal():185 downloading KLP for en_US
03-12 08:54:03.781  6691 12584 I ManifestedDataDownloader: ManifestedDataDownloader.download():57 downloading manifest https://www.gstatic.com/android/keyboard/dictionarypack/2024070918/metadata.json-perlang/en-US.json?v=2024071002
03-12 08:54:03.786  6691  6713 I SP      : Registering emoticon_content_description.2022081613, url: https://www.gstatic.com/android/keyboard/emoticon_content_desc/202208161305/superpacks_manifest.json, constraints: W:*:*:*, flags: bg, requested: 2022081613, current: 2022081613
03-12 08:54:03.791  1254  1254 D b/254119092: TaskbarManager#mComponentCallbacks.onConfigurationChanged: {1.0 ?mcc0mnc [en_US] ldltr sw800dp w1280dp h800dp 320dpi xlrg land finger qwerty/v/v dpad/v winConfig={ mBounds=Rect(0, 0 - 2560, 1600) mAppBounds=Rect(0, 0 - 2560, 1600) mMaxBounds=Rect(0, 0 - 2560, 1600) mDisplayRotation=ROTATION_0 mWindowingMode=fullscreen mActivityType=undefined mAlwaysOnTop=undefined mRotation=ROTATION_0} as.2 s.139 fontWeightAdjustment=0}
03-12 08:54:03.791  1254  1254 D b/254119092: mActivity and mContext agree taskbarIsPresent=true
03-12 08:54:03.791  1254  1254 D b/254119092: ComponentCallbacks#onConfigurationChanged() configDiff={}
03-12 08:54:03.791  1254  1254 D b/254119092: mActivity and mContext agree taskbarIsPresent=true
