03-12 08:54:07.817   733   748 I artd    : GetBestInfo checking odex in dalvik-cache (/data/dalvik-cache/x86_64/data@app@~~QbfMBCHN6AWoZYT3f3Kpqw==@com.google.android.gms-oHHfKXZhPUL0eAmwN3RZhw==@split_DynamiteLoader_installtime.apk@classes.dex)
03-12 08:54:07.817   733   748 I artd    : Loading /data/dalvik-cache/x86_64/data@app@~~QbfMBCHN6AWoZYT3f3Kpqw==@com.google.android.gms-oHHfKXZhPUL0eAmwN3RZhw==@split_DynamiteLoader_installtime.apk@classes.dex with executable: 0
03-12 08:54:07.817   733   748 I artd    : OatFileAssistant test for existing oat file /data/dalvik-cache/x86_64/data@app@~~QbfMBCHN6AWoZYT3f3Kpqw==@com.google.android.gms-oHHfKXZhPUL0eAmwN3RZhw==@split_DynamiteLoader_installtime.apk@classes.dex: File /data/dalvik-cache/x86_64/data@app@~~QbfMBCHN6AWoZYT3f3Kpqw==@com.google.android.gms-oHHfKXZhPUL0eAmwN3RZhw==@split_DynamiteLoader_installtime.apk@classes.vdex does not exist.
03-12 08:54:07.817   733   748 I artd    : GetBestInfo checking odex next to the dex file (/data/app/~~QbfMBCHN6AWoZYT3f3Kpqw==/com.google.android.gms-oHHfKXZhPUL0eAmwN3RZhw==/oat/x86_64/split_DynamiteLoader_installtime.odex)
03-12 08:54:07.817   733   748 I artd    : Loading /data/app/~~QbfMBCHN6AWoZYT3f3Kpqw==/com.google.android.gms-oHHfKXZhPUL0eAmwN3RZhw==/oat/x86_64/split_DynamiteLoader_installtime.odex with executable: 0
03-12 08:54:07.819   733   748 I artd    : Successfully loaded /data/app/~~QbfMBCHN6AWoZYT3f3Kpqw==/com.google.android.gms-oHHfKXZhPUL0eAmwN3RZhw==/oat/x86_64/split_DynamiteLoader_installtime.odex with executable: 0
03-12 08:54:07.820   733   748 I artd    : /data/app/~~QbfMBCHN6AWoZYT3f3Kpqw==/com.google.android.gms-oHHfKXZhPUL0eAmwN3RZhw==/oat/x86_64/split_DynamiteLoader_installtime.odex is kOatUpToDate with filter speed
03-12 08:54:07.824   733   748 I artd    : Dex parent of /data/app/~~QbfMBCHN6AWoZYT3f3Kpqw==/com.google.android.gms-oHHfKXZhPUL0eAmwN3RZhw==/split_DynamiteModulesA_installtime.apk is not writable: Permission denied
03-12 08:54:07.824   733   748 I artd    : GetBestInfo checking odex in dalvik-cache (/data/dalvik-cache/x86_64/data@app@~~QbfMBCHN6AWoZYT3f3Kpqw==@com.google.android.gms-oHHfKXZhPUL0eAmwN3RZhw==@split_DynamiteModulesA_installtime.apk@classes.dex)
03-12 08:54:07.826   733   748 I artd    : Loading /data/dalvik-cache/x86_64/data@app@~~QbfMBCHN6AWoZYT3f3Kpqw==@com.google.android.gms-oHHfKXZhPUL0eAmwN3RZhw==@split_DynamiteModulesA_installtime.apk@classes.dex with executable: 0
03-12 08:54:07.826   733   748 I artd    : OatFileAssistant test for existing oat file /data/dalvik-cache/x86_64/data@app@~~QbfMBCHN6AWoZYT3f3Kpqw==@com.google.android.gms-oHHfKXZhPUL0eAmwN3RZhw==@split_DynamiteModulesA_installtime.apk@classes.dex: File /data/dalvik-cache/x86_64/data@app@~~QbfMBCHN6AWoZYT3f3Kpqw==@com.google.android.gms-oHHfKXZhPUL0eAmwN3RZhw==@split_DynamiteModulesA_installtime.apk@classes.vdex does not exist.
03-12 08:54:07.826   733   748 I artd    : GetBestInfo checking odex next to the dex file (/data/app/~~QbfMBCHN6AWoZYT3f3Kpqw==/com.google.android.gms-oHHfKXZhPUL0eAmwN3RZhw==/oat/x86_64/split_DynamiteModulesA_installtime.odex)
03-12 08:54:07.826   733   748 I artd    : Loading /data/app/~~QbfMBCHN6AWoZYT3f3Kpqw==/com.google.android.gms-oHHfKXZhPUL0eAmwN3RZhw==/oat/x86_64/split_DynamiteModulesA_installtime.odex with executable: 0
03-12 08:54:07.827   733   748 I artd    : Successfully loaded /data/app/~~QbfMBCHN6AWoZYT3f3Kpqw==/com.google.android.gms-oHHfKXZhPUL0eAmwN3RZhw==/oat/x86_64/split_DynamiteModulesA_installtime.odex with executable: 0
03-12 08:54:07.830   733   748 I artd    : /data/app/~~QbfMBCHN6AWoZYT3f3Kpqw==/com.google.android.gms-oHHfKXZhPUL0eAmwN3RZhw==/oat/x86_64/split_DynamiteModulesA_installtime.odex is kOatUpToDate with filter speed
03-12 08:54:07.832   733   748 I artd    : Dex parent of /data/app/~~QbfMBCHN6AWoZYT3f3Kpqw==/com.google.android.gms-oHHfKXZhPUL0eAmwN3RZhw==/split_DynamiteModulesC_installtime.apk is not writable: Permission denied
03-12 08:54:07.832   733   748 I artd    : GetBestInfo checking odex in dalvik-cache (/data/dalvik-cache/x86_64/data@app@~~QbfMBCHN6AWoZYT3f3Kpqw==@com.google.android.gms-oHHfKXZhPUL0eAmwN3RZhw==@split_DynamiteModulesC_installtime.apk@classes.dex)
03-12 08:54:07.832   733   748 I artd    : Loading /data/dalvik-cache/x86_64/data@app@~~QbfMBCHN6AWoZYT3f3Kpqw==@com.google.android.gms-oHHfKXZhPUL0eAmwN3RZhw==@split_DynamiteModulesC_installtime.apk@classes.dex with executable: 0
03-12 08:54:07.832   733   748 I artd    : OatFileAssistant test for existing oat file /data/dalvik-cache/x86_64/data@app@~~QbfMBCHN6AWoZYT3f3Kpqw==@com.google.android.gms-oHHfKXZhPUL0eAmwN3RZhw==@split_DynamiteModulesC_installtime.apk@classes.dex: File /data/dalvik-cache/x86_64/data@app@~~QbfMBCHN6AWoZYT3f3Kpqw==@com.google.android.gms-oHHfKXZhPUL0eAmwN3RZhw==@split_DynamiteModulesC_installtime.apk@classes.vdex does not exist.
03-12 08:54:07.832   733   748 I artd    : GetBestInfo checking odex next to the dex file (/data/app/~~QbfMBCHN6AWoZYT3f3Kpqw==/com.google.android.gms-oHHfKXZhPUL0eAmwN3RZhw==/oat/x86_64/split_DynamiteModulesC_installtime.odex)
03-12 08:54:07.832   733   748 I artd    : Loading /data/app/~~QbfMBCHN6AWoZYT3f3Kpqw==/com.google.android.gms-oHHfKXZhPUL0eAmwN3RZhw==/oat/x86_64/split_DynamiteModulesC_installtime.odex with executable: 0
03-12 08:54:07.833   733   748 I artd    : Successfully loaded /data/app/~~QbfMBCHN6AWoZYT3f3Kpqw==/com.google.android.gms-oHHfKXZhPUL0eAmwN3RZhw==/oat/x86_64/split_DynamiteModulesC_installtime.odex with executable: 0
03-12 08:54:07.834   733   748 I artd    : /data/app/~~QbfMBCHN6AWoZYT3f3Kpqw==/com.google.android.gms-oHHfKXZhPUL0eAmwN3RZhw==/oat/x86_64/split_DynamiteModulesC_installtime.odex is kOatUpToDate with filter speed
03-12 08:54:07.847   733   865 I artd    : Dex parent of /data/app/~~QbfMBCHN6AWoZYT3f3Kpqw==/com.google.android.gms-oHHfKXZhPUL0eAmwN3RZhw==/split_GoogleCertificates_installtime.apk is not writable: Permission denied
03-12 08:54:07.847   733   865 I artd    : GetBestInfo checking odex in dalvik-cache (/data/dalvik-cache/x86_64/data@app@~~QbfMBCHN6AWoZYT3f3Kpqw==@com.google.android.gms-oHHfKXZhPUL0eAmwN3RZhw==@split_GoogleCertificates_installtime.apk@classes.dex)
03-12 08:54:07.847   733   865 I artd    : Loading /data/dalvik-cache/x86_64/data@app@~~QbfMBCHN6AWoZYT3f3Kpqw==@com.google.android.gms-oHHfKXZhPUL0eAmwN3RZhw==@split_GoogleCertificates_installtime.apk@classes.dex with executable: 0
03-12 08:54:07.847   733   865 I artd    : OatFileAssistant test for existing oat file /data/dalvik-cache/x86_64/data@app@~~QbfMBCHN6AWoZYT3f3Kpqw==@com.google.android.gms-oHHfKXZhPUL0eAmwN3RZhw==@split_GoogleCertificates_installtime.apk@classes.dex: File /data/dalvik-cache/x86_64/data@app@~~QbfMBCHN6AWoZYT3f3Kpqw==@com.google.android.gms-oHHfKXZhPUL0eAmwN3RZhw==@split_GoogleCertificates_installtime.apk@classes.vdex does not exist.
03-12 08:54:07.847   733   865 I artd    : GetBestInfo checking odex next to the dex file (/data/app/~~QbfMBCHN6AWoZYT3f3Kpqw==/com.google.android.gms-oHHfKXZhPUL0eAmwN3RZhw==/oat/x86_64/split_GoogleCertificates_installtime.odex)
03-12 08:54:07.847   733   865 I artd    : Loading /data/app/~~QbfMBCHN6AWoZYT3f3Kpqw==/com.google.android.gms-oHHfKXZhPUL0eAmwN3RZhw==/oat/x86_64/split_GoogleCertificates_installtime.odex with executable: 0
03-12 08:54:07.848   733   865 I artd    : Successfully loaded /data/app/~~QbfMBCHN6AWoZYT3f3Kpqw==/com.google.android.gms-oHHfKXZhPUL0eAmwN3RZhw==/oat/x86_64/split_GoogleCertificates_installtime.odex with executable: 0
03-12 08:54:07.849   733   865 I artd    : /data/app/~~QbfMBCHN6AWoZYT3f3Kpqw==/com.google.android.gms-oHHfKXZhPUL0eAmwN3RZhw==/oat/x86_64/split_GoogleCertificates_installtime.odex is kOatUpToDate with filter speed
03-12 08:54:07.854   733   865 I artd    : Dex parent of /data/app/~~QbfMBCHN6AWoZYT3f3Kpqw==/com.google.android.gms-oHHfKXZhPUL0eAmwN3RZhw==/split_MapsDynamite_installtime.apk is not writable: Permission denied
03-12 08:54:07.855   733   865 I artd    : GetBestInfo checking odex in dalvik-cache (/data/dalvik-cache/x86_64/data@app@~~QbfMBCHN6AWoZYT3f3Kpqw==@com.google.android.gms-oHHfKXZhPUL0eAmwN3RZhw==@split_MapsDynamite_installtime.apk@classes.dex)
03-12 08:54:07.855   733   865 I artd    : Loading /data/dalvik-cache/x86_64/data@app@~~QbfMBCHN6AWoZYT3f3Kpqw==@com.google.android.gms-oHHfKXZhPUL0eAmwN3RZhw==@split_MapsDynamite_installtime.apk@classes.dex with executable: 0
03-12 08:54:07.855   733   865 I artd    : OatFileAssistant test for existing oat file /data/dalvik-cache/x86_64/data@app@~~QbfMBCHN6AWoZYT3f3Kpqw==@com.google.android.gms-oHHfKXZhPUL0eAmwN3RZhw==@split_MapsDynamite_installtime.apk@classes.dex: File /data/dalvik-cache/x86_64/data@app@~~QbfMBCHN6AWoZYT3f3Kpqw==@com.google.android.gms-oHHfKXZhPUL0eAmwN3RZhw==@split_MapsDynamite_installtime.apk@classes.vdex does not exist.
03-12 08:54:07.855   733   865 I artd    : GetBestInfo checking odex next to the dex file (/data/app/~~QbfMBCHN6AWoZYT3f3Kpqw==/com.google.android.gms-oHHfKXZhPUL0eAmwN3RZhw==/oat/x86_64/split_MapsDynamite_installtime.odex)
03-12 08:54:07.855   733   865 I artd    : Loading /data/app/~~QbfMBCHN6AWoZYT3f3Kpqw==/com.google.android.gms-oHHfKXZhPUL0eAmwN3RZhw==/oat/x86_64/split_MapsDynamite_installtime.odex with executable: 0
03-12 08:54:07.858   733   865 I artd    : Successfully loaded /data/app/~~QbfMBCHN6AWoZYT3f3Kpqw==/com.google.android.gms-oHHfKXZhPUL0eAmwN3RZhw==/oat/x86_64/split_MapsDynamite_installtime.odex with executable: 0
03-12 08:54:07.858   733   865 I artd    : /data/app/~~QbfMBCHN6AWoZYT3f3Kpqw==/com.google.android.gms-oHHfKXZhPUL0eAmwN3RZhw==/oat/x86_64/split_MapsDynamite_installtime.odex is kOatUpToDate with filter speed
03-12 08:54:07.864   733   865 I artd    : Dex parent of /data/app/~~QbfMBCHN6AWoZYT3f3Kpqw==/com.google.android.gms-oHHfKXZhPUL0eAmwN3RZhw==/split_MeasurementDynamite_installtime.apk is not writable: Permission denied
03-12 08:54:07.864   733   865 I artd    : GetBestInfo checking odex in dalvik-cache (/data/dalvik-cache/x86_64/data@app@~~QbfMBCHN6AWoZYT3f3Kpqw==@com.google.android.gms-oHHfKXZhPUL0eAmwN3RZhw==@split_MeasurementDynamite_installtime.apk@classes.dex)
03-12 08:54:07.864   733   865 I artd    : Loading /data/dalvik-cache/x86_64/data@app@~~QbfMBCHN6AWoZYT3f3Kpqw==@com.google.android.gms-oHHfKXZhPUL0eAmwN3RZhw==@split_MeasurementDynamite_installtime.apk@classes.dex with executable: 0
03-12 08:54:07.867   733   865 I artd    : OatFileAssistant test for existing oat file /data/dalvik-cache/x86_64/data@app@~~QbfMBCHN6AWoZYT3f3Kpqw==@com.google.android.gms-oHHfKXZhPUL0eAmwN3RZhw==@split_MeasurementDynamite_installtime.apk@classes.dex: File /data/dalvik-cache/x86_64/data@app@~~QbfMBCHN6AWoZYT3f3Kpqw==@com.google.android.gms-oHHfKXZhPUL0eAmwN3RZhw==@split_MeasurementDynamite_installtime.apk@classes.vdex does not exist.
03-12 08:54:07.867   733   865 I artd    : GetBestInfo checking odex next to the dex file (/data/app/~~QbfMBCHN6AWoZYT3f3Kpqw==/com.google.android.gms-oHHfKXZhPUL0eAmwN3RZhw==/oat/x86_64/split_MeasurementDynamite_installtime.odex)
03-12 08:54:07.867   733   865 I artd    : Loading /data/app/~~QbfMBCHN6AWoZYT3f3Kpqw==/com.google.android.gms-oHHfKXZhPUL0eAmwN3RZhw==/oat/x86_64/split_MeasurementDynamite_installtime.odex with executable: 0
03-12 08:54:07.868   733   865 I artd    : Successfully loaded /data/app/~~QbfMBCHN6AWoZYT3f3Kpqw==/com.google.android.gms-oHHfKXZhPUL0eAmwN3RZhw==/oat/x86_64/split_MeasurementDynamite_installtime.odex with executable: 0
03-12 08:54:07.869   733   865 I artd    : /data/app/~~QbfMBCHN6AWoZYT3f3Kpqw==/com.google.android.gms-oHHfKXZhPUL0eAmwN3RZhw==/oat/x86_64/split_MeasurementDynamite_installtime.odex is kOatUpToDate with filter speed
03-12 08:54:07.873   733   865 I artd    : Dex parent of /data/app/~~QbfMBCHN6AWoZYT3f3Kpqw==/com.google.android.gms-oHHfKXZhPUL0eAmwN3RZhw==/split_all_locale_splits.apk is not writable: Permission denied
03-12 08:54:07.873   733   865 I artd    : GetBestInfo checking odex in dalvik-cache (/data/dalvik-cache/x86_64/data@app@~~QbfMBCHN6AWoZYT3f3Kpqw==@com.google.android.gms-oHHfKXZhPUL0eAmwN3RZhw==@split_all_locale_splits.apk@classes.dex)
03-12 08:54:07.873   733   865 I artd    : Loading /data/dalvik-cache/x86_64/data@app@~~QbfMBCHN6AWoZYT3f3Kpqw==@com.google.android.gms-oHHfKXZhPUL0eAmwN3RZhw==@split_all_locale_splits.apk@classes.dex with executable: 0
03-12 08:54:07.873   733   865 I artd    : OatFileAssistant test for existing oat file /data/dalvik-cache/x86_64/data@app@~~QbfMBCHN6AWoZYT3f3Kpqw==@com.google.android.gms-oHHfKXZhPUL0eAmwN3RZhw==@split_all_locale_splits.apk@classes.dex: File /data/dalvik-cache/x86_64/data@app@~~QbfMBCHN6AWoZYT3f3Kpqw==@com.google.android.gms-oHHfKXZhPUL0eAmwN3RZhw==@split_all_locale_splits.apk@classes.vdex does not exist.
03-12 08:54:07.873   733   865 I artd    : GetBestInfo checking odex next to the dex file (/data/app/~~QbfMBCHN6AWoZYT3f3Kpqw==/com.google.android.gms-oHHfKXZhPUL0eAmwN3RZhw==/oat/x86_64/split_all_locale_splits.odex)
03-12 08:54:07.873   733   865 I artd    : Loading /data/app/~~QbfMBCHN6AWoZYT3f3Kpqw==/com.google.android.gms-oHHfKXZhPUL0eAmwN3RZhw==/oat/x86_64/split_all_locale_splits.odex with executable: 0
03-12 08:54:07.875   733   865 I artd    : Successfully loaded /data/app/~~QbfMBCHN6AWoZYT3f3Kpqw==/com.google.android.gms-oHHfKXZhPUL0eAmwN3RZhw==/oat/x86_64/split_all_locale_splits.odex with executable: 0
03-12 08:54:07.875   733   865 I artd    : /data/app/~~QbfMBCHN6AWoZYT3f3Kpqw==/com.google.android.gms-oHHfKXZhPUL0eAmwN3RZhw==/oat/x86_64/split_all_locale_splits.odex is kOatUpToDate with filter speed
03-12 08:54:07.881   733   865 I artd    : Dex parent of /data/app/~~QbfMBCHN6AWoZYT3f3Kpqw==/com.google.android.gms-oHHfKXZhPUL0eAmwN3RZhw==/split_maps_core_dynamite_ondemand.apk is not writable: Permission denied
03-12 08:54:07.881   733   865 I artd    : GetBestInfo checking odex in dalvik-cache (/data/dalvik-cache/x86_64/data@app@~~QbfMBCHN6AWoZYT3f3Kpqw==@com.google.android.gms-oHHfKXZhPUL0eAmwN3RZhw==@split_maps_core_dynamite_ondemand.apk@classes.dex)
03-12 08:54:07.881   733   865 I artd    : Loading /data/dalvik-cache/x86_64/data@app@~~QbfMBCHN6AWoZYT3f3Kpqw==@com.google.android.gms-oHHfKXZhPUL0eAmwN3RZhw==@split_maps_core_dynamite_ondemand.apk@classes.dex with executable: 0
03-12 08:54:07.881   733   865 I artd    : OatFileAssistant test for existing oat file /data/dalvik-cache/x86_64/data@app@~~QbfMBCHN6AWoZYT3f3Kpqw==@com.google.android.gms-oHHfKXZhPUL0eAmwN3RZhw==@split_maps_core_dynamite_ondemand.apk@classes.dex: File /data/dalvik-cache/x86_64/data@app@~~QbfMBCHN6AWoZYT3f3Kpqw==@com.google.android.gms-oHHfKXZhPUL0eAmwN3RZhw==@split_maps_core_dynamite_ondemand.apk@classes.vdex does not exist.
03-12 08:54:07.881   733   865 I artd    : GetBestInfo checking odex next to the dex file (/data/app/~~QbfMBCHN6AWoZYT3f3Kpqw==/com.google.android.gms-oHHfKXZhPUL0eAmwN3RZhw==/oat/x86_64/split_maps_core_dynamite_ondemand.odex)
03-12 08:54:07.882   733   865 I artd    : Loading /data/app/~~QbfMBCHN6AWoZYT3f3Kpqw==/com.google.android.gms-oHHfKXZhPUL0eAmwN3RZhw==/oat/x86_64/split_maps_core_dynamite_ondemand.odex with executable: 0
03-12 08:54:07.887   733   865 I artd    : OatFileAssistant test for existing oat file /data/app/~~QbfMBCHN6AWoZYT3f3Kpqw==/com.google.android.gms-oHHfKXZhPUL0eAmwN3RZhw==/oat/x86_64/split_maps_core_dynamite_ondemand.odex: File /data/app/~~QbfMBCHN6AWoZYT3f3Kpqw==/com.google.android.gms-oHHfKXZhPUL0eAmwN3RZhw==/oat/x86_64/split_maps_core_dynamite_ondemand.vdex does not exist.
03-12 08:54:07.887   733   865 I artd    : GetBestInfo checking vdex in dalvik-cache (/data/dalvik-cache/x86_64/data@app@~~QbfMBCHN6AWoZYT3f3Kpqw==@com.google.android.gms-oHHfKXZhPUL0eAmwN3RZhw==@split_maps_core_dynamite_ondemand.apk@classes.vdex)
03-12 08:54:07.887   733   865 I artd    : unable to open vdex file /data/dalvik-cache/x86_64/data@app@~~QbfMBCHN6AWoZYT3f3Kpqw==@com.google.android.gms-oHHfKXZhPUL0eAmwN3RZhw==@split_maps_core_dynamite_ondemand.apk@classes.vdex: File /data/dalvik-cache/x86_64/data@app@~~QbfMBCHN6AWoZYT3f3Kpqw==@com.google.android.gms-oHHfKXZhPUL0eAmwN3RZhw==@split_maps_core_dynamite_ondemand.apk@classes.vdex does not exist.
03-12 08:54:07.887   733   865 I artd    : OatFileAssistant test for existing oat file /data/dalvik-cache/x86_64/data@app@~~QbfMBCHN6AWoZYT3f3Kpqw==@com.google.android.gms-oHHfKXZhPUL0eAmwN3RZhw==@split_maps_core_dynamite_ondemand.apk@classes.vdex: File /data/dalvik-cache/x86_64/data@app@~~QbfMBCHN6AWoZYT3f3Kpqw==@com.google.android.gms-oHHfKXZhPUL0eAmwN3RZhw==@split_maps_core_dynamite_ondemand.apk@classes.vdex does not exist.
03-12 08:54:07.887   733   865 I artd    : GetBestInfo checking vdex next to the dex file (/data/app/~~QbfMBCHN6AWoZYT3f3Kpqw==/com.google.android.gms-oHHfKXZhPUL0eAmwN3RZhw==/oat/x86_64/split_maps_core_dynamite_ondemand.vdex)
03-12 08:54:07.887   733   865 I artd    : unable to open vdex file /data/app/~~QbfMBCHN6AWoZYT3f3Kpqw==/com.google.android.gms-oHHfKXZhPUL0eAmwN3RZhw==/oat/x86_64/split_maps_core_dynamite_ondemand.vdex: File /data/app/~~QbfMBCHN6AWoZYT3f3Kpqw==/com.google.android.gms-oHHfKXZhPUL0eAmwN3RZhw==/oat/x86_64/split_maps_core_dynamite_ondemand.vdex does not exist.
03-12 08:54:07.887   733   865 I artd    : OatFileAssistant test for existing oat file /data/app/~~QbfMBCHN6AWoZYT3f3Kpqw==/com.google.android.gms-oHHfKXZhPUL0eAmwN3RZhw==/oat/x86_64/split_maps_core_dynamite_ondemand.vdex: File /data/app/~~QbfMBCHN6AWoZYT3f3Kpqw==/com.google.android.gms-oHHfKXZhPUL0eAmwN3RZhw==/oat/x86_64/split_maps_core_dynamite_ondemand.vdex does not exist.
03-12 08:54:07.889   733   865 I artd    : GetBestInfo checking dm (/data/app/~~QbfMBCHN6AWoZYT3f3Kpqw==/com.google.android.gms-oHHfKXZhPUL0eAmwN3RZhw==/split_maps_core_dynamite_ondemand.dm)
03-12 08:54:07.889   733   865 W ziparchive: Unable to open '/data/app/~~QbfMBCHN6AWoZYT3f3Kpqw==/com.google.android.gms-oHHfKXZhPUL0eAmwN3RZhw==/split_maps_core_dynamite_ondemand.dm': No such file or directory
03-12 08:54:07.889   733   865 I artd    : OatFileAssistant test for existing oat file /data/app/~~QbfMBCHN6AWoZYT3f3Kpqw==/com.google.android.gms-oHHfKXZhPUL0eAmwN3RZhw==/split_maps_core_dynamite_ondemand.dm: I/O error
03-12 08:54:07.889   733   865 I artd    : GetBestInfo checking dm (/data/app/~~QbfMBCHN6AWoZYT3f3Kpqw==/com.google.android.gms-oHHfKXZhPUL0eAmwN3RZhw==/split_maps_core_dynamite_ondemand.dm)
03-12 08:54:07.889   733   865 W ziparchive: Unable to open '/data/app/~~QbfMBCHN6AWoZYT3f3Kpqw==/com.google.android.gms-oHHfKXZhPUL0eAmwN3RZhw==/split_maps_core_dynamite_ondemand.dm': No such file or directory
03-12 08:54:07.889   733   865 I artd    : OatFileAssistant test for existing oat file /data/app/~~QbfMBCHN6AWoZYT3f3Kpqw==/com.google.android.gms-oHHfKXZhPUL0eAmwN3RZhw==/split_maps_core_dynamite_ondemand.dm: I/O error
03-12 08:54:07.889   733   865 I artd    : GetBestInfo no usable artifacts
03-12 08:54:07.893   733   865 I artd    : Dex parent of /data/user_de/0/com.google.android.gms/app_chimera/m/00000013/dl-MlkitBarcodeUi.optional_260931100800.apk is not writable: Permission denied
03-12 08:54:07.894   733   865 I artd    : GetBestInfo checking odex in dalvik-cache (/data/dalvik-cache/x86_64/data@user_de@0@com.google.android.gms@app_chimera@m@00000013@dl-MlkitBarcodeUi.optional_260931100800.apk@classes.dex)
03-12 08:54:07.894   733   865 I artd    : Loading /data/dalvik-cache/x86_64/data@user_de@0@com.google.android.gms@app_chimera@m@00000013@dl-MlkitBarcodeUi.optional_260931100800.apk@classes.dex with executable: 0
03-12 08:54:07.894   733   865 I artd    : OatFileAssistant test for existing oat file /data/dalvik-cache/x86_64/data@user_de@0@com.google.android.gms@app_chimera@m@00000013@dl-MlkitBarcodeUi.optional_260931100800.apk@classes.dex: File /data/dalvik-cache/x86_64/data@user_de@0@com.google.android.gms@app_chimera@m@00000013@dl-MlkitBarcodeUi.optional_260931100800.apk@classes.vdex does not exist.
03-12 08:54:07.894   733   865 I artd    : GetBestInfo checking odex next to the dex file (/data/user_de/0/com.google.android.gms/app_chimera/m/00000013/oat/x86_64/dl-MlkitBarcodeUi.optional_260931100800.odex)
03-12 08:54:07.894   733   865 I artd    : Loading /data/user_de/0/com.google.android.gms/app_chimera/m/00000013/oat/x86_64/dl-MlkitBarcodeUi.optional_260931100800.odex with executable: 0
03-12 08:54:07.894   733   865 I artd    : OatFileAssistant test for existing oat file /data/user_de/0/com.google.android.gms/app_chimera/m/00000013/oat/x86_64/dl-MlkitBarcodeUi.optional_260931100800.odex: File /data/user_de/0/com.google.android.gms/app_chimera/m/00000013/oat/x86_64/dl-MlkitBarcodeUi.optional_260931100800.vdex does not exist.
03-12 08:54:07.894   733   865 I artd    : GetBestInfo checking vdex in dalvik-cache (/data/dalvik-cache/x86_64/data@user_de@0@com.google.android.gms@app_chimera@m@00000013@dl-MlkitBarcodeUi.optional_260931100800.apk@classes.vdex)
03-12 08:54:07.894   733   865 I artd    : unable to open vdex file /data/dalvik-cache/x86_64/data@user_de@0@com.google.android.gms@app_chimera@m@00000013@dl-MlkitBarcodeUi.optional_260931100800.apk@classes.vdex: File /data/dalvik-cache/x86_64/data@user_de@0@com.google.android.gms@app_chimera@m@00000013@dl-MlkitBarcodeUi.optional_260931100800.apk@classes.vdex does not exist.
03-12 08:54:07.894   733   865 I artd    : OatFileAssistant test for existing oat file /data/dalvik-cache/x86_64/data@user_de@0@com.google.android.gms@app_chimera@m@00000013@dl-MlkitBarcodeUi.optional_260931100800.apk@classes.vdex: File /data/dalvik-cache/x86_64/data@user_de@0@com.google.android.gms@app_chimera@m@00000013@dl-MlkitBarcodeUi.optional_260931100800.apk@classes.vdex does not exist.
03-12 08:54:07.894   733   865 I artd    : GetBestInfo checking vdex next to the dex file (/data/user_de/0/com.google.android.gms/app_chimera/m/00000013/oat/x86_64/dl-MlkitBarcodeUi.optional_260931100800.vdex)
03-12 08:54:07.894   733   865 I artd    : unable to open vdex file /data/user_de/0/com.google.android.gms/app_chimera/m/00000013/oat/x86_64/dl-MlkitBarcodeUi.optional_260931100800.vdex: File /data/user_de/0/com.google.android.gms/app_chimera/m/00000013/oat/x86_64/dl-MlkitBarcodeUi.optional_260931100800.vdex does not exist.
03-12 08:54:07.894   733   865 I artd    : OatFileAssistant test for existing oat file /data/user_de/0/com.google.android.gms/app_chimera/m/00000013/oat/x86_64/dl-MlkitBarcodeUi.optional_260931100800.vdex: File /data/user_de/0/com.google.android.gms/app_chimera/m/00000013/oat/x86_64/dl-MlkitBarcodeUi.optional_260931100800.vdex does not exist.
03-12 08:54:07.894   733   865 I artd    : GetBestInfo checking dm (/data/user_de/0/com.google.android.gms/app_chimera/m/00000013/dl-MlkitBarcodeUi.optional_260931100800.dm)
03-12 08:54:07.894   733   865 W ziparchive: Unable to open '/data/user_de/0/com.google.android.gms/app_chimera/m/00000013/dl-MlkitBarcodeUi.optional_260931100800.dm': No such file or directory
03-12 08:54:07.894   733   865 I artd    : OatFileAssistant test for existing oat file /data/user_de/0/com.google.android.gms/app_chimera/m/00000013/dl-MlkitBarcodeUi.optional_260931100800.dm: I/O error
03-12 08:54:07.894   733   865 I artd    : GetBestInfo checking dm (/data/user_de/0/com.google.android.gms/app_chimera/m/00000013/dl-MlkitBarcodeUi.optional_260931100800.dm)
03-12 08:54:07.894   733   865 W ziparchive: Unable to open '/data/user_de/0/com.google.android.gms/app_chimera/m/00000013/dl-MlkitBarcodeUi.optional_260931100800.dm': No such file or directory
03-12 08:54:07.894   733   865 I artd    : OatFileAssistant test for existing oat file /data/user_de/0/com.google.android.gms/app_chimera/m/00000013/dl-MlkitBarcodeUi.optional_260931100800.dm: I/O error
03-12 08:54:07.894   733   865 I artd    : GetBestInfo no usable artifacts
03-12 08:54:07.900   733   865 I artd    : Dex parent of /data/user_de/0/com.google.android.gms/app_chimera/m/00000007/GoogleCertificates.apk is not writable: No such file or directory
03-12 08:54:07.901   733   865 I artd    : GetBestInfo checking odex in dalvik-cache (/data/dalvik-cache/x86_64/data@user_de@0@com.google.android.gms@app_chimera@m@00000007@GoogleCertificates.apk@classes.dex)
03-12 08:54:07.901   733   865 I artd    : Loading /data/dalvik-cache/x86_64/data@user_de@0@com.google.android.gms@app_chimera@m@00000007@GoogleCertificates.apk@classes.dex with executable: 0
03-12 08:54:07.901   733   865 I artd    : OatFileAssistant test for existing oat file /data/dalvik-cache/x86_64/data@user_de@0@com.google.android.gms@app_chimera@m@00000007@GoogleCertificates.apk@classes.dex: File /data/dalvik-cache/x86_64/data@user_de@0@com.google.android.gms@app_chimera@m@00000007@GoogleCertificates.apk@classes.vdex does not exist.
03-12 08:54:07.901   733   865 I artd    : GetBestInfo checking odex next to the dex file (/data/user_de/0/com.google.android.gms/app_chimera/m/00000007/oat/x86_64/GoogleCertificates.odex)
03-12 08:54:07.901   733   865 I artd    : Loading /data/user_de/0/com.google.android.gms/app_chimera/m/00000007/oat/x86_64/GoogleCertificates.odex with executable: 0
03-12 08:54:07.901   733   865 I artd    : OatFileAssistant test for existing oat file /data/user_de/0/com.google.android.gms/app_chimera/m/00000007/oat/x86_64/GoogleCertificates.odex: File /data/user_de/0/com.google.android.gms/app_chimera/m/00000007/oat/x86_64/GoogleCertificates.vdex does not exist.
03-12 08:54:07.901   733   865 I artd    : GetBestInfo checking vdex in dalvik-cache (/data/dalvik-cache/x86_64/data@user_de@0@com.google.android.gms@app_chimera@m@00000007@GoogleCertificates.apk@classes.vdex)
03-12 08:54:07.901   733   865 I artd    : unable to open vdex file /data/dalvik-cache/x86_64/data@user_de@0@com.google.android.gms@app_chimera@m@00000007@GoogleCertificates.apk@classes.vdex: File /data/dalvik-cache/x86_64/data@user_de@0@com.google.android.gms@app_chimera@m@00000007@GoogleCertificates.apk@classes.vdex does not exist.
03-12 08:54:07.901   733   865 I artd    : OatFileAssistant test for existing oat file /data/dalvik-cache/x86_64/data@user_de@0@com.google.android.gms@app_chimera@m@00000007@GoogleCertificates.apk@classes.vdex: File /data/dalvik-cache/x86_64/data@user_de@0@com.google.android.gms@app_chimera@m@00000007@GoogleCertificates.apk@classes.vdex does not exist.
03-12 08:54:07.901   733   865 I artd    : GetBestInfo checking vdex next to the dex file (/data/user_de/0/com.google.android.gms/app_chimera/m/00000007/oat/x86_64/GoogleCertificates.vdex)
03-12 08:54:07.901   733   865 I artd    : unable to open vdex file /data/user_de/0/com.google.android.gms/app_chimera/m/00000007/oat/x86_64/GoogleCertificates.vdex: File /data/user_de/0/com.google.android.gms/app_chimera/m/00000007/oat/x86_64/GoogleCertificates.vdex does not exist.
03-12 08:54:07.901   733   865 I artd    : OatFileAssistant test for existing oat file /data/user_de/0/com.google.android.gms/app_chimera/m/00000007/oat/x86_64/GoogleCertificates.vdex: File /data/user_de/0/com.google.android.gms/app_chimera/m/00000007/oat/x86_64/GoogleCertificates.vdex does not exist.
03-12 08:54:07.901   733   865 I artd    : GetBestInfo checking dm (/data/user_de/0/com.google.android.gms/app_chimera/m/00000007/GoogleCertificates.dm)
03-12 08:54:07.902   733   865 W ziparchive: Unable to open '/data/user_de/0/com.google.android.gms/app_chimera/m/00000007/GoogleCertificates.dm': No such file or directory
03-12 08:54:07.902   733   865 I artd    : OatFileAssistant test for existing oat file /data/user_de/0/com.google.android.gms/app_chimera/m/00000007/GoogleCertificates.dm: I/O error
03-12 08:54:07.902   733   865 I artd    : GetBestInfo checking dm (/data/user_de/0/com.google.android.gms/app_chimera/m/00000007/GoogleCertificates.dm)
03-12 08:54:07.902   733   865 W ziparchive: Unable to open '/data/user_de/0/com.google.android.gms/app_chimera/m/00000007/GoogleCertificates.dm': No such file or directory
03-12 08:54:07.902   733   865 I artd    : OatFileAssistant test for existing oat file /data/user_de/0/com.google.android.gms/app_chimera/m/00000007/GoogleCertificates.dm: I/O error
03-12 08:54:07.902   733   865 I artd    : GetBestInfo no usable artifacts
03-12 08:54:07.905   733   865 I artd    : Dex parent of /data/user_de/0/com.google.android.gms/app_chimera/m/0000000c/dl-VisionOcr.optional_260931100000.apk is not writable: Permission denied
03-12 08:54:07.905   733   865 I artd    : GetBestInfo checking odex in dalvik-cache (/data/dalvik-cache/x86_64/data@user_de@0@com.google.android.gms@app_chimera@m@0000000c@dl-VisionOcr.optional_260931100000.apk@classes.dex)
03-12 08:54:07.905   733   865 I artd    : Loading /data/dalvik-cache/x86_64/data@user_de@0@com.google.android.gms@app_chimera@m@0000000c@dl-VisionOcr.optional_260931100000.apk@classes.dex with executable: 0
03-12 08:54:07.905   733   865 I artd    : OatFileAssistant test for existing oat file /data/dalvik-cache/x86_64/data@user_de@0@com.google.android.gms@app_chimera@m@0000000c@dl-VisionOcr.optional_260931100000.apk@classes.dex: File /data/dalvik-cache/x86_64/data@user_de@0@com.google.android.gms@app_chimera@m@0000000c@dl-VisionOcr.optional_260931100000.apk@classes.vdex does not exist.
03-12 08:54:07.905   733   865 I artd    : GetBestInfo checking odex next to the dex file (/data/user_de/0/com.google.android.gms/app_chimera/m/0000000c/oat/x86_64/dl-VisionOcr.optional_260931100000.odex)
03-12 08:54:07.905   733   865 I artd    : Loading /data/user_de/0/com.google.android.gms/app_chimera/m/0000000c/oat/x86_64/dl-VisionOcr.optional_260931100000.odex with executable: 0
03-12 08:54:07.906   733   865 I artd    : OatFileAssistant test for existing oat file /data/user_de/0/com.google.android.gms/app_chimera/m/0000000c/oat/x86_64/dl-VisionOcr.optional_260931100000.odex: File /data/user_de/0/com.google.android.gms/app_chimera/m/0000000c/oat/x86_64/dl-VisionOcr.optional_260931100000.vdex does not exist.
03-12 08:54:07.906   733   865 I artd    : GetBestInfo checking vdex in dalvik-cache (/data/dalvik-cache/x86_64/data@user_de@0@com.google.android.gms@app_chimera@m@0000000c@dl-VisionOcr.optional_260931100000.apk@classes.vdex)
03-12 08:54:07.906   733   865 I artd    : unable to open vdex file /data/dalvik-cache/x86_64/data@user_de@0@com.google.android.gms@app_chimera@m@0000000c@dl-VisionOcr.optional_260931100000.apk@classes.vdex: File /data/dalvik-cache/x86_64/data@user_de@0@com.google.android.gms@app_chimera@m@0000000c@dl-VisionOcr.optional_260931100000.apk@classes.vdex does not exist.
03-12 08:54:07.906   733   865 I artd    : OatFileAssistant test for existing oat file /data/dalvik-cache/x86_64/data@user_de@0@com.google.android.gms@app_chimera@m@0000000c@dl-VisionOcr.optional_260931100000.apk@classes.vdex: File /data/dalvik-cache/x86_64/data@user_de@0@com.google.android.gms@app_chimera@m@0000000c@dl-VisionOcr.optional_260931100000.apk@classes.vdex does not exist.
03-12 08:54:07.906   733   865 I artd    : GetBestInfo checking vdex next to the dex file (/data/user_de/0/com.google.android.gms/app_chimera/m/0000000c/oat/x86_64/dl-VisionOcr.optional_260931100000.vdex)
03-12 08:54:07.906   733   865 I artd    : unable to open vdex file /data/user_de/0/com.google.android.gms/app_chimera/m/0000000c/oat/x86_64/dl-VisionOcr.optional_260931100000.vdex: File /data/user_de/0/com.google.android.gms/app_chimera/m/0000000c/oat/x86_64/dl-VisionOcr.optional_260931100000.vdex does not exist.
03-12 08:54:07.906   733   865 I artd    : OatFileAssistant test for existing oat file /data/user_de/0/com.google.android.gms/app_chimera/m/0000000c/oat/x86_64/dl-VisionOcr.optional_260931100000.vdex: File /data/user_de/0/com.google.android.gms/app_chimera/m/0000000c/oat/x86_64/dl-VisionOcr.optional_260931100000.vdex does not exist.
03-12 08:54:07.906   733   865 I artd    : GetBestInfo checking dm (/data/user_de/0/com.google.android.gms/app_chimera/m/0000000c/dl-VisionOcr.optional_260931100000.dm)
03-12 08:54:07.906   733   865 W ziparchive: Unable to open '/data/user_de/0/com.google.android.gms/app_chimera/m/0000000c/dl-VisionOcr.optional_260931100000.dm': No such file or directory
03-12 08:54:07.906   733   865 I artd    : OatFileAssistant test for existing oat file /data/user_de/0/com.google.android.gms/app_chimera/m/0000000c/dl-VisionOcr.optional_260931100000.dm: I/O error
03-12 08:54:07.906   733   865 I artd    : GetBestInfo checking dm (/data/user_de/0/com.google.android.gms/app_chimera/m/0000000c/dl-VisionOcr.optional_260931100000.dm)
03-12 08:54:07.906   733   865 W ziparchive: Unable to open '/data/user_de/0/com.google.android.gms/app_chimera/m/0000000c/dl-VisionOcr.optional_260931100000.dm': No such file or directory
03-12 08:54:07.906   733   865 I artd    : OatFileAssistant test for existing oat file /data/user_de/0/com.google.android.gms/app_chimera/m/0000000c/dl-VisionOcr.optional_260931100000.dm: I/O error
03-12 08:54:07.906   733   865 I artd    : GetBestInfo no usable artifacts
03-12 08:54:07.908   733   748 I artd    : Dex parent of /data/user_de/0/com.google.android.gms/app_chimera/m/0000000f/dl-Usonia.optional_260931100000.apk is not writable: Permission denied
03-12 08:54:07.908   733   748 I artd    : GetBestInfo checking odex in dalvik-cache (/data/dalvik-cache/x86_64/data@user_de@0@com.google.android.gms@app_chimera@m@0000000f@dl-Usonia.optional_260931100000.apk@classes.dex)
03-12 08:54:07.908   733   748 I artd    : Loading /data/dalvik-cache/x86_64/data@user_de@0@com.google.android.gms@app_chimera@m@0000000f@dl-Usonia.optional_260931100000.apk@classes.dex with executable: 0
03-12 08:54:07.908   733   748 I artd    : OatFileAssistant test for existing oat file /data/dalvik-cache/x86_64/data@user_de@0@com.google.android.gms@app_chimera@m@0000000f@dl-Usonia.optional_260931100000.apk@classes.dex: File /data/dalvik-cache/x86_64/data@user_de@0@com.google.android.gms@app_chimera@m@0000000f@dl-Usonia.optional_260931100000.apk@classes.vdex does not exist.
03-12 08:54:07.908   733   748 I artd    : GetBestInfo checking odex next to the dex file (/data/user_de/0/com.google.android.gms/app_chimera/m/0000000f/oat/x86_64/dl-Usonia.optional_260931100000.odex)
03-12 08:54:07.908   733   748 I artd    : Loading /data/user_de/0/com.google.android.gms/app_chimera/m/0000000f/oat/x86_64/dl-Usonia.optional_260931100000.odex with executable: 0
03-12 08:54:07.908   733   748 I artd    : OatFileAssistant test for existing oat file /data/user_de/0/com.google.android.gms/app_chimera/m/0000000f/oat/x86_64/dl-Usonia.optional_260931100000.odex: File /data/user_de/0/com.google.android.gms/app_chimera/m/0000000f/oat/x86_64/dl-Usonia.optional_260931100000.vdex does not exist.
03-12 08:54:07.909   733   748 I artd    : GetBestInfo checking vdex in dalvik-cache (/data/dalvik-cache/x86_64/data@user_de@0@com.google.android.gms@app_chimera@m@0000000f@dl-Usonia.optional_260931100000.apk@classes.vdex)
03-12 08:54:07.910   733   748 I artd    : unable to open vdex file /data/dalvik-cache/x86_64/data@user_de@0@com.google.android.gms@app_chimera@m@0000000f@dl-Usonia.optional_260931100000.apk@classes.vdex: File /data/dalvik-cache/x86_64/data@user_de@0@com.google.android.gms@app_chimera@m@0000000f@dl-Usonia.optional_260931100000.apk@classes.vdex does not exist.
03-12 08:54:07.910   733   748 I artd    : OatFileAssistant test for existing oat file /data/dalvik-cache/x86_64/data@user_de@0@com.google.android.gms@app_chimera@m@0000000f@dl-Usonia.optional_260931100000.apk@classes.vdex: File /data/dalvik-cache/x86_64/data@user_de@0@com.google.android.gms@app_chimera@m@0000000f@dl-Usonia.optional_260931100000.apk@classes.vdex does not exist.
03-12 08:54:07.910   733   748 I artd    : GetBestInfo checking vdex next to the dex file (/data/user_de/0/com.google.android.gms/app_chimera/m/0000000f/oat/x86_64/dl-Usonia.optional_260931100000.vdex)
03-12 08:54:07.910   733   748 I artd    : unable to open vdex file /data/user_de/0/com.google.android.gms/app_chimera/m/0000000f/oat/x86_64/dl-Usonia.optional_260931100000.vdex: File /data/user_de/0/com.google.android.gms/app_chimera/m/0000000f/oat/x86_64/dl-Usonia.optional_260931100000.vdex does not exist.
03-12 08:54:07.910   733   748 I artd    : OatFileAssistant test for existing oat file /data/user_de/0/com.google.android.gms/app_chimera/m/0000000f/oat/x86_64/dl-Usonia.optional_260931100000.vdex: File /data/user_de/0/com.google.android.gms/app_chimera/m/0000000f/oat/x86_64/dl-Usonia.optional_260931100000.vdex does not exist.
03-12 08:54:07.910   733   748 I artd    : GetBestInfo checking dm (/data/user_de/0/com.google.android.gms/app_chimera/m/0000000f/dl-Usonia.optional_260931100000.dm)
03-12 08:54:07.910   733   748 W ziparchive: Unable to open '/data/user_de/0/com.google.android.gms/app_chimera/m/0000000f/dl-Usonia.optional_260931100000.dm': No such file or directory
03-12 08:54:07.910   733   748 I artd    : OatFileAssistant test for existing oat file /data/user_de/0/com.google.android.gms/app_chimera/m/0000000f/dl-Usonia.optional_260931100000.dm: I/O error
03-12 08:54:07.910   733   748 I artd    : GetBestInfo checking dm (/data/user_de/0/com.google.android.gms/app_chimera/m/0000000f/dl-Usonia.optional_260931100000.dm)
03-12 08:54:07.910   733   748 W ziparchive: Unable to open '/data/user_de/0/com.google.android.gms/app_chimera/m/0000000f/dl-Usonia.optional_260931100000.dm': No such file or directory
03-12 08:54:07.910   733   748 I artd    : OatFileAssistant test for existing oat file /data/user_de/0/com.google.android.gms/app_chimera/m/0000000f/dl-Usonia.optional_260931100000.dm: I/O error
03-12 08:54:07.911   733   748 I artd    : GetBestInfo no usable artifacts
03-12 08:54:07.914   733   748 I artd    : Dex parent of /data/user_de/0/com.google.android.gms/app_chimera/m/0000000d/dl-MlkitOcrCommon.optional_260931100800.apk is not writable: Permission denied
03-12 08:54:07.914   733   748 I artd    : GetBestInfo checking odex in dalvik-cache (/data/dalvik-cache/x86_64/data@user_de@0@com.google.android.gms@app_chimera@m@0000000d@dl-MlkitOcrCommon.optional_260931100800.apk@classes.dex)
03-12 08:54:07.914   733   748 I artd    : Loading /data/dalvik-cache/x86_64/data@user_de@0@com.google.android.gms@app_chimera@m@0000000d@dl-MlkitOcrCommon.optional_260931100800.apk@classes.dex with executable: 0
03-12 08:54:07.914   733   748 I artd    : OatFileAssistant test for existing oat file /data/dalvik-cache/x86_64/data@user_de@0@com.google.android.gms@app_chimera@m@0000000d@dl-MlkitOcrCommon.optional_260931100800.apk@classes.dex: File /data/dalvik-cache/x86_64/data@user_de@0@com.google.android.gms@app_chimera@m@0000000d@dl-MlkitOcrCommon.optional_260931100800.apk@classes.vdex does not exist.
03-12 08:54:07.914   733   748 I artd    : GetBestInfo checking odex next to the dex file (/data/user_de/0/com.google.android.gms/app_chimera/m/0000000d/oat/x86_64/dl-MlkitOcrCommon.optional_260931100800.odex)
03-12 08:54:07.914 12564 12564 I Capacitor/Console: File: http://localhost/assets/main-DQPsmcHE.js - Line 170 - Msg: [AppBoot] Script main.tsx iniciando...
03-12 08:54:07.914   733   748 I artd    : Loading /data/user_de/0/com.google.android.gms/app_chimera/m/0000000d/oat/x86_64/dl-MlkitOcrCommon.optional_260931100800.odex with executable: 0
03-12 08:54:07.914 12564 12564 I Capacitor/Console: File: http://localhost/assets/main-DQPsmcHE.js - Line 170 - Msg: [AppBoot] Plataforma: android, isNative: true
03-12 08:54:07.914   733   748 I artd    : OatFileAssistant test for existing oat file /data/user_de/0/com.google.android.gms/app_chimera/m/0000000d/oat/x86_64/dl-MlkitOcrCommon.optional_260931100800.odex: File /data/user_de/0/com.google.android.gms/app_chimera/m/0000000d/oat/x86_64/dl-MlkitOcrCommon.optional_260931100800.vdex does not exist.
03-12 08:54:07.914   733   748 I artd    : GetBestInfo checking vdex in dalvik-cache (/data/dalvik-cache/x86_64/data@user_de@0@com.google.android.gms@app_chimera@m@0000000d@dl-MlkitOcrCommon.optional_260931100800.apk@classes.vdex)
03-12 08:54:07.914 12564 12564 I Capacitor/Console: File: http://localhost/assets/main-DQPsmcHE.js - Line 170 - Msg: [AppBoot] initApp comenzando...
03-12 08:54:07.915   733   748 I artd    : unable to open vdex file /data/dalvik-cache/x86_64/data@user_de@0@com.google.android.gms@app_chimera@m@0000000d@dl-MlkitOcrCommon.optional_260931100800.apk@classes.vdex: File /data/dalvik-cache/x86_64/data@user_de@0@com.google.android.gms@app_chimera@m@0000000d@dl-MlkitOcrCommon.optional_260931100800.apk@classes.vdex does not exist.
03-12 08:54:07.915   733   748 I artd    : OatFileAssistant test for existing oat file /data/dalvik-cache/x86_64/data@user_de@0@com.google.android.gms@app_chimera@m@0000000d@dl-MlkitOcrCommon.optional_260931100800.apk@classes.vdex: File /data/dalvik-cache/x86_64/data@user_de@0@com.google.android.gms@app_chimera@m@0000000d@dl-MlkitOcrCommon.optional_260931100800.apk@classes.vdex does not exist.
03-12 08:54:07.915   733   748 I artd    : GetBestInfo checking vdex next to the dex file (/data/user_de/0/com.google.android.gms/app_chimera/m/0000000d/oat/x86_64/dl-MlkitOcrCommon.optional_260931100800.vdex)
03-12 08:54:07.915   733   748 I artd    : unable to open vdex file /data/user_de/0/com.google.android.gms/app_chimera/m/0000000d/oat/x86_64/dl-MlkitOcrCommon.optional_260931100800.vdex: File /data/user_de/0/com.google.android.gms/app_chimera/m/0000000d/oat/x86_64/dl-MlkitOcrCommon.optional_260931100800.vdex does not exist.
03-12 08:54:07.915   733   748 I artd    : OatFileAssistant test for existing oat file /data/user_de/0/com.google.android.gms/app_chimera/m/0000000d/oat/x86_64/dl-MlkitOcrCommon.optional_260931100800.vdex: File /data/user_de/0/com.google.android.gms/app_chimera/m/0000000d/oat/x86_64/dl-MlkitOcrCommon.optional_260931100800.vdex does not exist.
03-12 08:54:07.915   733   748 I artd    : GetBestInfo checking dm (/data/user_de/0/com.google.android.gms/app_chimera/m/0000000d/dl-MlkitOcrCommon.optional_260931100800.dm)
03-12 08:54:07.915   733   748 W ziparchive: Unable to open '/data/user_de/0/com.google.android.gms/app_chimera/m/0000000d/dl-MlkitOcrCommon.optional_260931100800.dm': No such file or directory
03-12 08:54:07.915   733   748 I artd    : OatFileAssistant test for existing oat file /data/user_de/0/com.google.android.gms/app_chimera/m/0000000d/dl-MlkitOcrCommon.optional_260931100800.dm: I/O error
03-12 08:54:07.915   733   748 I artd    : GetBestInfo checking dm (/data/user_de/0/com.google.android.gms/app_chimera/m/0000000d/dl-MlkitOcrCommon.optional_260931100800.dm)
03-12 08:54:07.916 12564 12564 I Capacitor/Console: File: http://localhost/assets/main-DQPsmcHE.js - Line 170 - Msg: [AppBoot] Assets nativos ya verificados para esta version. Omitiendo limpieza.
03-12 08:54:07.917   733   748 W ziparchive: Unable to open '/data/user_de/0/com.google.android.gms/app_chimera/m/0000000d/dl-MlkitOcrCommon.optional_260931100800.dm': No such file or directory
03-12 08:54:07.917   733   748 I artd    : OatFileAssistant test for existing oat file /data/user_de/0/com.google.android.gms/app_chimera/m/0000000d/dl-MlkitOcrCommon.optional_260931100800.dm: I/O error
03-12 08:54:07.917   733   748 I artd    : GetBestInfo no usable artifacts
03-12 08:54:07.918 12564 12564 I Capacitor/Console: File: http://localhost/assets/main-DQPsmcHE.js - Line 170 - Msg: [AppBoot] DB offline: inicializacion diferida por tenant
03-12 08:54:07.920 12564 12564 I Capacitor/Console: File: http://localhost/assets/main-DQPsmcHE.js - Line 170 - Msg: [AppBoot] Montando React...
03-12 08:54:07.921 12564 12564 I Capacitor/Console: File: http://localhost/assets/main-DQPsmcHE.js - Line 170 - Msg: [AppBoot] React montado correctamente
03-12 08:54:07.921 12564 12564 I Capacitor/Console: File: http://localhost/assets/index-CHPTDGsH.js - Line 2 - Msg: [Boot] main.tsx importado
03-12 08:54:07.969   733   748 I artd    : Dex parent of /data/user_de/0/com.google.android.gms/app_chimera/m/0000000e/dl-Homegraph.optional_260931100000.apk is not writable: Permission denied
03-12 08:54:07.969   733   748 I artd    : GetBestInfo checking odex in dalvik-cache (/data/dalvik-cache/x86_64/data@user_de@0@com.google.android.gms@app_chimera@m@0000000e@dl-Homegraph.optional_260931100000.apk@classes.dex)
03-12 08:54:07.969   733   748 I artd    : Loading /data/dalvik-cache/x86_64/data@user_de@0@com.google.android.gms@app_chimera@m@0000000e@dl-Homegraph.optional_260931100000.apk@classes.dex with executable: 0
03-12 08:54:07.969   733   748 I artd    : OatFileAssistant test for existing oat file /data/dalvik-cache/x86_64/data@user_de@0@com.google.android.gms@app_chimera@m@0000000e@dl-Homegraph.optional_260931100000.apk@classes.dex: File /data/dalvik-cache/x86_64/data@user_de@0@com.google.android.gms@app_chimera@m@0000000e@dl-Homegraph.optional_260931100000.apk@classes.vdex does not exist.
03-12 08:54:07.969   733   748 I artd    : GetBestInfo checking odex next to the dex file (/data/user_de/0/com.google.android.gms/app_chimera/m/0000000e/oat/x86_64/dl-Homegraph.optional_260931100000.odex)
03-12 08:54:07.969   733   748 I artd    : Loading /data/user_de/0/com.google.android.gms/app_chimera/m/0000000e/oat/x86_64/dl-Homegraph.optional_260931100000.odex with executable: 0
03-12 08:54:07.969   733   748 I artd    : OatFileAssistant test for existing oat file /data/user_de/0/com.google.android.gms/app_chimera/m/0000000e/oat/x86_64/dl-Homegraph.optional_260931100000.odex: File /data/user_de/0/com.google.android.gms/app_chimera/m/0000000e/oat/x86_64/dl-Homegraph.optional_260931100000.vdex does not exist.
03-12 08:54:07.969   733   748 I artd    : GetBestInfo checking vdex in dalvik-cache (/data/dalvik-cache/x86_64/data@user_de@0@com.google.android.gms@app_chimera@m@0000000e@dl-Homegraph.optional_260931100000.apk@classes.vdex)
03-12 08:54:07.969   733   748 I artd    : unable to open vdex file /data/dalvik-cache/x86_64/data@user_de@0@com.google.android.gms@app_chimera@m@0000000e@dl-Homegraph.optional_260931100000.apk@classes.vdex: File /data/dalvik-cache/x86_64/data@user_de@0@com.google.android.gms@app_chimera@m@0000000e@dl-Homegraph.optional_260931100000.apk@classes.vdex does not exist.
03-12 08:54:07.969   733   748 I artd    : OatFileAssistant test for existing oat file /data/dalvik-cache/x86_64/data@user_de@0@com.google.android.gms@app_chimera@m@0000000e@dl-Homegraph.optional_260931100000.apk@classes.vdex: File /data/dalvik-cache/x86_64/data@user_de@0@com.google.android.gms@app_chimera@m@0000000e@dl-Homegraph.optional_260931100000.apk@classes.vdex does not exist.
03-12 08:54:07.969   733   748 I artd    : GetBestInfo checking vdex next to the dex file (/data/user_de/0/com.google.android.gms/app_chimera/m/0000000e/oat/x86_64/dl-Homegraph.optional_260931100000.vdex)
03-12 08:54:07.969   733   748 I artd    : unable to open vdex file /data/user_de/0/com.google.android.gms/app_chimera/m/0000000e/oat/x86_64/dl-Homegraph.optional_260931100000.vdex: File /data/user_de/0/com.google.android.gms/app_chimera/m/0000000e/oat/x86_64/dl-Homegraph.optional_260931100000.vdex does not exist.
03-12 08:54:07.969   733   748 I artd    : OatFileAssistant test for existing oat file /data/user_de/0/com.google.android.gms/app_chimera/m/0000000e/oat/x86_64/dl-Homegraph.optional_260931100000.vdex: File /data/user_de/0/com.google.android.gms/app_chimera/m/0000000e/oat/x86_64/dl-Homegraph.optional_260931100000.vdex does not exist.
03-12 08:54:07.969   733   748 I artd    : GetBestInfo checking dm (/data/user_de/0/com.google.android.gms/app_chimera/m/0000000e/dl-Homegraph.optional_260931100000.dm)
03-12 08:54:07.969   733   748 W ziparchive: Unable to open '/data/user_de/0/com.google.android.gms/app_chimera/m/0000000e/dl-Homegraph.optional_260931100000.dm': No such file or directory
03-12 08:54:07.969   733   748 I artd    : OatFileAssistant test for existing oat file /data/user_de/0/com.google.android.gms/app_chimera/m/0000000e/dl-Homegraph.optional_260931100000.dm: I/O error
03-12 08:54:07.969   733   748 I artd    : GetBestInfo checking dm (/data/user_de/0/com.google.android.gms/app_chimera/m/0000000e/dl-Homegraph.optional_260931100000.dm)
03-12 08:54:07.969   733   748 W ziparchive: Unable to open '/data/user_de/0/com.google.android.gms/app_chimera/m/0000000e/dl-Homegraph.optional_260931100000.dm': No such file or directory
03-12 08:54:07.969   733   748 I artd    : OatFileAssistant test for existing oat file /data/user_de/0/com.google.android.gms/app_chimera/m/0000000e/dl-Homegraph.optional_260931100000.dm: I/O error
03-12 08:54:07.970   733   748 I artd    : GetBestInfo no usable artifacts
03-12 08:54:07.979   733   748 I artd    : Dex parent of /data/user_de/0/com.google.android.gms/app_chimera/m/00000011/dl-Appsearch.optional_260931100800.apk is not writable: Permission denied
03-12 08:54:07.979   733   748 I artd    : GetBestInfo checking odex in dalvik-cache (/data/dalvik-cache/x86_64/data@user_de@0@com.google.android.gms@app_chimera@m@00000011@dl-Appsearch.optional_260931100800.apk@classes.dex)
03-12 08:54:07.979   733   748 I artd    : Loading /data/dalvik-cache/x86_64/data@user_de@0@com.google.android.gms@app_chimera@m@00000011@dl-Appsearch.optional_260931100800.apk@classes.dex with executable: 0
03-12 08:54:07.979   733   748 I artd    : OatFileAssistant test for existing oat file /data/dalvik-cache/x86_64/data@user_de@0@com.google.android.gms@app_chimera@m@00000011@dl-Appsearch.optional_260931100800.apk@classes.dex: File /data/dalvik-cache/x86_64/data@user_de@0@com.google.android.gms@app_chimera@m@00000011@dl-Appsearch.optional_260931100800.apk@classes.vdex does not exist.
03-12 08:54:07.979   733   748 I artd    : GetBestInfo checking odex next to the dex file (/data/user_de/0/com.google.android.gms/app_chimera/m/00000011/oat/x86_64/dl-Appsearch.optional_260931100800.odex)
03-12 08:54:07.979   733   748 I artd    : Loading /data/user_de/0/com.google.android.gms/app_chimera/m/00000011/oat/x86_64/dl-Appsearch.optional_260931100800.odex with executable: 0
