03-12 08:54:07.979   733   748 I artd    : OatFileAssistant test for existing oat file /data/user_de/0/com.google.android.gms/app_chimera/m/00000011/oat/x86_64/dl-Appsearch.optional_260931100800.odex: File /data/user_de/0/com.google.android.gms/app_chimera/m/00000011/oat/x86_64/dl-Appsearch.optional_260931100800.vdex does not exist.
03-12 08:54:07.980   733   748 I artd    : GetBestInfo checking vdex in dalvik-cache (/data/dalvik-cache/x86_64/data@user_de@0@com.google.android.gms@app_chimera@m@00000011@dl-Appsearch.optional_260931100800.apk@classes.vdex)
03-12 08:54:07.980   733   748 I artd    : unable to open vdex file /data/dalvik-cache/x86_64/data@user_de@0@com.google.android.gms@app_chimera@m@00000011@dl-Appsearch.optional_260931100800.apk@classes.vdex: File /data/dalvik-cache/x86_64/data@user_de@0@com.google.android.gms@app_chimera@m@00000011@dl-Appsearch.optional_260931100800.apk@classes.vdex does not exist.
03-12 08:54:07.980   733   748 I artd    : OatFileAssistant test for existing oat file /data/dalvik-cache/x86_64/data@user_de@0@com.google.android.gms@app_chimera@m@00000011@dl-Appsearch.optional_260931100800.apk@classes.vdex: File /data/dalvik-cache/x86_64/data@user_de@0@com.google.android.gms@app_chimera@m@00000011@dl-Appsearch.optional_260931100800.apk@classes.vdex does not exist.
03-12 08:54:07.980   733   748 I artd    : GetBestInfo checking vdex next to the dex file (/data/user_de/0/com.google.android.gms/app_chimera/m/00000011/oat/x86_64/dl-Appsearch.optional_260931100800.vdex)
03-12 08:54:07.980   733   748 I artd    : unable to open vdex file /data/user_de/0/com.google.android.gms/app_chimera/m/00000011/oat/x86_64/dl-Appsearch.optional_260931100800.vdex: File /data/user_de/0/com.google.android.gms/app_chimera/m/00000011/oat/x86_64/dl-Appsearch.optional_260931100800.vdex does not exist.
03-12 08:54:07.980   733   748 I artd    : OatFileAssistant test for existing oat file /data/user_de/0/com.google.android.gms/app_chimera/m/00000011/oat/x86_64/dl-Appsearch.optional_260931100800.vdex: File /data/user_de/0/com.google.android.gms/app_chimera/m/00000011/oat/x86_64/dl-Appsearch.optional_260931100800.vdex does not exist.
03-12 08:54:07.980   733   748 I artd    : GetBestInfo checking dm (/data/user_de/0/com.google.android.gms/app_chimera/m/00000011/dl-Appsearch.optional_260931100800.dm)
03-12 08:54:07.980   733   748 W ziparchive: Unable to open '/data/user_de/0/com.google.android.gms/app_chimera/m/00000011/dl-Appsearch.optional_260931100800.dm': No such file or directory
03-12 08:54:07.980   733   748 I artd    : OatFileAssistant test for existing oat file /data/user_de/0/com.google.android.gms/app_chimera/m/00000011/dl-Appsearch.optional_260931100800.dm: I/O error
03-12 08:54:07.980   733   748 I artd    : GetBestInfo checking dm (/data/user_de/0/com.google.android.gms/app_chimera/m/00000011/dl-Appsearch.optional_260931100800.dm)
03-12 08:54:07.980   733   748 W ziparchive: Unable to open '/data/user_de/0/com.google.android.gms/app_chimera/m/00000011/dl-Appsearch.optional_260931100800.dm': No such file or directory
03-12 08:54:07.980   733   748 I artd    : OatFileAssistant test for existing oat file /data/user_de/0/com.google.android.gms/app_chimera/m/00000011/dl-Appsearch.optional_260931100800.dm: I/O error
03-12 08:54:07.980   733   748 I artd    : GetBestInfo no usable artifacts
03-12 08:54:07.981 12605 12631 I chromium: [INFO:document_style_environment_variables.cc(104)] E2E_Used SafeAreaInsetBottom
03-12 08:54:07.982   733   748 I artd    : Dex parent of /data/user/0/com.google.android.gms/app_dg_cache/E893C01D331CD1FBE6F076D28A1BA871F16A1DEC/the.apk is not writable: Permission denied
03-12 08:54:07.982   733   748 I artd    : GetBestInfo checking odex in dalvik-cache (/data/dalvik-cache/x86_64/data@user@0@com.google.android.gms@app_dg_cache@E893C01D331CD1FBE6F076D28A1BA871F16A1DEC@the.apk@classes.dex)
03-12 08:54:07.982   733   748 I artd    : Loading /data/dalvik-cache/x86_64/data@user@0@com.google.android.gms@app_dg_cache@E893C01D331CD1FBE6F076D28A1BA871F16A1DEC@the.apk@classes.dex with executable: 0
03-12 08:54:07.983   733   748 I artd    : OatFileAssistant test for existing oat file /data/dalvik-cache/x86_64/data@user@0@com.google.android.gms@app_dg_cache@E893C01D331CD1FBE6F076D28A1BA871F16A1DEC@the.apk@classes.dex: File /data/dalvik-cache/x86_64/data@user@0@com.google.android.gms@app_dg_cache@E893C01D331CD1FBE6F076D28A1BA871F16A1DEC@the.apk@classes.vdex does not exist.
03-12 08:54:07.983   733   748 I artd    : GetBestInfo checking odex next to the dex file (/data/user/0/com.google.android.gms/app_dg_cache/E893C01D331CD1FBE6F076D28A1BA871F16A1DEC/oat/x86_64/the.odex)
03-12 08:54:07.983   733   748 I artd    : Loading /data/user/0/com.google.android.gms/app_dg_cache/E893C01D331CD1FBE6F076D28A1BA871F16A1DEC/oat/x86_64/the.odex with executable: 0
03-12 08:54:07.983   733   748 I artd    : OatFileAssistant test for existing oat file /data/user/0/com.google.android.gms/app_dg_cache/E893C01D331CD1FBE6F076D28A1BA871F16A1DEC/oat/x86_64/the.odex: Failed to open oat filename for reading: No such file or directory
03-12 08:54:07.983   733   748 I artd    : GetBestInfo checking vdex in dalvik-cache (/data/dalvik-cache/x86_64/data@user@0@com.google.android.gms@app_dg_cache@E893C01D331CD1FBE6F076D28A1BA871F16A1DEC@the.apk@classes.vdex)
03-12 08:54:07.984   733   748 I artd    : unable to open vdex file /data/dalvik-cache/x86_64/data@user@0@com.google.android.gms@app_dg_cache@E893C01D331CD1FBE6F076D28A1BA871F16A1DEC@the.apk@classes.vdex: File /data/dalvik-cache/x86_64/data@user@0@com.google.android.gms@app_dg_cache@E893C01D331CD1FBE6F076D28A1BA871F16A1DEC@the.apk@classes.vdex does not exist.
03-12 08:54:07.984   733   748 I artd    : OatFileAssistant test for existing oat file /data/dalvik-cache/x86_64/data@user@0@com.google.android.gms@app_dg_cache@E893C01D331CD1FBE6F076D28A1BA871F16A1DEC@the.apk@classes.vdex: File /data/dalvik-cache/x86_64/data@user@0@com.google.android.gms@app_dg_cache@E893C01D331CD1FBE6F076D28A1BA871F16A1DEC@the.apk@classes.vdex does not exist.
03-12 08:54:07.984   733   748 I artd    : GetBestInfo checking vdex next to the dex file (/data/user/0/com.google.android.gms/app_dg_cache/E893C01D331CD1FBE6F076D28A1BA871F16A1DEC/oat/x86_64/the.vdex)
03-12 08:54:07.984   733   748 I artd    : Successfully loaded /data/user/0/com.google.android.gms/app_dg_cache/E893C01D331CD1FBE6F076D28A1BA871F16A1DEC/oat/x86_64/the.vdex with executable: 0
03-12 08:54:07.984   733   748 I artd    : Image checksum test skipped for vdex file /data/user/0/com.google.android.gms/app_dg_cache/E893C01D331CD1FBE6F076D28A1BA871F16A1DEC/oat/x86_64/the.vdex
03-12 08:54:07.984   733   748 I artd    : /data/user/0/com.google.android.gms/app_dg_cache/E893C01D331CD1FBE6F076D28A1BA871F16A1DEC/oat/x86_64/the.vdex is kOatUpToDate with filter verify
03-12 08:54:07.985   733   748 I artd    : Dex parent of /data/user_de/0/com.google.android.gms/app_chimera/m/00000003/CronetDynamite.uncompressed.apk is not writable: No such file or directory
03-12 08:54:07.985   733   748 I artd    : GetBestInfo checking odex in dalvik-cache (/data/dalvik-cache/x86_64/data@user_de@0@com.google.android.gms@app_chimera@m@00000003@CronetDynamite.uncompressed.apk@classes.dex)
03-12 08:54:07.985   733   748 I artd    : Loading /data/dalvik-cache/x86_64/data@user_de@0@com.google.android.gms@app_chimera@m@00000003@CronetDynamite.uncompressed.apk@classes.dex with executable: 0
03-12 08:54:07.985   733   748 I artd    : OatFileAssistant test for existing oat file /data/dalvik-cache/x86_64/data@user_de@0@com.google.android.gms@app_chimera@m@00000003@CronetDynamite.uncompressed.apk@classes.dex: File /data/dalvik-cache/x86_64/data@user_de@0@com.google.android.gms@app_chimera@m@00000003@CronetDynamite.uncompressed.apk@classes.vdex does not exist.
03-12 08:54:07.985   733   748 I artd    : GetBestInfo checking odex next to the dex file (/data/user_de/0/com.google.android.gms/app_chimera/m/00000003/oat/x86_64/CronetDynamite.uncompressed.odex)
03-12 08:54:07.985   733   748 I artd    : Loading /data/user_de/0/com.google.android.gms/app_chimera/m/00000003/oat/x86_64/CronetDynamite.uncompressed.odex with executable: 0
03-12 08:54:07.985   733   748 I artd    : OatFileAssistant test for existing oat file /data/user_de/0/com.google.android.gms/app_chimera/m/00000003/oat/x86_64/CronetDynamite.uncompressed.odex: File /data/user_de/0/com.google.android.gms/app_chimera/m/00000003/oat/x86_64/CronetDynamite.uncompressed.vdex does not exist.
03-12 08:54:07.985   733   748 I artd    : GetBestInfo checking vdex in dalvik-cache (/data/dalvik-cache/x86_64/data@user_de@0@com.google.android.gms@app_chimera@m@00000003@CronetDynamite.uncompressed.apk@classes.vdex)
03-12 08:54:07.985   733   748 I artd    : unable to open vdex file /data/dalvik-cache/x86_64/data@user_de@0@com.google.android.gms@app_chimera@m@00000003@CronetDynamite.uncompressed.apk@classes.vdex: File /data/dalvik-cache/x86_64/data@user_de@0@com.google.android.gms@app_chimera@m@00000003@CronetDynamite.uncompressed.apk@classes.vdex does not exist.
03-12 08:54:07.986   733   748 I artd    : OatFileAssistant test for existing oat file /data/dalvik-cache/x86_64/data@user_de@0@com.google.android.gms@app_chimera@m@00000003@CronetDynamite.uncompressed.apk@classes.vdex: File /data/dalvik-cache/x86_64/data@user_de@0@com.google.android.gms@app_chimera@m@00000003@CronetDynamite.uncompressed.apk@classes.vdex does not exist.
03-12 08:54:07.986   733   748 I artd    : GetBestInfo checking vdex next to the dex file (/data/user_de/0/com.google.android.gms/app_chimera/m/00000003/oat/x86_64/CronetDynamite.uncompressed.vdex)
03-12 08:54:07.986   733   748 I artd    : unable to open vdex file /data/user_de/0/com.google.android.gms/app_chimera/m/00000003/oat/x86_64/CronetDynamite.uncompressed.vdex: File /data/user_de/0/com.google.android.gms/app_chimera/m/00000003/oat/x86_64/CronetDynamite.uncompressed.vdex does not exist.
03-12 08:54:07.986   733   748 I artd    : OatFileAssistant test for existing oat file /data/user_de/0/com.google.android.gms/app_chimera/m/00000003/oat/x86_64/CronetDynamite.uncompressed.vdex: File /data/user_de/0/com.google.android.gms/app_chimera/m/00000003/oat/x86_64/CronetDynamite.uncompressed.vdex does not exist.
03-12 08:54:07.986   733   748 I artd    : GetBestInfo checking dm (/data/user_de/0/com.google.android.gms/app_chimera/m/00000003/CronetDynamite.uncompressed.dm)
03-12 08:54:07.986   733   748 W ziparchive: Unable to open '/data/user_de/0/com.google.android.gms/app_chimera/m/00000003/CronetDynamite.uncompressed.dm': No such file or directory
03-12 08:54:07.986   733   748 I artd    : OatFileAssistant test for existing oat file /data/user_de/0/com.google.android.gms/app_chimera/m/00000003/CronetDynamite.uncompressed.dm: I/O error
03-12 08:54:07.986   733   748 I artd    : GetBestInfo checking dm (/data/user_de/0/com.google.android.gms/app_chimera/m/00000003/CronetDynamite.uncompressed.dm)
03-12 08:54:07.986   733   748 W ziparchive: Unable to open '/data/user_de/0/com.google.android.gms/app_chimera/m/00000003/CronetDynamite.uncompressed.dm': No such file or directory
03-12 08:54:07.986   733   748 I artd    : OatFileAssistant test for existing oat file /data/user_de/0/com.google.android.gms/app_chimera/m/00000003/CronetDynamite.uncompressed.dm: I/O error
03-12 08:54:07.986   733   748 I artd    : GetBestInfo no usable artifacts
03-12 08:54:07.986   733   748 I artd    : Dex parent of /data/user_de/0/com.google.android.gms/app_chimera/m/00000004/DynamiteLoader.uncompressed.apk is not writable: No such file or directory
03-12 08:54:07.986   733   748 I artd    : GetBestInfo checking odex in dalvik-cache (/data/dalvik-cache/x86_64/data@user_de@0@com.google.android.gms@app_chimera@m@00000004@DynamiteLoader.uncompressed.apk@classes.dex)
03-12 08:54:07.986   733   748 I artd    : Loading /data/dalvik-cache/x86_64/data@user_de@0@com.google.android.gms@app_chimera@m@00000004@DynamiteLoader.uncompressed.apk@classes.dex with executable: 0
03-12 08:54:07.986   733   748 I artd    : OatFileAssistant test for existing oat file /data/dalvik-cache/x86_64/data@user_de@0@com.google.android.gms@app_chimera@m@00000004@DynamiteLoader.uncompressed.apk@classes.dex: File /data/dalvik-cache/x86_64/data@user_de@0@com.google.android.gms@app_chimera@m@00000004@DynamiteLoader.uncompressed.apk@classes.vdex does not exist.
03-12 08:54:07.987   733   748 I artd    : GetBestInfo checking odex next to the dex file (/data/user_de/0/com.google.android.gms/app_chimera/m/00000004/oat/x86_64/DynamiteLoader.uncompressed.odex)
03-12 08:54:07.987   733   748 I artd    : Loading /data/user_de/0/com.google.android.gms/app_chimera/m/00000004/oat/x86_64/DynamiteLoader.uncompressed.odex with executable: 0
03-12 08:54:07.987   733   748 I artd    : OatFileAssistant test for existing oat file /data/user_de/0/com.google.android.gms/app_chimera/m/00000004/oat/x86_64/DynamiteLoader.uncompressed.odex: File /data/user_de/0/com.google.android.gms/app_chimera/m/00000004/oat/x86_64/DynamiteLoader.uncompressed.vdex does not exist.
03-12 08:54:07.987   733   748 I artd    : GetBestInfo checking vdex in dalvik-cache (/data/dalvik-cache/x86_64/data@user_de@0@com.google.android.gms@app_chimera@m@00000004@DynamiteLoader.uncompressed.apk@classes.vdex)
03-12 08:54:07.987   733   748 I artd    : unable to open vdex file /data/dalvik-cache/x86_64/data@user_de@0@com.google.android.gms@app_chimera@m@00000004@DynamiteLoader.uncompressed.apk@classes.vdex: File /data/dalvik-cache/x86_64/data@user_de@0@com.google.android.gms@app_chimera@m@00000004@DynamiteLoader.uncompressed.apk@classes.vdex does not exist.
03-12 08:54:07.987   733   748 I artd    : OatFileAssistant test for existing oat file /data/dalvik-cache/x86_64/data@user_de@0@com.google.android.gms@app_chimera@m@00000004@DynamiteLoader.uncompressed.apk@classes.vdex: File /data/dalvik-cache/x86_64/data@user_de@0@com.google.android.gms@app_chimera@m@00000004@DynamiteLoader.uncompressed.apk@classes.vdex does not exist.
03-12 08:54:07.987   733   748 I artd    : GetBestInfo checking vdex next to the dex file (/data/user_de/0/com.google.android.gms/app_chimera/m/00000004/oat/x86_64/DynamiteLoader.uncompressed.vdex)
03-12 08:54:07.987   733   748 I artd    : unable to open vdex file /data/user_de/0/com.google.android.gms/app_chimera/m/00000004/oat/x86_64/DynamiteLoader.uncompressed.vdex: File /data/user_de/0/com.google.android.gms/app_chimera/m/00000004/oat/x86_64/DynamiteLoader.uncompressed.vdex does not exist.
03-12 08:54:07.987   733   748 I artd    : OatFileAssistant test for existing oat file /data/user_de/0/com.google.android.gms/app_chimera/m/00000004/oat/x86_64/DynamiteLoader.uncompressed.vdex: File /data/user_de/0/com.google.android.gms/app_chimera/m/00000004/oat/x86_64/DynamiteLoader.uncompressed.vdex does not exist.
03-12 08:54:07.987   733   748 I artd    : GetBestInfo checking dm (/data/user_de/0/com.google.android.gms/app_chimera/m/00000004/DynamiteLoader.uncompressed.dm)
03-12 08:54:07.987   733   748 W ziparchive: Unable to open '/data/user_de/0/com.google.android.gms/app_chimera/m/00000004/DynamiteLoader.uncompressed.dm': No such file or directory
03-12 08:54:07.988   733   748 I artd    : OatFileAssistant test for existing oat file /data/user_de/0/com.google.android.gms/app_chimera/m/00000004/DynamiteLoader.uncompressed.dm: I/O error
03-12 08:54:07.988   733   748 I artd    : GetBestInfo checking dm (/data/user_de/0/com.google.android.gms/app_chimera/m/00000004/DynamiteLoader.uncompressed.dm)
03-12 08:54:07.988   733   748 W ziparchive: Unable to open '/data/user_de/0/com.google.android.gms/app_chimera/m/00000004/DynamiteLoader.uncompressed.dm': No such file or directory
03-12 08:54:07.988   733   748 I artd    : OatFileAssistant test for existing oat file /data/user_de/0/com.google.android.gms/app_chimera/m/00000004/DynamiteLoader.uncompressed.dm: I/O error
03-12 08:54:07.988   733   748 I artd    : GetBestInfo no usable artifacts
03-12 08:54:07.990   733   748 I artd    : Dex parent of /data/user_de/0/com.google.android.gms/app_chimera/m/00000009/MeasurementDynamite.apk is not writable: No such file or directory
03-12 08:54:07.990   733   748 I artd    : GetBestInfo checking odex in dalvik-cache (/data/dalvik-cache/x86_64/data@user_de@0@com.google.android.gms@app_chimera@m@00000009@MeasurementDynamite.apk@classes.dex)
03-12 08:54:07.990   733   748 I artd    : Loading /data/dalvik-cache/x86_64/data@user_de@0@com.google.android.gms@app_chimera@m@00000009@MeasurementDynamite.apk@classes.dex with executable: 0
03-12 08:54:07.990   733   748 I artd    : OatFileAssistant test for existing oat file /data/dalvik-cache/x86_64/data@user_de@0@com.google.android.gms@app_chimera@m@00000009@MeasurementDynamite.apk@classes.dex: File /data/dalvik-cache/x86_64/data@user_de@0@com.google.android.gms@app_chimera@m@00000009@MeasurementDynamite.apk@classes.vdex does not exist.
03-12 08:54:07.990   733   748 I artd    : GetBestInfo checking odex next to the dex file (/data/user_de/0/com.google.android.gms/app_chimera/m/00000009/oat/x86_64/MeasurementDynamite.odex)
03-12 08:54:07.990   733   748 I artd    : Loading /data/user_de/0/com.google.android.gms/app_chimera/m/00000009/oat/x86_64/MeasurementDynamite.odex with executable: 0
03-12 08:54:07.990   733   748 I artd    : OatFileAssistant test for existing oat file /data/user_de/0/com.google.android.gms/app_chimera/m/00000009/oat/x86_64/MeasurementDynamite.odex: File /data/user_de/0/com.google.android.gms/app_chimera/m/00000009/oat/x86_64/MeasurementDynamite.vdex does not exist.
03-12 08:54:07.990   733   748 I artd    : GetBestInfo checking vdex in dalvik-cache (/data/dalvik-cache/x86_64/data@user_de@0@com.google.android.gms@app_chimera@m@00000009@MeasurementDynamite.apk@classes.vdex)
03-12 08:54:07.990   733   748 I artd    : unable to open vdex file /data/dalvik-cache/x86_64/data@user_de@0@com.google.android.gms@app_chimera@m@00000009@MeasurementDynamite.apk@classes.vdex: File /data/dalvik-cache/x86_64/data@user_de@0@com.google.android.gms@app_chimera@m@00000009@MeasurementDynamite.apk@classes.vdex does not exist.
03-12 08:54:07.990   733   748 I artd    : OatFileAssistant test for existing oat file /data/dalvik-cache/x86_64/data@user_de@0@com.google.android.gms@app_chimera@m@00000009@MeasurementDynamite.apk@classes.vdex: File /data/dalvik-cache/x86_64/data@user_de@0@com.google.android.gms@app_chimera@m@00000009@MeasurementDynamite.apk@classes.vdex does not exist.
03-12 08:54:07.990   733   748 I artd    : GetBestInfo checking vdex next to the dex file (/data/user_de/0/com.google.android.gms/app_chimera/m/00000009/oat/x86_64/MeasurementDynamite.vdex)
03-12 08:54:07.990   733   748 I artd    : unable to open vdex file /data/user_de/0/com.google.android.gms/app_chimera/m/00000009/oat/x86_64/MeasurementDynamite.vdex: File /data/user_de/0/com.google.android.gms/app_chimera/m/00000009/oat/x86_64/MeasurementDynamite.vdex does not exist.
03-12 08:54:07.990   733   748 I artd    : OatFileAssistant test for existing oat file /data/user_de/0/com.google.android.gms/app_chimera/m/00000009/oat/x86_64/MeasurementDynamite.vdex: File /data/user_de/0/com.google.android.gms/app_chimera/m/00000009/oat/x86_64/MeasurementDynamite.vdex does not exist.
03-12 08:54:07.990   733   748 I artd    : GetBestInfo checking dm (/data/user_de/0/com.google.android.gms/app_chimera/m/00000009/MeasurementDynamite.dm)
03-12 08:54:07.990   733   748 W ziparchive: Unable to open '/data/user_de/0/com.google.android.gms/app_chimera/m/00000009/MeasurementDynamite.dm': No such file or directory
03-12 08:54:07.990   733   748 I artd    : OatFileAssistant test for existing oat file /data/user_de/0/com.google.android.gms/app_chimera/m/00000009/MeasurementDynamite.dm: I/O error
03-12 08:54:07.990   733   748 I artd    : GetBestInfo checking dm (/data/user_de/0/com.google.android.gms/app_chimera/m/00000009/MeasurementDynamite.dm)
03-12 08:54:07.990   733   748 W ziparchive: Unable to open '/data/user_de/0/com.google.android.gms/app_chimera/m/00000009/MeasurementDynamite.dm': No such file or directory
03-12 08:54:07.990   733   748 I artd    : OatFileAssistant test for existing oat file /data/user_de/0/com.google.android.gms/app_chimera/m/00000009/MeasurementDynamite.dm: I/O error
03-12 08:54:07.990   733   748 I artd    : GetBestInfo no usable artifacts
03-12 08:54:08.004 12564 12564 I Capacitor/Console: File: http://localhost/assets/main-DQPsmcHE.js - Line 169 - Msg: [NativeSplashHider] Componente montado, verificando splash...
03-12 08:54:08.004 12564 12564 I Capacitor/Console: File: http://localhost/assets/main-DQPsmcHE.js - Line 170 - Msg: [AppBoot] hideLoading llamado
03-12 08:54:08.014 12564 12607 D Capacitor: Handling local request: http://localhost/favicon.png
03-12 08:54:08.025 12564 12570 I esdetrabajo.app: Compiler allocated 5174KB to compile void android.view.ViewRootImpl.performTraversals()
03-12 08:54:08.049 12564 12564 V Capacitor/Plugin: To native (Capacitor plugin): callbackId: 99786058, pluginId: SplashScreen, methodName: hide
03-12 08:54:08.050 12564 12564 V Capacitor: callback: 99786058, pluginId: SplashScreen, methodName: hide, methodData: {}
03-12 08:54:08.055 12564 12564 V Capacitor/Plugin: To native (Capacitor plugin): callbackId: 99786059, pluginId: Preferences, methodName: get
03-12 08:54:08.055 12564 12564 V Capacitor: callback: 99786059, pluginId: Preferences, methodName: get, methodData: {"key":"api_access_token"}
03-12 08:54:08.115 12564 12564 I Capacitor/Console: File:  - Line 333 - Msg: undefined
03-12 08:54:08.119 12564 12564 V Capacitor/Plugin: To native (Capacitor plugin): callbackId: 99786060, pluginId: Preferences, methodName: get
03-12 08:54:08.119 12564 12564 V Capacitor: callback: 99786060, pluginId: Preferences, methodName: get, methodData: {"key":"api_token_type"}
03-12 08:54:08.127 12564 12564 V Capacitor/Plugin: To native (Capacitor plugin): callbackId: 99786061, pluginId: Preferences, methodName: get
03-12 08:54:08.127 12564 12564 V Capacitor: callback: 99786061, pluginId: Preferences, methodName: get, methodData: {"key":"api_token_expires_at"}
03-12 08:54:08.132 12564 12564 V Capacitor/Plugin: To native (Capacitor plugin): callbackId: 99786062, pluginId: Preferences, methodName: get
03-12 08:54:08.132 12564 12564 V Capacitor: callback: 99786062, pluginId: Preferences, methodName: get, methodData: {"key":"api_access_token"}
03-12 08:54:08.151  1254  1573 D EGL_emulation: app_time_stats: avg=382.60ms min=10.70ms max=3405.71ms count=10
03-12 08:54:08.167 12564 12564 V Capacitor/Plugin: To native (Capacitor plugin): callbackId: 99786063, pluginId: Preferences, methodName: get
03-12 08:54:08.167 12564 12564 V Capacitor: callback: 99786063, pluginId: Preferences, methodName: get, methodData: {"key":"api_token_type"}
03-12 08:54:08.173 12564 12564 V Capacitor/Plugin: To native (Capacitor plugin): callbackId: 99786064, pluginId: Preferences, methodName: get
03-12 08:54:08.173 12564 12564 V Capacitor: callback: 99786064, pluginId: Preferences, methodName: get, methodData: {"key":"api_token_expires_at"}
03-12 08:54:08.359 12564 12564 V Capacitor/Plugin: To native (Capacitor plugin): callbackId: 99786065, pluginId: Preferences, methodName: get
03-12 08:54:08.359 12564 12564 V Capacitor: callback: 99786065, pluginId: Preferences, methodName: get, methodData: {"key":"api_cached_users_v1"}
03-12 08:54:08.364 12564 12564 V Capacitor/Plugin: To native (Capacitor plugin): callbackId: 99786066, pluginId: Preferences, methodName: set
03-12 08:54:08.365 12564 12564 V Capacitor: callback: 99786066, pluginId: Preferences, methodName: set, methodData: {"key":"api_cached_users_v1","value":"{\"dios@cortecelestial.god\":{\"email\":\"dios@cortecelestial.god\",\"full_name\":\"Super Admin\",\"is_active\":true,\"is_super_admin\":true,\"id\":1,\"tenant_id\":null,\"role_id\":1,\"role_name\":\"super_admin\",\"permissions\":[\"audit:read\",\"can_create_time_reports\",\"contracts:approve\",\"contracts:create\",\"contracts:edit\",\"contracts:read\",\"contracts:reject\",\"erp:manage\",\"erp:read\",\"erp:reports:read\",\"erp:track\",\"hr:manage\",\"hr:read\",\"hr:reports\",\"tenants:create\",\"tenants:delete\",\"tenants:read\",\"tenants:update\",\"tickets:create\",\"tickets:manage\",\"tickets:read_own\",\"tickets:read_tenant\",\"tools:configure\",\"tools:launch\",\"tools:read\",\"users:create\",\"users:delete\",\"users:read\",\"users:update\"],\"language\":\"es\",\"avatar_url\":null,\"avatar_data\":null,\"created_at\":\"2026-02-09T10:45:54.932766\",\"roles\":[\"super_admin\"]}}"}
03-12 08:54:08.371 12564 12564 I Capacitor/Console: File:  - Line 333 - Msg: undefined
03-12 08:54:08.373 12564 12564 V Capacitor/Plugin: To native (Capacitor plugin): callbackId: 99786067, pluginId: Preferences, methodName: set
03-12 08:54:08.373 12564 12564 V Capacitor: callback: 99786067, pluginId: Preferences, methodName: set, methodData: {"key":"api_cached_user_v1","value":"{\"email\":\"dios@cortecelestial.god\",\"full_name\":\"Super Admin\",\"is_active\":true,\"is_super_admin\":true,\"id\":1,\"tenant_id\":null,\"role_id\":1,\"role_name\":\"super_admin\",\"permissions\":[\"audit:read\",\"can_create_time_reports\",\"contracts:approve\",\"contracts:create\",\"contracts:edit\",\"contracts:read\",\"contracts:reject\",\"erp:manage\",\"erp:read\",\"erp:reports:read\",\"erp:track\",\"hr:manage\",\"hr:read\",\"hr:reports\",\"tenants:create\",\"tenants:delete\",\"tenants:read\",\"tenants:update\",\"tickets:create\",\"tickets:manage\",\"tickets:read_own\",\"tickets:read_tenant\",\"tools:configure\",\"tools:launch\",\"tools:read\",\"users:create\",\"users:delete\",\"users:read\",\"users:update\"],\"language\":\"es\",\"avatar_url\":null,\"avatar_data\":null,\"created_at\":\"2026-02-09T10:45:54.932766\",\"roles\":[\"super_admin\"]}"}
03-12 08:54:08.380 12564 12607 D Capacitor: Handling local request: http://localhost/assets/Index-Dbxu_haW.js
03-12 08:54:08.380 12564 12618 D Capacitor: Handling local request: http://localhost/assets/textarea-B2cvyEwE.js
03-12 08:54:08.381 12564 12607 D Capacitor: Handling local request: http://localhost/assets/checkbox-C3eZYuk-.js
03-12 08:54:08.382 12564 12564 I Capacitor/Console: File:  - Line 333 - Msg: undefined
03-12 08:54:08.389 12564 12615 D Capacitor: Handling local request: http://localhost/assets/card-Dg70DahT.js
03-12 08:54:08.390 12564 12624 D Capacitor: Handling local request: http://localhost/assets/zip-vendor-JjlMduLD.js
03-12 08:54:08.391 12564 12625 D Capacitor: Handling local request: http://localhost/assets/useWorks-D0cBMqzD.js
03-12 08:54:08.432 12564 12607 D Capacitor: Handling local request: http://localhost/assets/icon-option-4-C_8_yXpn.png
03-12 08:54:08.701 12564 12564 V Capacitor/Plugin: To native (Capacitor plugin): callbackId: 99786068, pluginId: Preferences, methodName: get
03-12 08:54:08.701 12564 12564 V Capacitor: callback: 99786068, pluginId: Preferences, methodName: get, methodData: {"key":"activeTenant::1::http:\/\/192.168.1.18:8000"}
03-12 08:54:08.705 12564 12564 V Capacitor/Plugin: To native (Capacitor plugin): callbackId: 99786069, pluginId: App, methodName: addListener
03-12 08:54:08.705 12564 12564 V Capacitor: callback: 99786069, pluginId: App, methodName: addListener, methodData: {"eventName":"appStateChange"}
03-12 08:54:08.721 12564 12564 V Capacitor/Plugin: To native (Capacitor plugin): callbackId: 99786070, pluginId: Preferences, methodName: get
03-12 08:54:08.721 12564 12564 V Capacitor: callback: 99786070, pluginId: Preferences, methodName: get, methodData: {"key":"activeTenant::1::http:\/\/192.168.1.18:8000__chunked"}
03-12 08:54:08.730 12564 12607 D Capacitor: Handling local request: http://localhost/assets/sql-wasm-V5jTDcrT.js
03-12 08:54:08.747 12564 12607 D Capacitor: Handling local request: http://localhost/assets/sql-wasm-C1U8OeUW.wasm
03-12 08:54:08.937  6128  6139 I NullBinder: NullBinder for android.net.action.RECOMMEND_NETWORKS triggering remote TransactionTooLargeException due to Service without Chimera impl, calling uid: 1000, calling pid: 0
03-12 08:54:08.941  6128  6139 W .gms.persistent: Large reply transaction of 1056768 bytes, interface descriptor , code 1
03-12 08:54:09.747 12564 12595 D EGL_emulation: app_time_stats: avg=164.37ms min=18.54ms max=1317.09ms count=13
03-12 08:54:09.753 12564 12564 I Choreographer: Skipped 59 frames!  The application may be doing too much work on its main thread.
03-12 08:54:09.786 12564 12576 I HWUI    : Davey! duration=1020ms; Flags=0, FrameTimelineVsyncId=152511, IntendedVsync=5706701687344, Vsync=5706701687344, InputEventId=0, HandleInputStart=5706704075300, AnimationStart=5706704088600, PerformTraversalsStart=5706704967500, DrawStart=5706705041800, FrameDeadline=5706718354010, FrameInterval=5706704064900, FrameStartTime=16666666, SyncQueued=5706705214600, SyncStart=5706705344400, IssueDrawCommandsStart=5706705441300, SwapBuffers=5707672034800, FrameCompleted=5707721902600, DequeueBufferDuration=73000, QueueBufferDuration=431400, GpuCompleted=5707721902600, SwapBuffersCompleted=5707715428400, DisplayPresentTime=72057628414509588, CommandSubmissionCompleted=5707672034800, 
03-12 08:54:09.795 12564 12564 V Capacitor/Plugin: To native (Capacitor plugin): callbackId: 99786071, pluginId: Preferences, methodName: get
03-12 08:54:09.795 12564 12564 V Capacitor: callback: 99786071, pluginId: Preferences, methodName: get, methodData: {"key":"offline_db_sqlite_file_b64_v2_scope_tenant-1"}
03-12 08:54:09.866 12564 12576 I HWUI    : Davey! duration=1035ms; Flags=0, FrameTimelineVsyncId=152525, IntendedVsync=5706735020676, Vsync=5707718353970, InputEventId=0, HandleInputStart=5707722370100, AnimationStart=5707722385400, PerformTraversalsStart=5707725712100, DrawStart=5707725818500, FrameDeadline=5707785020634, FrameInterval=5707721578600, FrameStartTime=16666666, SyncQueued=5707726082400, SyncStart=5707755706800, IssueDrawCommandsStart=5707755802500, SwapBuffers=5707763428200, FrameCompleted=5707800120000, DequeueBufferDuration=26688000, QueueBufferDuration=814200, GpuCompleted=5707799615600, SwapBuffersCompleted=5707800120000, DisplayPresentTime=0, CommandSubmissionCompleted=5707763428200, 
03-12 08:54:09.893 12564 12564 V Capacitor/Plugin: To native (Capacitor plugin): callbackId: 99786072, pluginId: Preferences, methodName: set
03-12 08:54:09.917 12564 12564 V Capacitor: callback: 99786072, pluginId: Preferences, methodName: set, methodData: {"key":"offline_db_sqlite_file_b64_v2_scope_tenant-1","value":"U1FMaXRlIGZvcm1hdCAzABAAAQEAQCAgAAAACgAAAA0AAAAAAAAAAAAAAAkAAAAEAAAAAAAAAAAAAAABAAAAAAAAAAAAAAAAAAAAAAAAAAAAAAAAAAAAAAAAAAAAAAAKAC6GKQ0P+AAMCLsAD1cPww1hDx4M2AxMC80LUQmcCyQJHgi7AAAAAAAAAAAAAAAAAAAAAAAAAAAAAAAAAAAAAAAAAAAAAAAAAAAAAAAAAAAAAAAAAAAAAAAAAAAAAAAAAAAAAAAAAAAAAAAAAAAAAAAAAAAAAAAAAAAAAAAAAAAAAAAAAAAAAAAAAAAAAAAAAAAAAAAAAAAAAAAAAAAAAAAAAAAAAAAAAAAAAAAAAAAAAAAAAAAAAAAAAAAAAAAAAAAAAAAAAAAAAAAAAAAAAAAAAAAAAAAAAAAAAAAAAAAAAAAAAAAAAAAAAAAAAAAAAAAAAAAAAAAAAAAAAAAAAAAAAAAAAAAAAAAAAAAAAAAAAAAAAAAAAAAAAAAAAAAAAAAAAAAAAAAAAAAAAAAAAAAAAAAAAAAAAAAAAAAAAAAAAAAAAAAAAAAAAAAAAAAAAAAAAAAAAAAAAAAAAAAAAAAAAAAAAAAAAAAAAAAAAAAAAAAAAAAAAAAAAAAAAAAAAAAAAAAAAAAAAAAAAAAAAAAAAAAAAAAAAAAAAAAAAAAAAAAAAAAAAAAAAAAAAAAAAAAAAAAAAAAAAAAAAAAAAAAAAAAAAAAAAAAAAAAAAAAAAAAAAAAAAAAAAAAAAAAAAAAAAAAAAAAAAAAAAAAAAAAAAAAAAAAAAAAAAAAAAAAAAAAAAAAAAAAAAAAAAAAAAAAAAAAAAAAAAAAAAAAAAAAAAAAAAAAAAAAAAAAAAAAAAAAAAAAAAAAAAAAAAAAAAAAAAAAAAAAAAAAAAAAAAAAAAAAAAAAAAAAAAAAAAAAAAAAAAAAAAAAAAAAAAAAAAAAAAAAAAAAAAAAAAAAAAAAAAAAAAAAAAAAAAAAAAAAAAAAAAAAAAAAAAAAAAAAAAAAAAAAAAAAAAAAAAAAAAAAAAAAAAAAAAAAAAAAAAAAAAAAAAAAAAAAAAAAAAAAAAAAAAAAAAAAAAAAAAAAAAAAAAAAAAAAAAAAAAAAAAAAAAAAAAAAAAAAAAAAAAAAAAAAAAAAAAAAAAAAAAAAAAAAAAAAAAAAAAAAAAAAAAAAAAAAAAAAAAAAAAAAAAAAAAAAAAAAAAAAAAAAAAAAAAAAAAAAAAAAAAAAAAAAAAAAAAAAAAAAAAAAAAAAAAAAAAAAAAAAAAAAAAAAAAAAAAAAAAAAAAAAAAAAAAAAAAAAAAAAAAAAAAAAAAAAAAAAAAAAAAAAAAAAAAAAAAAAAAAAAAAAAAAAAAAAAAAAAAAAAAAAAAAAAAAAAAAAAAAAAAAAAAAAAAAAAAAAAAAAAAAAAAAAAAAAAAAAAAAAAAAAAAAAAAAAAAAAAAAAAAAAAAAAAAAAAAAAAAAAAAAAAAAAAAAAAAAAAAAAAAAAAAAAAAAAAAAAAAAAAAAAAAAAAAAAAAAAAAAAAAAAAAAAAAAAAAAAAAAAAAAAAAAAAAAAAAAAAAAAAAAAAAAAAAAAAAAAAAAAAAAAAAAAAAAAAAAAAAAAAAAAAAAAAAAAAAAAAAAAAAAAAAAAAAAAAAAAAAAAAAAAAAAAAAAAAAAAAAAAAAAAAAAAAAAAAAAAAAAAAAAAAAAAAAAAAAAAAAAAAAAAAAAAAAAAAAAAAAAAAAAAAAAAAAAAAAAAAAAAAAAAAAAAAAAAAAAAAAAAAAAAAAAAAAAAAAAAAAAAAAAAAAAAAAAAAAAAAAAAAAAAAAAAAAAAAAAAAAAAAAAAAAAAAAAAAAAAAAAAAAAAAAAAAAAAAAAAAAAAAAAAAAAAAAAAAAAAAAAAAAAAAAAAAAAAAAAAAAAAAAAAAAAAAAAAAAAAAAAAAAAAAAAAAAAAAAAAAAAAAAAAAAAAAAAAAAAAAAAAAAAAAAAAAAAAAAAAAAAAAAAAAAAAAAAAAAAAAAAAAAAAAAAAAAAAAAAAAAAAAAAAAAAAAAAAAAAAAAAAAAAAAAAAAAAAAAAAAAAAAAAAAAAAAAAAAAAAAAAAAAAAAAAAAAAAAAAAAAAAAAAAAAAAAAAAAAAAAAAAAAAAAAAAAAAAAAAAAAAAAAAAAAAAAAAAAAAAAAAAAAAAAAAAAAAAAAAAAAAAAAAAAAAAAAAAAAAAAAAAAAAAAAAAAAAAAAAAAAAAAAAAAAAAAAAAAAAAAAAAAAAAAAAAAAAAAAAAAAAAAAAAAAAAAAAAAAAAAAAAAAAAAAAAAAAAAAAAAAAAAAAAAAAAAAAAAAAAAAAAAAAAAAAAAAAAAAAAAAAAAAAAAAAAAAAAAAAAAAAAAAAAAAAAAAAAAAAAAAAAAAAAAAAAAAAAAAAAAAAAAAAAAAAAAAAAAAAAAAAAAAAAAAAAAAAAAAAAAAAAAAAAAAAAAAAAAAAAAAAAAAAAAAAAAAAAAAAAAAAAAAAAAAAAAAAAAAAAAAAAAAAAAAAAAAAAAAAAAAAAAAAAAAAAAAAAAAAAAAAAAAAAAAAAAAAAAAAAAAAAAAAAAAAAAAAAAAAAAAAAAAAAAAAAAAAAAAAAAAAAAAAAAAAAAAAAAAAAAAAAAAAAAAAAAAAAAAAAAAAAAAAAAAAAAAAAAAAAAAAAAAAAAAAAAAAAAAAAAAAAAAAAAAAAAAAAAAAAAAAAAAAAAAAAAAAAAAAAAAAAAAAAAAAAAAAAAAAAAAAAAAAAAAAAAAAAAAAAAAAAAAAAAAAAAAAAAAAAAAAAAAAAAAAAAAAAAAAAAAAAAAAAAAAAAAAAAAAAAAAAAAAAAAAAAAAAAAAAAAAAAAAAAAAAAAAAAAAAAAAAAAAAAAAAAAAAAAAAAAAAAAAAAAAAAAAAAAAAAAAAAAAAAAAAAAAAAAAAAAAAAAAAAAAAAAAAAAAAAAAAAAAAAAAAAAAAAYQwHFy8ZAYEHaW5kZXhpZHhfb3V0Ym94X2VudGl0eW91dGJveA1DUkVBVEUgSU5ERVggaWR4X291dGJveF9lbnRpdHkKICBPTiBvdXRib3goZW50aXR5LCBlbnRpdHlfaWQpfAsHF0UZAYEnaW5kZXhpZHhfb3V0Ym94X3N0YXR1c19jcmVhdGVkX2F0b3V0Ym94DENSRUFURSBJTkRFWCBpZHhfb3V0Ym94X3N0YXR1c19jcmVhdGVkX2F0CiAgT04gb3V0Ym94KHN0YXR1cywgY3JlYXRlZF9hdCBBU0MpgwUJBxcZGQGFZXRhYmxlb3V0Ym94b3V0Ym94CkNSRUFURSBUQUJMRSBvdXRib3ggKAogIGlkIFRFWFQgUFJJTUFSWSBLRVksCiAgZW50aXR5IFRFWFQgTk9UIE5VTEwsIC0tIGUuZy4gJ3dvcmtfcmVwb3J0JwogIGVudGl0eV9pZCBURVhUIE5PVCBOVUxMLAogIG9wIFRFWFQgTk9UIE5VTEwsIC0tICdjcmVhdGUnfCd1cGRhdGUnfCdkZWxldGUnCiAgcGF5bG9hZF9qc29uIFRFWFQgTk9UIE5VTEwsCiAgY3JlYXRlZF9hdCBJTlRFR0VSIE5PVCBOVUxMLAogIGF0dGVtcHRzIElOVEVHRVIgTk9UIE5VTEwgREVGQVVMVCAwLAogIGxhc3RfZXJyb3IgVEVYVCBOVUxMLAogIHN0YXR1cyBURVhUIE5PVCBOVUxMIERFRkFVTFQgJ3BlbmRpbmcnIC0tICdwZW5kaW5nJ3wnc3luY2VkJ3wnZXJyb3InCikrCgYXPxkBAGluZGV4c3FsaXRlX2F1dG9pbmRleF9vdXRib3hfMW91dGJveAt6CAcXQyUBgRlpbmRleGlkeF93b3JrX3JlcG9ydHNfZGVsZXRlZF9hdHdvc
03-12 08:54:09.963 12564 12564 I Capacitor/Console: File:  - Line 333 - Msg: undefined
03-12 08:54:09.964 12564 12564 I Capacitor/Console: File: http://localhost/assets/main-DQPsmcHE.js - Line 66 - Msg: [offline-db] Ready | platform=android | scope=tenant-1 | bytes=53248
03-12 08:54:10.009 12564 12564 V Capacitor/Plugin: To native (Capacitor plugin): callbackId: 99786073, pluginId: Preferences, methodName: get
03-12 08:54:10.009 12564 12564 V Capacitor: callback: 99786073, pluginId: Preferences, methodName: get, methodData: {"key":"offline_migrated_v2::1"}
03-12 08:54:10.471 12564 12672 D ProfileInstaller: Installing profile for com.partesdetrabajo.app
03-12 08:54:10.765 12564 12595 D EGL_emulation: app_time_stats: avg=30.76ms min=13.37ms max=54.83ms count=25
03-12 08:54:10.939   578   694 D ActivityManager: freezing 11855 com.google.android.configupdater
03-12 08:54:10.941   578   694 D ActivityManager: freezing 9803 com.android.keychain
03-12 08:54:10.943   578   694 D ActivityManager: freezing 5175 com.android.vending:background
03-12 08:54:10.946   578   694 D ActivityManager: freezing 8345 com.google.android.apps.wellbeing
03-12 08:54:10.948   578   694 D ActivityManager: freezing 992 com.google.android.permissioncontroller
03-12 08:54:10.950   578   694 D ActivityManager: freezing 6300 com.android.vending
03-12 08:54:10.959   578   694 D ActivityManager: freezing 9511 com.google.android.apps.nest.castauth
03-12 08:54:10.963   578   694 D ActivityManager: freezing 8906 android.process.media
03-12 08:54:10.964   578   694 D ActivityManager: freezing 12322 com.android.intentresolver
03-12 08:54:10.968   578   694 D ActivityManager: freezing 6434 com.google.android.gms.unstable
03-12 08:54:10.974   578   694 D ActivityManager: freezing 8851 com.google.android.documentsui
03-12 08:54:10.992   578   900 D InetDiagMessage: Destroyed 0 sockets, proto=IPPROTO_TCP, family=AF_INET, states=14
03-12 08:54:10.992   578   900 D InetDiagMessage: Destroyed 0 sockets, proto=IPPROTO_TCP, family=AF_INET6, states=14
03-12 08:54:10.992   578   900 D InetDiagMessage: Destroyed live tcp sockets for uids={10122} in 1ms
03-12 08:54:11.015   578   900 D InetDiagMessage: Destroyed 0 sockets, proto=IPPROTO_TCP, family=AF_INET, states=14
03-12 08:54:11.015   578   900 D InetDiagMessage: Destroyed 0 sockets, proto=IPPROTO_TCP, family=AF_INET6, states=14
03-12 08:54:11.015   578   900 D InetDiagMessage: Destroyed live tcp sockets for uids={10142} in 0ms
03-12 08:54:11.019   578   900 D InetDiagMessage: Destroyed 0 sockets, proto=IPPROTO_TCP, family=AF_INET, states=14
03-12 08:54:11.019   578   900 D InetDiagMessage: Destroyed 0 sockets, proto=IPPROTO_TCP, family=AF_INET6, states=14
03-12 08:54:11.019   578   900 D InetDiagMessage: Destroyed live tcp sockets for uids={10206} in 1ms
03-12 08:54:11.021   578   900 D InetDiagMessage: Destroyed 0 sockets, proto=IPPROTO_TCP, family=AF_INET, states=14
03-12 08:54:11.022   578   900 D InetDiagMessage: Destroyed 0 sockets, proto=IPPROTO_TCP, family=AF_INET6, states=14
03-12 08:54:11.022   578   900 D InetDiagMessage: Destroyed live tcp sockets for uids={10141} in 1ms
03-12 08:54:11.061   578   900 D InetDiagMessage: Destroyed 0 sockets, proto=IPPROTO_TCP, family=AF_INET, states=14
03-12 08:54:11.062   578   900 D InetDiagMessage: Destroyed 0 sockets, proto=IPPROTO_TCP, family=AF_INET6, states=14
03-12 08:54:11.062   578   900 D InetDiagMessage: Destroyed live tcp sockets for uids={10120} in 1ms
03-12 08:54:11.062   578   900 D InetDiagMessage: Destroyed 0 sockets, proto=IPPROTO_TCP, family=AF_INET, states=14
03-12 08:54:11.062   578   900 D InetDiagMessage: Destroyed 0 sockets, proto=IPPROTO_TCP, family=AF_INET6, states=14
03-12 08:54:11.062   578   900 D InetDiagMessage: Destroyed live tcp sockets for uids={10088} in 0ms
03-12 08:54:11.067   578   900 D InetDiagMessage: Destroyed 0 sockets, proto=IPPROTO_TCP, family=AF_INET, states=14
03-12 08:54:11.068   578   900 D InetDiagMessage: Destroyed 0 sockets, proto=IPPROTO_TCP, family=AF_INET6, states=14
03-12 08:54:11.068   578   900 D InetDiagMessage: Destroyed live tcp sockets for uids={10092} in 1ms
03-12 08:54:11.151   578   900 D InetDiagMessage: Destroyed 0 sockets, proto=IPPROTO_TCP, family=AF_INET, states=14
03-12 08:54:11.151   578   900 D InetDiagMessage: Destroyed 0 sockets, proto=IPPROTO_TCP, family=AF_INET6, states=14
03-12 08:54:11.151   578   900 D InetDiagMessage: Destroyed live tcp sockets for uids={10093} in 1ms
03-12 08:54:11.152   578   694 D ActivityManager: freezing 12417 android.process.acore
03-12 08:54:11.153   578   900 D InetDiagMessage: Destroyed 0 sockets, proto=IPPROTO_TCP, family=AF_INET, states=14
03-12 08:54:11.154   578   900 D InetDiagMessage: Destroyed 0 sockets, proto=IPPROTO_TCP, family=AF_INET6, states=14
03-12 08:54:11.154   578   900 D InetDiagMessage: Destroyed live tcp sockets for uids={10083} in 1ms
03-12 08:54:11.310  6128  6128 D BoundBrokerSvc: onUnbind: Intent { act=com.google.android.gms.common.telemetry.service.START dat=chimera-action:/... cmp=com.google.android.gms/.chimera.PersistentApiService }
03-12 08:54:11.482   578   900 D InetDiagMessage: Destroyed 0 sockets, proto=IPPROTO_TCP, family=AF_INET, states=14
03-12 08:54:11.485   578   900 D InetDiagMessage: Destroyed 0 sockets, proto=IPPROTO_TCP, family=AF_INET6, states=14
03-12 08:54:11.485   578   900 D InetDiagMessage: Destroyed live tcp sockets for uids={10165} in 3ms
03-12 08:54:11.485   578   900 D InetDiagMessage: Destroyed 0 sockets, proto=IPPROTO_TCP, family=AF_INET, states=14
03-12 08:54:11.486   578   900 D InetDiagMessage: Destroyed 0 sockets, proto=IPPROTO_TCP, family=AF_INET6, states=14
03-12 08:54:11.486   578   900 D InetDiagMessage: Destroyed live tcp sockets for uids={20165} in 1ms
03-12 08:54:11.798 12564 12595 D EGL_emulation: app_time_stats: avg=25.57ms min=14.25ms max=37.61ms count=27
03-12 08:54:12.810 12564 12595 D EGL_emulation: app_time_stats: avg=24.71ms min=13.48ms max=34.66ms count=27
03-12 08:54:13.813 12564 12595 D EGL_emulation: app_time_stats: avg=25.20ms min=14.06ms max=33.57ms count=28
03-12 08:54:14.009 12564 12571 I esdetrabajo.app: Background concurrent mark compact GC freed 7378KB AllocSpace bytes, 90(4952KB) LOS objects, 49% free, 5822KB/11MB, paused 995us,1.676ms total 110.286ms
03-12 08:54:14.018 12564 12573 W esdetrabajo.app: ApkAssets: Deleting an ApkAssets object '<empty> and /data/app/~~RgOCKUznt7nHo655Iu3pkg==/com.google.android.webview-SA8Yp8LVhgKyot5bgwPhJA==/WebViewGoogle.apk' with 2 weak references
03-12 08:54:14.840 12564 12595 D EGL_emulation: app_time_stats: avg=25.13ms min=13.76ms max=55.86ms count=28
03-12 08:54:15.005   578   900 W IPCThreadState: Sending oneway calls to frozen process.
03-12 08:54:15.005   578   900 W IPCThreadState: Sending oneway calls to frozen process.
03-12 08:54:15.005   578   900 W IPCThreadState: Sending oneway calls to frozen process.
03-12 08:54:15.005   578   900 W IPCThreadState: Sending oneway calls to frozen process.
03-12 08:54:15.005   578   900 W IPCThreadState: Sending oneway calls to frozen process.
03-12 08:54:15.006   578   900 W IPCThreadState: Sending oneway calls to frozen process.
03-12 08:54:15.006   578   900 W IPCThreadState: Sending oneway calls to frozen process.
03-12 08:54:15.006   578   900 W IPCThreadState: Sending oneway calls to frozen process.
03-12 08:54:15.030  6128  6898 I NullBinder: NullBinder for android.net.action.RECOMMEND_NETWORKS triggering remote TransactionTooLargeException due to Service without Chimera impl, calling uid: 1000, calling pid: 0
03-12 08:54:15.030  6128  6898 W .gms.persistent: Large reply transaction of 1056768 bytes, interface descriptor , code 1
03-12 08:54:15.878 12564 12595 D EGL_emulation: app_time_stats: avg=27.31ms min=13.41ms max=41.03ms count=25
03-12 08:54:16.328  1254  1254 I RotationButtonController: onRotationProposal(rotation=2)
03-12 08:54:16.475   578   694 D ActivityManager: freezing 8068 com.google.android.webview:webview_service
03-12 08:54:16.489   578   900 D InetDiagMessage: Destroyed 0 sockets, proto=IPPROTO_TCP, family=AF_INET, states=14
03-12 08:54:16.489   578   900 D InetDiagMessage: Destroyed 0 sockets, proto=IPPROTO_TCP, family=AF_INET6, states=14
03-12 08:54:16.489   578   900 D InetDiagMessage: Destroyed live tcp sockets for uids={10165} in 1ms
03-12 08:54:16.613   578   694 D ActivityManager: freezing 6856 com.google.android.googlequicksearchbox:search
03-12 08:54:16.901 12564 12595 D EGL_emulation: app_time_stats: avg=27.01ms min=19.98ms max=36.06ms count=28
03-12 08:54:17.539  1254  1573 D EGL_emulation: app_time_stats: avg=11.59ms min=3.03ms max=32.76ms count=31
03-12 08:54:17.829   733   748 I artd    : Dex parent of /data/app/~~QbfMBCHN6AWoZYT3f3Kpqw==/com.google.android.gms-oHHfKXZhPUL0eAmwN3RZhw==/base.apk is not writable: Permission denied
03-12 08:54:17.830   733   748 I artd    : GetBestInfo checking odex in dalvik-cache (/data/dalvik-cache/x86_64/data@app@~~QbfMBCHN6AWoZYT3f3Kpqw==@com.google.android.gms-oHHfKXZhPUL0eAmwN3RZhw==@base.apk@classes.dex)
03-12 08:54:17.830   733   748 I artd    : Loading /data/dalvik-cache/x86_64/data@app@~~QbfMBCHN6AWoZYT3f3Kpqw==@com.google.android.gms-oHHfKXZhPUL0eAmwN3RZhw==@base.apk@classes.dex with executable: 0
03-12 08:54:17.830   733   748 I artd    : OatFileAssistant test for existing oat file /data/dalvik-cache/x86_64/data@app@~~QbfMBCHN6AWoZYT3f3Kpqw==@com.google.android.gms-oHHfKXZhPUL0eAmwN3RZhw==@base.apk@classes.dex: File /data/dalvik-cache/x86_64/data@app@~~QbfMBCHN6AWoZYT3f3Kpqw==@com.google.android.gms-oHHfKXZhPUL0eAmwN3RZhw==@base.apk@classes.vdex does not exist.
03-12 08:54:17.830   733   748 I artd    : GetBestInfo checking odex next to the dex file (/data/app/~~QbfMBCHN6AWoZYT3f3Kpqw==/com.google.android.gms-oHHfKXZhPUL0eAmwN3RZhw==/oat/x86_64/base.odex)
03-12 08:54:17.830   733   748 I artd    : Loading /data/app/~~QbfMBCHN6AWoZYT3f3Kpqw==/com.google.android.gms-oHHfKXZhPUL0eAmwN3RZhw==/oat/x86_64/base.odex with executable: 0
03-12 08:54:17.831   733   748 I artd    : Successfully loaded /data/app/~~QbfMBCHN6AWoZYT3f3Kpqw==/com.google.android.gms-oHHfKXZhPUL0eAmwN3RZhw==/oat/x86_64/base.odex with executable: 0
03-12 08:54:17.836   733   748 I artd    : /data/app/~~QbfMBCHN6AWoZYT3f3Kpqw==/com.google.android.gms-oHHfKXZhPUL0eAmwN3RZhw==/oat/x86_64/base.odex is kOatUpToDate with filter speed-profile
03-12 08:54:17.843   733   748 I artd    : Dex parent of /data/app/~~QbfMBCHN6AWoZYT3f3Kpqw==/com.google.android.gms-oHHfKXZhPUL0eAmwN3RZhw==/split_AdsDynamite_installtime.apk is not writable: Permission denied
03-12 08:54:17.843   733   748 I artd    : GetBestInfo checking odex in dalvik-cache (/data/dalvik-cache/x86_64/data@app@~~QbfMBCHN6AWoZYT3f3Kpqw==@com.google.android.gms-oHHfKXZhPUL0eAmwN3RZhw==@split_AdsDynamite_installtime.apk@classes.dex)
03-12 08:54:17.843   733   748 I artd    : Loading /data/dalvik-cache/x86_64/data@app@~~QbfMBCHN6AWoZYT3f3Kpqw==@com.google.android.gms-oHHfKXZhPUL0eAmwN3RZhw==@split_AdsDynamite_installtime.apk@classes.dex with executable: 0
03-12 08:54:17.843   733   748 I artd    : OatFileAssistant test for existing oat file /data/dalvik-cache/x86_64/data@app@~~QbfMBCHN6AWoZYT3f3Kpqw==@com.google.android.gms-oHHfKXZhPUL0eAmwN3RZhw==@split_AdsDynamite_installtime.apk@classes.dex: File /data/dalvik-cache/x86_64/data@app@~~QbfMBCHN6AWoZYT3f3Kpqw==@com.google.android.gms-oHHfKXZhPUL0eAmwN3RZhw==@split_AdsDynamite_installtime.apk@classes.vdex does not exist.
03-12 08:54:17.843   733   748 I artd    : GetBestInfo checking odex next to the dex file (/data/app/~~QbfMBCHN6AWoZYT3f3Kpqw==/com.google.android.gms-oHHfKXZhPUL0eAmwN3RZhw==/oat/x86_64/split_AdsDynamite_installtime.odex)
03-12 08:54:17.844   733   748 I artd    : Loading /data/app/~~QbfMBCHN6AWoZYT3f3Kpqw==/com.google.android.gms-oHHfKXZhPUL0eAmwN3RZhw==/oat/x86_64/split_AdsDynamite_installtime.odex with executable: 0
03-12 08:54:17.844   733   748 I artd    : Successfully loaded /data/app/~~QbfMBCHN6AWoZYT3f3Kpqw==/com.google.android.gms-oHHfKXZhPUL0eAmwN3RZhw==/oat/x86_64/split_AdsDynamite_installtime.odex with executable: 0
03-12 08:54:17.844   733   748 I artd    : /data/app/~~QbfMBCHN6AWoZYT3f3Kpqw==/com.google.android.gms-oHHfKXZhPUL0eAmwN3RZhw==/oat/x86_64/split_AdsDynamite_installtime.odex is kOatUpToDate with filter speed
03-12 08:54:17.847   733   748 I artd    : Dex parent of /data/app/~~QbfMBCHN6AWoZYT3f3Kpqw==/com.google.android.gms-oHHfKXZhPUL0eAmwN3RZhw==/split_CronetDynamite_installtime.apk is not writable: Permission denied
03-12 08:54:17.847   733   748 I artd    : GetBestInfo checking odex in dalvik-cache (/data/dalvik-cache/x86_64/data@app@~~QbfMBCHN6AWoZYT3f3Kpqw==@com.google.android.gms-oHHfKXZhPUL0eAmwN3RZhw==@split_CronetDynamite_installtime.apk@classes.dex)
03-12 08:54:17.847   733   748 I artd    : Loading /data/dalvik-cache/x86_64/data@app@~~QbfMBCHN6AWoZYT3f3Kpqw==@com.google.android.gms-oHHfKXZhPUL0eAmwN3RZhw==@split_CronetDynamite_installtime.apk@classes.dex with executable: 0
03-12 08:54:17.847   733   748 I artd    : OatFileAssistant test for existing oat file /data/dalvik-cache/x86_64/data@app@~~QbfMBCHN6AWoZYT3f3Kpqw==@com.google.android.gms-oHHfKXZhPUL0eAmwN3RZhw==@split_CronetDynamite_installtime.apk@classes.dex: File /data/dalvik-cache/x86_64/data@app@~~QbfMBCHN6AWoZYT3f3Kpqw==@com.google.android.gms-oHHfKXZhPUL0eAmwN3RZhw==@split_CronetDynamite_installtime.apk@classes.vdex does not exist.
03-12 08:54:17.847   733   748 I artd    : GetBestInfo checking odex next to the dex file (/data/app/~~QbfMBCHN6AWoZYT3f3Kpqw==/com.google.android.gms-oHHfKXZhPUL0eAmwN3RZhw==/oat/x86_64/split_CronetDynamite_installtime.odex)
03-12 08:54:17.847   733   748 I artd    : Loading /data/app/~~QbfMBCHN6AWoZYT3f3Kpqw==/com.google.android.gms-oHHfKXZhPUL0eAmwN3RZhw==/oat/x86_64/split_CronetDynamite_installtime.odex with executable: 0
03-12 08:54:17.848   733   748 I artd    : Successfully loaded /data/app/~~QbfMBCHN6AWoZYT3f3Kpqw==/com.google.android.gms-oHHfKXZhPUL0eAmwN3RZhw==/oat/x86_64/split_CronetDynamite_installtime.odex with executable: 0
03-12 08:54:17.848   733   748 I artd    : /data/app/~~QbfMBCHN6AWoZYT3f3Kpqw==/com.google.android.gms-oHHfKXZhPUL0eAmwN3RZhw==/oat/x86_64/split_CronetDynamite_installtime.odex is kOatUpToDate with filter speed
03-12 08:54:17.851   733   748 I artd    : Dex parent of /data/app/~~QbfMBCHN6AWoZYT3f3Kpqw==/com.google.android.gms-oHHfKXZhPUL0eAmwN3RZhw==/split_DynamiteLoader_installtime.apk is not writable: Permission denied
03-12 08:54:17.852   733   748 I artd    : GetBestInfo checking odex in dalvik-cache (/data/dalvik-cache/x86_64/data@app@~~QbfMBCHN6AWoZYT3f3Kpqw==@com.google.android.gms-oHHfKXZhPUL0eAmwN3RZhw==@split_DynamiteLoader_installtime.apk@classes.dex)
03-12 08:54:17.852   733   748 I artd    : Loading /data/dalvik-cache/x86_64/data@app@~~QbfMBCHN6AWoZYT3f3Kpqw==@com.google.android.gms-oHHfKXZhPUL0eAmwN3RZhw==@split_DynamiteLoader_installtime.apk@classes.dex with executable: 0
03-12 08:54:17.852   733   748 I artd    : OatFileAssistant test for existing oat file /data/dalvik-cache/x86_64/data@app@~~QbfMBCHN6AWoZYT3f3Kpqw==@com.google.android.gms-oHHfKXZhPUL0eAmwN3RZhw==@split_DynamiteLoader_installtime.apk@classes.dex: File /data/dalvik-cache/x86_64/data@app@~~QbfMBCHN6AWoZYT3f3Kpqw==@com.google.android.gms-oHHfKXZhPUL0eAmwN3RZhw==@split_DynamiteLoader_installtime.apk@classes.vdex does not exist.
